  Wiederherzustellende Projekte werden ermittelt...
  Das Projekt "C:\Users\Holge\repos\B2Connect\src\shared\Domain\Shared\B2X.Api.Validation\B2X.Api.Validation.csproj" wird ├╝bersprungen, da es nicht gefunden wurde.
  Das Projekt "C:\Users\Holge\repos\B2Connect\src\Infrastructure\Connectors\B2X.Connectors.csproj" wird ├╝bersprungen, da es nicht gefunden wurde.
  Das Projekt "C:\Users\Holge\repos\B2Connect\src\Infrastructure\Hosting\ServiceDefaults\B2X.ServiceDefaults.csproj" wird ├╝bersprungen, da es nicht gefunden wurde.
  Das Projekt "C:\Users\Holge\repos\B2Connect\src\backend\shared\kernel\B2X.Shared.Kernel.csproj" wird ├╝bersprungen, da es nicht gefunden wurde.
  Das Projekt "C:\Users\Holge\repos\B2Connect\src\backend\Admin\shared\B2X.Shared.Core\B2X.Shared.Core.csproj" wird ├╝bersprungen, da es nicht gefunden wurde.
  Das Projekt "C:\Users\Holge\repos\B2Connect\src\backend\Admin\shared\B2X.Shared.Infrastructure\B2X.Shared.Infrastructure.csproj" wird ├╝bersprungen, da es nicht gefunden wurde.
  Das Projekt "C:\Users\Holge\repos\B2Connect\src\backend\Admin\shared\middleware\B2X.Shared.Middleware.csproj" wird ├╝bersprungen, da es nicht gefunden wurde.
  Das Projekt "C:\Users\Holge\repos\B2Connect\src\backend\Admin\shared\B2X.Shared.Messaging\B2X.Shared.Messaging.csproj" wird ├╝bersprungen, da es nicht gefunden wurde.
  Das Projekt "C:\Users\Holge\repos\B2Connect\src\backend\Admin\shared\B2X.Shared.Search\B2X.Shared.Search.csproj" wird ├╝bersprungen, da es nicht gefunden wurde.
  Das Projekt "C:\Users\Holge\repos\B2Connect\backend\Shared\Domain\B2X.Shared.Kernel\B2X.Shared.Kernel.csproj" wird ├╝bersprungen, da es nicht gefunden wurde.
  Das Projekt "C:\Users\Holge\repos\B2Connect\backend\Shared\Domain\B2X.Shared.Core\B2X.Shared.Core.csproj" wird ├╝bersprungen, da es nicht gefunden wurde.
  Das Projekt "C:\Users\Holge\repos\B2Connect\backend\Shared\Infrastructure\Middleware\B2X.Shared.Middleware.csproj" wird ├╝bersprungen, da es nicht gefunden wurde.
  Das Projekt "C:\Users\Holge\repos\B2Connect\backend\Shared\Infrastructure\B2X.Shared.Infrastructure.csproj" wird ├╝bersprungen, da es nicht gefunden wurde.
  Das Projekt "C:\Users\Holge\repos\B2Connect\backend\Shared\Domain\ERP\B2X.ERP.csproj" wird ├╝bersprungen, da es nicht gefunden wurde.
  Das Projekt "C:\Users\Holge\repos\B2Connect\backend\Management\B2X.Email.csproj" wird ├╝bersprungen, da es nicht gefunden wurde.
  Das Projekt "C:\Users\Holge\repos\B2Connect\backend\Shared\Domain\ApiValidation\B2X.Api.Validation.csproj" wird ├╝bersprungen, da es nicht gefunden wurde.
  Das Projekt "C:\Users\Holge\repos\B2Connect\backend\Infrastructure\Connectors\B2X.Connectors.csproj" wird ├╝bersprungen, da es nicht gefunden wurde.
  Das Projekt "C:\Users\Holge\repos\B2Connect\src\backend\Shared\Infrastructure\Domain\B2X.Shared.Core\B2X.Shared.Core.csproj" wird ├╝bersprungen, da es nicht gefunden wurde.
  Das Projekt "C:\Users\Holge\repos\B2Connect\src\backend\backend\Shared\Domain\B2X.Shared.Core\B2X.Shared.Core.csproj" wird ├╝bersprungen, da es nicht gefunden wurde.
  Das Projekt "C:\Users\Holge\repos\B2Connect\src\backend\Shared\Infrastructure\B2X.Shared.Infrastructure.csproj" wird ├╝bersprungen, da es nicht gefunden wurde.
  Das Projekt "C:\Users\Holge\repos\B2Connect\Infrastructure\Hosting\ServiceDefaults\B2X.ServiceDefaults.csproj" wird ├╝bersprungen, da es nicht gefunden wurde.
  Das Projekt "C:\Users\Holge\repos\B2Connect\src\backend\shared\kernel\B2X.Shared.Kernel.csproj" wird ├╝bersprungen, da es nicht gefunden wurde.
  Das Projekt "C:\Users\Holge\repos\B2Connect\src\backend\Admin\shared\B2X.Shared.Core\B2X.Shared.Core.csproj" wird ├╝bersprungen, da es nicht gefunden wurde.
  Das Projekt "C:\Users\Holge\repos\B2Connect\src\backend\Admin\shared\B2X.Shared.Infrastructure\B2X.Shared.Infrastructure.csproj" wird ├╝bersprungen, da es nicht gefunden wurde.
  Das Projekt "C:\Users\Holge\repos\B2Connect\src\backend\Admin\shared\middleware\B2X.Shared.Middleware.csproj" wird ├╝bersprungen, da es nicht gefunden wurde.
  Das Projekt "C:\Users\Holge\repos\B2Connect\src\backend\Admin\shared\B2X.Shared.Messaging\B2X.Shared.Messaging.csproj" wird ├╝bersprungen, da es nicht gefunden wurde.
  Das Projekt "C:\Users\Holge\repos\B2Connect\src\backend\Admin\shared\B2X.Shared.Search\B2X.Shared.Search.csproj" wird ├╝bersprungen, da es nicht gefunden wurde.
  Das Projekt "C:\Users\Holge\repos\B2Connect\src\tests\backend\Admin\Domain\Legal\B2X.Legal.API.csproj" wird ├╝bersprungen, da es nicht gefunden wurde.
  Das Projekt "C:\Users\Holge\repos\B2Connect\src\tests\backend\Shared\Domain\B2X.Shared.Core\B2X.Shared.Core.csproj" wird ├╝bersprungen, da es nicht gefunden wurde.
  Das Projekt "C:\Users\Holge\repos\B2Connect\src\tests\backend\Shared\Infrastructure\B2X.Shared.Infrastructure.csproj" wird ├╝bersprungen, da es nicht gefunden wurde.
  Das Projekt "C:\Users\Holge\repos\backend\Shared\Infrastructure\B2X.Shared.Infrastructure.csproj" wird ├╝bersprungen, da es nicht gefunden wurde.
  Das Projekt "C:\Users\Holge\repos\B2Connect\src\backend\Shared\Infrastructure\B2X.Shared.Infrastructure.csproj" wird ├╝bersprungen, da es nicht gefunden wurde.
  Das Projekt "C:\Users\Holge\repos\B2Connect\src\backend\Shared\Domain\Types\B2X.Types\B2X.Types.csproj" wird ├╝bersprungen, da es nicht gefunden wurde.
  Das Projekt "C:\Users\Holge\repos\B2Connect\src\backend\Shared\Domain\Shared\B2X.Shared.Kernel\B2X.Shared.Kernel.csproj" wird ├╝bersprungen, da es nicht gefunden wurde.
  Das Projekt "C:\Users\Holge\repos\B2Connect\src\tests\src\backend\Shared\Domain\ERP\Abstractions\B2X.ERP.Abstractions.csproj" wird ├╝bersprungen, da es nicht gefunden wurde.
  Das Projekt "C:\Users\Holge\repos\backend\Shared\Domain\Shared\B2X.Api.Validation\B2X.Api.Validation.csproj" wird ├╝bersprungen, da es nicht gefunden wurde.
  Das Projekt "C:\Users\Holge\repos\B2Connect\src\Connectors\B2X.Connectors.csproj" wird ├╝bersprungen, da es nicht gefunden wurde.
  Das Projekt "C:\Users\Holge\repos\B2Connect\src\backend\Shared\Infrastructure\B2X.Shared.Infrastructure.csproj" wird ├╝bersprungen, da es nicht gefunden wurde.
  Das Projekt "C:\Users\Holge\repos\B2Connect\src\tests\backend\Store\Domain\Catalog\B2X.Catalog.API.csproj" wird ├╝bersprungen, da es nicht gefunden wurde.
  Das Projekt "C:\Users\Holge\repos\B2Connect\src\tests\backend\Shared\Domain\Shared\B2X.Shared.Kernel\B2X.Shared.Kernel.csproj" wird ├╝bersprungen, da es nicht gefunden wurde.
  Das Projekt "C:\Users\Holge\repos\B2Connect\src\tests\backend\Shared\Domain\Types\B2X.Types\B2X.Types.csproj" wird ├╝bersprungen, da es nicht gefunden wurde.
  Das Projekt "C:\Users\Holge\repos\B2Connect\src\tests\backend\Store\Backend\Orders\B2X.Orders.API.csproj" wird ├╝bersprungen, da es nicht gefunden wurde.
  Das Projekt "C:\Users\Holge\repos\B2Connect\src\backend\Shared\Infrastructure\B2X.Shared.Infrastructure.csproj" wird ├╝bersprungen, da es nicht gefunden wurde.
  Das Projekt "C:\Users\Holge\repos\B2Connect\src\backend\Shared\Domain\Search\B2X.Domain.Search.csproj" wird ├╝bersprungen, da es nicht gefunden wurde.
  Das Projekt "C:\Users\Holge\repos\B2Connect\src\backend\Shared\B2X.Shared.Core\B2X.Shared.Core.csproj" wird ├╝bersprungen, da es nicht gefunden wurde.
  Das Projekt "C:\Users\Holge\repos\B2Connect\src\backend\Shared\Shared\Domain\B2X.Shared.Core\B2X.Shared.Core.csproj" wird ├╝bersprungen, da es nicht gefunden wurde.
  Das Projekt "C:\Users\Holge\repos\B2Connect\src\backend\Shared\Infrastructure\Domain\Tenancy\B2X.Tenancy.API.csproj" wird ├╝bersprungen, da es nicht gefunden wurde.
  Das Projekt "C:\Users\Holge\repos\B2Connect\backend\shared\Domain\B2X.Shared.Kernel\B2X.Shared.Kernel.csproj" wird ├╝bersprungen, da es nicht gefunden wurde.
  Das Projekt "C:\Users\Holge\repos\B2Connect\backend\Shared\Domain\B2X.Shared.Core\B2X.Shared.Core.csproj" wird ├╝bersprungen, da es nicht gefunden wurde.
  Das Projekt "C:\Users\Holge\repos\B2Connect\backend\Shared\Infrastructure\B2X.Shared.Infrastructure.csproj" wird ├╝bersprungen, da es nicht gefunden wurde.
  Das Projekt "C:\Users\Holge\repos\B2Connect\backend\Shared\Infrastructure\middleware\B2X.Shared.Middleware.csproj" wird ├╝bersprungen, da es nicht gefunden wurde.
  Das Projekt "C:\Users\Holge\repos\B2Connect\backend\Shared\Infrastructure\Messaging\B2X.Shared.Messaging.csproj" wird ├╝bersprungen, da es nicht gefunden wurde.
  Das Projekt "C:\Users\Holge\repos\B2Connect\backend\Shared\Infrastructure\Search\B2X.Shared.Search.csproj" wird ├╝bersprungen, da es nicht gefunden wurde.
  Das Projekt "C:\Users\Holge\repos\B2Connect\backend\Shared\Domain\Identity\B2X.Identity.API.csproj" wird ├╝bersprungen, da es nicht gefunden wurde.
  Das Projekt "C:\Users\Holge\repos\B2Connect\backend\Management\Domain\B2X.Email.csproj" wird ├╝bersprungen, da es nicht gefunden wurde.
  Das Projekt "C:\Users\Holge\repos\B2Connect\backend\shared\Domain\B2X.Shared.Core\B2X.Shared.Core.csproj" wird ├╝bersprungen, da es nicht gefunden wurde.
  Das Projekt "C:\Users\Holge\repos\B2Connect\backend\Shared\Infrastructure\B2X.Shared.Infrastructure.csproj" wird ├╝bersprungen, da es nicht gefunden wurde.
  Das Projekt "C:\Users\Holge\repos\B2Connect\backend\Shared\Infrastructure\middleware\B2X.Shared.Middleware.csproj" wird ├╝bersprungen, da es nicht gefunden wurde.
  Das Projekt "C:\Users\Holge\repos\B2Connect\backend\Shared\Infrastructure\Messaging\B2X.Shared.Messaging.csproj" wird ├╝bersprungen, da es nicht gefunden wurde.
  Das Projekt "C:\Users\Holge\repos\B2Connect\backend\Shared\Infrastructure\Search\B2X.Shared.Search.csproj" wird ├╝bersprungen, da es nicht gefunden wurde.
  Das Projekt "C:\Users\Holge\repos\B2Connect\backend\Store\Domain\Search\B2X.Domain.Search.csproj" wird ├╝bersprungen, da es nicht gefunden wurde.
  Das Projekt "C:\Users\Holge\repos\B2Connect\backend\Store\API\B2X.Store.csproj" wird ├╝bersprungen, da es nicht gefunden wurde.
  Das Projekt "C:\Users\Holge\repos\B2Connect\src\tests\src\backend\Shared\Domain\Identity\B2X.Identity.csproj" wird ├╝bersprungen, da es nicht gefunden wurde.
  Das Projekt "C:\Users\Holge\repos\B2Connect\src\tests\src\backend\Shared\Domain\B2X.Types\B2X.Types.csproj" wird ├╝bersprungen, da es nicht gefunden wurde.
  Das Projekt "C:\Users\Holge\repos\B2Connect\src\tests\backend\Shared\Domain\PatternAnalysis\B2X.PatternAnalysis.csproj" wird ├╝bersprungen, da es nicht gefunden wurde.
  Das Projekt "C:\Users\Holge\repos\B2Connect\backend\Shared\Domain\Search\B2X.Search.csproj" wird ├╝bersprungen, da es nicht gefunden wurde.
  Das Projekt "C:\Users\Holge\repos\B2Connect\backend\Shared\Domain\SmartDataIntegration\src\B2X.SmartDataIntegration.csproj" wird ├╝bersprungen, da es nicht gefunden wurde.
  Das Projekt "C:\Users\Holge\repos\B2Connect\src\backend\Shared\Infrastructure\B2X.Shared.Infrastructure.csproj" wird ├╝bersprungen, da es nicht gefunden wurde.
  Das Projekt "C:\Users\Holge\repos\B2Connect\src\shared\Domain\Shared\B2X.Api.Validation\B2X.Api.Validation.csproj" wird ├╝bersprungen, da es nicht gefunden wurde.
  Das Projekt "C:\Users\Holge\repos\B2Connect\src\Infrastructure\Connectors\B2X.Connectors.csproj" wird ├╝bersprungen, da es nicht gefunden wurde.
  Das Projekt "C:\Users\Holge\repos\B2Connect\src\Infrastructure\Hosting\ServiceDefaults\B2X.ServiceDefaults.csproj" wird ├╝bersprungen, da es nicht gefunden wurde.
  Das Projekt "C:\Users\Holge\repos\B2Connect\src\backend\shared\kernel\B2X.Shared.Kernel.csproj" wird ├╝bersprungen, da es nicht gefunden wurde.
  Das Projekt "C:\Users\Holge\repos\B2Connect\src\backend\Admin\shared\B2X.Shared.Core\B2X.Shared.Core.csproj" wird ├╝bersprungen, da es nicht gefunden wurde.
  Das Projekt "C:\Users\Holge\repos\B2Connect\src\backend\Admin\shared\B2X.Shared.Infrastructure\B2X.Shared.Infrastructure.csproj" wird ├╝bersprungen, da es nicht gefunden wurde.
  Das Projekt "C:\Users\Holge\repos\B2Connect\src\backend\Admin\shared\middleware\B2X.Shared.Middleware.csproj" wird ├╝bersprungen, da es nicht gefunden wurde.
  Das Projekt "C:\Users\Holge\repos\B2Connect\src\backend\Admin\shared\B2X.Shared.Messaging\B2X.Shared.Messaging.csproj" wird ├╝bersprungen, da es nicht gefunden wurde.
  Das Projekt "C:\Users\Holge\repos\B2Connect\src\backend\Admin\shared\B2X.Shared.Search\B2X.Shared.Search.csproj" wird ├╝bersprungen, da es nicht gefunden wurde.
  Das Projekt "C:\Users\Holge\repos\B2Connect\backend\Shared\Domain\B2X.Shared.Kernel\B2X.Shared.Kernel.csproj" wird ├╝bersprungen, da es nicht gefunden wurde.
  Das Projekt "C:\Users\Holge\repos\B2Connect\backend\Shared\Domain\B2X.Shared.Core\B2X.Shared.Core.csproj" wird ├╝bersprungen, da es nicht gefunden wurde.
  Das Projekt "C:\Users\Holge\repos\B2Connect\backend\Shared\Infrastructure\Middleware\B2X.Shared.Middleware.csproj" wird ├╝bersprungen, da es nicht gefunden wurde.
  Das Projekt "C:\Users\Holge\repos\B2Connect\backend\Shared\Infrastructure\B2X.Shared.Infrastructure.csproj" wird ├╝bersprungen, da es nicht gefunden wurde.
  Das Projekt "C:\Users\Holge\repos\B2Connect\backend\Shared\Domain\ERP\B2X.ERP.csproj" wird ├╝bersprungen, da es nicht gefunden wurde.
  Das Projekt "C:\Users\Holge\repos\B2Connect\backend\Management\B2X.Email.csproj" wird ├╝bersprungen, da es nicht gefunden wurde.
  Das Projekt "C:\Users\Holge\repos\B2Connect\backend\Shared\Domain\ApiValidation\B2X.Api.Validation.csproj" wird ├╝bersprungen, da es nicht gefunden wurde.
  Das Projekt "C:\Users\Holge\repos\B2Connect\backend\Infrastructure\Connectors\B2X.Connectors.csproj" wird ├╝bersprungen, da es nicht gefunden wurde.
  Das Projekt "C:\Users\Holge\repos\B2Connect\src\backend\Shared\Infrastructure\Domain\B2X.Shared.Core\B2X.Shared.Core.csproj" wird ├╝bersprungen, da es nicht gefunden wurde.
  Das Projekt "C:\Users\Holge\repos\B2Connect\src\backend\Shared\B2X.Shared.Core\B2X.Shared.Core.csproj" wird ├╝bersprungen, da es nicht gefunden wurde.
  Das Projekt "C:\Users\Holge\repos\B2Connect\src\backend\Shared\Infrastructure\B2X.Shared.Infrastructure.csproj" wird ├╝bersprungen, da es nicht gefunden wurde.
  Das Projekt "C:\Users\Holge\repos\B2Connect\src\backend\Shared\Shared\Domain\B2X.Shared.Core\B2X.Shared.Core.csproj" wird ├╝bersprungen, da es nicht gefunden wurde.
  Das Projekt "C:\Users\Holge\repos\B2Connect\src\backend\Shared\Domain\Search\B2X.Domain.Search.csproj" wird ├╝bersprungen, da es nicht gefunden wurde.
  Das Projekt "C:\Users\Holge\repos\B2Connect\src\backend\backend\Shared\Domain\B2X.Shared.Core\B2X.Shared.Core.csproj" wird ├╝bersprungen, da es nicht gefunden wurde.
  Das Projekt "C:\Users\Holge\repos\B2Connect\src\backend\Shared\Infrastructure\Domain\Tenancy\B2X.Tenancy.API.csproj" wird ├╝bersprungen, da es nicht gefunden wurde.
  Das Projekt "C:\Users\Holge\repos\B2Connect\backend\Shared\Infrastructure\Messaging\B2X.Shared.Messaging.csproj" wird ├╝bersprungen, da es nicht gefunden wurde.
  Das Projekt "C:\Users\Holge\repos\B2Connect\backend\Shared\Infrastructure\Search\B2X.Shared.Search.csproj" wird ├╝bersprungen, da es nicht gefunden wurde.
  Das Projekt "C:\Users\Holge\repos\B2Connect\backend\Shared\Domain\Identity\B2X.Identity.API.csproj" wird ├╝bersprungen, da es nicht gefunden wurde.
  Das Projekt "C:\Users\Holge\repos\B2Connect\backend\Management\Domain\B2X.Email.csproj" wird ├╝bersprungen, da es nicht gefunden wurde.
  Das Projekt "C:\Users\Holge\repos\B2Connect\backend\Store\Domain\Search\B2X.Domain.Search.csproj" wird ├╝bersprungen, da es nicht gefunden wurde.
  Das Projekt "C:\Users\Holge\repos\B2Connect\Infrastructure\Hosting\ServiceDefaults\B2X.ServiceDefaults.csproj" wird ├╝bersprungen, da es nicht gefunden wurde.
  Das Projekt "C:\Users\Holge\repos\B2Connect\src\tests\backend\Admin\Domain\Legal\B2X.Legal.API.csproj" wird ├╝bersprungen, da es nicht gefunden wurde.
  Das Projekt "C:\Users\Holge\repos\B2Connect\src\tests\backend\Shared\Domain\B2X.Shared.Core\B2X.Shared.Core.csproj" wird ├╝bersprungen, da es nicht gefunden wurde.
  Das Projekt "C:\Users\Holge\repos\B2Connect\src\tests\backend\Shared\Infrastructure\B2X.Shared.Infrastructure.csproj" wird ├╝bersprungen, da es nicht gefunden wurde.
  Das Projekt "C:\Users\Holge\repos\backend\Shared\Infrastructure\B2X.Shared.Infrastructure.csproj" wird ├╝bersprungen, da es nicht gefunden wurde.
  Das Projekt "C:\Users\Holge\repos\B2Connect\backend\Store\API\B2X.Store.csproj" wird ├╝bersprungen, da es nicht gefunden wurde.
  Das Projekt "C:\Users\Holge\repos\B2Connect\src\backend\Shared\Domain\Types\B2X.Types\B2X.Types.csproj" wird ├╝bersprungen, da es nicht gefunden wurde.
  Das Projekt "C:\Users\Holge\repos\B2Connect\src\backend\Shared\Domain\Shared\B2X.Shared.Kernel\B2X.Shared.Kernel.csproj" wird ├╝bersprungen, da es nicht gefunden wurde.
  Das Projekt "C:\Users\Holge\repos\B2Connect\src\tests\src\backend\Shared\Domain\ERP\Abstractions\B2X.ERP.Abstractions.csproj" wird ├╝bersprungen, da es nicht gefunden wurde.
  Das Projekt "C:\Users\Holge\repos\B2Connect\src\tests\src\backend\Shared\Domain\Identity\B2X.Identity.csproj" wird ├╝bersprungen, da es nicht gefunden wurde.
  Das Projekt "C:\Users\Holge\repos\B2Connect\src\tests\src\backend\Shared\Domain\B2X.Types\B2X.Types.csproj" wird ├╝bersprungen, da es nicht gefunden wurde.
  Das Projekt "C:\Users\Holge\repos\B2Connect\src\tests\backend\Shared\Domain\PatternAnalysis\B2X.PatternAnalysis.csproj" wird ├╝bersprungen, da es nicht gefunden wurde.
  Das Projekt "C:\Users\Holge\repos\B2Connect\backend\Shared\Domain\Search\B2X.Search.csproj" wird ├╝bersprungen, da es nicht gefunden wurde.
  Das Projekt "C:\Users\Holge\repos\B2Connect\backend\Shared\Domain\SmartDataIntegration\src\B2X.SmartDataIntegration.csproj" wird ├╝bersprungen, da es nicht gefunden wurde.
  Das Projekt "C:\Users\Holge\repos\backend\Shared\Domain\Shared\B2X.Api.Validation\B2X.Api.Validation.csproj" wird ├╝bersprungen, da es nicht gefunden wurde.
  Das Projekt "C:\Users\Holge\repos\B2Connect\src\Connectors\B2X.Connectors.csproj" wird ├╝bersprungen, da es nicht gefunden wurde.
  Das Projekt "C:\Users\Holge\repos\B2Connect\src\tests\backend\Store\Domain\Catalog\B2X.Catalog.API.csproj" wird ├╝bersprungen, da es nicht gefunden wurde.
  Das Projekt "C:\Users\Holge\repos\B2Connect\src\tests\backend\Shared\Domain\Shared\B2X.Shared.Kernel\B2X.Shared.Kernel.csproj" wird ├╝bersprungen, da es nicht gefunden wurde.
  Das Projekt "C:\Users\Holge\repos\B2Connect\src\tests\backend\Shared\Domain\Types\B2X.Types\B2X.Types.csproj" wird ├╝bersprungen, da es nicht gefunden wurde.
  Das Projekt "C:\Users\Holge\repos\B2Connect\src\tests\backend\Store\Backend\Orders\B2X.Orders.API.csproj" wird ├╝bersprungen, da es nicht gefunden wurde.
C:\Users\Holge\repos\B2Connect\src\backend\Shared\Domain\B2X.Shared.Kernel\B2X.Shared.Kernel.csproj : warning NU1507: Es sind 3 Paketquellen in Ihrer Konfiguration definiert. Wenn Sie die zentrale Paketverwaltung verwenden, ordnen Sie Ihre Paketquellen mit der Paketquellenzuordnung (https://aka.ms/nuget-package-source-mapping) zu oder geben Sie eine einzelne Paketquelle an. Die folgenden Quellen sind definiert: nuget.org, dotnet-daily, aspire-daily [C:\Users\Holge\repos\B2Connect\B2X.slnx]
C:\Users\Holge\repos\B2Connect\src\backend\Shared\Infrastructure\B2X.Shared.Infrastructure\B2X.Shared.Infrastructure.csproj : warning NU1507: Es sind 3 Paketquellen in Ihrer Konfiguration definiert. Wenn Sie die zentrale Paketverwaltung verwenden, ordnen Sie Ihre Paketquellen mit der Paketquellenzuordnung (https://aka.ms/nuget-package-source-mapping) zu oder geben Sie eine einzelne Paketquelle an. Die folgenden Quellen sind definiert: nuget.org, dotnet-daily, aspire-daily [C:\Users\Holge\repos\B2Connect\B2X.slnx]
C:\Users\Holge\repos\B2Connect\src\tests\Shared\Domain\AI\tests\B2X.AI.Tests.csproj : warning NU1507: There are 3 package sources defined in your configuration. When using central package management, please map your package sources with package source mapping (https://aka.ms/nuget-package-source-mapping) or specify a single package source. The following sources are defined: nuget.org, dotnet-daily, aspire-daily [C:\Users\Holge\repos\B2Connect\B2X.slnx]
C:\Users\Holge\repos\B2Connect\src\backend\Shared\Domain\B2X.Utils\B2X.Utils.csproj : warning NU1507: Es sind 3 Paketquellen in Ihrer Konfiguration definiert. Wenn Sie die zentrale Paketverwaltung verwenden, ordnen Sie Ihre Paketquellen mit der Paketquellenzuordnung (https://aka.ms/nuget-package-source-mapping) zu oder geben Sie eine einzelne Paketquelle an. Die folgenden Quellen sind definiert: nuget.org, dotnet-daily, aspire-daily [C:\Users\Holge\repos\B2Connect\B2X.slnx]
C:\Users\Holge\repos\B2Connect\src\tests\Shared\Domain\Returns\tests\B2X.Returns.Tests.csproj : warning NU1507: Es sind 3 Paketquellen in Ihrer Konfiguration definiert. Wenn Sie die zentrale Paketverwaltung verwenden, ordnen Sie Ihre Paketquellen mit der Paketquellenzuordnung (https://aka.ms/nuget-package-source-mapping) zu oder geben Sie eine einzelne Paketquelle an. Die folgenden Quellen sind definiert: nuget.org, dotnet-daily, aspire-daily [C:\Users\Holge\repos\B2Connect\B2X.slnx]
C:\Users\Holge\repos\B2Connect\src\backend\Shared\Domain\ERP\Abstractions\B2X.ERP.Abstractions.csproj : warning NU1507: There are 3 package sources defined in your configuration. When using central package management, please map your package sources with package source mapping (https://aka.ms/nuget-package-source-mapping) or specify a single package source. The following sources are defined: nuget.org, dotnet-daily, aspire-daily [C:\Users\Holge\repos\B2Connect\B2X.slnx]
C:\Users\Holge\repos\B2Connect\src\backend\Store\Domain\Search\B2X.Domain.Search.csproj : warning NU1507: There are 3 package sources defined in your configuration. When using central package management, please map your package sources with package source mapping (https://aka.ms/nuget-package-source-mapping) or specify a single package source. The following sources are defined: nuget.org, dotnet-daily, aspire-daily [C:\Users\Holge\repos\B2Connect\B2X.slnx]
C:\Users\Holge\repos\B2Connect\src\tests\Shared\Domain\Search\B2X.Search.Integration\B2X.Search.Integration.csproj : warning NU1507: There are 3 package sources defined in your configuration. When using central package management, please map your package sources with package source mapping (https://aka.ms/nuget-package-source-mapping) or specify a single package source. The following sources are defined: nuget.org, dotnet-daily, aspire-daily [C:\Users\Holge\repos\B2Connect\B2X.slnx]
C:\Users\Holge\repos\B2Connect\src\tests\Shared\Domain\PatternAnalysis\tests\B2X.PatternAnalysis.Tests.csproj : warning NU1507: There are 3 package sources defined in your configuration. When using central package management, please map your package sources with package source mapping (https://aka.ms/nuget-package-source-mapping) or specify a single package source. The following sources are defined: nuget.org, dotnet-daily, aspire-daily [C:\Users\Holge\repos\B2Connect\B2X.slnx]
c:\Users\Holge\repos\B2Connect\src\backend\Store\Infrastructure\Gateway\Search\B2X.Store.Search.csproj : warning NU1507: There are 3 package sources defined in your configuration. When using central package management, please map your package sources with package source mapping (https://aka.ms/nuget-package-source-mapping) or specify a single package source. The following sources are defined: nuget.org, dotnet-daily, aspire-daily [C:\Users\Holge\repos\B2Connect\B2X.slnx]
c:\Users\Holge\repos\B2Connect\src\backend\Store\Infrastructure\Gateway\Search\B2X.Store.Search.csproj : warning NU1903: Package 'Newtonsoft.Json' 9.0.1 has a known high severity vulnerability, https://github.com/advisories/GHSA-5crp-9r3c-p9vr [C:\Users\Holge\repos\B2Connect\B2X.slnx]
C:\Users\Holge\repos\B2Connect\src\tests\Shared\Domain\Security\tests\B2X.Security.Tests.csproj : warning NU1507: Es sind 3 Paketquellen in Ihrer Konfiguration definiert. Wenn Sie die zentrale Paketverwaltung verwenden, ordnen Sie Ihre Paketquellen mit der Paketquellenzuordnung (https://aka.ms/nuget-package-source-mapping) zu oder geben Sie eine einzelne Paketquelle an. Die folgenden Quellen sind definiert: nuget.org, dotnet-daily, aspire-daily [C:\Users\Holge\repos\B2Connect\B2X.slnx]
C:\Users\Holge\repos\B2Connect\src\backend\Shared\Domain\Shared\B2X.Api.Validation\B2X.Api.Validation.csproj : warning NU1507: There are 3 package sources defined in your configuration. When using central package management, please map your package sources with package source mapping (https://aka.ms/nuget-package-source-mapping) or specify a single package source. The following sources are defined: nuget.org, dotnet-daily, aspire-daily [C:\Users\Holge\repos\B2Connect\B2X.slnx]
C:\Users\Holge\repos\B2Connect\src\tests\Shared\Domain\Search\B2X.Search.UnitTests\B2X.Search.UnitTests.csproj : warning NU1507: There are 3 package sources defined in your configuration. When using central package management, please map your package sources with package source mapping (https://aka.ms/nuget-package-source-mapping) or specify a single package source. The following sources are defined: nuget.org, dotnet-daily, aspire-daily [C:\Users\Holge\repos\B2Connect\B2X.slnx]
C:\Users\Holge\repos\B2Connect\src\tests\Shared\Domain\Search\B2X.Search.UnitTests\B2X.Search.UnitTests.csproj : warning NU1903: Package 'Newtonsoft.Json' 9.0.1 has a known high severity vulnerability, https://github.com/advisories/GHSA-5crp-9r3c-p9vr [C:\Users\Holge\repos\B2Connect\B2X.slnx]
C:\Users\Holge\repos\B2Connect\src\backend\Infrastructure\Hosting\ServiceDefaults\B2X.ServiceDefaults.csproj : warning NU1507: There are 3 package sources defined in your configuration. When using central package management, please map your package sources with package source mapping (https://aka.ms/nuget-package-source-mapping) or specify a single package source. The following sources are defined: nuget.org, dotnet-daily, aspire-daily [C:\Users\Holge\repos\B2Connect\B2X.slnx]
C:\Users\Holge\repos\B2Connect\src\tests\Shared\Domain\Identity\B2X.Identity.Tests\B2X.Identity.Tests.csproj : warning NU1507: There are 3 package sources defined in your configuration. When using central package management, please map your package sources with package source mapping (https://aka.ms/nuget-package-source-mapping) or specify a single package source. The following sources are defined: nuget.org, dotnet-daily, aspire-daily [C:\Users\Holge\repos\B2Connect\B2X.slnx]
C:\Users\Holge\repos\B2Connect\src\backend\Store\Domain\Categories\B2X.Categories.csproj : warning NU1507: Es sind 3 Paketquellen in Ihrer Konfiguration definiert. Wenn Sie die zentrale Paketverwaltung verwenden, ordnen Sie Ihre Paketquellen mit der Paketquellenzuordnung (https://aka.ms/nuget-package-source-mapping) zu oder geben Sie eine einzelne Paketquelle an. Die folgenden Quellen sind definiert: nuget.org, dotnet-daily, aspire-daily [C:\Users\Holge\repos\B2Connect\B2X.slnx]
C:\Users\Holge\repos\B2Connect\src\backend\Store\Domain\Variants\src\B2X.Variants.csproj : warning NU1507: Es sind 3 Paketquellen in Ihrer Konfiguration definiert. Wenn Sie die zentrale Paketverwaltung verwenden, ordnen Sie Ihre Paketquellen mit der Paketquellenzuordnung (https://aka.ms/nuget-package-source-mapping) zu oder geben Sie eine einzelne Paketquelle an. Die folgenden Quellen sind definiert: nuget.org, dotnet-daily, aspire-daily [C:\Users\Holge\repos\B2Connect\B2X.slnx]
C:\Users\Holge\repos\B2Connect\src\tests\Shared\Domain\ERP\tests\B2X.ERP.Tests.csproj : warning NU1507: There are 3 package sources defined in your configuration. When using central package management, please map your package sources with package source mapping (https://aka.ms/nuget-package-source-mapping) or specify a single package source. The following sources are defined: nuget.org, dotnet-daily, aspire-daily [C:\Users\Holge\repos\B2Connect\B2X.slnx]
C:\Users\Holge\repos\B2Connect\src\backend\Shared\Domain\Tenancy\B2X.Tenancy.API.csproj : warning NU1507: Es sind 3 Paketquellen in Ihrer Konfiguration definiert. Wenn Sie die zentrale Paketverwaltung verwenden, ordnen Sie Ihre Paketquellen mit der Paketquellenzuordnung (https://aka.ms/nuget-package-source-mapping) zu oder geben Sie eine einzelne Paketquelle an. Die folgenden Quellen sind definiert: nuget.org, dotnet-daily, aspire-daily [C:\Users\Holge\repos\B2Connect\B2X.slnx]
C:\Users\Holge\repos\B2Connect\src\tests\Admin\Backend\Compliance\tests\B2X.Compliance.Tests.csproj : warning NU1507: There are 3 package sources defined in your configuration. When using central package management, please map your package sources with package source mapping (https://aka.ms/nuget-package-source-mapping) or specify a single package source. The following sources are defined: nuget.org, dotnet-daily, aspire-daily [C:\Users\Holge\repos\B2Connect\B2X.slnx]
C:\Users\Holge\repos\B2Connect\src\backend\Shared\Domain\Localization\B2X.Localization.API.csproj : warning NU1507: Es sind 3 Paketquellen in Ihrer Konfiguration definiert. Wenn Sie die zentrale Paketverwaltung verwenden, ordnen Sie Ihre Paketquellen mit der Paketquellenzuordnung (https://aka.ms/nuget-package-source-mapping) zu oder geben Sie eine einzelne Paketquelle an. Die folgenden Quellen sind definiert: nuget.org, dotnet-daily, aspire-daily [C:\Users\Holge\repos\B2Connect\B2X.slnx]
C:\Users\Holge\repos\B2Connect\src\backend\Shared\Domain\Identity\B2X.Identity.csproj : warning NU1507: Es sind 3 Paketquellen in Ihrer Konfiguration definiert. Wenn Sie die zentrale Paketverwaltung verwenden, ordnen Sie Ihre Paketquellen mit der Paketquellenzuordnung (https://aka.ms/nuget-package-source-mapping) zu oder geben Sie eine einzelne Paketquelle an. Die folgenden Quellen sind definiert: nuget.org, dotnet-daily, aspire-daily [C:\Users\Holge\repos\B2Connect\B2X.slnx]
C:\Users\Holge\repos\B2Connect\src\backend\Admin\Domain\Legal\B2X.Legal.API.csproj : warning NU1507: There are 3 package sources defined in your configuration. When using central package management, please map your package sources with package source mapping (https://aka.ms/nuget-package-source-mapping) or specify a single package source. The following sources are defined: nuget.org, dotnet-daily, aspire-daily [C:\Users\Holge\repos\B2Connect\B2X.slnx]
C:\Users\Holge\repos\B2Connect\src\backend\Shared\Domain\SmartDataIntegration\src\B2X.SmartDataIntegration.csproj : warning NU1507: Es sind 3 Paketquellen in Ihrer Konfiguration definiert. Wenn Sie die zentrale Paketverwaltung verwenden, ordnen Sie Ihre Paketquellen mit der Paketquellenzuordnung (https://aka.ms/nuget-package-source-mapping) zu oder geben Sie eine einzelne Paketquelle an. Die folgenden Quellen sind definiert: nuget.org, dotnet-daily, aspire-daily [C:\Users\Holge\repos\B2Connect\B2X.slnx]
C:\Users\Holge\repos\B2Connect\src\Store\Backend\Orders\B2X.Orders.API.csproj : warning NU1507: Es sind 3 Paketquellen in Ihrer Konfiguration definiert. Wenn Sie die zentrale Paketverwaltung verwenden, ordnen Sie Ihre Paketquellen mit der Paketquellenzuordnung (https://aka.ms/nuget-package-source-mapping) zu oder geben Sie eine einzelne Paketquelle an. Die folgenden Quellen sind definiert: nuget.org, dotnet-daily, aspire-daily [C:\Users\Holge\repos\B2Connect\B2X.slnx]
C:\Users\Holge\repos\B2Connect\src\backend\Admin\Domain\Compliance\B2X.Compliance.API.csproj : warning NU1507: Es sind 3 Paketquellen in Ihrer Konfiguration definiert. Wenn Sie die zentrale Paketverwaltung verwenden, ordnen Sie Ihre Paketquellen mit der Paketquellenzuordnung (https://aka.ms/nuget-package-source-mapping) zu oder geben Sie eine einzelne Paketquelle an. Die folgenden Quellen sind definiert: nuget.org, dotnet-daily, aspire-daily [C:\Users\Holge\repos\B2Connect\B2X.slnx]
C:\Users\Holge\repos\B2Connect\src\Store\Backend\Catalog\B2X.Catalog.API.csproj : warning NU1507: Es sind 3 Paketquellen in Ihrer Konfiguration definiert. Wenn Sie die zentrale Paketverwaltung verwenden, ordnen Sie Ihre Paketquellen mit der Paketquellenzuordnung (https://aka.ms/nuget-package-source-mapping) zu oder geben Sie eine einzelne Paketquelle an. Die folgenden Quellen sind definiert: nuget.org, dotnet-daily, aspire-daily [C:\Users\Holge\repos\B2Connect\B2X.slnx]
C:\Users\Holge\repos\B2Connect\src\tests\Shared\Domain\Localization\tests\B2X.Localization.Tests.csproj : warning NU1507: Es sind 3 Paketquellen in Ihrer Konfiguration definiert. Wenn Sie die zentrale Paketverwaltung verwenden, ordnen Sie Ihre Paketquellen mit der Paketquellenzuordnung (https://aka.ms/nuget-package-source-mapping) zu oder geben Sie eine einzelne Paketquelle an. Die folgenden Quellen sind definiert: nuget.org, dotnet-daily, aspire-daily [C:\Users\Holge\repos\B2Connect\B2X.slnx]
C:\Users\Holge\repos\B2Connect\src\backend\Shared\Domain\Theming\Layout\B2X.Theming.Layout.csproj : warning NU1507: Es sind 3 Paketquellen in Ihrer Konfiguration definiert. Wenn Sie die zentrale Paketverwaltung verwenden, ordnen Sie Ihre Paketquellen mit der Paketquellenzuordnung (https://aka.ms/nuget-package-source-mapping) zu oder geben Sie eine einzelne Paketquelle an. Die folgenden Quellen sind definiert: nuget.org, dotnet-daily, aspire-daily [C:\Users\Holge\repos\B2Connect\B2X.slnx]
C:\Users\Holge\repos\B2Connect\src\tests\Shared\B2X.Shared.Search.Tests\B2X.Shared.Search.Tests.csproj : warning NU1507: Es sind 3 Paketquellen in Ihrer Konfiguration definiert. Wenn Sie die zentrale Paketverwaltung verwenden, ordnen Sie Ihre Paketquellen mit der Paketquellenzuordnung (https://aka.ms/nuget-package-source-mapping) zu oder geben Sie eine einzelne Paketquelle an. Die folgenden Quellen sind definiert: nuget.org, dotnet-daily, aspire-daily [C:\Users\Holge\repos\B2Connect\B2X.slnx]
C:\Users\Holge\repos\B2Connect\src\AI\MCP\B2X.Admin.MCP\B2X.Admin.MCP.csproj : warning NU1510: PackageReference Microsoft.Extensions.Logging wird nicht gek├╝rzt. Erw├ñgen Sie, dieses Paket aus Ihren Abh├ñngigkeiten zu entfernen, da es wahrscheinlich nicht erforderlich ist. [C:\Users\Holge\repos\B2Connect\B2X.slnx]
C:\Users\Holge\repos\B2Connect\src\backend\Shared\Domain\SmartDataIntegration\API\B2X.SmartDataIntegration.API.csproj : warning NU1507: Es sind 3 Paketquellen in Ihrer Konfiguration definiert. Wenn Sie die zentrale Paketverwaltung verwenden, ordnen Sie Ihre Paketquellen mit der Paketquellenzuordnung (https://aka.ms/nuget-package-source-mapping) zu oder geben Sie eine einzelne Paketquelle an. Die folgenden Quellen sind definiert: nuget.org, dotnet-daily, aspire-daily [C:\Users\Holge\repos\B2Connect\B2X.slnx]
C:\Users\Holge\repos\B2Connect\src\AI\MCP\B2X.Admin.MCP\B2X.Admin.MCP.csproj : warning NU1510: PackageReference Microsoft.Extensions.Configuration wird nicht gek├╝rzt. Erw├ñgen Sie, dieses Paket aus Ihren Abh├ñngigkeiten zu entfernen, da es wahrscheinlich nicht erforderlich ist. [C:\Users\Holge\repos\B2Connect\B2X.slnx]
C:\Users\Holge\repos\B2Connect\src\backend\Infrastructure\Hosting\AppHost\B2X.AppHost.csproj : warning NU1507: Es sind 3 Paketquellen in Ihrer Konfiguration definiert. Wenn Sie die zentrale Paketverwaltung verwenden, ordnen Sie Ihre Paketquellen mit der Paketquellenzuordnung (https://aka.ms/nuget-package-source-mapping) zu oder geben Sie eine einzelne Paketquelle an. Die folgenden Quellen sind definiert: nuget.org, dotnet-daily, aspire-daily [C:\Users\Holge\repos\B2Connect\B2X.slnx]
C:\Users\Holge\repos\B2Connect\src\tests\Shared\B2X.Shared.Infrastructure\tests\B2X.Shared.Infrastructure.Tests.csproj : warning NU1507: Es sind 3 Paketquellen in Ihrer Konfiguration definiert. Wenn Sie die zentrale Paketverwaltung verwenden, ordnen Sie Ihre Paketquellen mit der Paketquellenzuordnung (https://aka.ms/nuget-package-source-mapping) zu oder geben Sie eine einzelne Paketquelle an. Die folgenden Quellen sind definiert: nuget.org, dotnet-daily, aspire-daily [C:\Users\Holge\repos\B2Connect\B2X.slnx]
C:\Users\Holge\repos\B2Connect\src\tools\seeders\seeding\B2X.Seeding.API.csproj : warning NU1507: There are 3 package sources defined in your configuration. When using central package management, please map your package sources with package source mapping (https://aka.ms/nuget-package-source-mapping) or specify a single package source. The following sources are defined: nuget.org, dotnet-daily, aspire-daily [C:\Users\Holge\repos\B2Connect\B2X.slnx]
C:\Users\Holge\repos\B2Connect\src\backend\Shared\Infrastructure\Messaging\B2X.Shared.Messaging.csproj : warning NU1507: Es sind 3 Paketquellen in Ihrer Konfiguration definiert. Wenn Sie die zentrale Paketverwaltung verwenden, ordnen Sie Ihre Paketquellen mit der Paketquellenzuordnung (https://aka.ms/nuget-package-source-mapping) zu oder geben Sie eine einzelne Paketquelle an. Die folgenden Quellen sind definiert: nuget.org, dotnet-daily, aspire-daily [C:\Users\Holge\repos\B2Connect\B2X.slnx]
C:\Users\Holge\repos\B2Connect\src\tests\Store\Backend\Catalog\B2X.Catalog.Tests\B2X.Catalog.Tests.csproj : warning NU1507: There are 3 package sources defined in your configuration. When using central package management, please map your package sources with package source mapping (https://aka.ms/nuget-package-source-mapping) or specify a single package source. The following sources are defined: nuget.org, dotnet-daily, aspire-daily [C:\Users\Holge\repos\B2Connect\B2X.slnx]
C:\Users\Holge\repos\B2Connect\src\tests\Store\Backend\Catalog\B2X.Catalog.Tests\B2X.Catalog.Tests.csproj : warning NU1903: Package 'Newtonsoft.Json' 9.0.1 has a known high severity vulnerability, https://github.com/advisories/GHSA-5crp-9r3c-p9vr [C:\Users\Holge\repos\B2Connect\B2X.slnx]
C:\Users\Holge\repos\B2Connect\src\tests\Shared\B2X.Gateway.Integration.Tests\B2X.Gateway.Integration.Tests.csproj : warning NU1507: There are 3 package sources defined in your configuration. When using central package management, please map your package sources with package source mapping (https://aka.ms/nuget-package-source-mapping) or specify a single package source. The following sources are defined: nuget.org, dotnet-daily, aspire-daily [C:\Users\Holge\repos\B2Connect\B2X.slnx]
C:\Users\Holge\repos\B2Connect\src\tests\Admin\Backend\Legal\tests\B2X.Legal.Tests.csproj : warning NU1507: There are 3 package sources defined in your configuration. When using central package management, please map your package sources with package source mapping (https://aka.ms/nuget-package-source-mapping) or specify a single package source. The following sources are defined: nuget.org, dotnet-daily, aspire-daily [C:\Users\Holge\repos\B2Connect\B2X.slnx]
C:\Users\Holge\repos\B2Connect\src\tests\Shared\Validation\B2X.Validation.Tests.csproj : warning NU1507: There are 3 package sources defined in your configuration. When using central package management, please map your package sources with package source mapping (https://aka.ms/nuget-package-source-mapping) or specify a single package source. The following sources are defined: nuget.org, dotnet-daily, aspire-daily [C:\Users\Holge\repos\B2Connect\B2X.slnx]
C:\Users\Holge\repos\B2Connect\src\tests\Services\PunchoutAdapters\IdsConnect\tests\B2X.IdsConnectAdapter.Tests.csproj : warning NU1507: There are 3 package sources defined in your configuration. When using central package management, please map your package sources with package source mapping (https://aka.ms/nuget-package-source-mapping) or specify a single package source. The following sources are defined: nuget.org, dotnet-daily, aspire-daily [C:\Users\Holge\repos\B2Connect\B2X.slnx]
C:\Users\Holge\repos\B2Connect\src\backend\Shared\Infrastructure\middleware\B2X.Shared.Middleware.csproj : warning NU1507: Es sind 3 Paketquellen in Ihrer Konfiguration definiert. Wenn Sie die zentrale Paketverwaltung verwenden, ordnen Sie Ihre Paketquellen mit der Paketquellenzuordnung (https://aka.ms/nuget-package-source-mapping) zu oder geben Sie eine einzelne Paketquelle an. Die folgenden Quellen sind definiert: nuget.org, dotnet-daily, aspire-daily [C:\Users\Holge\repos\B2Connect\B2X.slnx]
C:\Users\Holge\repos\B2Connect\src\backend\Infrastructure\Connectors\B2X.Connectors.csproj : warning NU1507: Es sind 3 Paketquellen in Ihrer Konfiguration definiert. Wenn Sie die zentrale Paketverwaltung verwenden, ordnen Sie Ihre Paketquellen mit der Paketquellenzuordnung (https://aka.ms/nuget-package-source-mapping) zu oder geben Sie eine einzelne Paketquelle an. Die folgenden Quellen sind definiert: nuget.org, dotnet-daily, aspire-daily [C:\Users\Holge\repos\B2Connect\B2X.slnx]
C:\Users\Holge\repos\B2Connect\src\tests\Store\Backend\Orders\tests\B2X.Orders.Tests.csproj : warning NU1507: There are 3 package sources defined in your configuration. When using central package management, please map your package sources with package source mapping (https://aka.ms/nuget-package-source-mapping) or specify a single package source. The following sources are defined: nuget.org, dotnet-daily, aspire-daily [C:\Users\Holge\repos\B2Connect\B2X.slnx]
C:\Users\Holge\repos\B2Connect\src\backend\Shared\Domain\B2X.Types\B2X.Types.csproj : warning NU1507: Es sind 3 Paketquellen in Ihrer Konfiguration definiert. Wenn Sie die zentrale Paketverwaltung verwenden, ordnen Sie Ihre Paketquellen mit der Paketquellenzuordnung (https://aka.ms/nuget-package-source-mapping) zu oder geben Sie eine einzelne Paketquelle an. Die folgenden Quellen sind definiert: nuget.org, dotnet-daily, aspire-daily [C:\Users\Holge\repos\B2Connect\B2X.slnx]
C:\Users\Holge\repos\B2Connect\src\backend\Shared\Infrastructure\Monitoring\B2X.Shared.Monitoring.csproj : warning NU1507: Es sind 3 Paketquellen in Ihrer Konfiguration definiert. Wenn Sie die zentrale Paketverwaltung verwenden, ordnen Sie Ihre Paketquellen mit der Paketquellenzuordnung (https://aka.ms/nuget-package-source-mapping) zu oder geben Sie eine einzelne Paketquelle an. Die folgenden Quellen sind definiert: nuget.org, dotnet-daily, aspire-daily [C:\Users\Holge\repos\B2Connect\B2X.slnx]
C:\Users\Holge\repos\B2Connect\src\backend\Shared\Domain\ERP\src\B2X.ERP.csproj : warning NU1507: There are 3 package sources defined in your configuration. When using central package management, please map your package sources with package source mapping (https://aka.ms/nuget-package-source-mapping) or specify a single package source. The following sources are defined: nuget.org, dotnet-daily, aspire-daily [C:\Users\Holge\repos\B2Connect\B2X.slnx]
C:\Users\Holge\repos\B2Connect\src\backend\Shared\Domain\PatternAnalysis\B2X.PatternAnalysis.csproj : warning NU1507: Es sind 3 Paketquellen in Ihrer Konfiguration definiert. Wenn Sie die zentrale Paketverwaltung verwenden, ordnen Sie Ihre Paketquellen mit der Paketquellenzuordnung (https://aka.ms/nuget-package-source-mapping) zu oder geben Sie eine einzelne Paketquelle an. Die folgenden Quellen sind definiert: nuget.org, dotnet-daily, aspire-daily [C:\Users\Holge\repos\B2Connect\B2X.slnx]
C:\Users\Holge\repos\B2Connect\src\tests\Shared\Domain\SmartDataIntegration\tests\B2X.SmartDataIntegration.Tests.csproj : warning NU1507: There are 3 package sources defined in your configuration. When using central package management, please map your package sources with package source mapping (https://aka.ms/nuget-package-source-mapping) or specify a single package source. The following sources are defined: nuget.org, dotnet-daily, aspire-daily [C:\Users\Holge\repos\B2Connect\B2X.slnx]
C:\Users\Holge\repos\B2Connect\src\backend\Shared\Domain\B2X.Shared.Core\B2X.Shared.Core.csproj : warning NU1507: Es sind 3 Paketquellen in Ihrer Konfiguration definiert. Wenn Sie die zentrale Paketverwaltung verwenden, ordnen Sie Ihre Paketquellen mit der Paketquellenzuordnung (https://aka.ms/nuget-package-source-mapping) zu oder geben Sie eine einzelne Paketquelle an. Die folgenden Quellen sind definiert: nuget.org, dotnet-daily, aspire-daily [C:\Users\Holge\repos\B2Connect\B2X.slnx]
C:\Users\Holge\repos\B2Connect\src\backend\Shared\Domain\Theming\B2X.Theming.API.csproj : warning NU1507: Es sind 3 Paketquellen in Ihrer Konfiguration definiert. Wenn Sie die zentrale Paketverwaltung verwenden, ordnen Sie Ihre Paketquellen mit der Paketquellenzuordnung (https://aka.ms/nuget-package-source-mapping) zu oder geben Sie eine einzelne Paketquelle an. Die folgenden Quellen sind definiert: nuget.org, dotnet-daily, aspire-daily [C:\Users\Holge\repos\B2Connect\B2X.slnx]
C:\Users\Holge\repos\B2Connect\src\backend\Services\Hosting\B2X.Hosting.csproj : warning NU1507: Es sind 3 Paketquellen in Ihrer Konfiguration definiert. Wenn Sie die zentrale Paketverwaltung verwenden, ordnen Sie Ihre Paketquellen mit der Paketquellenzuordnung (https://aka.ms/nuget-package-source-mapping) zu oder geben Sie eine einzelne Paketquelle an. Die folgenden Quellen sind definiert: nuget.org, dotnet-daily, aspire-daily [C:\Users\Holge\repos\B2Connect\B2X.slnx]
C:\Users\Holge\repos\B2Connect\src\Store\Backend\Customer\B2X.Customer.API.csproj : warning NU1507: Es sind 3 Paketquellen in Ihrer Konfiguration definiert. Wenn Sie die zentrale Paketverwaltung verwenden, ordnen Sie Ihre Paketquellen mit der Paketquellenzuordnung (https://aka.ms/nuget-package-source-mapping) zu oder geben Sie eine einzelne Paketquelle an. Die folgenden Quellen sind definiert: nuget.org, dotnet-daily, aspire-daily [C:\Users\Holge\repos\B2Connect\B2X.slnx]
C:\Users\Holge\repos\B2Connect\src\backend\Shared\Infrastructure\Search\B2X.Shared.Search.csproj : warning NU1507: Es sind 3 Paketquellen in Ihrer Konfiguration definiert. Wenn Sie die zentrale Paketverwaltung verwenden, ordnen Sie Ihre Paketquellen mit der Paketquellenzuordnung (https://aka.ms/nuget-package-source-mapping) zu oder geben Sie eine einzelne Paketquelle an. Die folgenden Quellen sind definiert: nuget.org, dotnet-daily, aspire-daily [C:\Users\Holge\repos\B2Connect\B2X.slnx]
C:\Users\Holge\repos\B2Connect\src\tests\Store\Backend\Customer\tests\B2X.Customer.Tests.csproj : warning NU1507: Es sind 3 Paketquellen in Ihrer Konfiguration definiert. Wenn Sie die zentrale Paketverwaltung verwenden, ordnen Sie Ihre Paketquellen mit der Paketquellenzuordnung (https://aka.ms/nuget-package-source-mapping) zu oder geben Sie eine einzelne Paketquelle an. Die folgenden Quellen sind definiert: nuget.org, dotnet-daily, aspire-daily [C:\Users\Holge\repos\B2Connect\B2X.slnx]
C:\Users\Holge\repos\B2Connect\src\backend\Admin\Gateway\B2X.Admin.csproj : warning NU1507: Es sind 3 Paketquellen in Ihrer Konfiguration definiert. Wenn Sie die zentrale Paketverwaltung verwenden, ordnen Sie Ihre Paketquellen mit der Paketquellenzuordnung (https://aka.ms/nuget-package-source-mapping) zu oder geben Sie eine einzelne Paketquelle an. Die folgenden Quellen sind definiert: nuget.org, dotnet-daily, aspire-daily [C:\Users\Holge\repos\B2Connect\B2X.slnx]
C:\Users\Holge\repos\B2Connect\src\backend\Store\Domain\Catalog\B2X.Catalog.API.csproj : warning NU1507: Es sind 3 Paketquellen in Ihrer Konfiguration definiert. Wenn Sie die zentrale Paketverwaltung verwenden, ordnen Sie Ihre Paketquellen mit der Paketquellenzuordnung (https://aka.ms/nuget-package-source-mapping) zu oder geben Sie eine einzelne Paketquelle an. Die folgenden Quellen sind definiert: nuget.org, dotnet-daily, aspire-daily [C:\Users\Holge\repos\B2Connect\B2X.slnx]
C:\Users\Holge\repos\B2Connect\src\tests\Management\Email\B2X.Email.Tests.csproj : warning NU1507: Es sind 3 Paketquellen in Ihrer Konfiguration definiert. Wenn Sie die zentrale Paketverwaltung verwenden, ordnen Sie Ihre Paketquellen mit der Paketquellenzuordnung (https://aka.ms/nuget-package-source-mapping) zu oder geben Sie eine einzelne Paketquelle an. Die folgenden Quellen sind definiert: nuget.org, dotnet-daily, aspire-daily [C:\Users\Holge\repos\B2Connect\B2X.slnx]
C:\Users\Holge\repos\B2Connect\src\tests\Management\CMS\B2X.CMS.Tests.csproj : warning NU1507: Es sind 3 Paketquellen in Ihrer Konfiguration definiert. Wenn Sie die zentrale Paketverwaltung verwenden, ordnen Sie Ihre Paketquellen mit der Paketquellenzuordnung (https://aka.ms/nuget-package-source-mapping) zu oder geben Sie eine einzelne Paketquelle an. Die folgenden Quellen sind definiert: nuget.org, dotnet-daily, aspire-daily [C:\Users\Holge\repos\B2Connect\B2X.slnx]
C:\Users\Holge\repos\B2Connect\src\backend\Management\Domain\B2X.Email.csproj : warning NU1507: Es sind 3 Paketquellen in Ihrer Konfiguration definiert. Wenn Sie die zentrale Paketverwaltung verwenden, ordnen Sie Ihre Paketquellen mit der Paketquellenzuordnung (https://aka.ms/nuget-package-source-mapping) zu oder geben Sie eine einzelne Paketquelle an. Die folgenden Quellen sind definiert: nuget.org, dotnet-daily, aspire-daily [C:\Users\Holge\repos\B2Connect\B2X.slnx]
C:\Users\Holge\repos\B2Connect\src\tests\Shared\Domain\Tenancy\tests\B2X.Tenancy.Tests.csproj : warning NU1507: Es sind 3 Paketquellen in Ihrer Konfiguration definiert. Wenn Sie die zentrale Paketverwaltung verwenden, ordnen Sie Ihre Paketquellen mit der Paketquellenzuordnung (https://aka.ms/nuget-package-source-mapping) zu oder geben Sie eine einzelne Paketquelle an. Die folgenden Quellen sind definiert: nuget.org, dotnet-daily, aspire-daily [C:\Users\Holge\repos\B2Connect\B2X.slnx]
C:\Users\Holge\repos\B2Connect\src\backend\Store\API\B2X.Store.csproj : warning NU1507: Es sind 3 Paketquellen in Ihrer Konfiguration definiert. Wenn Sie die zentrale Paketverwaltung verwenden, ordnen Sie Ihre Paketquellen mit der Paketquellenzuordnung (https://aka.ms/nuget-package-source-mapping) zu oder geben Sie eine einzelne Paketquelle an. Die folgenden Quellen sind definiert: nuget.org, dotnet-daily, aspire-daily [C:\Users\Holge\repos\B2Connect\B2X.slnx]
C:\Users\Holge\repos\B2Connect\src\tests\Store\B2X.Store.Tests.csproj : warning NU1507: Es sind 3 Paketquellen in Ihrer Konfiguration definiert. Wenn Sie die zentrale Paketverwaltung verwenden, ordnen Sie Ihre Paketquellen mit der Paketquellenzuordnung (https://aka.ms/nuget-package-source-mapping) zu oder geben Sie eine einzelne Paketquelle an. Die folgenden Quellen sind definiert: nuget.org, dotnet-daily, aspire-daily [C:\Users\Holge\repos\B2Connect\B2X.slnx]
C:\Users\Holge\repos\B2Connect\src\tests\BoundedContexts\Admin\MCP\B2X.Admin.MCP.Tests\B2X.Admin.MCP.Tests.csproj : warning NU1507: Es sind 3 Paketquellen in Ihrer Konfiguration definiert. Wenn Sie die zentrale Paketverwaltung verwenden, ordnen Sie Ihre Paketquellen mit der Paketquellenzuordnung (https://aka.ms/nuget-package-source-mapping) zu oder geben Sie eine einzelne Paketquelle an. Die folgenden Quellen sind definiert: nuget.org, dotnet-daily, aspire-daily [C:\Users\Holge\repos\B2Connect\B2X.slnx]
C:\Users\Holge\repos\B2Connect\src\tests\Hosting\AppHost.Tests\B2X.AppHost.Tests.csproj : warning NU1507: Es sind 3 Paketquellen in Ihrer Konfiguration definiert. Wenn Sie die zentrale Paketverwaltung verwenden, ordnen Sie Ihre Paketquellen mit der Paketquellenzuordnung (https://aka.ms/nuget-package-source-mapping) zu oder geben Sie eine einzelne Paketquelle an. Die folgenden Quellen sind definiert: nuget.org, dotnet-daily, aspire-daily [C:\Users\Holge\repos\B2Connect\B2X.slnx]
  Alle Projekte sind f├╝r die Wiederherstellung auf dem neuesten Stand.
C:\Program Files\dotnet\sdk\10.0.101\Microsoft.Common.CurrentVersion.targets(2189,5): warning MSB9008: Das referenzierte Projekt ../../../../shared/Domain/Shared/B2X.Api.Validation/B2X.Api.Validation.csproj ist nicht vorhanden. [C:\Users\Holge\repos\B2Connect\src\backend\Admin\CLI\B2X.CLI.Administration\B2X.CLI.Administration.csproj]
C:\Users\Holge\repos\B2Connect\src\backend\Admin\Domain\Legal\B2X.Legal.API.csproj : warning NU1507: There are 3 package sources defined in your configuration. When using central package management, please map your package sources with package source mapping (https://aka.ms/nuget-package-source-mapping) or specify a single package source. The following sources are defined: nuget.org, dotnet-daily, aspire-daily
C:\Program Files\dotnet\sdk\10.0.101\Microsoft.Common.CurrentVersion.targets(2189,5): warning MSB9008: Das referenzierte Projekt ../../../../Infrastructure/Hosting/ServiceDefaults/B2X.ServiceDefaults.csproj ist nicht vorhanden. [C:\Users\Holge\repos\B2Connect\src\backend\Admin\Domain\Legal\B2X.Legal.API.csproj]
C:\Users\Holge\repos\B2Connect\src\backend\Admin\CLI\B2X.CLI.Administration\Commands\AuthCommands\CreateUserCommand.cs(3,15): error CS0234: Der Typ- oder Namespacename "Shared" ist im Namespace "B2X.CLI" nicht vorhanden. (M├Âglicherweise fehlt ein Assemblyverweis.) [C:\Users\Holge\repos\B2Connect\src\backend\Admin\CLI\B2X.CLI.Administration\B2X.CLI.Administration.csproj]
C:\Users\Holge\repos\B2Connect\src\backend\Admin\CLI\B2X.CLI.Administration\Commands\AuthCommands\CreateUserCommand.cs(4,15): error CS0234: Der Typ- oder Namespacename "Shared" ist im Namespace "B2X.CLI" nicht vorhanden. (M├Âglicherweise fehlt ein Assemblyverweis.) [C:\Users\Holge\repos\B2Connect\src\backend\Admin\CLI\B2X.CLI.Administration\B2X.CLI.Administration.csproj]
C:\Users\Holge\repos\B2Connect\src\backend\Admin\CLI\B2X.CLI.Administration\Commands\AuthCommands\CreateUserCommand.cs(5,15): error CS0234: Der Typ- oder Namespacename "Shared" ist im Namespace "B2X.CLI" nicht vorhanden. (M├Âglicherweise fehlt ein Assemblyverweis.) [C:\Users\Holge\repos\B2Connect\src\backend\Admin\CLI\B2X.CLI.Administration\B2X.CLI.Administration.csproj]
C:\Users\Holge\repos\B2Connect\src\backend\Admin\CLI\B2X.CLI.Administration\Commands\AuthCommands\LoginCommand.cs(3,15): error CS0234: Der Typ- oder Namespacename "Shared" ist im Namespace "B2X.CLI" nicht vorhanden. (M├Âglicherweise fehlt ein Assemblyverweis.) [C:\Users\Holge\repos\B2Connect\src\backend\Admin\CLI\B2X.CLI.Administration\B2X.CLI.Administration.csproj]
C:\Users\Holge\repos\B2Connect\src\backend\Admin\CLI\B2X.CLI.Administration\Commands\AuthCommands\LoginCommand.cs(4,15): error CS0234: Der Typ- oder Namespacename "Shared" ist im Namespace "B2X.CLI" nicht vorhanden. (M├Âglicherweise fehlt ein Assemblyverweis.) [C:\Users\Holge\repos\B2Connect\src\backend\Admin\CLI\B2X.CLI.Administration\B2X.CLI.Administration.csproj]
C:\Users\Holge\repos\B2Connect\src\backend\Admin\CLI\B2X.CLI.Administration\Commands\AuthCommands\LoginCommand.cs(5,15): error CS0234: Der Typ- oder Namespacename "Shared" ist im Namespace "B2X.CLI" nicht vorhanden. (M├Âglicherweise fehlt ein Assemblyverweis.) [C:\Users\Holge\repos\B2Connect\src\backend\Admin\CLI\B2X.CLI.Administration\B2X.CLI.Administration.csproj]
C:\Users\Holge\repos\B2Connect\src\backend\Admin\CLI\B2X.CLI.Administration\Commands\CatalogCommands\ExportCatalogCommand.cs(2,15): error CS0234: Der Typ- oder Namespacename "Shared" ist im Namespace "B2X.CLI" nicht vorhanden. (M├Âglicherweise fehlt ein Assemblyverweis.) [C:\Users\Holge\repos\B2Connect\src\backend\Admin\CLI\B2X.CLI.Administration\B2X.CLI.Administration.csproj]
C:\Users\Holge\repos\B2Connect\src\backend\Admin\CLI\B2X.CLI.Administration\Commands\CatalogCommands\ExportCatalogCommand.cs(3,15): error CS0234: Der Typ- oder Namespacename "Shared" ist im Namespace "B2X.CLI" nicht vorhanden. (M├Âglicherweise fehlt ein Assemblyverweis.) [C:\Users\Holge\repos\B2Connect\src\backend\Admin\CLI\B2X.CLI.Administration\B2X.CLI.Administration.csproj]
C:\Users\Holge\repos\B2Connect\src\backend\Admin\CLI\B2X.CLI.Administration\Commands\CatalogCommands\ExportCatalogCommand.cs(4,15): error CS0234: Der Typ- oder Namespacename "Shared" ist im Namespace "B2X.CLI" nicht vorhanden. (M├Âglicherweise fehlt ein Assemblyverweis.) [C:\Users\Holge\repos\B2Connect\src\backend\Admin\CLI\B2X.CLI.Administration\B2X.CLI.Administration.csproj]
C:\Users\Holge\repos\B2Connect\src\backend\Admin\CLI\B2X.CLI.Administration\Commands\CatalogCommands\ImportCatalogCommand.cs(2,15): error CS0234: Der Typ- oder Namespacename "Shared" ist im Namespace "B2X.CLI" nicht vorhanden. (M├Âglicherweise fehlt ein Assemblyverweis.) [C:\Users\Holge\repos\B2Connect\src\backend\Admin\CLI\B2X.CLI.Administration\B2X.CLI.Administration.csproj]
C:\Users\Holge\repos\B2Connect\src\backend\Admin\CLI\B2X.CLI.Administration\Commands\CatalogCommands\ImportCatalogCommand.cs(3,15): error CS0234: Der Typ- oder Namespacename "Shared" ist im Namespace "B2X.CLI" nicht vorhanden. (M├Âglicherweise fehlt ein Assemblyverweis.) [C:\Users\Holge\repos\B2Connect\src\backend\Admin\CLI\B2X.CLI.Administration\B2X.CLI.Administration.csproj]
C:\Users\Holge\repos\B2Connect\src\backend\Admin\CLI\B2X.CLI.Administration\Commands\CatalogCommands\ImportCatalogCommand.cs(4,15): error CS0234: Der Typ- oder Namespacename "Shared" ist im Namespace "B2X.CLI" nicht vorhanden. (M├Âglicherweise fehlt ein Assemblyverweis.) [C:\Users\Holge\repos\B2Connect\src\backend\Admin\CLI\B2X.CLI.Administration\B2X.CLI.Administration.csproj]
C:\Users\Holge\repos\B2Connect\src\backend\Admin\CLI\B2X.CLI.Administration\Commands\ConfigCommands\ConfigGetCommand.cs(2,15): error CS0234: Der Typ- oder Namespacename "Shared" ist im Namespace "B2X.CLI" nicht vorhanden. (M├Âglicherweise fehlt ein Assemblyverweis.) [C:\Users\Holge\repos\B2Connect\src\backend\Admin\CLI\B2X.CLI.Administration\B2X.CLI.Administration.csproj]
C:\Users\Holge\repos\B2Connect\src\backend\Admin\CLI\B2X.CLI.Administration\Commands\ConfigCommands\ConfigGetCommand.cs(3,15): error CS0234: Der Typ- oder Namespacename "Shared" ist im Namespace "B2X.CLI" nicht vorhanden. (M├Âglicherweise fehlt ein Assemblyverweis.) [C:\Users\Holge\repos\B2Connect\src\backend\Admin\CLI\B2X.CLI.Administration\B2X.CLI.Administration.csproj]
C:\Users\Holge\repos\B2Connect\src\backend\Admin\CLI\B2X.CLI.Administration\Commands\ConfigCommands\ConfigListCommand.cs(2,15): error CS0234: Der Typ- oder Namespacename "Shared" ist im Namespace "B2X.CLI" nicht vorhanden. (M├Âglicherweise fehlt ein Assemblyverweis.) [C:\Users\Holge\repos\B2Connect\src\backend\Admin\CLI\B2X.CLI.Administration\B2X.CLI.Administration.csproj]
C:\Users\Holge\repos\B2Connect\src\backend\Admin\CLI\B2X.CLI.Administration\Commands\ConfigCommands\ConfigListCommand.cs(3,15): error CS0234: Der Typ- oder Namespacename "Shared" ist im Namespace "B2X.CLI" nicht vorhanden. (M├Âglicherweise fehlt ein Assemblyverweis.) [C:\Users\Holge\repos\B2Connect\src\backend\Admin\CLI\B2X.CLI.Administration\B2X.CLI.Administration.csproj]
C:\Users\Holge\repos\B2Connect\src\backend\Admin\CLI\B2X.CLI.Administration\Commands\ConfigCommands\ConfigSetCommand.cs(2,15): error CS0234: Der Typ- oder Namespacename "Shared" ist im Namespace "B2X.CLI" nicht vorhanden. (M├Âglicherweise fehlt ein Assemblyverweis.) [C:\Users\Holge\repos\B2Connect\src\backend\Admin\CLI\B2X.CLI.Administration\B2X.CLI.Administration.csproj]
C:\Users\Holge\repos\B2Connect\src\backend\Admin\CLI\B2X.CLI.Administration\Commands\ConfigCommands\ConfigSetCommand.cs(3,15): error CS0234: Der Typ- oder Namespacename "Shared" ist im Namespace "B2X.CLI" nicht vorhanden. (M├Âglicherweise fehlt ein Assemblyverweis.) [C:\Users\Holge\repos\B2Connect\src\backend\Admin\CLI\B2X.CLI.Administration\B2X.CLI.Administration.csproj]
C:\Users\Holge\repos\B2Connect\src\backend\Admin\CLI\B2X.CLI.Administration\Commands\DiscoveryCommands\DiscoverServicesCommand.cs(2,15): error CS0234: Der Typ- oder Namespacename "Shared" ist im Namespace "B2X.CLI" nicht vorhanden. (M├Âglicherweise fehlt ein Assemblyverweis.) [C:\Users\Holge\repos\B2Connect\src\backend\Admin\CLI\B2X.CLI.Administration\B2X.CLI.Administration.csproj]
C:\Users\Holge\repos\B2Connect\src\backend\Admin\CLI\B2X.CLI.Administration\Commands\DiscoveryCommands\DiscoverServicesCommand.cs(3,15): error CS0234: Der Typ- oder Namespacename "Shared" ist im Namespace "B2X.CLI" nicht vorhanden. (M├Âglicherweise fehlt ein Assemblyverweis.) [C:\Users\Holge\repos\B2Connect\src\backend\Admin\CLI\B2X.CLI.Administration\B2X.CLI.Administration.csproj]
C:\Users\Holge\repos\B2Connect\src\backend\Admin\CLI\B2X.CLI.Administration\Commands\DiscoveryCommands\DiscoverServicesCommand.cs(4,15): error CS0234: Der Typ- oder Namespacename "Shared" ist im Namespace "B2X.CLI" nicht vorhanden. (M├Âglicherweise fehlt ein Assemblyverweis.) [C:\Users\Holge\repos\B2Connect\src\backend\Admin\CLI\B2X.CLI.Administration\B2X.CLI.Administration.csproj]
C:\Users\Holge\repos\B2Connect\src\backend\Admin\CLI\B2X.CLI.Administration\Commands\HealthCommands\HealthCheckCommand.cs(2,15): error CS0234: Der Typ- oder Namespacename "Shared" ist im Namespace "B2X.CLI" nicht vorhanden. (M├Âglicherweise fehlt ein Assemblyverweis.) [C:\Users\Holge\repos\B2Connect\src\backend\Admin\CLI\B2X.CLI.Administration\B2X.CLI.Administration.csproj]
C:\Users\Holge\repos\B2Connect\src\backend\Admin\CLI\B2X.CLI.Administration\Commands\HealthCommands\HealthCheckCommand.cs(3,15): error CS0234: Der Typ- oder Namespacename "Shared" ist im Namespace "B2X.CLI" nicht vorhanden. (M├Âglicherweise fehlt ein Assemblyverweis.) [C:\Users\Holge\repos\B2Connect\src\backend\Admin\CLI\B2X.CLI.Administration\B2X.CLI.Administration.csproj]
C:\Users\Holge\repos\B2Connect\src\backend\Admin\CLI\B2X.CLI.Administration\Commands\MetricsCommands\BenchmarkCommand.cs(2,15): error CS0234: Der Typ- oder Namespacename "Shared" ist im Namespace "B2X.CLI" nicht vorhanden. (M├Âglicherweise fehlt ein Assemblyverweis.) [C:\Users\Holge\repos\B2Connect\src\backend\Admin\CLI\B2X.CLI.Administration\B2X.CLI.Administration.csproj]
C:\Users\Holge\repos\B2Connect\src\backend\Admin\CLI\B2X.CLI.Administration\Commands\MetricsCommands\BenchmarkCommand.cs(3,15): error CS0234: Der Typ- oder Namespacename "Shared" ist im Namespace "B2X.CLI" nicht vorhanden. (M├Âglicherweise fehlt ein Assemblyverweis.) [C:\Users\Holge\repos\B2Connect\src\backend\Admin\CLI\B2X.CLI.Administration\B2X.CLI.Administration.csproj]
C:\Users\Holge\repos\B2Connect\src\backend\Admin\CLI\B2X.CLI.Administration\Commands\MetricsCommands\BenchmarkCommand.cs(4,11): error CS0234: Der Typ- oder Namespacename "Shared" ist im Namespace "B2X" nicht vorhanden. (M├Âglicherweise fehlt ein Assemblyverweis.) [C:\Users\Holge\repos\B2Connect\src\backend\Admin\CLI\B2X.CLI.Administration\B2X.CLI.Administration.csproj]
C:\Users\Holge\repos\B2Connect\src\backend\Admin\CLI\B2X.CLI.Administration\Commands\MetricsCommands\BenchmarkCommand.cs(5,11): error CS0234: Der Typ- oder Namespacename "Shared" ist im Namespace "B2X" nicht vorhanden. (M├Âglicherweise fehlt ein Assemblyverweis.) [C:\Users\Holge\repos\B2Connect\src\backend\Admin\CLI\B2X.CLI.Administration\B2X.CLI.Administration.csproj]
C:\Users\Holge\repos\B2Connect\src\backend\Admin\CLI\B2X.CLI.Administration\Commands\MetricsCommands\BenchmarkCommand.cs(6,11): error CS0234: Der Typ- oder Namespacename "Shared" ist im Namespace "B2X" nicht vorhanden. (M├Âglicherweise fehlt ein Assemblyverweis.) [C:\Users\Holge\repos\B2Connect\src\backend\Admin\CLI\B2X.CLI.Administration\B2X.CLI.Administration.csproj]
C:\Users\Holge\repos\B2Connect\src\backend\Admin\CLI\B2X.CLI.Administration\Commands\MetricsCommands\MetricsAlertsCommand.cs(2,15): error CS0234: Der Typ- oder Namespacename "Shared" ist im Namespace "B2X.CLI" nicht vorhanden. (M├Âglicherweise fehlt ein Assemblyverweis.) [C:\Users\Holge\repos\B2Connect\src\backend\Admin\CLI\B2X.CLI.Administration\B2X.CLI.Administration.csproj]
C:\Users\Holge\repos\B2Connect\src\backend\Admin\CLI\B2X.CLI.Administration\Commands\MetricsCommands\MetricsAlertsCommand.cs(3,15): error CS0234: Der Typ- oder Namespacename "Shared" ist im Namespace "B2X.CLI" nicht vorhanden. (M├Âglicherweise fehlt ein Assemblyverweis.) [C:\Users\Holge\repos\B2Connect\src\backend\Admin\CLI\B2X.CLI.Administration\B2X.CLI.Administration.csproj]
C:\Users\Holge\repos\B2Connect\src\backend\Admin\CLI\B2X.CLI.Administration\Commands\MetricsCommands\MetricsConfigCommand.cs(2,15): error CS0234: Der Typ- oder Namespacename "Shared" ist im Namespace "B2X.CLI" nicht vorhanden. (M├Âglicherweise fehlt ein Assemblyverweis.) [C:\Users\Holge\repos\B2Connect\src\backend\Admin\CLI\B2X.CLI.Administration\B2X.CLI.Administration.csproj]
C:\Users\Holge\repos\B2Connect\src\backend\Admin\CLI\B2X.CLI.Administration\Commands\MetricsCommands\MetricsConfigCommand.cs(3,15): error CS0234: Der Typ- oder Namespacename "Shared" ist im Namespace "B2X.CLI" nicht vorhanden. (M├Âglicherweise fehlt ein Assemblyverweis.) [C:\Users\Holge\repos\B2Connect\src\backend\Admin\CLI\B2X.CLI.Administration\B2X.CLI.Administration.csproj]
C:\Users\Holge\repos\B2Connect\src\backend\Admin\CLI\B2X.CLI.Administration\Commands\MetricsCommands\MetricsViewCommand.cs(2,15): error CS0234: Der Typ- oder Namespacename "Shared" ist im Namespace "B2X.CLI" nicht vorhanden. (M├Âglicherweise fehlt ein Assemblyverweis.) [C:\Users\Holge\repos\B2Connect\src\backend\Admin\CLI\B2X.CLI.Administration\B2X.CLI.Administration.csproj]
C:\Users\Holge\repos\B2Connect\src\backend\Admin\CLI\B2X.CLI.Administration\Commands\MetricsCommands\MetricsViewCommand.cs(3,15): error CS0234: Der Typ- oder Namespacename "Shared" ist im Namespace "B2X.CLI" nicht vorhanden. (M├Âglicherweise fehlt ein Assemblyverweis.) [C:\Users\Holge\repos\B2Connect\src\backend\Admin\CLI\B2X.CLI.Administration\B2X.CLI.Administration.csproj]
C:\Users\Holge\repos\B2Connect\src\backend\Admin\CLI\B2X.CLI.Administration\Commands\MetricsCommands\MetricsViewCommand.cs(4,11): error CS0234: Der Typ- oder Namespacename "Shared" ist im Namespace "B2X" nicht vorhanden. (M├Âglicherweise fehlt ein Assemblyverweis.) [C:\Users\Holge\repos\B2Connect\src\backend\Admin\CLI\B2X.CLI.Administration\B2X.CLI.Administration.csproj]
C:\Users\Holge\repos\B2Connect\src\backend\Admin\CLI\B2X.CLI.Administration\Commands\MetricsCommands\MetricsViewCommand.cs(5,11): error CS0234: Der Typ- oder Namespacename "Shared" ist im Namespace "B2X" nicht vorhanden. (M├Âglicherweise fehlt ein Assemblyverweis.) [C:\Users\Holge\repos\B2Connect\src\backend\Admin\CLI\B2X.CLI.Administration\B2X.CLI.Administration.csproj]
C:\Users\Holge\repos\B2Connect\src\backend\Admin\CLI\B2X.CLI.Administration\Commands\MetricsCommands\MetricsViewCommand.cs(6,11): error CS0234: Der Typ- oder Namespacename "Shared" ist im Namespace "B2X" nicht vorhanden. (M├Âglicherweise fehlt ein Assemblyverweis.) [C:\Users\Holge\repos\B2Connect\src\backend\Admin\CLI\B2X.CLI.Administration\B2X.CLI.Administration.csproj]
C:\Users\Holge\repos\B2Connect\src\backend\Admin\CLI\B2X.CLI.Administration\Commands\TenantCommands\CreateTenantCommand.cs(2,15): error CS0234: Der Typ- oder Namespacename "Shared" ist im Namespace "B2X.CLI" nicht vorhanden. (M├Âglicherweise fehlt ein Assemblyverweis.) [C:\Users\Holge\repos\B2Connect\src\backend\Admin\CLI\B2X.CLI.Administration\B2X.CLI.Administration.csproj]
C:\Users\Holge\repos\B2Connect\src\backend\Admin\CLI\B2X.CLI.Administration\Commands\TenantCommands\CreateTenantCommand.cs(3,15): error CS0234: Der Typ- oder Namespacename "Shared" ist im Namespace "B2X.CLI" nicht vorhanden. (M├Âglicherweise fehlt ein Assemblyverweis.) [C:\Users\Holge\repos\B2Connect\src\backend\Admin\CLI\B2X.CLI.Administration\B2X.CLI.Administration.csproj]
C:\Users\Holge\repos\B2Connect\src\backend\Admin\CLI\B2X.CLI.Administration\Commands\TenantCommands\CreateTenantCommand.cs(4,15): error CS0234: Der Typ- oder Namespacename "Shared" ist im Namespace "B2X.CLI" nicht vorhanden. (M├Âglicherweise fehlt ein Assemblyverweis.) [C:\Users\Holge\repos\B2Connect\src\backend\Admin\CLI\B2X.CLI.Administration\B2X.CLI.Administration.csproj]
C:\Users\Holge\repos\B2Connect\src\backend\Admin\CLI\B2X.CLI.Administration\Program.cs(11,15): error CS0234: Der Typ- oder Namespacename "Shared" ist im Namespace "B2X.CLI" nicht vorhanden. (M├Âglicherweise fehlt ein Assemblyverweis.) [C:\Users\Holge\repos\B2Connect\src\backend\Admin\CLI\B2X.CLI.Administration\B2X.CLI.Administration.csproj]
C:\Users\Holge\repos\B2Connect\src\backend\Admin\CLI\B2X.CLI.Administration\Program.cs(12,15): error CS0234: Der Typ- oder Namespacename "Shared" ist im Namespace "B2X.CLI" nicht vorhanden. (M├Âglicherweise fehlt ein Assemblyverweis.) [C:\Users\Holge\repos\B2Connect\src\backend\Admin\CLI\B2X.CLI.Administration\B2X.CLI.Administration.csproj]
C:\Users\Holge\repos\B2Connect\src\backend\Admin\CLI\B2X.CLI.Administration\Program.cs(13,11): error CS0234: Der Typ- oder Namespacename "Api" ist im Namespace "B2X" nicht vorhanden. (M├Âglicherweise fehlt ein Assemblyverweis.) [C:\Users\Holge\repos\B2Connect\src\backend\Admin\CLI\B2X.CLI.Administration\B2X.CLI.Administration.csproj]
C:\Users\Holge\repos\B2Connect\src\backend\Admin\CLI\B2X.CLI.Administration\Program.cs(14,11): error CS0234: Der Typ- oder Namespacename "Api" ist im Namespace "B2X" nicht vorhanden. (M├Âglicherweise fehlt ein Assemblyverweis.) [C:\Users\Holge\repos\B2Connect\src\backend\Admin\CLI\B2X.CLI.Administration\B2X.CLI.Administration.csproj]
C:\Users\Holge\repos\B2Connect\src\backend\Admin\CLI\B2X.CLI.Administration\Commands\MetricsCommands\MetricsConfigCommand.cs(206,52): error CS0246: Der Typ- oder Namespacename "ConsoleOutputService" wurde nicht gefunden (m├Âglicherweise fehlt eine using-Direktive oder ein Assemblyverweis). [C:\Users\Holge\repos\B2Connect\src\backend\Admin\CLI\B2X.CLI.Administration\B2X.CLI.Administration.csproj]
C:\Users\Holge\repos\B2Connect\src\backend\Admin\CLI\B2X.CLI.Administration\Commands\MetricsCommands\MetricsViewCommand.cs(74,54): error CS0246: Der Typ- oder Namespacename "ConsoleOutputService" wurde nicht gefunden (m├Âglicherweise fehlt eine using-Direktive oder ein Assemblyverweis). [C:\Users\Holge\repos\B2Connect\src\backend\Admin\CLI\B2X.CLI.Administration\B2X.CLI.Administration.csproj]
C:\Users\Holge\repos\B2Connect\src\backend\Admin\CLI\B2X.CLI.Administration\Commands\MetricsCommands\BenchmarkCommand.cs(137,88): error CS0246: Der Typ- oder Namespacename "ServiceEndpoint" wurde nicht gefunden (m├Âglicherweise fehlt eine using-Direktive oder ein Assemblyverweis). [C:\Users\Holge\repos\B2Connect\src\backend\Admin\CLI\B2X.CLI.Administration\B2X.CLI.Administration.csproj]
C:\Users\Holge\repos\B2Connect\src\backend\Admin\CLI\B2X.CLI.Administration\Commands\HealthCommands\HealthCheckCommand.cs(101,69): error CS0246: Der Typ- oder Namespacename "ConfigurationService" wurde nicht gefunden (m├Âglicherweise fehlt eine using-Direktive oder ein Assemblyverweis). [C:\Users\Holge\repos\B2Connect\src\backend\Admin\CLI\B2X.CLI.Administration\B2X.CLI.Administration.csproj]
C:\Users\Holge\repos\B2Connect\src\backend\Admin\CLI\B2X.CLI.Administration\Commands\DiscoveryCommands\DiscoverServicesCommand.cs(97,76): error CS0246: Der Typ- oder Namespacename "ConfigurationService" wurde nicht gefunden (m├Âglicherweise fehlt eine using-Direktive oder ein Assemblyverweis). [C:\Users\Holge\repos\B2Connect\src\backend\Admin\CLI\B2X.CLI.Administration\B2X.CLI.Administration.csproj]
C:\Users\Holge\repos\B2Connect\src\backend\Admin\CLI\B2X.CLI.Administration\Commands\DiscoveryCommands\DiscoverServicesCommand.cs(97,122): error CS0246: Der Typ- oder Namespacename "ConsoleOutputService" wurde nicht gefunden (m├Âglicherweise fehlt eine using-Direktive oder ein Assemblyverweis). [C:\Users\Holge\repos\B2Connect\src\backend\Admin\CLI\B2X.CLI.Administration\B2X.CLI.Administration.csproj]
C:\Users\Holge\repos\B2Connect\src\backend\Admin\CLI\B2X.CLI.Administration\Commands\ConfigCommands\ConfigListCommand.cs(70,9): error CS0246: Der Typ- oder Namespacename "ConfigurationService" wurde nicht gefunden (m├Âglicherweise fehlt eine using-Direktive oder ein Assemblyverweis). [C:\Users\Holge\repos\B2Connect\src\backend\Admin\CLI\B2X.CLI.Administration\B2X.CLI.Administration.csproj]
C:\Users\Holge\repos\B2Connect\src\backend\Admin\CLI\B2X.CLI.Administration\Commands\MetricsCommands\MetricsViewCommand.cs(127,49): error CS0246: Der Typ- oder Namespacename "ConsoleOutputService" wurde nicht gefunden (m├Âglicherweise fehlt eine using-Direktive oder ein Assemblyverweis). [C:\Users\Holge\repos\B2Connect\src\backend\Admin\CLI\B2X.CLI.Administration\B2X.CLI.Administration.csproj]
C:\Users\Holge\repos\B2Connect\src\backend\Admin\CLI\B2X.CLI.Administration\Commands\HealthCommands\HealthCheckCommand.cs(163,70): error CS0246: Der Typ- oder Namespacename "ConfigurationService" wurde nicht gefunden (m├Âglicherweise fehlt eine using-Direktive oder ein Assemblyverweis). [C:\Users\Holge\repos\B2Connect\src\backend\Admin\CLI\B2X.CLI.Administration\B2X.CLI.Administration.csproj]
C:\Users\Holge\repos\B2Connect\src\backend\Admin\CLI\B2X.CLI.Administration\Commands\MetricsCommands\BenchmarkCommand.cs(234,48): error CS0246: Der Typ- oder Namespacename "ConsoleOutputService" wurde nicht gefunden (m├Âglicherweise fehlt eine using-Direktive oder ein Assemblyverweis). [C:\Users\Holge\repos\B2Connect\src\backend\Admin\CLI\B2X.CLI.Administration\B2X.CLI.Administration.csproj]
C:\Users\Holge\repos\B2Connect\src\backend\Admin\CLI\B2X.CLI.Administration\Commands\HealthCommands\HealthCheckCommand.cs(179,75): error CS0246: Der Typ- oder Namespacename "ConfigurationService" wurde nicht gefunden (m├Âglicherweise fehlt eine using-Direktive oder ein Assemblyverweis). [C:\Users\Holge\repos\B2Connect\src\backend\Admin\CLI\B2X.CLI.Administration\B2X.CLI.Administration.csproj]
C:\Users\Holge\repos\B2Connect\src\backend\Admin\CLI\B2X.CLI.Administration\Commands\MetricsCommands\BenchmarkCommand.cs(262,49): error CS0246: Der Typ- oder Namespacename "ConsoleOutputService" wurde nicht gefunden (m├Âglicherweise fehlt eine using-Direktive oder ein Assemblyverweis). [C:\Users\Holge\repos\B2Connect\src\backend\Admin\CLI\B2X.CLI.Administration\B2X.CLI.Administration.csproj]
C:\Users\Holge\repos\B2Connect\src\backend\Admin\CLI\B2X.CLI.Administration\Commands\MetricsCommands\MetricsViewCommand.cs(157,9): error CS0246: Der Typ- oder Namespacename "MonitoringServiceClient" wurde nicht gefunden (m├Âglicherweise fehlt eine using-Direktive oder ein Assemblyverweis). [C:\Users\Holge\repos\B2Connect\src\backend\Admin\CLI\B2X.CLI.Administration\B2X.CLI.Administration.csproj]
C:\Users\Holge\repos\B2Connect\src\backend\Admin\CLI\B2X.CLI.Administration\Commands\MetricsCommands\MetricsViewCommand.cs(156,43): error CS0246: Der Typ- oder Namespacename "ConnectedService" wurde nicht gefunden (m├Âglicherweise fehlt eine using-Direktive oder ein Assemblyverweis). [C:\Users\Holge\repos\B2Connect\src\backend\Admin\CLI\B2X.CLI.Administration\B2X.CLI.Administration.csproj]
C:\Users\Holge\repos\B2Connect\src\backend\Admin\CLI\B2X.CLI.Administration\Commands\MetricsCommands\MetricsViewCommand.cs(194,9): error CS0246: Der Typ- oder Namespacename "MonitoringServiceClient" wurde nicht gefunden (m├Âglicherweise fehlt eine using-Direktive oder ein Assemblyverweis). [C:\Users\Holge\repos\B2Connect\src\backend\Admin\CLI\B2X.CLI.Administration\B2X.CLI.Administration.csproj]
C:\Users\Holge\repos\B2Connect\src\backend\Admin\CLI\B2X.CLI.Administration\Commands\MetricsCommands\MetricsViewCommand.cs(194,51): error CS0246: Der Typ- oder Namespacename "ConnectedService" wurde nicht gefunden (m├Âglicherweise fehlt eine using-Direktive oder ein Assemblyverweis). [C:\Users\Holge\repos\B2Connect\src\backend\Admin\CLI\B2X.CLI.Administration\B2X.CLI.Administration.csproj]
C:\Users\Holge\repos\B2Connect\src\backend\Admin\CLI\B2X.CLI.Administration\Commands\MetricsCommands\MetricsViewCommand.cs(223,45): error CS0246: Der Typ- oder Namespacename "ConsoleOutputService" wurde nicht gefunden (m├Âglicherweise fehlt eine using-Direktive oder ein Assemblyverweis). [C:\Users\Holge\repos\B2Connect\src\backend\Admin\CLI\B2X.CLI.Administration\B2X.CLI.Administration.csproj]
C:\Users\Holge\repos\B2Connect\src\backend\Admin\CLI\B2X.CLI.Administration\Commands\MetricsCommands\MetricsViewCommand.cs(255,44): error CS0246: Der Typ- oder Namespacename "ConsoleOutputService" wurde nicht gefunden (m├Âglicherweise fehlt eine using-Direktive oder ein Assemblyverweis). [C:\Users\Holge\repos\B2Connect\src\backend\Admin\CLI\B2X.CLI.Administration\B2X.CLI.Administration.csproj]
C:\Users\Holge\repos\B2Connect\src\backend\Admin\CLI\B2X.CLI.Administration\Commands\MetricsCommands\MetricsViewCommand.cs(274,43): error CS0246: Der Typ- oder Namespacename "ConsoleOutputService" wurde nicht gefunden (m├Âglicherweise fehlt eine using-Direktive oder ein Assemblyverweis). [C:\Users\Holge\repos\B2Connect\src\backend\Admin\CLI\B2X.CLI.Administration\B2X.CLI.Administration.csproj]
C:\Users\Holge\repos\B2Connect\src\backend\Admin\CLI\B2X.CLI.Administration\Commands\MetricsCommands\MetricsViewCommand.cs(291,21): error CS0246: Der Typ- oder Namespacename "ConnectedService" wurde nicht gefunden (m├Âglicherweise fehlt eine using-Direktive oder ein Assemblyverweis). [C:\Users\Holge\repos\B2Connect\src\backend\Admin\CLI\B2X.CLI.Administration\B2X.CLI.Administration.csproj]
C:\Users\Holge\repos\B2Connect\src\backend\Admin\CLI\B2X.CLI.Administration\Commands\MetricsCommands\MetricsViewCommand.cs(292,12): error CS0246: Der Typ- oder Namespacename "ServiceTestResult" wurde nicht gefunden (m├Âglicherweise fehlt eine using-Direktive oder ein Assemblyverweis). [C:\Users\Holge\repos\B2Connect\src\backend\Admin\CLI\B2X.CLI.Administration\B2X.CLI.Administration.csproj]
C:\Users\Holge\repos\B2Connect\src\backend\Admin\Gateway\B2X.Admin.csproj : warning NU1507: Es sind 3 Paketquellen in Ihrer Konfiguration definiert. Wenn Sie die zentrale Paketverwaltung verwenden, ordnen Sie Ihre Paketquellen mit der Paketquellenzuordnung (https://aka.ms/nuget-package-source-mapping) zu oder geben Sie eine einzelne Paketquelle an. Die folgenden Quellen sind definiert: nuget.org, dotnet-daily, aspire-daily
C:\Users\Holge\repos\B2Connect\src\backend\Infrastructure\Hosting\ServiceDefaults\B2X.ServiceDefaults.csproj : warning NU1507: There are 3 package sources defined in your configuration. When using central package management, please map your package sources with package source mapping (https://aka.ms/nuget-package-source-mapping) or specify a single package source. The following sources are defined: nuget.org, dotnet-daily, aspire-daily
  B2X.ServiceDefaults -> C:\Users\Holge\repos\B2Connect\src\backend\Infrastructure\Hosting\ServiceDefaults\bin\Debug\net10.0\B2X.ServiceDefaults.dll
c:\Users\Holge\repos\B2Connect\src\backend\Shared\Infrastructure\Messaging\B2X.Shared.Messaging.csproj : warning NU1507: Es sind 3 Paketquellen in Ihrer Konfiguration definiert. Wenn Sie die zentrale Paketverwaltung verwenden, ordnen Sie Ihre Paketquellen mit der Paketquellenzuordnung (https://aka.ms/nuget-package-source-mapping) zu oder geben Sie eine einzelne Paketquelle an. Die folgenden Quellen sind definiert: nuget.org, dotnet-daily, aspire-daily
C:\Users\Holge\repos\B2Connect\src\backend\Shared\Domain\B2X.Shared.Kernel\B2X.Shared.Kernel.csproj : warning NU1507: Es sind 3 Paketquellen in Ihrer Konfiguration definiert. Wenn Sie die zentrale Paketverwaltung verwenden, ordnen Sie Ihre Paketquellen mit der Paketquellenzuordnung (https://aka.ms/nuget-package-source-mapping) zu oder geben Sie eine einzelne Paketquelle an. Die folgenden Quellen sind definiert: nuget.org, dotnet-daily, aspire-daily
  B2X.Shared.Kernel -> C:\Users\Holge\repos\B2Connect\src\backend\Shared\Domain\B2X.Shared.Kernel\bin\Debug\net10.0\B2X.Shared.Kernel.dll
C:\Users\Holge\repos\B2Connect\src\backend\Admin\Domain\Legal\src\Core\GlobalComplianceService.cs(5,11): error CS0234: Der Typ- oder Namespacename "Shared" ist im Namespace "B2X" nicht vorhanden. (M├Âglicherweise fehlt ein Assemblyverweis.) [C:\Users\Holge\repos\B2Connect\src\backend\Admin\Domain\Legal\B2X.Legal.API.csproj]
C:\Users\Holge\repos\B2Connect\src\backend\Infrastructure\Connectors\B2X.Connectors.csproj : warning NU1507: Es sind 3 Paketquellen in Ihrer Konfiguration definiert. Wenn Sie die zentrale Paketverwaltung verwenden, ordnen Sie Ihre Paketquellen mit der Paketquellenzuordnung (https://aka.ms/nuget-package-source-mapping) zu oder geben Sie eine einzelne Paketquelle an. Die folgenden Quellen sind definiert: nuget.org, dotnet-daily, aspire-daily
C:\Users\Holge\repos\B2Connect\src\backend\Shared\Domain\Shared\B2X.Api.Validation\B2X.Api.Validation.csproj : warning NU1507: There are 3 package sources defined in your configuration. When using central package management, please map your package sources with package source mapping (https://aka.ms/nuget-package-source-mapping) or specify a single package source. The following sources are defined: nuget.org, dotnet-daily, aspire-daily
  B2X.Api.Validation -> C:\Users\Holge\repos\B2Connect\src\backend\Shared\Domain\Shared\B2X.Api.Validation\bin\Debug\net10.0\B2X.Api.Validation.dll
  B2X.Shared.Erp.Core -> C:\Users\Holge\repos\B2Connect\src\shared\B2X.Shared.Erp.Core\bin\Debug\net10.0\B2X.Shared.Erp.Core.dll
  B2X.Shared.Erp.Validation -> C:\Users\Holge\repos\B2Connect\src\shared\B2X.Shared.Erp.Validation\bin\Debug\net10.0\B2X.Shared.Erp.Validation.dll
  B2X.Connectors -> C:\Users\Holge\repos\B2Connect\src\backend\Infrastructure\Connectors\bin\Debug\net10.0\B2X.Connectors.dll
C:\Users\Holge\repos\B2Connect\src\backend\Infrastructure\Hosting\AppHost\B2X.AppHost.csproj : warning NU1507: Es sind 3 Paketquellen in Ihrer Konfiguration definiert. Wenn Sie die zentrale Paketverwaltung verwenden, ordnen Sie Ihre Paketquellen mit der Paketquellenzuordnung (https://aka.ms/nuget-package-source-mapping) zu oder geben Sie eine einzelne Paketquelle an. Die folgenden Quellen sind definiert: nuget.org, dotnet-daily, aspire-daily
C:\Users\Holge\repos\B2Connect\src\backend\Store\API\B2X.Store.csproj : warning NU1507: Es sind 3 Paketquellen in Ihrer Konfiguration definiert. Wenn Sie die zentrale Paketverwaltung verwenden, ordnen Sie Ihre Paketquellen mit der Paketquellenzuordnung (https://aka.ms/nuget-package-source-mapping) zu oder geben Sie eine einzelne Paketquelle an. Die folgenden Quellen sind definiert: nuget.org, dotnet-daily, aspire-daily
C:\Users\Holge\repos\B2Connect\src\backend\Shared\Domain\B2X.Utils\B2X.Utils.csproj : warning NU1507: Es sind 3 Paketquellen in Ihrer Konfiguration definiert. Wenn Sie die zentrale Paketverwaltung verwenden, ordnen Sie Ihre Paketquellen mit der Paketquellenzuordnung (https://aka.ms/nuget-package-source-mapping) zu oder geben Sie eine einzelne Paketquelle an. Die folgenden Quellen sind definiert: nuget.org, dotnet-daily, aspire-daily
C:\Users\Holge\repos\B2Connect\src\backend\Shared\Infrastructure\middleware\B2X.Shared.Middleware.csproj : warning NU1507: Es sind 3 Paketquellen in Ihrer Konfiguration definiert. Wenn Sie die zentrale Paketverwaltung verwenden, ordnen Sie Ihre Paketquellen mit der Paketquellenzuordnung (https://aka.ms/nuget-package-source-mapping) zu oder geben Sie eine einzelne Paketquelle an. Die folgenden Quellen sind definiert: nuget.org, dotnet-daily, aspire-daily
C:\Users\Holge\repos\B2Connect\src\backend\Shared\Domain\Tenancy\B2X.Tenancy.API.csproj : warning NU1507: Es sind 3 Paketquellen in Ihrer Konfiguration definiert. Wenn Sie die zentrale Paketverwaltung verwenden, ordnen Sie Ihre Paketquellen mit der Paketquellenzuordnung (https://aka.ms/nuget-package-source-mapping) zu oder geben Sie eine einzelne Paketquelle an. Die folgenden Quellen sind definiert: nuget.org, dotnet-daily, aspire-daily
C:\Users\Holge\repos\B2Connect\src\backend\Shared\Domain\Identity\B2X.Identity.API.csproj : warning NU1507: Es sind 3 Paketquellen in Ihrer Konfiguration definiert. Wenn Sie die zentrale Paketverwaltung verwenden, ordnen Sie Ihre Paketquellen mit der Paketquellenzuordnung (https://aka.ms/nuget-package-source-mapping) zu oder geben Sie eine einzelne Paketquelle an. Die folgenden Quellen sind definiert: nuget.org, dotnet-daily, aspire-daily
C:\Users\Holge\repos\B2Connect\src\backend\Management\Domain\B2X.CMS.csproj : warning NU1507: Es sind 3 Paketquellen in Ihrer Konfiguration definiert. Wenn Sie die zentrale Paketverwaltung verwenden, ordnen Sie Ihre Paketquellen mit der Paketquellenzuordnung (https://aka.ms/nuget-package-source-mapping) zu oder geben Sie eine einzelne Paketquelle an. Die folgenden Quellen sind definiert: nuget.org, dotnet-daily, aspire-daily
C:\Users\Holge\repos\B2Connect\src\backend\Management\Domain\B2X.Email.csproj : warning NU1507: Es sind 3 Paketquellen in Ihrer Konfiguration definiert. Wenn Sie die zentrale Paketverwaltung verwenden, ordnen Sie Ihre Paketquellen mit der Paketquellenzuordnung (https://aka.ms/nuget-package-source-mapping) zu oder geben Sie eine einzelne Paketquelle an. Die folgenden Quellen sind definiert: nuget.org, dotnet-daily, aspire-daily
C:\Users\Holge\repos\B2Connect\src\backend\Shared\Domain\ERP\Abstractions\B2X.ERP.Abstractions.csproj : warning NU1507: There are 3 package sources defined in your configuration. When using central package management, please map your package sources with package source mapping (https://aka.ms/nuget-package-source-mapping) or specify a single package source. The following sources are defined: nuget.org, dotnet-daily, aspire-daily
  B2X.ERP.Abstractions -> C:\Users\Holge\repos\B2Connect\src\backend\Shared\Domain\ERP\Abstractions\bin\Debug\net10.0\B2X.ERP.Abstractions.dll
C:\Users\Holge\repos\B2Connect\src\backend\Shared\Domain\ERP\src\B2X.ERP.csproj : warning NU1507: There are 3 package sources defined in your configuration. When using central package management, please map your package sources with package source mapping (https://aka.ms/nuget-package-source-mapping) or specify a single package source. The following sources are defined: nuget.org, dotnet-daily, aspire-daily
  B2X.ERP -> C:\Users\Holge\repos\B2Connect\src\backend\Shared\Domain\ERP\src\bin\Debug\net10.0\B2X.ERP.dll
C:\Users\Holge\repos\B2Connect\src\backend\Shared\Domain\Localization\B2X.Localization.API.csproj : warning NU1507: Es sind 3 Paketquellen in Ihrer Konfiguration definiert. Wenn Sie die zentrale Paketverwaltung verwenden, ordnen Sie Ihre Paketquellen mit der Paketquellenzuordnung (https://aka.ms/nuget-package-source-mapping) zu oder geben Sie eine einzelne Paketquelle an. Die folgenden Quellen sind definiert: nuget.org, dotnet-daily, aspire-daily
C:\Users\Holge\repos\B2Connect\src\backend\Shared\Domain\PatternAnalysis\B2X.PatternAnalysis.csproj : warning NU1507: Es sind 3 Paketquellen in Ihrer Konfiguration definiert. Wenn Sie die zentrale Paketverwaltung verwenden, ordnen Sie Ihre Paketquellen mit der Paketquellenzuordnung (https://aka.ms/nuget-package-source-mapping) zu oder geben Sie eine einzelne Paketquelle an. Die folgenden Quellen sind definiert: nuget.org, dotnet-daily, aspire-daily
C:\Users\Holge\repos\B2Connect\src\backend\Shared\Domain\SmartDataIntegration\API\B2X.SmartDataIntegration.API.csproj : warning NU1507: Es sind 3 Paketquellen in Ihrer Konfiguration definiert. Wenn Sie die zentrale Paketverwaltung verwenden, ordnen Sie Ihre Paketquellen mit der Paketquellenzuordnung (https://aka.ms/nuget-package-source-mapping) zu oder geben Sie eine einzelne Paketquelle an. Die folgenden Quellen sind definiert: nuget.org, dotnet-daily, aspire-daily
C:\Users\Holge\repos\B2Connect\src\backend\Shared\Domain\SmartDataIntegration\src\B2X.SmartDataIntegration.csproj : warning NU1507: Es sind 3 Paketquellen in Ihrer Konfiguration definiert. Wenn Sie die zentrale Paketverwaltung verwenden, ordnen Sie Ihre Paketquellen mit der Paketquellenzuordnung (https://aka.ms/nuget-package-source-mapping) zu oder geben Sie eine einzelne Paketquelle an. Die folgenden Quellen sind definiert: nuget.org, dotnet-daily, aspire-daily
C:\Users\Holge\repos\B2Connect\src\backend\Shared\Domain\Theming\B2X.Theming.API.csproj : warning NU1507: Es sind 3 Paketquellen in Ihrer Konfiguration definiert. Wenn Sie die zentrale Paketverwaltung verwenden, ordnen Sie Ihre Paketquellen mit der Paketquellenzuordnung (https://aka.ms/nuget-package-source-mapping) zu oder geben Sie eine einzelne Paketquelle an. Die folgenden Quellen sind definiert: nuget.org, dotnet-daily, aspire-daily
C:\Users\Holge\repos\B2Connect\src\backend\Shared\Domain\Theming\Layout\B2X.Theming.Layout.csproj : warning NU1507: Es sind 3 Paketquellen in Ihrer Konfiguration definiert. Wenn Sie die zentrale Paketverwaltung verwenden, ordnen Sie Ihre Paketquellen mit der Paketquellenzuordnung (https://aka.ms/nuget-package-source-mapping) zu oder geben Sie eine einzelne Paketquelle an. Die folgenden Quellen sind definiert: nuget.org, dotnet-daily, aspire-daily
C:\Users\Holge\repos\B2Connect\src\backend\Shared\Infrastructure\Monitoring\B2X.Shared.Monitoring.csproj : warning NU1507: Es sind 3 Paketquellen in Ihrer Konfiguration definiert. Wenn Sie die zentrale Paketverwaltung verwenden, ordnen Sie Ihre Paketquellen mit der Paketquellenzuordnung (https://aka.ms/nuget-package-source-mapping) zu oder geben Sie eine einzelne Paketquelle an. Die folgenden Quellen sind definiert: nuget.org, dotnet-daily, aspire-daily
C:\Users\Holge\repos\B2Connect\src\backend\Shared\Infrastructure\Search\B2X.Shared.Search.csproj : warning NU1507: Es sind 3 Paketquellen in Ihrer Konfiguration definiert. Wenn Sie die zentrale Paketverwaltung verwenden, ordnen Sie Ihre Paketquellen mit der Paketquellenzuordnung (https://aka.ms/nuget-package-source-mapping) zu oder geben Sie eine einzelne Paketquelle an. Die folgenden Quellen sind definiert: nuget.org, dotnet-daily, aspire-daily
C:\Users\Holge\repos\B2Connect\src\backend\Store\Domain\Catalog\B2X.Catalog.API.csproj : warning NU1507: Es sind 3 Paketquellen in Ihrer Konfiguration definiert. Wenn Sie die zentrale Paketverwaltung verwenden, ordnen Sie Ihre Paketquellen mit der Paketquellenzuordnung (https://aka.ms/nuget-package-source-mapping) zu oder geben Sie eine einzelne Paketquelle an. Die folgenden Quellen sind definiert: nuget.org, dotnet-daily, aspire-daily
C:\Users\Holge\repos\B2Connect\src\backend\Store\Domain\Search\B2X.Domain.Search.csproj : warning NU1507: There are 3 package sources defined in your configuration. When using central package management, please map your package sources with package source mapping (https://aka.ms/nuget-package-source-mapping) or specify a single package source. The following sources are defined: nuget.org, dotnet-daily, aspire-daily
  B2X.Domain.Search -> C:\Users\Holge\repos\B2Connect\src\backend\Store\Domain\Search\bin\Debug\net10.0\B2X.Domain.Search.dll
C:\Users\Holge\repos\B2Connect\src\Store\Backend\Customer\B2X.Customer.API.csproj : warning NU1507: Es sind 3 Paketquellen in Ihrer Konfiguration definiert. Wenn Sie die zentrale Paketverwaltung verwenden, ordnen Sie Ihre Paketquellen mit der Paketquellenzuordnung (https://aka.ms/nuget-package-source-mapping) zu oder geben Sie eine einzelne Paketquelle an. Die folgenden Quellen sind definiert: nuget.org, dotnet-daily, aspire-daily
C:\Users\Holge\repos\B2Connect\src\Store\Backend\Orders\B2X.Orders.API.csproj : warning NU1507: Es sind 3 Paketquellen in Ihrer Konfiguration definiert. Wenn Sie die zentrale Paketverwaltung verwenden, ordnen Sie Ihre Paketquellen mit der Paketquellenzuordnung (https://aka.ms/nuget-package-source-mapping) zu oder geben Sie eine einzelne Paketquelle an. Die folgenden Quellen sind definiert: nuget.org, dotnet-daily, aspire-daily
C:\Users\Holge\repos\B2Connect\src\Store\Backend\Catalog\B2X.Catalog.API.csproj : warning NU1507: Es sind 3 Paketquellen in Ihrer Konfiguration definiert. Wenn Sie die zentrale Paketverwaltung verwenden, ordnen Sie Ihre Paketquellen mit der Paketquellenzuordnung (https://aka.ms/nuget-package-source-mapping) zu oder geben Sie eine einzelne Paketquelle an. Die folgenden Quellen sind definiert: nuget.org, dotnet-daily, aspire-daily
C:\Users\Holge\repos\B2Connect\src\tests\Admin\Backend\Compliance\tests\B2X.Compliance.Tests.csproj : warning NU1507: There are 3 package sources defined in your configuration. When using central package management, please map your package sources with package source mapping (https://aka.ms/nuget-package-source-mapping) or specify a single package source. The following sources are defined: nuget.org, dotnet-daily, aspire-daily
C:\Users\Holge\repos\B2Connect\src\backend\Admin\Domain\Compliance\B2X.Compliance.API.csproj : warning NU1507: Es sind 3 Paketquellen in Ihrer Konfiguration definiert. Wenn Sie die zentrale Paketverwaltung verwenden, ordnen Sie Ihre Paketquellen mit der Paketquellenzuordnung (https://aka.ms/nuget-package-source-mapping) zu oder geben Sie eine einzelne Paketquelle an. Die folgenden Quellen sind definiert: nuget.org, dotnet-daily, aspire-daily
C:\Program Files\dotnet\sdk\10.0.101\Microsoft.Common.CurrentVersion.targets(2189,5): warning MSB9008: Das referenzierte Projekt ../../../../../Infrastructure/Hosting/ServiceDefaults/B2X.ServiceDefaults.csproj ist nicht vorhanden. [C:\Users\Holge\repos\B2Connect\src\backend\Admin\Domain\Compliance\B2X.Compliance.API.csproj]
  B2X.Compliance.API -> C:\Users\Holge\repos\B2Connect\src\backend\Admin\Domain\Compliance\bin\Debug\net10.0\B2X.Compliance.API.dll
  B2X.Compliance.Tests -> C:\Users\Holge\repos\B2Connect\src\tests\Admin\Backend\Compliance\tests\bin\Debug\net10.0\B2X.Compliance.Tests.dll
C:\Users\Holge\repos\B2Connect\src\tests\Admin\Backend\Legal\tests\B2X.Legal.Tests.csproj : warning NU1507: There are 3 package sources defined in your configuration. When using central package management, please map your package sources with package source mapping (https://aka.ms/nuget-package-source-mapping) or specify a single package source. The following sources are defined: nuget.org, dotnet-daily, aspire-daily
C:\Program Files\dotnet\sdk\10.0.101\Microsoft.Common.CurrentVersion.targets(2189,5): warning MSB9008: Das referenzierte Projekt ../../../../backend/Admin/Domain/Legal/B2X.Legal.API.csproj ist nicht vorhanden. [C:\Users\Holge\repos\B2Connect\src\tests\Admin\Backend\Legal\tests\B2X.Legal.Tests.csproj]
  B2X.Legal.Tests -> C:\Users\Holge\repos\B2Connect\src\tests\Admin\Backend\Legal\tests\bin\Debug\net10.0\B2X.Legal.Tests.dll
C:\Users\Holge\repos\B2Connect\src\tests\BoundedContexts\Admin\MCP\B2X.Admin.MCP.Tests\B2X.Admin.MCP.Tests.csproj : warning NU1507: Es sind 3 Paketquellen in Ihrer Konfiguration definiert. Wenn Sie die zentrale Paketverwaltung verwenden, ordnen Sie Ihre Paketquellen mit der Paketquellenzuordnung (https://aka.ms/nuget-package-source-mapping) zu oder geben Sie eine einzelne Paketquelle an. Die folgenden Quellen sind definiert: nuget.org, dotnet-daily, aspire-daily
C:\Users\Holge\repos\B2Connect\src\tests\Hosting\AppHost.Tests\B2X.AppHost.Tests.csproj : warning NU1507: Es sind 3 Paketquellen in Ihrer Konfiguration definiert. Wenn Sie die zentrale Paketverwaltung verwenden, ordnen Sie Ihre Paketquellen mit der Paketquellenzuordnung (https://aka.ms/nuget-package-source-mapping) zu oder geben Sie eine einzelne Paketquelle an. Die folgenden Quellen sind definiert: nuget.org, dotnet-daily, aspire-daily
  B2X.Shared.Messaging -> c:\Users\Holge\repos\B2Connect\src\backend\Shared\Infrastructure\Messaging\bin\Debug\net10.0\B2X.Shared.Messaging.dll
c:\Users\Holge\repos\B2Connect\src\backend\Store\Domain\Categories\B2X.Categories.csproj : warning NU1507: Es sind 3 Paketquellen in Ihrer Konfiguration definiert. Wenn Sie die zentrale Paketverwaltung verwenden, ordnen Sie Ihre Paketquellen mit der Paketquellenzuordnung (https://aka.ms/nuget-package-source-mapping) zu oder geben Sie eine einzelne Paketquelle an. Die folgenden Quellen sind definiert: nuget.org, dotnet-daily, aspire-daily
C:\Users\Holge\repos\B2Connect\src\tests\Management\CMS\B2X.CMS.Tests.csproj : warning NU1507: Es sind 3 Paketquellen in Ihrer Konfiguration definiert. Wenn Sie die zentrale Paketverwaltung verwenden, ordnen Sie Ihre Paketquellen mit der Paketquellenzuordnung (https://aka.ms/nuget-package-source-mapping) zu oder geben Sie eine einzelne Paketquelle an. Die folgenden Quellen sind definiert: nuget.org, dotnet-daily, aspire-daily
C:\Users\Holge\repos\B2Connect\src\backend\Shared\Domain\B2X.Shared.Core\B2X.Shared.Core.csproj : warning NU1507: Es sind 3 Paketquellen in Ihrer Konfiguration definiert. Wenn Sie die zentrale Paketverwaltung verwenden, ordnen Sie Ihre Paketquellen mit der Paketquellenzuordnung (https://aka.ms/nuget-package-source-mapping) zu oder geben Sie eine einzelne Paketquelle an. Die folgenden Quellen sind definiert: nuget.org, dotnet-daily, aspire-daily
C:\Users\Holge\repos\B2Connect\src\backend\Shared\Domain\B2X.Types\B2X.Types.csproj : warning NU1507: Es sind 3 Paketquellen in Ihrer Konfiguration definiert. Wenn Sie die zentrale Paketverwaltung verwenden, ordnen Sie Ihre Paketquellen mit der Paketquellenzuordnung (https://aka.ms/nuget-package-source-mapping) zu oder geben Sie eine einzelne Paketquelle an. Die folgenden Quellen sind definiert: nuget.org, dotnet-daily, aspire-daily
C:\Users\Holge\repos\B2Connect\src\tests\Management\Email\B2X.Email.Tests.csproj : warning NU1507: Es sind 3 Paketquellen in Ihrer Konfiguration definiert. Wenn Sie die zentrale Paketverwaltung verwenden, ordnen Sie Ihre Paketquellen mit der Paketquellenzuordnung (https://aka.ms/nuget-package-source-mapping) zu oder geben Sie eine einzelne Paketquelle an. Die folgenden Quellen sind definiert: nuget.org, dotnet-daily, aspire-daily
C:\Users\Holge\repos\B2Connect\src\tests\Services\PunchoutAdapters\IdsConnect\tests\B2X.IdsConnectAdapter.Tests.csproj : warning NU1507: There are 3 package sources defined in your configuration. When using central package management, please map your package sources with package source mapping (https://aka.ms/nuget-package-source-mapping) or specify a single package source. The following sources are defined: nuget.org, dotnet-daily, aspire-daily
C:\Program Files\dotnet\sdk\10.0.101\Microsoft.Common.CurrentVersion.targets(2189,5): warning MSB9008: Das referenzierte Projekt ../../../../../../../backend/Shared/Infrastructure/B2X.Shared.Infrastructure.csproj ist nicht vorhanden. [C:\Users\Holge\repos\B2Connect\src\tests\Services\PunchoutAdapters\IdsConnect\tests\B2X.IdsConnectAdapter.Tests.csproj]
  B2X.Types -> C:\Users\Holge\repos\B2Connect\src\backend\Shared\Domain\B2X.Types\bin\Debug\net10.0\B2X.Types.dll
  B2X.Shared.Core -> C:\Users\Holge\repos\B2Connect\src\backend\Shared\Domain\B2X.Shared.Core\bin\Debug\net10.0\B2X.Shared.Core.dll
C:\Users\Holge\repos\B2Connect\src\backend\Shared\Infrastructure\B2X.Shared.Infrastructure\B2X.Shared.Infrastructure.csproj : warning NU1507: Es sind 3 Paketquellen in Ihrer Konfiguration definiert. Wenn Sie die zentrale Paketverwaltung verwenden, ordnen Sie Ihre Paketquellen mit der Paketquellenzuordnung (https://aka.ms/nuget-package-source-mapping) zu oder geben Sie eine einzelne Paketquelle an. Die folgenden Quellen sind definiert: nuget.org, dotnet-daily, aspire-daily
  B2X.Shared.Infrastructure -> C:\Users\Holge\repos\B2Connect\src\backend\Shared\Infrastructure\B2X.Shared.Infrastructure\bin\Debug\net10.0\B2X.Shared.Infrastructure.dll
C:\Users\Holge\repos\B2Connect\src\tests\Services\PunchoutAdapters\IdsConnect\tests\Middleware\IdsConnectMiddlewareTests.cs(5,29): error CS0234: Der Typ- oder Namespacename "Middleware" ist im Namespace "B2X.IdsConnectAdapter" nicht vorhanden. (M├Âglicherweise fehlt ein Assemblyverweis.) [C:\Users\Holge\repos\B2Connect\src\tests\Services\PunchoutAdapters\IdsConnect\tests\B2X.IdsConnectAdapter.Tests.csproj]
C:\Program Files\dotnet\sdk\10.0.101\Microsoft.Common.CurrentVersion.targets(2189,5): warning MSB9008: Das referenzierte Projekt ../Domain/Tenancy/B2X.Tenancy.API.csproj ist nicht vorhanden. [C:\Users\Holge\repos\B2Connect\src\backend\Shared\Infrastructure\Monitoring\B2X.Shared.Monitoring.csproj]
C:\Program Files\dotnet\sdk\10.0.101\Microsoft.Common.CurrentVersion.targets(2189,5): warning MSB9008: Das referenzierte Projekt ../../../../backend/shared/Domain/B2X.Shared.Core/B2X.Shared.Core.csproj ist nicht vorhanden. [C:\Users\Holge\repos\B2Connect\src\Store\Backend\Catalog\B2X.Catalog.API.csproj]
C:\Program Files\dotnet\sdk\10.0.101\Microsoft.Common.CurrentVersion.targets(2189,5): warning MSB9008: Das referenzierte Projekt ../../../../backend/Shared/Domain/B2X.Shared.Core/B2X.Shared.Core.csproj ist nicht vorhanden. [C:\Users\Holge\repos\B2Connect\src\backend\Shared\Domain\Theming\Layout\B2X.Theming.Layout.csproj]
C:\Users\Holge\repos\B2Connect\src\tests\Shared\B2X.Gateway.Integration.Tests\B2X.Gateway.Integration.Tests.csproj : warning NU1507: There are 3 package sources defined in your configuration. When using central package management, please map your package sources with package source mapping (https://aka.ms/nuget-package-source-mapping) or specify a single package source. The following sources are defined: nuget.org, dotnet-daily, aspire-daily
C:\Program Files\dotnet\sdk\10.0.101\Microsoft.Common.CurrentVersion.targets(2189,5): warning MSB9008: Das referenzierte Projekt ../../../../backend/Store/API/B2X.Store.csproj ist nicht vorhanden. [C:\Users\Holge\repos\B2Connect\src\tests\Shared\B2X.Gateway.Integration.Tests\B2X.Gateway.Integration.Tests.csproj]
C:\Users\Holge\repos\B2Connect\src\tests\Shared\B2X.Gateway.Integration.Tests\GatewayIntegrationTests.cs(1,14): error CS0430: Der externe Alias "Store" wurde nicht in einer /reference-Option angegeben. [C:\Users\Holge\repos\B2Connect\src\tests\Shared\B2X.Gateway.Integration.Tests\B2X.Gateway.Integration.Tests.csproj]
C:\Users\Holge\repos\B2Connect\src\tests\Shared\B2X.Shared.Infrastructure\tests\B2X.Shared.Infrastructure.Tests.csproj : warning NU1507: Es sind 3 Paketquellen in Ihrer Konfiguration definiert. Wenn Sie die zentrale Paketverwaltung verwenden, ordnen Sie Ihre Paketquellen mit der Paketquellenzuordnung (https://aka.ms/nuget-package-source-mapping) zu oder geben Sie eine einzelne Paketquelle an. Die folgenden Quellen sind definiert: nuget.org, dotnet-daily, aspire-daily
C:\Program Files\dotnet\sdk\10.0.101\Microsoft.Common.CurrentVersion.targets(2189,5): warning MSB9008: Das referenzierte Projekt ../../../../backend/Shared/Infrastructure/B2X.Shared.Infrastructure.csproj ist nicht vorhanden. [C:\Users\Holge\repos\B2Connect\src\tests\Shared\B2X.Shared.Infrastructure\tests\B2X.Shared.Infrastructure.Tests.csproj]
  B2X.Categories -> c:\Users\Holge\repos\B2Connect\src\backend\Store\Domain\Categories\bin\Debug\net10.0\B2X.Categories.dll
C:\Users\Holge\repos\B2Connect\src\backend\Store\Domain\Variants\src\B2X.Variants.csproj : warning NU1507: Es sind 3 Paketquellen in Ihrer Konfiguration definiert. Wenn Sie die zentrale Paketverwaltung verwenden, ordnen Sie Ihre Paketquellen mit der Paketquellenzuordnung (https://aka.ms/nuget-package-source-mapping) zu oder geben Sie eine einzelne Paketquelle an. Die folgenden Quellen sind definiert: nuget.org, dotnet-daily, aspire-daily [c:\Users\Holge\repos\B2Connect\src\backend\Store\Domain\Variants\src\B2X.Variants.csproj]
  B2X.Variants -> C:\Users\Holge\repos\B2Connect\src\backend\Store\Domain\Variants\src\bin\Debug\net10.0\B2X.Variants.dll
  B2X.Admin -> C:\Users\Holge\repos\B2Connect\src\backend\Admin\Gateway\bin\Debug\net10.0\B2X.Admin.dll
C:\Users\Holge\repos\B2Connect\src\tests\Shared\B2X.Shared.Search.Tests\B2X.Shared.Search.Tests.csproj : warning NU1507: Es sind 3 Paketquellen in Ihrer Konfiguration definiert. Wenn Sie die zentrale Paketverwaltung verwenden, ordnen Sie Ihre Paketquellen mit der Paketquellenzuordnung (https://aka.ms/nuget-package-source-mapping) zu oder geben Sie eine einzelne Paketquelle an. Die folgenden Quellen sind definiert: nuget.org, dotnet-daily, aspire-daily
C:\Users\Holge\repos\B2Connect\src\tests\Shared\Domain\AI\tests\B2X.AI.Tests.csproj : warning NU1507: There are 3 package sources defined in your configuration. When using central package management, please map your package sources with package source mapping (https://aka.ms/nuget-package-source-mapping) or specify a single package source. The following sources are defined: nuget.org, dotnet-daily, aspire-daily
C:\Users\Holge\repos\B2Connect\src\tests\Shared\B2X.Shared.Infrastructure\tests\Encryption\EncryptionServiceTests.cs(1,11): error CS0234: Der Typ- oder Namespacename "Infrastructure" ist im Namespace "B2X" nicht vorhanden. (M├Âglicherweise fehlt ein Assemblyverweis.) [C:\Users\Holge\repos\B2Connect\src\tests\Shared\B2X.Shared.Infrastructure\tests\B2X.Shared.Infrastructure.Tests.csproj]
C:\Users\Holge\repos\B2Connect\src\tests\Shared\B2X.Shared.Infrastructure\tests\Encryption\EncryptionServiceTests.cs(2,17): error CS0234: Der Typ- oder Namespacename "Extensions" ist im Namespace "Microsoft" nicht vorhanden. (M├Âglicherweise fehlt ein Assemblyverweis.) [C:\Users\Holge\repos\B2Connect\src\tests\Shared\B2X.Shared.Infrastructure\tests\B2X.Shared.Infrastructure.Tests.csproj]
C:\Users\Holge\repos\B2Connect\src\tests\Shared\B2X.Shared.Infrastructure\tests\Encryption\EncryptionServiceTests.cs(3,17): error CS0234: Der Typ- oder Namespacename "Extensions" ist im Namespace "Microsoft" nicht vorhanden. (M├Âglicherweise fehlt ein Assemblyverweis.) [C:\Users\Holge\repos\B2Connect\src\tests\Shared\B2X.Shared.Infrastructure\tests\B2X.Shared.Infrastructure.Tests.csproj]
C:\Users\Holge\repos\B2Connect\src\tests\Shared\B2X.Shared.Infrastructure\tests\Encryption\EncryptionServiceTests.cs(4,17): error CS0234: Der Typ- oder Namespacename "Extensions" ist im Namespace "Microsoft" nicht vorhanden. (M├Âglicherweise fehlt ein Assemblyverweis.) [C:\Users\Holge\repos\B2Connect\src\tests\Shared\B2X.Shared.Infrastructure\tests\B2X.Shared.Infrastructure.Tests.csproj]
C:\Users\Holge\repos\B2Connect\src\tests\Shared\B2X.Shared.Infrastructure\tests\Validation\ArchitectureValidatorTests.cs(2,17): error CS0234: Der Typ- oder Namespacename "Extensions" ist im Namespace "Microsoft" nicht vorhanden. (M├Âglicherweise fehlt ein Assemblyverweis.) [C:\Users\Holge\repos\B2Connect\src\tests\Shared\B2X.Shared.Infrastructure\tests\B2X.Shared.Infrastructure.Tests.csproj]
C:\Users\Holge\repos\B2Connect\src\tests\Shared\B2X.Shared.Infrastructure\tests\Encryption\EncryptionServiceTests.cs(13,22): error CS0246: Der Typ- oder Namespacename "IEncryptionService" wurde nicht gefunden (m├Âglicherweise fehlt eine using-Direktive oder ein Assemblyverweis). [C:\Users\Holge\repos\B2Connect\src\tests\Shared\B2X.Shared.Infrastructure\tests\B2X.Shared.Infrastructure.Tests.csproj]
C:\Users\Holge\repos\B2Connect\src\tests\Shared\B2X.Shared.Infrastructure\tests\Encryption\EncryptionServiceTests.cs(14,22): error CS0246: Der Typ- oder Namespacename "IConfiguration" wurde nicht gefunden (m├Âglicherweise fehlt eine using-Direktive oder ein Assemblyverweis). [C:\Users\Holge\repos\B2Connect\src\tests\Shared\B2X.Shared.Infrastructure\tests\B2X.Shared.Infrastructure.Tests.csproj]
C:\Users\Holge\repos\B2Connect\src\tests\Shared\B2X.Shared.Infrastructure\tests\Validation\ArchitectureValidatorTests.cs(11,27): error CS0246: Der Typ- oder Namespacename "ILogger<>" wurde nicht gefunden (m├Âglicherweise fehlt eine using-Direktive oder ein Assemblyverweis). [C:\Users\Holge\repos\B2Connect\src\tests\Shared\B2X.Shared.Infrastructure\tests\B2X.Shared.Infrastructure.Tests.csproj]
C:\Users\Holge\repos\B2Connect\src\tests\Shared\B2X.Shared.Infrastructure\tests\Validation\ArchitectureValidatorTests.cs(11,35): error CS0246: Der Typ- oder Namespacename "ArchitectureValidator" wurde nicht gefunden (m├Âglicherweise fehlt eine using-Direktive oder ein Assemblyverweis). [C:\Users\Holge\repos\B2Connect\src\tests\Shared\B2X.Shared.Infrastructure\tests\B2X.Shared.Infrastructure.Tests.csproj]
C:\Users\Holge\repos\B2Connect\src\tests\Shared\B2X.Shared.Infrastructure\tests\Validation\ArchitectureValidatorTests.cs(12,22): error CS0246: Der Typ- oder Namespacename "ArchitectureValidator" wurde nicht gefunden (m├Âglicherweise fehlt eine using-Direktive oder ein Assemblyverweis). [C:\Users\Holge\repos\B2Connect\src\tests\Shared\B2X.Shared.Infrastructure\tests\B2X.Shared.Infrastructure.Tests.csproj]
  B2X.Shared.Search -> C:\Users\Holge\repos\B2Connect\src\backend\Shared\Infrastructure\Search\bin\Debug\net10.0\B2X.Shared.Search.dll
  B2X.Utils -> C:\Users\Holge\repos\B2Connect\src\backend\Shared\Domain\B2X.Utils\bin\Debug\net10.0\B2X.Utils.dll
  B2X.Catalog.API -> C:\Users\Holge\repos\B2Connect\src\Store\Backend\Catalog\bin\Debug\net10.0\B2X.Catalog.API.dll
  B2X.Theming.Layout -> C:\Users\Holge\repos\B2Connect\src\backend\Shared\Domain\Theming\Layout\bin\Debug\net10.0\B2X.Theming.Layout.dll
  B2X.Shared.Monitoring -> C:\Users\Holge\repos\B2Connect\src\backend\Shared\Infrastructure\Monitoring\bin\Debug\net10.0\B2X.Shared.Monitoring.dll
C:\Program Files\dotnet\sdk\10.0.101\Microsoft.Common.CurrentVersion.targets(2189,5): warning MSB9008: Das referenzierte Projekt ../../../../backend/shared/Domain/B2X.Shared.Kernel/B2X.Shared.Kernel.csproj ist nicht vorhanden. [C:\Users\Holge\repos\B2Connect\src\Store\Backend\Orders\B2X.Orders.API.csproj]
  B2X.Orders.API -> C:\Users\Holge\repos\B2Connect\src\Store\Backend\Orders\bin\Debug\net10.0\B2X.Orders.API.dll
  B2X.Shared.Middleware -> C:\Users\Holge\repos\B2Connect\src\backend\Shared\Infrastructure\middleware\bin\Debug\net10.0\B2X.Shared.Middleware.dll
C:\Users\Holge\repos\B2Connect\src\tests\Shared\Domain\AI\tests\Explainability\ExplainabilityEngineTests.cs(1,14): error CS0234: Der Typ- oder Namespacename "Explainability" ist im Namespace "B2X.AI" nicht vorhanden. (M├Âglicherweise fehlt ein Assemblyverweis.) [C:\Users\Holge\repos\B2Connect\src\tests\Shared\Domain\AI\tests\B2X.AI.Tests.csproj]
C:\Users\Holge\repos\B2Connect\src\tests\Shared\Domain\AI\tests\Explainability\ExplainabilityEngineTests.cs(10,27): error CS0246: Der Typ- oder Namespacename "IModelInterpreter" wurde nicht gefunden (m├Âglicherweise fehlt eine using-Direktive oder ein Assemblyverweis). [C:\Users\Holge\repos\B2Connect\src\tests\Shared\Domain\AI\tests\B2X.AI.Tests.csproj]
C:\Users\Holge\repos\B2Connect\src\tests\Shared\Domain\AI\tests\Explainability\ExplainabilityEngineTests.cs(11,27): error CS0246: Der Typ- oder Namespacename "IAuditLogger" wurde nicht gefunden (m├Âglicherweise fehlt eine using-Direktive oder ein Assemblyverweis). [C:\Users\Holge\repos\B2Connect\src\tests\Shared\Domain\AI\tests\B2X.AI.Tests.csproj]
C:\Users\Holge\repos\B2Connect\src\tests\Shared\Domain\AI\tests\Explainability\ExplainabilityEngineTests.cs(12,22): error CS0246: Der Typ- oder Namespacename "ExplainabilityEngine" wurde nicht gefunden (m├Âglicherweise fehlt eine using-Direktive oder ein Assemblyverweis). [C:\Users\Holge\repos\B2Connect\src\tests\Shared\Domain\AI\tests\B2X.AI.Tests.csproj]
C:\Users\Holge\repos\B2Connect\src\tests\Shared\Domain\ERP\tests\B2X.ERP.Tests.csproj : warning NU1507: There are 3 package sources defined in your configuration. When using central package management, please map your package sources with package source mapping (https://aka.ms/nuget-package-source-mapping) or specify a single package source. The following sources are defined: nuget.org, dotnet-daily, aspire-daily
C:\Program Files\dotnet\sdk\10.0.101\Microsoft.Common.CurrentVersion.targets(2189,5): warning MSB9008: Das referenzierte Projekt ../../../../src/backend/Shared/Domain/ERP/Abstractions/B2X.ERP.Abstractions.csproj ist nicht vorhanden. [C:\Users\Holge\repos\B2Connect\src\tests\Shared\Domain\ERP\tests\B2X.ERP.Tests.csproj]
C:\Users\Holge\repos\B2Connect\src\backend\Shared\Domain\Identity\B2X.Identity.csproj : warning NU1507: Es sind 3 Paketquellen in Ihrer Konfiguration definiert. Wenn Sie die zentrale Paketverwaltung verwenden, ordnen Sie Ihre Paketquellen mit der Paketquellenzuordnung (https://aka.ms/nuget-package-source-mapping) zu oder geben Sie eine einzelne Paketquelle an. Die folgenden Quellen sind definiert: nuget.org, dotnet-daily, aspire-daily
  B2X.ERP.Tests -> C:\Users\Holge\repos\B2Connect\src\tests\Shared\Domain\ERP\tests\bin\Debug\net10.0\B2X.ERP.Tests.dll
  B2X.Identity -> C:\Users\Holge\repos\B2Connect\src\backend\Shared\Domain\Identity\bin\Debug\net10.0\B2X.Identity.dll
  B2X.SmartDataIntegration -> C:\Users\Holge\repos\B2Connect\src\backend\Shared\Domain\SmartDataIntegration\src\bin\Debug\net10.0\B2X.SmartDataIntegration.dll
C:\Users\Holge\repos\B2Connect\src\tests\Shared\Domain\Identity\B2X.Identity.Tests\B2X.Identity.Tests.csproj : warning NU1507: There are 3 package sources defined in your configuration. When using central package management, please map your package sources with package source mapping (https://aka.ms/nuget-package-source-mapping) or specify a single package source. The following sources are defined: nuget.org, dotnet-daily, aspire-daily
C:\Program Files\dotnet\sdk\10.0.101\Microsoft.Common.CurrentVersion.targets(2189,5): warning MSB9008: Das referenzierte Projekt ..\..\..\..\src\backend\Shared\Domain\Identity\B2X.Identity.csproj ist nicht vorhanden. [C:\Users\Holge\repos\B2Connect\src\tests\Shared\Domain\Identity\B2X.Identity.Tests\B2X.Identity.Tests.csproj]
  B2X.Theming.API -> C:\Users\Holge\repos\B2Connect\src\backend\Shared\Domain\Theming\bin\Debug\net10.0\B2X.Theming.API.dll
  B2X.Localization.API -> C:\Users\Holge\repos\B2Connect\src\backend\Shared\Domain\Localization\bin\Debug\net10.0\B2X.Localization.API.dll
C:\Users\Holge\repos\B2Connect\src\tests\Shared\Domain\Localization\tests\B2X.Localization.Tests.csproj : warning NU1507: Es sind 3 Paketquellen in Ihrer Konfiguration definiert. Wenn Sie die zentrale Paketverwaltung verwenden, ordnen Sie Ihre Paketquellen mit der Paketquellenzuordnung (https://aka.ms/nuget-package-source-mapping) zu oder geben Sie eine einzelne Paketquelle an. Die folgenden Quellen sind definiert: nuget.org, dotnet-daily, aspire-daily
  B2X.Localization.Tests -> C:\Users\Holge\repos\B2Connect\src\tests\Shared\Domain\Localization\tests\bin\Debug\net10.0\B2X.Localization.Tests.dll
C:\Users\Holge\repos\B2Connect\src\tests\Shared\Domain\PatternAnalysis\tests\B2X.PatternAnalysis.Tests.csproj : warning NU1507: There are 3 package sources defined in your configuration. When using central package management, please map your package sources with package source mapping (https://aka.ms/nuget-package-source-mapping) or specify a single package source. The following sources are defined: nuget.org, dotnet-daily, aspire-daily
C:\Program Files\dotnet\sdk\10.0.101\Microsoft.Common.CurrentVersion.targets(2189,5): warning MSB9008: Das referenzierte Projekt ../../../../backend/Shared/Domain/PatternAnalysis/B2X.PatternAnalysis.csproj ist nicht vorhanden. [C:\Users\Holge\repos\B2Connect\src\tests\Shared\Domain\PatternAnalysis\tests\B2X.PatternAnalysis.Tests.csproj]
C:\Users\Holge\repos\B2Connect\src\tests\Shared\Domain\Identity\B2X.Identity.Tests\AuthControllerTests.cs(1,20): error CS0234: Der Typ- oder Namespacename "Controllers" ist im Namespace "B2X.Identity" nicht vorhanden. (M├Âglicherweise fehlt ein Assemblyverweis.) [C:\Users\Holge\repos\B2Connect\src\tests\Shared\Domain\Identity\B2X.Identity.Tests\B2X.Identity.Tests.csproj]
C:\Users\Holge\repos\B2Connect\src\tests\Shared\Domain\Identity\B2X.Identity.Tests\AuthControllerTests.cs(2,20): error CS0234: Der Typ- oder Namespacename "Data" ist im Namespace "B2X.Identity" nicht vorhanden. (M├Âglicherweise fehlt ein Assemblyverweis.) [C:\Users\Holge\repos\B2Connect\src\tests\Shared\Domain\Identity\B2X.Identity.Tests\B2X.Identity.Tests.csproj]
C:\Users\Holge\repos\B2Connect\src\tests\Shared\Domain\Identity\B2X.Identity.Tests\AuthControllerTests.cs(3,11): error CS0234: Der Typ- oder Namespacename "Types" ist im Namespace "B2X" nicht vorhanden. (M├Âglicherweise fehlt ein Assemblyverweis.) [C:\Users\Holge\repos\B2Connect\src\tests\Shared\Domain\Identity\B2X.Identity.Tests\B2X.Identity.Tests.csproj]
C:\Users\Holge\repos\B2Connect\src\tests\Shared\Domain\Identity\B2X.Identity.Tests\AuthControllerTests.cs(4,28): error CS0234: Der Typ- oder Namespacename "Mvc" ist im Namespace "Microsoft.AspNetCore" nicht vorhanden. (M├Âglicherweise fehlt ein Assemblyverweis.) [C:\Users\Holge\repos\B2Connect\src\tests\Shared\Domain\Identity\B2X.Identity.Tests\B2X.Identity.Tests.csproj]
C:\Users\Holge\repos\B2Connect\src\tests\Shared\Domain\Identity\B2X.Identity.Tests\AuthServiceTests.cs(1,20): error CS0234: Der Typ- oder Namespacename "Data" ist im Namespace "B2X.Identity" nicht vorhanden. (M├Âglicherweise fehlt ein Assemblyverweis.) [C:\Users\Holge\repos\B2Connect\src\tests\Shared\Domain\Identity\B2X.Identity.Tests\B2X.Identity.Tests.csproj]
C:\Users\Holge\repos\B2Connect\src\tests\Shared\Domain\Identity\B2X.Identity.Tests\AuthServiceTests.cs(2,11): error CS0234: Der Typ- oder Namespacename "Types" ist im Namespace "B2X" nicht vorhanden. (M├Âglicherweise fehlt ein Assemblyverweis.) [C:\Users\Holge\repos\B2Connect\src\tests\Shared\Domain\Identity\B2X.Identity.Tests\B2X.Identity.Tests.csproj]
C:\Users\Holge\repos\B2Connect\src\tests\Shared\Domain\Identity\B2X.Identity.Tests\AuthServiceTests.cs(16,25): error CS0246: Der Typ- oder Namespacename "AppUser" wurde nicht gefunden (m├Âglicherweise fehlt eine using-Direktive oder ein Assemblyverweis). [C:\Users\Holge\repos\B2Connect\src\tests\Shared\Domain\Identity\B2X.Identity.Tests\B2X.Identity.Tests.csproj]
C:\Users\Holge\repos\B2Connect\src\tests\Shared\Domain\Identity\B2X.Identity.Tests\AuthServiceTests.cs(17,13): error CS0246: Der Typ- oder Namespacename "IAuthService" wurde nicht gefunden (m├Âglicherweise fehlt eine using-Direktive oder ein Assemblyverweis). [C:\Users\Holge\repos\B2Connect\src\tests\Shared\Domain\Identity\B2X.Identity.Tests\B2X.Identity.Tests.csproj]
C:\Users\Holge\repos\B2Connect\src\tests\Shared\Domain\Identity\B2X.Identity.Tests\AuthServiceTests.cs(18,13): error CS0246: Der Typ- oder Namespacename "AuthDbContext" wurde nicht gefunden (m├Âglicherweise fehlt eine using-Direktive oder ein Assemblyverweis). [C:\Users\Holge\repos\B2Connect\src\tests\Shared\Domain\Identity\B2X.Identity.Tests\B2X.Identity.Tests.csproj]
C:\Users\Holge\repos\B2Connect\src\tests\Shared\Domain\Returns\tests\B2X.Returns.Tests.csproj : warning NU1507: Es sind 3 Paketquellen in Ihrer Konfiguration definiert. Wenn Sie die zentrale Paketverwaltung verwenden, ordnen Sie Ihre Paketquellen mit der Paketquellenzuordnung (https://aka.ms/nuget-package-source-mapping) zu oder geben Sie eine einzelne Paketquelle an. Die folgenden Quellen sind definiert: nuget.org, dotnet-daily, aspire-daily
C:\Users\Holge\repos\B2Connect\src\tests\Shared\Domain\PatternAnalysis\tests\Domain\IncidentTests.cs(5,27): error CS0234: Der Typ- oder Namespacename "Core" ist im Namespace "B2X.PatternAnalysis" nicht vorhanden. (M├Âglicherweise fehlt ein Assemblyverweis.) [C:\Users\Holge\repos\B2Connect\src\tests\Shared\Domain\PatternAnalysis\tests\B2X.PatternAnalysis.Tests.csproj]
C:\Users\Holge\repos\B2Connect\src\tests\Shared\Domain\PatternAnalysis\tests\Domain\IncidentTests.cs(97,61): error CS0246: Der Typ- oder Namespacename "IncidentSeverity" wurde nicht gefunden (m├Âglicherweise fehlt eine using-Direktive oder ein Assemblyverweis). [C:\Users\Holge\repos\B2Connect\src\tests\Shared\Domain\PatternAnalysis\tests\B2X.PatternAnalysis.Tests.csproj]
C:\Users\Holge\repos\B2Connect\src\tests\Shared\Domain\PatternAnalysis\tests\Domain\IncidentTests.cs(106,20): error CS0246: Der Typ- oder Namespacename "Incident" wurde nicht gefunden (m├Âglicherweise fehlt eine using-Direktive oder ein Assemblyverweis). [C:\Users\Holge\repos\B2Connect\src\tests\Shared\Domain\PatternAnalysis\tests\B2X.PatternAnalysis.Tests.csproj]
C:\Users\Holge\repos\B2Connect\src\tests\Shared\Domain\PatternAnalysis\tests\Domain\IncidentTests.cs(93,17): error CS0103: Der Name "IncidentSeverity" ist im aktuellen Kontext nicht vorhanden. [C:\Users\Holge\repos\B2Connect\src\tests\Shared\Domain\PatternAnalysis\tests\B2X.PatternAnalysis.Tests.csproj]
C:\Users\Holge\repos\B2Connect\src\tests\Shared\Domain\PatternAnalysis\tests\Domain\IncidentTests.cs(94,17): error CS0103: Der Name "IncidentSeverity" ist im aktuellen Kontext nicht vorhanden. [C:\Users\Holge\repos\B2Connect\src\tests\Shared\Domain\PatternAnalysis\tests\B2X.PatternAnalysis.Tests.csproj]
C:\Users\Holge\repos\B2Connect\src\tests\Shared\Domain\PatternAnalysis\tests\Domain\IncidentTests.cs(95,17): error CS0103: Der Name "IncidentSeverity" ist im aktuellen Kontext nicht vorhanden. [C:\Users\Holge\repos\B2Connect\src\tests\Shared\Domain\PatternAnalysis\tests\B2X.PatternAnalysis.Tests.csproj]
C:\Users\Holge\repos\B2Connect\src\tests\Shared\Domain\PatternAnalysis\tests\Domain\IncidentTests.cs(96,17): error CS0103: Der Name "IncidentSeverity" ist im aktuellen Kontext nicht vorhanden. [C:\Users\Holge\repos\B2Connect\src\tests\Shared\Domain\PatternAnalysis\tests\B2X.PatternAnalysis.Tests.csproj]
  B2X.Customer.API -> C:\Users\Holge\repos\B2Connect\src\Store\Backend\Customer\bin\Debug\net10.0\B2X.Customer.API.dll
  B2X.Tenancy.API -> C:\Users\Holge\repos\B2Connect\src\backend\Shared\Domain\Tenancy\bin\Debug\net10.0\B2X.Tenancy.API.dll
  B2X.Catalog.API -> C:\Users\Holge\repos\B2Connect\src\backend\Store\Domain\Catalog\bin\Debug\net10.0\B2X.Catalog.API.dll
  B2X.Email -> C:\Users\Holge\repos\B2Connect\src\backend\Management\Domain\bin\Debug\net10.0\B2X.Email.dll
  B2X.PatternAnalysis -> C:\Users\Holge\repos\B2Connect\src\backend\Shared\Domain\PatternAnalysis\bin\Debug\net10.0\B2X.PatternAnalysis.dll
  B2X.Email.Tests -> C:\Users\Holge\repos\B2Connect\src\tests\Management\Email\bin\Debug\net10.0\B2X.Email.Tests.dll
C:\Users\Holge\repos\B2Connect\src\tests\Shared\Domain\Search\B2X.Search.Integration\B2X.Search.Integration.csproj : warning NU1507: There are 3 package sources defined in your configuration. When using central package management, please map your package sources with package source mapping (https://aka.ms/nuget-package-source-mapping) or specify a single package source. The following sources are defined: nuget.org, dotnet-daily, aspire-daily
C:\Program Files\dotnet\sdk\10.0.101\Microsoft.Common.CurrentVersion.targets(2189,5): warning MSB9008: Das referenzierte Projekt ../../../../../../backend/Shared/Domain/Search/B2X.Search.csproj ist nicht vorhanden. [C:\Users\Holge\repos\B2Connect\src\tests\Shared\Domain\Search\B2X.Search.Integration\B2X.Search.Integration.csproj]
  B2X.Search.Integration -> C:\Users\Holge\repos\B2Connect\src\tests\Shared\Domain\Search\B2X.Search.Integration\bin\Debug\net10.0\B2X.Search.Integration.dll
C:\Users\Holge\repos\B2Connect\src\tests\Shared\Domain\Search\B2X.Search.UnitTests\B2X.Search.UnitTests.csproj : warning NU1507: There are 3 package sources defined in your configuration. When using central package management, please map your package sources with package source mapping (https://aka.ms/nuget-package-source-mapping) or specify a single package source. The following sources are defined: nuget.org, dotnet-daily, aspire-daily
C:\Users\Holge\repos\B2Connect\src\tests\Shared\Domain\Search\B2X.Search.UnitTests\B2X.Search.UnitTests.csproj : warning NU1903: Package 'Newtonsoft.Json' 9.0.1 has a known high severity vulnerability, https://github.com/advisories/GHSA-5crp-9r3c-p9vr
c:\Users\Holge\repos\B2Connect\src\backend\Store\Infrastructure\Gateway\Search\B2X.Store.Search.csproj : warning NU1507: There are 3 package sources defined in your configuration. When using central package management, please map your package sources with package source mapping (https://aka.ms/nuget-package-source-mapping) or specify a single package source. The following sources are defined: nuget.org, dotnet-daily, aspire-daily
c:\Users\Holge\repos\B2Connect\src\backend\Store\Infrastructure\Gateway\Search\B2X.Store.Search.csproj : warning NU1903: Package 'Newtonsoft.Json' 9.0.1 has a known high severity vulnerability, https://github.com/advisories/GHSA-5crp-9r3c-p9vr
  B2X.Store.Search -> c:\Users\Holge\repos\B2Connect\src\backend\Store\Infrastructure\Gateway\Search\bin\Debug\net10.0\B2X.Gateway.Store.Search.dll
  B2X.Search.UnitTests -> C:\Users\Holge\repos\B2Connect\src\tests\Shared\Domain\Search\B2X.Search.UnitTests\bin\Debug\net10.0\B2X.Search.UnitTests.dll
C:\Users\Holge\repos\B2Connect\src\tests\Shared\Domain\Security\tests\B2X.Security.Tests.csproj : warning NU1507: Es sind 3 Paketquellen in Ihrer Konfiguration definiert. Wenn Sie die zentrale Paketverwaltung verwenden, ordnen Sie Ihre Paketquellen mit der Paketquellenzuordnung (https://aka.ms/nuget-package-source-mapping) zu oder geben Sie eine einzelne Paketquelle an. Die folgenden Quellen sind definiert: nuget.org, dotnet-daily, aspire-daily
C:\Users\Holge\repos\B2Connect\src\tests\Shared\Domain\Returns\tests\ReturnManagementServiceTests.cs(4,19): error CS0234: Der Typ- oder Namespacename "Core" ist im Namespace "B2X.Returns" nicht vorhanden. (M├Âglicherweise fehlt ein Assemblyverweis.) [C:\Users\Holge\repos\B2Connect\src\tests\Shared\Domain\Returns\tests\B2X.Returns.Tests.csproj]
C:\Users\Holge\repos\B2Connect\src\tests\Shared\Domain\Returns\tests\ReturnManagementServiceTests.cs(5,19): error CS0234: Der Typ- oder Namespacename "Application" ist im Namespace "B2X.Returns" nicht vorhanden. (M├Âglicherweise fehlt ein Assemblyverweis.) [C:\Users\Holge\repos\B2Connect\src\tests\Shared\Domain\Returns\tests\B2X.Returns.Tests.csproj]
C:\Users\Holge\repos\B2Connect\src\tests\Shared\Domain\Returns\tests\ReturnManagementServiceTests.cs(6,19): error CS0234: Der Typ- oder Namespacename "Application" ist im Namespace "B2X.Returns" nicht vorhanden. (M├Âglicherweise fehlt ein Assemblyverweis.) [C:\Users\Holge\repos\B2Connect\src\tests\Shared\Domain\Returns\tests\B2X.Returns.Tests.csproj]
C:\Users\Holge\repos\B2Connect\src\tests\Shared\Domain\Returns\tests\ReturnManagementServiceTests.cs(7,19): error CS0234: Der Typ- oder Namespacename "Application" ist im Namespace "B2X.Returns" nicht vorhanden. (M├Âglicherweise fehlt ein Assemblyverweis.) [C:\Users\Holge\repos\B2Connect\src\tests\Shared\Domain\Returns\tests\B2X.Returns.Tests.csproj]
C:\Users\Holge\repos\B2Connect\src\tests\Shared\Domain\Returns\tests\ReturnManagementServiceTests.cs(24,35): error CS0246: Der Typ- oder Namespacename "ReturnManagementService" wurde nicht gefunden (m├Âglicherweise fehlt eine using-Direktive oder ein Assemblyverweis). [C:\Users\Holge\repos\B2Connect\src\tests\Shared\Domain\Returns\tests\B2X.Returns.Tests.csproj]
C:\Users\Holge\repos\B2Connect\src\tests\Shared\Domain\Returns\tests\ReturnManagementServiceTests.cs(25,22): error CS0246: Der Typ- oder Namespacename "CreateReturnValidator" wurde nicht gefunden (m├Âglicherweise fehlt eine using-Direktive oder ein Assemblyverweis). [C:\Users\Holge\repos\B2Connect\src\tests\Shared\Domain\Returns\tests\B2X.Returns.Tests.csproj]
C:\Users\Holge\repos\B2Connect\src\tests\Shared\Domain\Returns\tests\ReturnManagementServiceTests.cs(26,22): error CS0246: Der Typ- oder Namespacename "ReturnManagementService" wurde nicht gefunden (m├Âglicherweise fehlt eine using-Direktive oder ein Assemblyverweis). [C:\Users\Holge\repos\B2Connect\src\tests\Shared\Domain\Returns\tests\B2X.Returns.Tests.csproj]
C:\Users\Holge\repos\B2Connect\src\tests\Shared\Domain\SmartDataIntegration\tests\B2X.SmartDataIntegration.Tests.csproj : warning NU1507: There are 3 package sources defined in your configuration. When using central package management, please map your package sources with package source mapping (https://aka.ms/nuget-package-source-mapping) or specify a single package source. The following sources are defined: nuget.org, dotnet-daily, aspire-daily
C:\Program Files\dotnet\sdk\10.0.101\Microsoft.Common.CurrentVersion.targets(2189,5): warning MSB9008: Das referenzierte Projekt ../../../../../../backend/Shared/Domain/SmartDataIntegration/src/B2X.SmartDataIntegration.csproj ist nicht vorhanden. [C:\Users\Holge\repos\B2Connect\src\tests\Shared\Domain\SmartDataIntegration\tests\B2X.SmartDataIntegration.Tests.csproj]
C:\Users\Holge\repos\B2Connect\src\tests\Shared\Domain\Security\tests\ComplianceSecurityTesterTests.cs(1,20): error CS0234: Der Typ- oder Namespacename "ComplianceTesting" ist im Namespace "B2X.Security" nicht vorhanden. (M├Âglicherweise fehlt ein Assemblyverweis.) [C:\Users\Holge\repos\B2Connect\src\tests\Shared\Domain\Security\tests\B2X.Security.Tests.csproj]
C:\Users\Holge\repos\B2Connect\src\tests\Shared\Domain\Security\tests\ComplianceSecurityTesterTests.cs(318,20): error CS0246: Der Typ- oder Namespacename "ComplianceArtifact" wurde nicht gefunden (m├Âglicherweise fehlt eine using-Direktive oder ein Assemblyverweis). [C:\Users\Holge\repos\B2Connect\src\tests\Shared\Domain\Security\tests\B2X.Security.Tests.csproj]
C:\Users\Holge\repos\B2Connect\src\tests\Shared\Domain\Security\tests\ComplianceSecurityTesterTests.cs(10,27): error CS0246: Der Typ- oder Namespacename "ISecurityScanner" wurde nicht gefunden (m├Âglicherweise fehlt eine using-Direktive oder ein Assemblyverweis). [C:\Users\Holge\repos\B2Connect\src\tests\Shared\Domain\Security\tests\B2X.Security.Tests.csproj]
C:\Users\Holge\repos\B2Connect\src\tests\Shared\Domain\Security\tests\ComplianceSecurityTesterTests.cs(11,27): error CS0246: Der Typ- oder Namespacename "IVulnerabilityReporter" wurde nicht gefunden (m├Âglicherweise fehlt eine using-Direktive oder ein Assemblyverweis). [C:\Users\Holge\repos\B2Connect\src\tests\Shared\Domain\Security\tests\B2X.Security.Tests.csproj]
C:\Users\Holge\repos\B2Connect\src\tests\Shared\Domain\Security\tests\ComplianceSecurityTesterTests.cs(12,27): error CS0246: Der Typ- oder Namespacename "IComplianceRuleEngine" wurde nicht gefunden (m├Âglicherweise fehlt eine using-Direktive oder ein Assemblyverweis). [C:\Users\Holge\repos\B2Connect\src\tests\Shared\Domain\Security\tests\B2X.Security.Tests.csproj]
C:\Users\Holge\repos\B2Connect\src\tests\Shared\Domain\Security\tests\ComplianceSecurityTesterTests.cs(13,22): error CS0246: Der Typ- oder Namespacename "ComplianceSecurityTester" wurde nicht gefunden (m├Âglicherweise fehlt eine using-Direktive oder ein Assemblyverweis). [C:\Users\Holge\repos\B2Connect\src\tests\Shared\Domain\Security\tests\B2X.Security.Tests.csproj]
  B2X.Identity.API -> C:\Users\Holge\repos\B2Connect\src\backend\Shared\Domain\Identity\bin\Debug\net10.0\B2X.Identity.API.dll
  B2X.SmartDataIntegration.API -> C:\Users\Holge\repos\B2Connect\src\backend\Shared\Domain\SmartDataIntegration\API\bin\Debug\net10.0\B2X.SmartDataIntegration.API.dll
C:\Users\Holge\repos\B2Connect\src\tests\Shared\Domain\Tenancy\tests\B2X.Tenancy.Tests.csproj : warning NU1507: Es sind 3 Paketquellen in Ihrer Konfiguration definiert. Wenn Sie die zentrale Paketverwaltung verwenden, ordnen Sie Ihre Paketquellen mit der Paketquellenzuordnung (https://aka.ms/nuget-package-source-mapping) zu oder geben Sie eine einzelne Paketquelle an. Die folgenden Quellen sind definiert: nuget.org, dotnet-daily, aspire-daily
C:\Program Files\dotnet\sdk\10.0.101\Microsoft.Common.CurrentVersion.targets(2189,5): warning MSB9008: Das referenzierte Projekt ../../../../../backend/Shared/Infrastructure/B2X.Shared.Infrastructure.csproj ist nicht vorhanden. [C:\Users\Holge\repos\B2Connect\src\tests\Shared\Domain\Tenancy\tests\B2X.Tenancy.Tests.csproj]
  B2X.Tenancy.Tests -> C:\Users\Holge\repos\B2Connect\src\tests\Shared\Domain\Tenancy\tests\bin\Debug\net10.0\B2X.Tenancy.Tests.dll
C:\Users\Holge\repos\B2Connect\src\tests\Shared\Validation\B2X.Validation.Tests.csproj : warning NU1507: There are 3 package sources defined in your configuration. When using central package management, please map your package sources with package source mapping (https://aka.ms/nuget-package-source-mapping) or specify a single package source. The following sources are defined: nuget.org, dotnet-daily, aspire-daily
C:\Program Files\dotnet\sdk\10.0.101\Microsoft.Common.CurrentVersion.targets(2189,5): warning MSB9008: Das referenzierte Projekt ../../../../../backend/Shared/Domain/Shared/B2X.Api.Validation/B2X.Api.Validation.csproj ist nicht vorhanden. [C:\Users\Holge\repos\B2Connect\src\tests\Shared\Validation\B2X.Validation.Tests.csproj]
C:\Users\Holge\repos\B2Connect\src\tests\Shared\Domain\SmartDataIntegration\tests\SmartDataIntegrationServiceTests.cs(3,32): error CS0234: Der Typ- oder Namespacename "Core" ist im Namespace "B2X.SmartDataIntegration" nicht vorhanden. (M├Âglicherweise fehlt ein Assemblyverweis.) [C:\Users\Holge\repos\B2Connect\src\tests\Shared\Domain\SmartDataIntegration\tests\B2X.SmartDataIntegration.Tests.csproj]
C:\Users\Holge\repos\B2Connect\src\tests\Shared\Domain\SmartDataIntegration\tests\SmartDataIntegrationServiceTests.cs(4,32): error CS0234: Der Typ- oder Namespacename "Models" ist im Namespace "B2X.SmartDataIntegration" nicht vorhanden. (M├Âglicherweise fehlt ein Assemblyverweis.) [C:\Users\Holge\repos\B2Connect\src\tests\Shared\Domain\SmartDataIntegration\tests\B2X.SmartDataIntegration.Tests.csproj]
C:\Users\Holge\repos\B2Connect\src\tests\Shared\Domain\SmartDataIntegration\tests\SmartDataIntegrationServiceTests.cs(5,32): error CS0234: Der Typ- oder Namespacename "Services" ist im Namespace "B2X.SmartDataIntegration" nicht vorhanden. (M├Âglicherweise fehlt ein Assemblyverweis.) [C:\Users\Holge\repos\B2Connect\src\tests\Shared\Domain\SmartDataIntegration\tests\B2X.SmartDataIntegration.Tests.csproj]
C:\Users\Holge\repos\B2Connect\src\tests\Shared\Domain\SmartDataIntegration\tests\SmartDataIntegrationServiceTests.cs(15,27): error CS0246: Der Typ- oder Namespacename "IMappingRepository" wurde nicht gefunden (m├Âglicherweise fehlt eine using-Direktive oder ein Assemblyverweis). [C:\Users\Holge\repos\B2Connect\src\tests\Shared\Domain\SmartDataIntegration\tests\B2X.SmartDataIntegration.Tests.csproj]
C:\Users\Holge\repos\B2Connect\src\tests\Shared\Domain\SmartDataIntegration\tests\SmartDataIntegrationServiceTests.cs(16,27): error CS0246: Der Typ- oder Namespacename "IMappingEngine" wurde nicht gefunden (m├Âglicherweise fehlt eine using-Direktive oder ein Assemblyverweis). [C:\Users\Holge\repos\B2Connect\src\tests\Shared\Domain\SmartDataIntegration\tests\B2X.SmartDataIntegration.Tests.csproj]
C:\Users\Holge\repos\B2Connect\src\tests\Shared\Domain\SmartDataIntegration\tests\SmartDataIntegrationServiceTests.cs(17,27): error CS0246: Der Typ- oder Namespacename "IMappingValidator" wurde nicht gefunden (m├Âglicherweise fehlt eine using-Direktive oder ein Assemblyverweis). [C:\Users\Holge\repos\B2Connect\src\tests\Shared\Domain\SmartDataIntegration\tests\B2X.SmartDataIntegration.Tests.csproj]
C:\Users\Holge\repos\B2Connect\src\tests\Shared\Domain\SmartDataIntegration\tests\SmartDataIntegrationServiceTests.cs(18,35): error CS0246: Der Typ- oder Namespacename "SmartDataIntegrationService" wurde nicht gefunden (m├Âglicherweise fehlt eine using-Direktive oder ein Assemblyverweis). [C:\Users\Holge\repos\B2Connect\src\tests\Shared\Domain\SmartDataIntegration\tests\B2X.SmartDataIntegration.Tests.csproj]
C:\Users\Holge\repos\B2Connect\src\tests\Shared\Domain\SmartDataIntegration\tests\SmartDataIntegrationServiceTests.cs(19,22): error CS0246: Der Typ- oder Namespacename "SmartDataIntegrationService" wurde nicht gefunden (m├Âglicherweise fehlt eine using-Direktive oder ein Assemblyverweis). [C:\Users\Holge\repos\B2Connect\src\tests\Shared\Domain\SmartDataIntegration\tests\B2X.SmartDataIntegration.Tests.csproj]
C:\Program Files\dotnet\sdk\10.0.101\Microsoft.Common.CurrentVersion.targets(2189,5): warning MSB9008: Das referenzierte Projekt ../../../../src/backend/Shared/Domain/Types/B2X.Types/B2X.Types.csproj ist nicht vorhanden. [C:\Users\Holge\repos\B2Connect\src\tests\Shared\B2X.Shared.Search.Tests\B2X.Shared.Search.Tests.csproj]
  B2X.Shared.Search.Tests -> C:\Users\Holge\repos\B2Connect\src\tests\Shared\B2X.Shared.Search.Tests\bin\Debug\net10.0\B2X.Shared.Search.Tests.dll
C:\Users\Holge\repos\B2Connect\src\tests\Store\B2X.Store.Tests.csproj : warning NU1507: Es sind 3 Paketquellen in Ihrer Konfiguration definiert. Wenn Sie die zentrale Paketverwaltung verwenden, ordnen Sie Ihre Paketquellen mit der Paketquellenzuordnung (https://aka.ms/nuget-package-source-mapping) zu oder geben Sie eine einzelne Paketquelle an. Die folgenden Quellen sind definiert: nuget.org, dotnet-daily, aspire-daily
C:\Users\Holge\repos\B2Connect\src\tests\Store\Backend\Catalog\B2X.Catalog.Tests\B2X.Catalog.Tests.csproj : warning NU1507: There are 3 package sources defined in your configuration. When using central package management, please map your package sources with package source mapping (https://aka.ms/nuget-package-source-mapping) or specify a single package source. The following sources are defined: nuget.org, dotnet-daily, aspire-daily
C:\Users\Holge\repos\B2Connect\src\tests\Store\Backend\Catalog\B2X.Catalog.Tests\B2X.Catalog.Tests.csproj : warning NU1903: Package 'Newtonsoft.Json' 9.0.1 has a known high severity vulnerability, https://github.com/advisories/GHSA-5crp-9r3c-p9vr
C:\Program Files\dotnet\sdk\10.0.101\Microsoft.Common.CurrentVersion.targets(2189,5): warning MSB9008: Das referenzierte Projekt ../../../../backend/Store/Domain/Catalog/B2X.Catalog.API.csproj ist nicht vorhanden. [C:\Users\Holge\repos\B2Connect\src\tests\Store\Backend\Catalog\B2X.Catalog.Tests\B2X.Catalog.Tests.csproj]
C:\Users\Holge\repos\B2Connect\src\tests\Shared\Validation\ErpDataValidatorTests.cs(3,15): error CS0234: Der Typ- oder Namespacename "Validation" ist im Namespace "B2X.Api" nicht vorhanden. (M├Âglicherweise fehlt ein Assemblyverweis.) [C:\Users\Holge\repos\B2Connect\src\tests\Shared\Validation\B2X.Validation.Tests.csproj]
C:\Users\Holge\repos\B2Connect\src\tests\Shared\Validation\ErpDataValidatorTests.cs(4,15): error CS0234: Der Typ- oder Namespacename "Models" ist im Namespace "B2X.Api" nicht vorhanden. (M├Âglicherweise fehlt ein Assemblyverweis.) [C:\Users\Holge\repos\B2Connect\src\tests\Shared\Validation\B2X.Validation.Tests.csproj]
C:\Users\Holge\repos\B2Connect\src\tests\Shared\Validation\ErpDataValidatorTests.cs(5,17): error CS0234: Der Typ- oder Namespacename "Extensions" ist im Namespace "Microsoft" nicht vorhanden. (M├Âglicherweise fehlt ein Assemblyverweis.) [C:\Users\Holge\repos\B2Connect\src\tests\Shared\Validation\B2X.Validation.Tests.csproj]
C:\Users\Holge\repos\B2Connect\src\tests\Shared\Validation\ErpDataValidatorTests.cs(11,27): error CS0246: Der Typ- oder Namespacename "ILogger<>" wurde nicht gefunden (m├Âglicherweise fehlt eine using-Direktive oder ein Assemblyverweis). [C:\Users\Holge\repos\B2Connect\src\tests\Shared\Validation\B2X.Validation.Tests.csproj]
C:\Users\Holge\repos\B2Connect\src\tests\Shared\Validation\ErpDataValidatorTests.cs(11,35): error CS0246: Der Typ- oder Namespacename "ErpDataValidator" wurde nicht gefunden (m├Âglicherweise fehlt eine using-Direktive oder ein Assemblyverweis). [C:\Users\Holge\repos\B2Connect\src\tests\Shared\Validation\B2X.Validation.Tests.csproj]
C:\Users\Holge\repos\B2Connect\src\tests\Shared\Validation\ErpDataValidatorTests.cs(12,27): error CS0246: Der Typ- oder Namespacename "IValidationRulesProvider" wurde nicht gefunden (m├Âglicherweise fehlt eine using-Direktive oder ein Assemblyverweis). [C:\Users\Holge\repos\B2Connect\src\tests\Shared\Validation\B2X.Validation.Tests.csproj]
C:\Users\Holge\repos\B2Connect\src\tests\Shared\Validation\ErpDataValidatorTests.cs(13,22): error CS0246: Der Typ- oder Namespacename "ErpDataValidator" wurde nicht gefunden (m├Âglicherweise fehlt eine using-Direktive oder ein Assemblyverweis). [C:\Users\Holge\repos\B2Connect\src\tests\Shared\Validation\B2X.Validation.Tests.csproj]
  B2X.CMS -> C:\Users\Holge\repos\B2Connect\src\backend\Management\Domain\bin\Debug\net10.0\B2X.CMS.dll
  B2X.CMS.Tests -> C:\Users\Holge\repos\B2Connect\src\tests\Management\CMS\bin\Debug\net10.0\B2X.CMS.Tests.dll
C:\Users\Holge\repos\B2Connect\src\AI\MCP\B2X.Admin.MCP\B2X.Admin.MCP.csproj : warning NU1510: PackageReference Microsoft.Extensions.Logging wird nicht gek├╝rzt. Erw├ñgen Sie, dieses Paket aus Ihren Abh├ñngigkeiten zu entfernen, da es wahrscheinlich nicht erforderlich ist.
C:\Users\Holge\repos\B2Connect\src\AI\MCP\B2X.Admin.MCP\B2X.Admin.MCP.csproj : warning NU1510: PackageReference Microsoft.Extensions.Configuration wird nicht gek├╝rzt. Erw├ñgen Sie, dieses Paket aus Ihren Abh├ñngigkeiten zu entfernen, da es wahrscheinlich nicht erforderlich ist.
C:\Users\Holge\repos\B2Connect\src\tests\Store\Backend\Catalog\B2X.Catalog.Tests\CatalogServiceTests.cs(3,19): error CS0234: Der Typ- oder Namespacename "Services" ist im Namespace "B2X.Catalog" nicht vorhanden. (M├Âglicherweise fehlt ein Assemblyverweis.) [C:\Users\Holge\repos\B2Connect\src\tests\Store\Backend\Catalog\B2X.Catalog.Tests\B2X.Catalog.Tests.csproj]
C:\Users\Holge\repos\B2Connect\src\tests\Store\Backend\Catalog\B2X.Catalog.Tests\CatalogServiceTests.cs(4,19): error CS0234: Der Typ- oder Namespacename "Models" ist im Namespace "B2X.Catalog" nicht vorhanden. (M├Âglicherweise fehlt ein Assemblyverweis.) [C:\Users\Holge\repos\B2Connect\src\tests\Store\Backend\Catalog\B2X.Catalog.Tests\B2X.Catalog.Tests.csproj]
C:\Users\Holge\repos\B2Connect\src\tests\Store\Backend\Customer\tests\B2X.Customer.Tests.csproj : warning NU1507: Es sind 3 Paketquellen in Ihrer Konfiguration definiert. Wenn Sie die zentrale Paketverwaltung verwenden, ordnen Sie Ihre Paketquellen mit der Paketquellenzuordnung (https://aka.ms/nuget-package-source-mapping) zu oder geben Sie eine einzelne Paketquelle an. Die folgenden Quellen sind definiert: nuget.org, dotnet-daily, aspire-daily
C:\Users\Holge\repos\B2Connect\src\tests\Store\Backend\Orders\tests\B2X.Orders.Tests.csproj : warning NU1507: There are 3 package sources defined in your configuration. When using central package management, please map your package sources with package source mapping (https://aka.ms/nuget-package-source-mapping) or specify a single package source. The following sources are defined: nuget.org, dotnet-daily, aspire-daily
C:\Program Files\dotnet\sdk\10.0.101\Microsoft.Common.CurrentVersion.targets(2189,5): warning MSB9008: Das referenzierte Projekt ../../../../backend/Store/Backend/Orders/B2X.Orders.API.csproj ist nicht vorhanden. [C:\Users\Holge\repos\B2Connect\src\tests\Store\Backend\Orders\tests\B2X.Orders.Tests.csproj]
C:\Users\Holge\repos\B2Connect\src\tests\Store\Backend\Orders\tests\Entities\OrderItemTests.cs(1,18): error CS0234: Der Typ- oder Namespacename "Core" ist im Namespace "B2X.Orders" nicht vorhanden. (M├Âglicherweise fehlt ein Assemblyverweis.) [C:\Users\Holge\repos\B2Connect\src\tests\Store\Backend\Orders\tests\B2X.Orders.Tests.csproj]
C:\Users\Holge\repos\B2Connect\src\tests\Store\Backend\Orders\tests\Entities\OrderTests.cs(1,18): error CS0234: Der Typ- oder Namespacename "Core" ist im Namespace "B2X.Orders" nicht vorhanden. (M├Âglicherweise fehlt ein Assemblyverweis.) [C:\Users\Holge\repos\B2Connect\src\tests\Store\Backend\Orders\tests\B2X.Orders.Tests.csproj]
C:\Users\Holge\repos\B2Connect\src\tools\seeders\seeding\B2X.Seeding.API.csproj : warning NU1507: There are 3 package sources defined in your configuration. When using central package management, please map your package sources with package source mapping (https://aka.ms/nuget-package-source-mapping) or specify a single package source. The following sources are defined: nuget.org, dotnet-daily, aspire-daily
  B2X.Seeding.API -> C:\Users\Holge\repos\B2Connect\src\tools\seeders\seeding\bin\Debug\net10.0\B2X.Seeding.API.dll
C:\Users\Holge\repos\B2Connect\src\AI\MCP\B2X.Admin.MCP\Tools\TemplateValidationTool.cs(48,92): error CS1061: "TemplateValidationResult" enth├ñlt keine Definition f├╝r "ConfidenceScore", und es konnte keine zug├ñngliche ConfidenceScore-Erweiterungsmethode gefunden werden, die ein erstes Argument vom Typ "TemplateValidationResult" akzeptiert (m├Âglicherweise fehlt eine using-Direktive oder ein Assemblyverweis). [C:\Users\Holge\repos\B2Connect\src\AI\MCP\B2X.Admin.MCP\B2X.Admin.MCP.csproj]
C:\Users\Holge\repos\B2Connect\src\AI\MCP\B2X.Admin.MCP\Services\CmsValidationClient.cs(54,21): error CS0117: "TemplateValidationResult" enth├ñlt keine Definition f├╝r "TemplateKey". [C:\Users\Holge\repos\B2Connect\src\AI\MCP\B2X.Admin.MCP\B2X.Admin.MCP.csproj]
C:\Users\Holge\repos\B2Connect\src\AI\MCP\B2X.Admin.MCP\Services\CmsValidationClient.cs(55,21): error CS0117: "TemplateValidationResult" enth├ñlt keine Definition f├╝r "ValidationTimestamp". [C:\Users\Holge\repos\B2Connect\src\AI\MCP\B2X.Admin.MCP\B2X.Admin.MCP.csproj]
C:\Users\Holge\repos\B2Connect\src\AI\MCP\B2X.Admin.MCP\Services\CmsValidationClient.cs(56,50): error CS0104: "ValidationIssue" ist ein mehrdeutiger Verweis zwischen "B2X.Admin.MCP.Tools.ValidationIssue" und "B2X.CMS.Core.Domain.Pages.ValidationIssue". [C:\Users\Holge\repos\B2Connect\src\AI\MCP\B2X.Admin.MCP\B2X.Admin.MCP.csproj]
C:\Users\Holge\repos\B2Connect\src\AI\MCP\B2X.Admin.MCP\Services\CmsValidationClient.cs(58,29): error CS0104: "ValidationIssue" ist ein mehrdeutiger Verweis zwischen "B2X.Admin.MCP.Tools.ValidationIssue" und "B2X.CMS.Core.Domain.Pages.ValidationIssue". [C:\Users\Holge\repos\B2Connect\src\AI\MCP\B2X.Admin.MCP\B2X.Admin.MCP.csproj]
C:\Users\Holge\repos\B2Connect\src\AI\MCP\B2X.Admin.MCP\Services\CmsValidationClient.cs(66,37): error CS0029: Der Typ "string" kann nicht implizit in "B2X.CMS.Core.Domain.Pages.TemplateValidationStatus" konvertiert werden. [C:\Users\Holge\repos\B2Connect\src\AI\MCP\B2X.Admin.MCP\B2X.Admin.MCP.csproj]
C:\Users\Holge\repos\B2Connect\src\AI\MCP\B2X.Admin.MCP\Services\CmsValidationClient.cs(67,21): error CS0117: "TemplateValidationResult" enth├ñlt keine Definition f├╝r "ConfidenceScore". [C:\Users\Holge\repos\B2Connect\src\AI\MCP\B2X.Admin.MCP\B2X.Admin.MCP.csproj]
C:\Users\Holge\repos\B2Connect\src\AI\MCP\B2X.Admin.MCP\Services\CmsValidationClient.cs(78,17): error CS0117: "TemplateValidationResult" enth├ñlt keine Definition f├╝r "TemplateKey". [C:\Users\Holge\repos\B2Connect\src\AI\MCP\B2X.Admin.MCP\B2X.Admin.MCP.csproj]
C:\Users\Holge\repos\B2Connect\src\AI\MCP\B2X.Admin.MCP\Services\CmsValidationClient.cs(79,17): error CS0117: "TemplateValidationResult" enth├ñlt keine Definition f├╝r "ValidationTimestamp". [C:\Users\Holge\repos\B2Connect\src\AI\MCP\B2X.Admin.MCP\B2X.Admin.MCP.csproj]
C:\Users\Holge\repos\B2Connect\src\AI\MCP\B2X.Admin.MCP\Services\CmsValidationClient.cs(80,46): error CS0104: "ValidationIssue" ist ein mehrdeutiger Verweis zwischen "B2X.Admin.MCP.Tools.ValidationIssue" und "B2X.CMS.Core.Domain.Pages.ValidationIssue". [C:\Users\Holge\repos\B2Connect\src\AI\MCP\B2X.Admin.MCP\B2X.Admin.MCP.csproj]
C:\Users\Holge\repos\B2Connect\src\AI\MCP\B2X.Admin.MCP\Services\CmsValidationClient.cs(82,25): error CS0104: "ValidationIssue" ist ein mehrdeutiger Verweis zwischen "B2X.Admin.MCP.Tools.ValidationIssue" und "B2X.CMS.Core.Domain.Pages.ValidationIssue". [C:\Users\Holge\repos\B2Connect\src\AI\MCP\B2X.Admin.MCP\B2X.Admin.MCP.csproj]
C:\Users\Holge\repos\B2Connect\src\AI\MCP\B2X.Admin.MCP\Services\CmsValidationClient.cs(90,33): error CS0029: Der Typ "string" kann nicht implizit in "B2X.CMS.Core.Domain.Pages.TemplateValidationStatus" konvertiert werden. [C:\Users\Holge\repos\B2Connect\src\AI\MCP\B2X.Admin.MCP\B2X.Admin.MCP.csproj]
C:\Users\Holge\repos\B2Connect\src\AI\MCP\B2X.Admin.MCP\Services\CmsValidationClient.cs(91,17): error CS0117: "TemplateValidationResult" enth├ñlt keine Definition f├╝r "ConfidenceScore". [C:\Users\Holge\repos\B2Connect\src\AI\MCP\B2X.Admin.MCP\B2X.Admin.MCP.csproj]
C:\Users\Holge\repos\B2Connect\src\AI\MCP\B2X.Admin.MCP\McpEndpoints.cs(139,14): warning S2094: Remove this empty class, write its code or make it an "interface". (https://rules.sonarsource.com/csharp/RSPEC-2094) [C:\Users\Holge\repos\B2Connect\src\AI\MCP\B2X.Admin.MCP\B2X.Admin.MCP.csproj]
C:\Users\Holge\repos\B2Connect\src\AI\MCP\B2X.Admin.MCP\Services\AbTestingService.cs(356,73): warning MA0002: Use an overload that has a IEqualityComparer<string> or IComparer<string> parameter (https://github.com/meziantou/Meziantou.Analyzer/blob/main/docs/Rules/MA0002.md) [C:\Users\Holge\repos\B2Connect\src\AI\MCP\B2X.Admin.MCP\B2X.Admin.MCP.csproj]
C:\Users\Holge\repos\B2Connect\src\AI\MCP\B2X.Admin.MCP\Tools\McpTools.cs(150,63): warning MA0002: Use an overload that has a IEqualityComparer<string> or IComparer<string> parameter (https://github.com/meziantou/Meziantou.Analyzer/blob/main/docs/Rules/MA0002.md) [C:\Users\Holge\repos\B2Connect\src\AI\MCP\B2X.Admin.MCP\B2X.Admin.MCP.csproj]
C:\Users\Holge\repos\B2Connect\src\AI\MCP\B2X.Admin.MCP\Services\AdvancedNlpService.cs(434,66): warning MA0002: Use an overload that has a IEqualityComparer<string> or IComparer<string> parameter (https://github.com/meziantou/Meziantou.Analyzer/blob/main/docs/Rules/MA0002.md) [C:\Users\Holge\repos\B2Connect\src\AI\MCP\B2X.Admin.MCP\B2X.Admin.MCP.csproj]
C:\Users\Holge\repos\B2Connect\src\AI\MCP\B2X.Admin.MCP\Services\AdvancedNlpService.cs(433,64): warning MA0002: Use an overload that has a IEqualityComparer<string> or IComparer<string> parameter (https://github.com/meziantou/Meziantou.Analyzer/blob/main/docs/Rules/MA0002.md) [C:\Users\Holge\repos\B2Connect\src\AI\MCP\B2X.Admin.MCP\B2X.Admin.MCP.csproj]
C:\Users\Holge\repos\B2Connect\src\AI\MCP\B2X.Admin.MCP\Services\AdvancedNlpService.cs(435,72): warning MA0002: Use an overload that has a IEqualityComparer<string> or IComparer<string> parameter (https://github.com/meziantou/Meziantou.Analyzer/blob/main/docs/Rules/MA0002.md) [C:\Users\Holge\repos\B2Connect\src\AI\MCP\B2X.Admin.MCP\B2X.Admin.MCP.csproj]
C:\Users\Holge\repos\B2Connect\src\AI\MCP\B2X.Admin.MCP\Services\AdvancedNlpService.cs(444,62): warning MA0002: Use an overload that has a IEqualityComparer<string> or IComparer<string> parameter (https://github.com/meziantou/Meziantou.Analyzer/blob/main/docs/Rules/MA0002.md) [C:\Users\Holge\repos\B2Connect\src\AI\MCP\B2X.Admin.MCP\B2X.Admin.MCP.csproj]
C:\Users\Holge\repos\B2Connect\src\AI\MCP\B2X.Admin.MCP\Services\AdvancedNlpService.cs(445,71): warning MA0002: Use an overload that has a IEqualityComparer<string> or IComparer<string> parameter (https://github.com/meziantou/Meziantou.Analyzer/blob/main/docs/Rules/MA0002.md) [C:\Users\Holge\repos\B2Connect\src\AI\MCP\B2X.Admin.MCP\B2X.Admin.MCP.csproj]
C:\Users\Holge\repos\B2Connect\src\AI\MCP\B2X.Admin.MCP\Tools\TemplateValidationTool.cs(53,47): warning S1144: Remove the unused private method 'ValidateSyntaxAsync'. (https://rules.sonarsource.com/csharp/RSPEC-1144) [C:\Users\Holge\repos\B2Connect\src\AI\MCP\B2X.Admin.MCP\B2X.Admin.MCP.csproj]
C:\Users\Holge\repos\B2Connect\src\AI\MCP\B2X.Admin.MCP\Tools\TemplateValidationTool.cs(129,47): warning S1144: Remove the unused private method 'ValidateSecurityAsync'. (https://rules.sonarsource.com/csharp/RSPEC-1144) [C:\Users\Holge\repos\B2Connect\src\AI\MCP\B2X.Admin.MCP\B2X.Admin.MCP.csproj]
C:\Users\Holge\repos\B2Connect\src\AI\MCP\B2X.Admin.MCP\Tools\TemplateValidationTool.cs(177,47): warning S1144: Remove the unused private method 'ValidatePerformanceAsync'. (https://rules.sonarsource.com/csharp/RSPEC-1144) [C:\Users\Holge\repos\B2Connect\src\AI\MCP\B2X.Admin.MCP\B2X.Admin.MCP.csproj]
C:\Users\Holge\repos\B2Connect\src\AI\MCP\B2X.Admin.MCP\Tools\TemplateValidationTool.cs(250,47): warning S1144: Remove the unused private method 'ValidateBestPracticesAsync'. (https://rules.sonarsource.com/csharp/RSPEC-1144) [C:\Users\Holge\repos\B2Connect\src\AI\MCP\B2X.Admin.MCP\B2X.Admin.MCP.csproj]
C:\Users\Holge\repos\B2Connect\src\AI\MCP\B2X.Admin.MCP\Tools\TemplateValidationTool.cs(297,44): warning S1144: Remove the unused private method 'PerformAiAnalysisAsync'. (https://rules.sonarsource.com/csharp/RSPEC-1144) [C:\Users\Holge\repos\B2Connect\src\AI\MCP\B2X.Admin.MCP\B2X.Admin.MCP.csproj]
C:\Users\Holge\repos\B2Connect\src\AI\MCP\B2X.Admin.MCP\Services\AiConsumptionGateway.cs(15,80): warning MA0002: Use an overload that has a IEqualityComparer<string> or IComparer<string> parameter (https://github.com/meziantou/Meziantou.Analyzer/blob/main/docs/Rules/MA0002.md) [C:\Users\Holge\repos\B2Connect\src\AI\MCP\B2X.Admin.MCP\B2X.Admin.MCP.csproj]
C:\Users\Holge\repos\B2Connect\src\AI\MCP\B2X.Admin.MCP\Services\DataSanitizationService.cs(61,91): warning MA0002: Use an overload that has a IEqualityComparer<string> or IComparer<string> parameter (https://github.com/meziantou/Meziantou.Analyzer/blob/main/docs/Rules/MA0002.md) [C:\Users\Holge\repos\B2Connect\src\AI\MCP\B2X.Admin.MCP\B2X.Admin.MCP.csproj]
C:\Users\Holge\repos\B2Connect\src\AI\MCP\B2X.Admin.MCP\Services\DataSanitizationService.cs(20,77): warning MA0002: Use an overload that has a IEqualityComparer<string> or IComparer<string> parameter (https://github.com/meziantou/Meziantou.Analyzer/blob/main/docs/Rules/MA0002.md) [C:\Users\Holge\repos\B2Connect\src\AI\MCP\B2X.Admin.MCP\B2X.Admin.MCP.csproj]
C:\Users\Holge\repos\B2Connect\src\AI\MCP\B2X.Admin.MCP\Services\AdvancedNlpService.cs(17,68): warning MA0002: Use an overload that has a IEqualityComparer<string> or IComparer<string> parameter (https://github.com/meziantou/Meziantou.Analyzer/blob/main/docs/Rules/MA0002.md) [C:\Users\Holge\repos\B2Connect\src\AI\MCP\B2X.Admin.MCP\B2X.Admin.MCP.csproj]
C:\Users\Holge\repos\B2Connect\src\AI\MCP\B2X.Admin.MCP\Tools\SecurityComplianceTool.cs(32,22): warning MA0004: Use Task.ConfigureAwait(false) if the current SynchronizationContext is not needed (https://github.com/meziantou/Meziantou.Analyzer/blob/main/docs/Rules/MA0004.md) [C:\Users\Holge\repos\B2Connect\src\AI\MCP\B2X.Admin.MCP\B2X.Admin.MCP.csproj]
C:\Users\Holge\repos\B2Connect\src\AI\MCP\B2X.Admin.MCP\Tools\PerformanceOptimizationTool.cs(32,22): warning MA0004: Use Task.ConfigureAwait(false) if the current SynchronizationContext is not needed (https://github.com/meziantou/Meziantou.Analyzer/blob/main/docs/Rules/MA0004.md) [C:\Users\Holge\repos\B2Connect\src\AI\MCP\B2X.Admin.MCP\B2X.Admin.MCP.csproj]
C:\Users\Holge\repos\B2Connect\src\AI\MCP\B2X.Admin.MCP\Tools\EmailTemplateDesignTool.cs(32,22): warning MA0004: Use Task.ConfigureAwait(false) if the current SynchronizationContext is not needed (https://github.com/meziantou/Meziantou.Analyzer/blob/main/docs/Rules/MA0004.md) [C:\Users\Holge\repos\B2Connect\src\AI\MCP\B2X.Admin.MCP\B2X.Admin.MCP.csproj]
C:\Users\Holge\repos\B2Connect\src\AI\MCP\B2X.Admin.MCP\Tools\StoreOperationsTool.cs(32,22): warning MA0004: Use Task.ConfigureAwait(false) if the current SynchronizationContext is not needed (https://github.com/meziantou/Meziantou.Analyzer/blob/main/docs/Rules/MA0004.md) [C:\Users\Holge\repos\B2Connect\src\AI\MCP\B2X.Admin.MCP\B2X.Admin.MCP.csproj]
C:\Users\Holge\repos\B2Connect\src\AI\MCP\B2X.Admin.MCP\Tools\SecurityComplianceTool.cs(53,26): warning MA0004: Use Task.ConfigureAwait(false) if the current SynchronizationContext is not needed (https://github.com/meziantou/Meziantou.Analyzer/blob/main/docs/Rules/MA0004.md) [C:\Users\Holge\repos\B2Connect\src\AI\MCP\B2X.Admin.MCP\B2X.Admin.MCP.csproj]
C:\Users\Holge\repos\B2Connect\src\AI\MCP\B2X.Admin.MCP\Tools\PerformanceOptimizationTool.cs(53,26): warning MA0004: Use Task.ConfigureAwait(false) if the current SynchronizationContext is not needed (https://github.com/meziantou/Meziantou.Analyzer/blob/main/docs/Rules/MA0004.md) [C:\Users\Holge\repos\B2Connect\src\AI\MCP\B2X.Admin.MCP\B2X.Admin.MCP.csproj]
C:\Users\Holge\repos\B2Connect\src\AI\MCP\B2X.Admin.MCP\Tools\StoreOperationsTool.cs(53,26): warning MA0004: Use Task.ConfigureAwait(false) if the current SynchronizationContext is not needed (https://github.com/meziantou/Meziantou.Analyzer/blob/main/docs/Rules/MA0004.md) [C:\Users\Holge\repos\B2Connect\src\AI\MCP\B2X.Admin.MCP\B2X.Admin.MCP.csproj]
C:\Users\Holge\repos\B2Connect\src\AI\MCP\B2X.Admin.MCP\Tools\EmailTemplateDesignTool.cs(53,26): warning MA0004: Use Task.ConfigureAwait(false) if the current SynchronizationContext is not needed (https://github.com/meziantou/Meziantou.Analyzer/blob/main/docs/Rules/MA0004.md) [C:\Users\Holge\repos\B2Connect\src\AI\MCP\B2X.Admin.MCP\B2X.Admin.MCP.csproj]
C:\Users\Holge\repos\B2Connect\src\AI\MCP\B2X.Admin.MCP\Tools\EmailTemplateDesignTool.cs(59,24): warning MA0004: Use Task.ConfigureAwait(false) if the current SynchronizationContext is not needed (https://github.com/meziantou/Meziantou.Analyzer/blob/main/docs/Rules/MA0004.md) [C:\Users\Holge\repos\B2Connect\src\AI\MCP\B2X.Admin.MCP\B2X.Admin.MCP.csproj]
C:\Users\Holge\repos\B2Connect\src\AI\MCP\B2X.Admin.MCP\Tools\StoreOperationsTool.cs(59,24): warning MA0004: Use Task.ConfigureAwait(false) if the current SynchronizationContext is not needed (https://github.com/meziantou/Meziantou.Analyzer/blob/main/docs/Rules/MA0004.md) [C:\Users\Holge\repos\B2Connect\src\AI\MCP\B2X.Admin.MCP\B2X.Admin.MCP.csproj]
C:\Users\Holge\repos\B2Connect\src\AI\MCP\B2X.Admin.MCP\Tools\SecurityComplianceTool.cs(59,24): warning MA0004: Use Task.ConfigureAwait(false) if the current SynchronizationContext is not needed (https://github.com/meziantou/Meziantou.Analyzer/blob/main/docs/Rules/MA0004.md) [C:\Users\Holge\repos\B2Connect\src\AI\MCP\B2X.Admin.MCP\B2X.Admin.MCP.csproj]
C:\Users\Holge\repos\B2Connect\src\AI\MCP\B2X.Admin.MCP\Tools\PerformanceOptimizationTool.cs(59,24): warning MA0004: Use Task.ConfigureAwait(false) if the current SynchronizationContext is not needed (https://github.com/meziantou/Meziantou.Analyzer/blob/main/docs/Rules/MA0004.md) [C:\Users\Holge\repos\B2Connect\src\AI\MCP\B2X.Admin.MCP\B2X.Admin.MCP.csproj]
C:\Users\Holge\repos\B2Connect\src\AI\MCP\B2X.Admin.MCP\Tools\UserManagementAssistantTool.cs(32,22): warning MA0004: Use Task.ConfigureAwait(false) if the current SynchronizationContext is not needed (https://github.com/meziantou/Meziantou.Analyzer/blob/main/docs/Rules/MA0004.md) [C:\Users\Holge\repos\B2Connect\src\AI\MCP\B2X.Admin.MCP\B2X.Admin.MCP.csproj]
C:\Users\Holge\repos\B2Connect\src\AI\MCP\B2X.Admin.MCP\Tools\UserManagementAssistantTool.cs(48,26): warning MA0004: Use Task.ConfigureAwait(false) if the current SynchronizationContext is not needed (https://github.com/meziantou/Meziantou.Analyzer/blob/main/docs/Rules/MA0004.md) [C:\Users\Holge\repos\B2Connect\src\AI\MCP\B2X.Admin.MCP\B2X.Admin.MCP.csproj]
C:\Users\Holge\repos\B2Connect\src\AI\MCP\B2X.Admin.MCP\Tools\UserManagementAssistantTool.cs(54,24): warning MA0004: Use Task.ConfigureAwait(false) if the current SynchronizationContext is not needed (https://github.com/meziantou/Meziantou.Analyzer/blob/main/docs/Rules/MA0004.md) [C:\Users\Holge\repos\B2Connect\src\AI\MCP\B2X.Admin.MCP\B2X.Admin.MCP.csproj]
C:\Users\Holge\repos\B2Connect\src\AI\MCP\B2X.Admin.MCP\Tools\IntegrationManagementTool.cs(32,22): warning MA0004: Use Task.ConfigureAwait(false) if the current SynchronizationContext is not needed (https://github.com/meziantou/Meziantou.Analyzer/blob/main/docs/Rules/MA0004.md) [C:\Users\Holge\repos\B2Connect\src\AI\MCP\B2X.Admin.MCP\B2X.Admin.MCP.csproj]
C:\Users\Holge\repos\B2Connect\src\AI\MCP\B2X.Admin.MCP\Services\AbTestingService.cs(44,9): warning MA0004: Use Task.ConfigureAwait(false) if the current SynchronizationContext is not needed (https://github.com/meziantou/Meziantou.Analyzer/blob/main/docs/Rules/MA0004.md) [C:\Users\Holge\repos\B2Connect\src\AI\MCP\B2X.Admin.MCP\B2X.Admin.MCP.csproj]
C:\Users\Holge\repos\B2Connect\src\AI\MCP\B2X.Admin.MCP\Tools\IntegrationManagementTool.cs(53,26): warning MA0004: Use Task.ConfigureAwait(false) if the current SynchronizationContext is not needed (https://github.com/meziantou/Meziantou.Analyzer/blob/main/docs/Rules/MA0004.md) [C:\Users\Holge\repos\B2Connect\src\AI\MCP\B2X.Admin.MCP\B2X.Admin.MCP.csproj]
C:\Users\Holge\repos\B2Connect\src\AI\MCP\B2X.Admin.MCP\Tools\IntegrationManagementTool.cs(59,24): warning MA0004: Use Task.ConfigureAwait(false) if the current SynchronizationContext is not needed (https://github.com/meziantou/Meziantou.Analyzer/blob/main/docs/Rules/MA0004.md) [C:\Users\Holge\repos\B2Connect\src\AI\MCP\B2X.Admin.MCP\B2X.Admin.MCP.csproj]
C:\Users\Holge\repos\B2Connect\src\AI\MCP\B2X.Admin.MCP\McpEndpoints.cs(22,26): warning MA0004: Use Task.ConfigureAwait(false) if the current SynchronizationContext is not needed (https://github.com/meziantou/Meziantou.Analyzer/blob/main/docs/Rules/MA0004.md) [C:\Users\Holge\repos\B2Connect\src\AI\MCP\B2X.Admin.MCP\B2X.Admin.MCP.csproj]
C:\Users\Holge\repos\B2Connect\src\AI\MCP\B2X.Admin.MCP\McpEndpoints.cs(30,26): warning MA0004: Use Task.ConfigureAwait(false) if the current SynchronizationContext is not needed (https://github.com/meziantou/Meziantou.Analyzer/blob/main/docs/Rules/MA0004.md) [C:\Users\Holge\repos\B2Connect\src\AI\MCP\B2X.Admin.MCP\B2X.Admin.MCP.csproj]
C:\Users\Holge\repos\B2Connect\src\AI\MCP\B2X.Admin.MCP\McpEndpoints.cs(38,26): warning MA0004: Use Task.ConfigureAwait(false) if the current SynchronizationContext is not needed (https://github.com/meziantou/Meziantou.Analyzer/blob/main/docs/Rules/MA0004.md) [C:\Users\Holge\repos\B2Connect\src\AI\MCP\B2X.Admin.MCP\B2X.Admin.MCP.csproj]
C:\Users\Holge\repos\B2Connect\src\AI\MCP\B2X.Admin.MCP\McpEndpoints.cs(62,26): warning MA0004: Use Task.ConfigureAwait(false) if the current SynchronizationContext is not needed (https://github.com/meziantou/Meziantou.Analyzer/blob/main/docs/Rules/MA0004.md) [C:\Users\Holge\repos\B2Connect\src\AI\MCP\B2X.Admin.MCP\B2X.Admin.MCP.csproj]
C:\Users\Holge\repos\B2Connect\src\AI\MCP\B2X.Admin.MCP\McpEndpoints.cs(71,27): warning MA0004: Use Task.ConfigureAwait(false) if the current SynchronizationContext is not needed (https://github.com/meziantou/Meziantou.Analyzer/blob/main/docs/Rules/MA0004.md) [C:\Users\Holge\repos\B2Connect\src\AI\MCP\B2X.Admin.MCP\B2X.Admin.MCP.csproj]
C:\Users\Holge\repos\B2Connect\src\AI\MCP\B2X.Admin.MCP\Middleware\AiConsumptionControlMiddleware.cs(39,17): warning MA0004: Use Task.ConfigureAwait(false) if the current SynchronizationContext is not needed (https://github.com/meziantou/Meziantou.Analyzer/blob/main/docs/Rules/MA0004.md) [C:\Users\Holge\repos\B2Connect\src\AI\MCP\B2X.Admin.MCP\B2X.Admin.MCP.csproj]
C:\Users\Holge\repos\B2Connect\src\AI\MCP\B2X.Admin.MCP\Middleware\AiConsumptionControlMiddleware.cs(53,9): warning MA0004: Use Task.ConfigureAwait(false) if the current SynchronizationContext is not needed (https://github.com/meziantou/Meziantou.Analyzer/blob/main/docs/Rules/MA0004.md) [C:\Users\Holge\repos\B2Connect\src\AI\MCP\B2X.Admin.MCP\B2X.Admin.MCP.csproj]
C:\Users\Holge\repos\B2Connect\src\AI\MCP\B2X.Admin.MCP\McpEndpoints.cs(50,24): warning MA0002: Use an overload that has a IEqualityComparer<string> or IComparer<string> parameter (https://github.com/meziantou/Meziantou.Analyzer/blob/main/docs/Rules/MA0002.md) [C:\Users\Holge\repos\B2Connect\src\AI\MCP\B2X.Admin.MCP\B2X.Admin.MCP.csproj]
C:\Users\Holge\repos\B2Connect\src\AI\MCP\B2X.Admin.MCP\Middleware\TenantContextMiddleware.cs(23,13): warning MA0004: Use Task.ConfigureAwait(false) if the current SynchronizationContext is not needed (https://github.com/meziantou/Meziantou.Analyzer/blob/main/docs/Rules/MA0004.md) [C:\Users\Holge\repos\B2Connect\src\AI\MCP\B2X.Admin.MCP\B2X.Admin.MCP.csproj]
C:\Users\Holge\repos\B2Connect\src\AI\MCP\B2X.Admin.MCP\Middleware\TenantContextMiddleware.cs(33,13): warning MA0004: Use Task.ConfigureAwait(false) if the current SynchronizationContext is not needed (https://github.com/meziantou/Meziantou.Analyzer/blob/main/docs/Rules/MA0004.md) [C:\Users\Holge\repos\B2Connect\src\AI\MCP\B2X.Admin.MCP\B2X.Admin.MCP.csproj]
C:\Users\Holge\repos\B2Connect\src\AI\MCP\B2X.Admin.MCP\Middleware\TenantContextMiddleware.cs(41,13): warning MA0004: Use Task.ConfigureAwait(false) if the current SynchronizationContext is not needed (https://github.com/meziantou/Meziantou.Analyzer/blob/main/docs/Rules/MA0004.md) [C:\Users\Holge\repos\B2Connect\src\AI\MCP\B2X.Admin.MCP\B2X.Admin.MCP.csproj]
C:\Users\Holge\repos\B2Connect\src\AI\MCP\B2X.Admin.MCP\Middleware\TenantContextMiddleware.cs(53,9): warning MA0004: Use Task.ConfigureAwait(false) if the current SynchronizationContext is not needed (https://github.com/meziantou/Meziantou.Analyzer/blob/main/docs/Rules/MA0004.md) [C:\Users\Holge\repos\B2Connect\src\AI\MCP\B2X.Admin.MCP\B2X.Admin.MCP.csproj]
C:\Users\Holge\repos\B2Connect\src\AI\MCP\B2X.Admin.MCP\Middleware\TenantContextMiddleware.cs(21,13): warning MA0074: Use an overload of 'StartsWithSegments' that has a StringComparison parameter (https://github.com/meziantou/Meziantou.Analyzer/blob/main/docs/Rules/MA0074.md) [C:\Users\Holge\repos\B2Connect\src\AI\MCP\B2X.Admin.MCP\B2X.Admin.MCP.csproj]
C:\Users\Holge\repos\B2Connect\src\AI\MCP\B2X.Admin.MCP\Services\McpServer.cs(97,24): warning MA0004: Use Task.ConfigureAwait(false) if the current SynchronizationContext is not needed (https://github.com/meziantou/Meziantou.Analyzer/blob/main/docs/Rules/MA0004.md) [C:\Users\Holge\repos\B2Connect\src\AI\MCP\B2X.Admin.MCP\B2X.Admin.MCP.csproj]
C:\Users\Holge\repos\B2Connect\src\AI\MCP\B2X.Admin.MCP\Services\McpServer.cs(100,26): warning MA0004: Use Task.ConfigureAwait(false) if the current SynchronizationContext is not needed (https://github.com/meziantou/Meziantou.Analyzer/blob/main/docs/Rules/MA0004.md) [C:\Users\Holge\repos\B2Connect\src\AI\MCP\B2X.Admin.MCP\B2X.Admin.MCP.csproj]
C:\Users\Holge\repos\B2Connect\src\AI\MCP\B2X.Admin.MCP\Tools\CmsPageDesignTool.cs(32,22): warning MA0004: Use Task.ConfigureAwait(false) if the current SynchronizationContext is not needed (https://github.com/meziantou/Meziantou.Analyzer/blob/main/docs/Rules/MA0004.md) [C:\Users\Holge\repos\B2Connect\src\AI\MCP\B2X.Admin.MCP\B2X.Admin.MCP.csproj]
C:\Users\Holge\repos\B2Connect\src\AI\MCP\B2X.Admin.MCP\Services\AbTestingService.cs(68,9): warning MA0004: Use Task.ConfigureAwait(false) if the current SynchronizationContext is not needed (https://github.com/meziantou/Meziantou.Analyzer/blob/main/docs/Rules/MA0004.md) [C:\Users\Holge\repos\B2Connect\src\AI\MCP\B2X.Admin.MCP\B2X.Admin.MCP.csproj]
C:\Users\Holge\repos\B2Connect\src\AI\MCP\B2X.Admin.MCP\Tools\CmsPageDesignTool.cs(52,26): warning MA0004: Use Task.ConfigureAwait(false) if the current SynchronizationContext is not needed (https://github.com/meziantou/Meziantou.Analyzer/blob/main/docs/Rules/MA0004.md) [C:\Users\Holge\repos\B2Connect\src\AI\MCP\B2X.Admin.MCP\B2X.Admin.MCP.csproj]
C:\Users\Holge\repos\B2Connect\src\AI\MCP\B2X.Admin.MCP\Tools\CmsPageDesignTool.cs(58,24): warning MA0004: Use Task.ConfigureAwait(false) if the current SynchronizationContext is not needed (https://github.com/meziantou/Meziantou.Analyzer/blob/main/docs/Rules/MA0004.md) [C:\Users\Holge\repos\B2Connect\src\AI\MCP\B2X.Admin.MCP\B2X.Admin.MCP.csproj]
C:\Users\Holge\repos\B2Connect\src\AI\MCP\B2X.Admin.MCP\Tools\ContentOptimizationTool.cs(32,22): warning MA0004: Use Task.ConfigureAwait(false) if the current SynchronizationContext is not needed (https://github.com/meziantou/Meziantou.Analyzer/blob/main/docs/Rules/MA0004.md) [C:\Users\Holge\repos\B2Connect\src\AI\MCP\B2X.Admin.MCP\B2X.Admin.MCP.csproj]
C:\Users\Holge\repos\B2Connect\src\AI\MCP\B2X.Admin.MCP\Tools\ContentOptimizationTool.cs(56,26): warning MA0004: Use Task.ConfigureAwait(false) if the current SynchronizationContext is not needed (https://github.com/meziantou/Meziantou.Analyzer/blob/main/docs/Rules/MA0004.md) [C:\Users\Holge\repos\B2Connect\src\AI\MCP\B2X.Admin.MCP\B2X.Admin.MCP.csproj]
C:\Users\Holge\repos\B2Connect\src\AI\MCP\B2X.Admin.MCP\Tools\ContentOptimizationTool.cs(62,24): warning MA0004: Use Task.ConfigureAwait(false) if the current SynchronizationContext is not needed (https://github.com/meziantou/Meziantou.Analyzer/blob/main/docs/Rules/MA0004.md) [C:\Users\Holge\repos\B2Connect\src\AI\MCP\B2X.Admin.MCP\B2X.Admin.MCP.csproj]
C:\Users\Holge\repos\B2Connect\src\AI\MCP\B2X.Admin.MCP\Middleware\AiConsumptionControlMiddleware.cs(70,44): warning MA0074: Use an overload of 'StartsWithSegments' that has a StringComparison parameter (https://github.com/meziantou/Meziantou.Analyzer/blob/main/docs/Rules/MA0074.md) [C:\Users\Holge\repos\B2Connect\src\AI\MCP\B2X.Admin.MCP\B2X.Admin.MCP.csproj]
C:\Users\Holge\repos\B2Connect\src\AI\MCP\B2X.Admin.MCP\Services\McpServer.cs(95,17): warning MA0006: Use string.Equals instead of Equals operator (https://github.com/meziantou/Meziantou.Analyzer/blob/main/docs/Rules/MA0006.md) [C:\Users\Holge\repos\B2Connect\src\AI\MCP\B2X.Admin.MCP\B2X.Admin.MCP.csproj]
C:\Users\Holge\repos\B2Connect\src\AI\MCP\B2X.Admin.MCP\Controllers\ConversationController.cs(246,77): warning MA0006: Use string.Equals instead of Equals operator (https://github.com/meziantou/Meziantou.Analyzer/blob/main/docs/Rules/MA0006.md) [C:\Users\Holge\repos\B2Connect\src\AI\MCP\B2X.Admin.MCP\B2X.Admin.MCP.csproj]
C:\Users\Holge\repos\B2Connect\src\AI\MCP\B2X.Admin.MCP\Middleware\AiConsumptionControlMiddleware.cs(96,13): warning MA0006: Use string.Equals instead of Equals operator (https://github.com/meziantou/Meziantou.Analyzer/blob/main/docs/Rules/MA0006.md) [C:\Users\Holge\repos\B2Connect\src\AI\MCP\B2X.Admin.MCP\B2X.Admin.MCP.csproj]
C:\Users\Holge\repos\B2Connect\src\AI\MCP\B2X.Admin.MCP\Middleware\AiConsumptionControlMiddleware.cs(97,13): warning MA0006: Use string.Equals instead of Equals operator (https://github.com/meziantou/Meziantou.Analyzer/blob/main/docs/Rules/MA0006.md) [C:\Users\Holge\repos\B2Connect\src\AI\MCP\B2X.Admin.MCP\B2X.Admin.MCP.csproj]
C:\Users\Holge\repos\B2Connect\src\AI\MCP\B2X.Admin.MCP\Services\AbTestingService.cs(79,20): warning MA0004: Use Task.ConfigureAwait(false) if the current SynchronizationContext is not needed (https://github.com/meziantou/Meziantou.Analyzer/blob/main/docs/Rules/MA0004.md) [C:\Users\Holge\repos\B2Connect\src\AI\MCP\B2X.Admin.MCP\B2X.Admin.MCP.csproj]
C:\Users\Holge\repos\B2Connect\src\AI\MCP\B2X.Admin.MCP\Services\AbTestingService.cs(93,9): warning MA0004: Use Task.ConfigureAwait(false) if the current SynchronizationContext is not needed (https://github.com/meziantou/Meziantou.Analyzer/blob/main/docs/Rules/MA0004.md) [C:\Users\Holge\repos\B2Connect\src\AI\MCP\B2X.Admin.MCP\B2X.Admin.MCP.csproj]
C:\Users\Holge\repos\B2Connect\src\AI\MCP\B2X.Admin.MCP\Controllers\ConversationController.cs(290,29): warning MA0006: Use string.Equals instead of Equals operator (https://github.com/meziantou/Meziantou.Analyzer/blob/main/docs/Rules/MA0006.md) [C:\Users\Holge\repos\B2Connect\src\AI\MCP\B2X.Admin.MCP\B2X.Admin.MCP.csproj]
C:\Users\Holge\repos\B2Connect\src\AI\MCP\B2X.Admin.MCP\Tools\TenantManagementTool.cs(32,22): warning MA0004: Use Task.ConfigureAwait(false) if the current SynchronizationContext is not needed (https://github.com/meziantou/Meziantou.Analyzer/blob/main/docs/Rules/MA0004.md) [C:\Users\Holge\repos\B2Connect\src\AI\MCP\B2X.Admin.MCP\B2X.Admin.MCP.csproj]
C:\Users\Holge\repos\B2Connect\src\AI\MCP\B2X.Admin.MCP\Tools\TenantManagementTool.cs(53,26): warning MA0004: Use Task.ConfigureAwait(false) if the current SynchronizationContext is not needed (https://github.com/meziantou/Meziantou.Analyzer/blob/main/docs/Rules/MA0004.md) [C:\Users\Holge\repos\B2Connect\src\AI\MCP\B2X.Admin.MCP\B2X.Admin.MCP.csproj]
C:\Users\Holge\repos\B2Connect\src\AI\MCP\B2X.Admin.MCP\Tools\TenantManagementTool.cs(59,24): warning MA0004: Use Task.ConfigureAwait(false) if the current SynchronizationContext is not needed (https://github.com/meziantou/Meziantou.Analyzer/blob/main/docs/Rules/MA0004.md) [C:\Users\Holge\repos\B2Connect\src\AI\MCP\B2X.Admin.MCP\B2X.Admin.MCP.csproj]
C:\Users\Holge\repos\B2Connect\src\AI\MCP\B2X.Admin.MCP\Tools\SystemHealthAnalysisTool.cs(36,29): warning MA0004: Use Task.ConfigureAwait(false) if the current SynchronizationContext is not needed (https://github.com/meziantou/Meziantou.Analyzer/blob/main/docs/Rules/MA0004.md) [C:\Users\Holge\repos\B2Connect\src\AI\MCP\B2X.Admin.MCP\B2X.Admin.MCP.csproj]
C:\Users\Holge\repos\B2Connect\src\AI\MCP\B2X.Admin.MCP\Tools\SystemHealthAnalysisTool.cs(58,28): warning MA0004: Use Task.ConfigureAwait(false) if the current SynchronizationContext is not needed (https://github.com/meziantou/Meziantou.Analyzer/blob/main/docs/Rules/MA0004.md) [C:\Users\Holge\repos\B2Connect\src\AI\MCP\B2X.Admin.MCP\B2X.Admin.MCP.csproj]
C:\Users\Holge\repos\B2Connect\src\AI\MCP\B2X.Admin.MCP\Services\ConversationService.cs(44,9): warning MA0004: Use Task.ConfigureAwait(false) if the current SynchronizationContext is not needed (https://github.com/meziantou/Meziantou.Analyzer/blob/main/docs/Rules/MA0004.md) [C:\Users\Holge\repos\B2Connect\src\AI\MCP\B2X.Admin.MCP\B2X.Admin.MCP.csproj]
C:\Users\Holge\repos\B2Connect\src\AI\MCP\B2X.Admin.MCP\Services\AiConsumptionGateway.cs(41,18): warning MA0004: Use Task.ConfigureAwait(false) if the current SynchronizationContext is not needed (https://github.com/meziantou/Meziantou.Analyzer/blob/main/docs/Rules/MA0004.md) [C:\Users\Holge\repos\B2Connect\src\AI\MCP\B2X.Admin.MCP\B2X.Admin.MCP.csproj]
C:\Users\Holge\repos\B2Connect\src\AI\MCP\B2X.Admin.MCP\Services\AiConsumptionGateway.cs(47,18): warning MA0004: Use Task.ConfigureAwait(false) if the current SynchronizationContext is not needed (https://github.com/meziantou/Meziantou.Analyzer/blob/main/docs/Rules/MA0004.md) [C:\Users\Holge\repos\B2Connect\src\AI\MCP\B2X.Admin.MCP\B2X.Admin.MCP.csproj]
C:\Users\Holge\repos\B2Connect\src\AI\MCP\B2X.Admin.MCP\Services\AiConsumptionGateway.cs(53,28): warning MA0004: Use Task.ConfigureAwait(false) if the current SynchronizationContext is not needed (https://github.com/meziantou/Meziantou.Analyzer/blob/main/docs/Rules/MA0004.md) [C:\Users\Holge\repos\B2Connect\src\AI\MCP\B2X.Admin.MCP\B2X.Admin.MCP.csproj]
C:\Users\Holge\repos\B2Connect\src\AI\MCP\B2X.Admin.MCP\Services\AiConsumptionGateway.cs(56,13): warning MA0004: Use Task.ConfigureAwait(false) if the current SynchronizationContext is not needed (https://github.com/meziantou/Meziantou.Analyzer/blob/main/docs/Rules/MA0004.md) [C:\Users\Holge\repos\B2Connect\src\AI\MCP\B2X.Admin.MCP\B2X.Admin.MCP.csproj]
C:\Users\Holge\repos\B2Connect\src\AI\MCP\B2X.Admin.MCP\Services\AiConsumptionGateway.cs(70,13): warning MA0004: Use Task.ConfigureAwait(false) if the current SynchronizationContext is not needed (https://github.com/meziantou/Meziantou.Analyzer/blob/main/docs/Rules/MA0004.md) [C:\Users\Holge\repos\B2Connect\src\AI\MCP\B2X.Admin.MCP\B2X.Admin.MCP.csproj]
C:\Users\Holge\repos\B2Connect\src\AI\MCP\B2X.Admin.MCP\Tools\TemplateValidationTool.cs(41,22): warning MA0004: Use Task.ConfigureAwait(false) if the current SynchronizationContext is not needed (https://github.com/meziantou/Meziantou.Analyzer/blob/main/docs/Rules/MA0004.md) [C:\Users\Holge\repos\B2Connect\src\AI\MCP\B2X.Admin.MCP\B2X.Admin.MCP.csproj]
C:\Users\Holge\repos\B2Connect\src\AI\MCP\B2X.Admin.MCP\Services\AbTestingService.cs(113,20): warning MA0021: Use an explicit StringComparer to compute hash codes (https://github.com/meziantou/Meziantou.Analyzer/blob/main/docs/Rules/MA0021.md) [C:\Users\Holge\repos\B2Connect\src\AI\MCP\B2X.Admin.MCP\B2X.Admin.MCP.csproj]
C:\Users\Holge\repos\B2Connect\src\AI\MCP\B2X.Admin.MCP\Services\AbTestingService.cs(103,20): warning MA0004: Use Task.ConfigureAwait(false) if the current SynchronizationContext is not needed (https://github.com/meziantou/Meziantou.Analyzer/blob/main/docs/Rules/MA0004.md) [C:\Users\Holge\repos\B2Connect\src\AI\MCP\B2X.Admin.MCP\B2X.Admin.MCP.csproj]
C:\Users\Holge\repos\B2Connect\src\AI\MCP\B2X.Admin.MCP\Tools\SystemHealthAnalysisTool.cs(106,22): warning MA0004: Use Task.ConfigureAwait(false) if the current SynchronizationContext is not needed (https://github.com/meziantou/Meziantou.Analyzer/blob/main/docs/Rules/MA0004.md) [C:\Users\Holge\repos\B2Connect\src\AI\MCP\B2X.Admin.MCP\B2X.Admin.MCP.csproj]
C:\Users\Holge\repos\B2Connect\src\AI\MCP\B2X.Admin.MCP\Tools\SystemHealthAnalysisTool.cs(107,21): warning MA0004: Use Task.ConfigureAwait(false) if the current SynchronizationContext is not needed (https://github.com/meziantou/Meziantou.Analyzer/blob/main/docs/Rules/MA0004.md) [C:\Users\Holge\repos\B2Connect\src\AI\MCP\B2X.Admin.MCP\B2X.Admin.MCP.csproj]
C:\Users\Holge\repos\B2Connect\src\AI\MCP\B2X.Admin.MCP\Tools\SystemHealthAnalysisTool.cs(109,9): warning MA0004: Use Task.ConfigureAwait(false) if the current SynchronizationContext is not needed (https://github.com/meziantou/Meziantou.Analyzer/blob/main/docs/Rules/MA0004.md) [C:\Users\Holge\repos\B2Connect\src\AI\MCP\B2X.Admin.MCP\B2X.Admin.MCP.csproj]
C:\Users\Holge\repos\B2Connect\src\AI\MCP\B2X.Admin.MCP\Services\ConversationService.cs(55,16): warning MA0004: Use Task.ConfigureAwait(false) if the current SynchronizationContext is not needed (https://github.com/meziantou/Meziantou.Analyzer/blob/main/docs/Rules/MA0004.md) [C:\Users\Holge\repos\B2Connect\src\AI\MCP\B2X.Admin.MCP\B2X.Admin.MCP.csproj]
C:\Users\Holge\repos\B2Connect\src\AI\MCP\B2X.Admin.MCP\Tools\SystemHealthAnalysisTool.cs(83,13): warning MA0006: Use string.Equals instead of Equals operator (https://github.com/meziantou/Meziantou.Analyzer/blob/main/docs/Rules/MA0006.md) [C:\Users\Holge\repos\B2Connect\src\AI\MCP\B2X.Admin.MCP\B2X.Admin.MCP.csproj]
C:\Users\Holge\repos\B2Connect\src\AI\MCP\B2X.Admin.MCP\Services\McpServer.cs(155,28): warning MA0004: Use Task.ConfigureAwait(false) if the current SynchronizationContext is not needed (https://github.com/meziantou/Meziantou.Analyzer/blob/main/docs/Rules/MA0004.md) [C:\Users\Holge\repos\B2Connect\src\AI\MCP\B2X.Admin.MCP\B2X.Admin.MCP.csproj]
C:\Users\Holge\repos\B2Connect\src\AI\MCP\B2X.Admin.MCP\Services\McpServer.cs(163,17): warning MA0004: Use Task.ConfigureAwait(false) if the current SynchronizationContext is not needed (https://github.com/meziantou/Meziantou.Analyzer/blob/main/docs/Rules/MA0004.md) [C:\Users\Holge\repos\B2Connect\src\AI\MCP\B2X.Admin.MCP\B2X.Admin.MCP.csproj]
C:\Users\Holge\repos\B2Connect\src\AI\MCP\B2X.Admin.MCP\Services\McpServer.cs(171,30): warning MA0004: Use Task.ConfigureAwait(false) if the current SynchronizationContext is not needed (https://github.com/meziantou/Meziantou.Analyzer/blob/main/docs/Rules/MA0004.md) [C:\Users\Holge\repos\B2Connect\src\AI\MCP\B2X.Admin.MCP\B2X.Admin.MCP.csproj]
C:\Users\Holge\repos\B2Connect\src\AI\MCP\B2X.Admin.MCP\Services\McpServer.cs(222,26): warning MA0002: Use an overload that has a IEqualityComparer<string> or IComparer<string> parameter (https://github.com/meziantou/Meziantou.Analyzer/blob/main/docs/Rules/MA0002.md) [C:\Users\Holge\repos\B2Connect\src\AI\MCP\B2X.Admin.MCP\B2X.Admin.MCP.csproj]
C:\Users\Holge\repos\B2Connect\src\AI\MCP\B2X.Admin.MCP\Services\McpServer.cs(176,17): warning MA0004: Use Task.ConfigureAwait(false) if the current SynchronizationContext is not needed (https://github.com/meziantou/Meziantou.Analyzer/blob/main/docs/Rules/MA0004.md) [C:\Users\Holge\repos\B2Connect\src\AI\MCP\B2X.Admin.MCP\B2X.Admin.MCP.csproj]
C:\Users\Holge\repos\B2Connect\src\AI\MCP\B2X.Admin.MCP\Services\AbTestingService.cs(151,9): warning MA0004: Use Task.ConfigureAwait(false) if the current SynchronizationContext is not needed (https://github.com/meziantou/Meziantou.Analyzer/blob/main/docs/Rules/MA0004.md) [C:\Users\Holge\repos\B2Connect\src\AI\MCP\B2X.Admin.MCP\B2X.Admin.MCP.csproj]
C:\Users\Holge\repos\B2Connect\src\AI\MCP\B2X.Admin.MCP\Services\AiProviders.cs(358,30): warning MA0004: Use Task.ConfigureAwait(false) if the current SynchronizationContext is not needed (https://github.com/meziantou/Meziantou.Analyzer/blob/main/docs/Rules/MA0004.md) [C:\Users\Holge\repos\B2Connect\src\AI\MCP\B2X.Admin.MCP\B2X.Admin.MCP.csproj]
C:\Users\Holge\repos\B2Connect\src\AI\MCP\B2X.Admin.MCP\Services\AiProviders.cs(245,30): warning MA0004: Use Task.ConfigureAwait(false) if the current SynchronizationContext is not needed (https://github.com/meziantou/Meziantou.Analyzer/blob/main/docs/Rules/MA0004.md) [C:\Users\Holge\repos\B2Connect\src\AI\MCP\B2X.Admin.MCP\B2X.Admin.MCP.csproj]
C:\Users\Holge\repos\B2Connect\src\AI\MCP\B2X.Admin.MCP\Services\AiProviders.cs(203,22): warning MA0004: Use Task.ConfigureAwait(false) if the current SynchronizationContext is not needed (https://github.com/meziantou/Meziantou.Analyzer/blob/main/docs/Rules/MA0004.md) [C:\Users\Holge\repos\B2Connect\src\AI\MCP\B2X.Admin.MCP\B2X.Admin.MCP.csproj]
C:\Users\Holge\repos\B2Connect\src\AI\MCP\B2X.Admin.MCP\Services\AiProviders.cs(221,24): warning MA0004: Use Task.ConfigureAwait(false) if the current SynchronizationContext is not needed (https://github.com/meziantou/Meziantou.Analyzer/blob/main/docs/Rules/MA0004.md) [C:\Users\Holge\repos\B2Connect\src\AI\MCP\B2X.Admin.MCP\B2X.Admin.MCP.csproj]
C:\Users\Holge\repos\B2Connect\src\AI\MCP\B2X.Admin.MCP\Services\AiProviders.cs(467,24): warning MA0004: Use Task.ConfigureAwait(false) if the current SynchronizationContext is not needed (https://github.com/meziantou/Meziantou.Analyzer/blob/main/docs/Rules/MA0004.md) [C:\Users\Holge\repos\B2Connect\src\AI\MCP\B2X.Admin.MCP\B2X.Admin.MCP.csproj]
C:\Users\Holge\repos\B2Connect\src\AI\MCP\B2X.Admin.MCP\Services\AiConsumptionGateway.cs(95,21): warning MA0004: Use Task.ConfigureAwait(false) if the current SynchronizationContext is not needed (https://github.com/meziantou/Meziantou.Analyzer/blob/main/docs/Rules/MA0004.md) [C:\Users\Holge\repos\B2Connect\src\AI\MCP\B2X.Admin.MCP\B2X.Admin.MCP.csproj]
C:\Users\Holge\repos\B2Connect\src\AI\MCP\B2X.Admin.MCP\Services\AiConsumptionGateway.cs(102,28): warning MA0004: Use Task.ConfigureAwait(false) if the current SynchronizationContext is not needed (https://github.com/meziantou/Meziantou.Analyzer/blob/main/docs/Rules/MA0004.md) [C:\Users\Holge\repos\B2Connect\src\AI\MCP\B2X.Admin.MCP\B2X.Admin.MCP.csproj]
C:\Users\Holge\repos\B2Connect\src\AI\MCP\B2X.Admin.MCP\Services\AiProviders.cs(126,30): warning MA0004: Use Task.ConfigureAwait(false) if the current SynchronizationContext is not needed (https://github.com/meziantou/Meziantou.Analyzer/blob/main/docs/Rules/MA0004.md) [C:\Users\Holge\repos\B2Connect\src\AI\MCP\B2X.Admin.MCP\B2X.Admin.MCP.csproj]
C:\Users\Holge\repos\B2Connect\src\AI\MCP\B2X.Admin.MCP\Services\AiProviders.cs(384,30): warning MA0004: Use Task.ConfigureAwait(false) if the current SynchronizationContext is not needed (https://github.com/meziantou/Meziantou.Analyzer/blob/main/docs/Rules/MA0004.md) [C:\Users\Holge\repos\B2Connect\src\AI\MCP\B2X.Admin.MCP\B2X.Admin.MCP.csproj]
C:\Users\Holge\repos\B2Connect\src\AI\MCP\B2X.Admin.MCP\Services\McpServer.cs(286,40): warning MA0004: Use Task.ConfigureAwait(false) if the current SynchronizationContext is not needed (https://github.com/meziantou/Meziantou.Analyzer/blob/main/docs/Rules/MA0004.md) [C:\Users\Holge\repos\B2Connect\src\AI\MCP\B2X.Admin.MCP\B2X.Admin.MCP.csproj]
C:\Users\Holge\repos\B2Connect\src\AI\MCP\B2X.Admin.MCP\Services\McpServer.cs(287,34): warning MA0004: Use Task.ConfigureAwait(false) if the current SynchronizationContext is not needed (https://github.com/meziantou/Meziantou.Analyzer/blob/main/docs/Rules/MA0004.md) [C:\Users\Holge\repos\B2Connect\src\AI\MCP\B2X.Admin.MCP\B2X.Admin.MCP.csproj]
C:\Users\Holge\repos\B2Connect\src\AI\MCP\B2X.Admin.MCP\Services\McpServer.cs(288,40): warning MA0004: Use Task.ConfigureAwait(false) if the current SynchronizationContext is not needed (https://github.com/meziantou/Meziantou.Analyzer/blob/main/docs/Rules/MA0004.md) [C:\Users\Holge\repos\B2Connect\src\AI\MCP\B2X.Admin.MCP\B2X.Admin.MCP.csproj]
C:\Users\Holge\repos\B2Connect\src\AI\MCP\B2X.Admin.MCP\Services\McpServer.cs(289,41): warning MA0004: Use Task.ConfigureAwait(false) if the current SynchronizationContext is not needed (https://github.com/meziantou/Meziantou.Analyzer/blob/main/docs/Rules/MA0004.md) [C:\Users\Holge\repos\B2Connect\src\AI\MCP\B2X.Admin.MCP\B2X.Admin.MCP.csproj]
C:\Users\Holge\repos\B2Connect\src\AI\MCP\B2X.Admin.MCP\Services\McpServer.cs(290,44): warning MA0004: Use Task.ConfigureAwait(false) if the current SynchronizationContext is not needed (https://github.com/meziantou/Meziantou.Analyzer/blob/main/docs/Rules/MA0004.md) [C:\Users\Holge\repos\B2Connect\src\AI\MCP\B2X.Admin.MCP\B2X.Admin.MCP.csproj]
C:\Users\Holge\repos\B2Connect\src\AI\MCP\B2X.Admin.MCP\Services\McpServer.cs(291,39): warning MA0004: Use Task.ConfigureAwait(false) if the current SynchronizationContext is not needed (https://github.com/meziantou/Meziantou.Analyzer/blob/main/docs/Rules/MA0004.md) [C:\Users\Holge\repos\B2Connect\src\AI\MCP\B2X.Admin.MCP\B2X.Admin.MCP.csproj]
C:\Users\Holge\repos\B2Connect\src\AI\MCP\B2X.Admin.MCP\Services\ConversationService.cs(66,16): warning MA0004: Use Task.ConfigureAwait(false) if the current SynchronizationContext is not needed (https://github.com/meziantou/Meziantou.Analyzer/blob/main/docs/Rules/MA0004.md) [C:\Users\Holge\repos\B2Connect\src\AI\MCP\B2X.Admin.MCP\B2X.Admin.MCP.csproj]
C:\Users\Holge\repos\B2Connect\src\AI\MCP\B2X.Admin.MCP\Services\McpServer.cs(292,36): warning MA0004: Use Task.ConfigureAwait(false) if the current SynchronizationContext is not needed (https://github.com/meziantou/Meziantou.Analyzer/blob/main/docs/Rules/MA0004.md) [C:\Users\Holge\repos\B2Connect\src\AI\MCP\B2X.Admin.MCP\B2X.Admin.MCP.csproj]
C:\Users\Holge\repos\B2Connect\src\AI\MCP\B2X.Admin.MCP\Services\McpServer.cs(293,35): warning MA0004: Use Task.ConfigureAwait(false) if the current SynchronizationContext is not needed (https://github.com/meziantou/Meziantou.Analyzer/blob/main/docs/Rules/MA0004.md) [C:\Users\Holge\repos\B2Connect\src\AI\MCP\B2X.Admin.MCP\B2X.Admin.MCP.csproj]
C:\Users\Holge\repos\B2Connect\src\AI\MCP\B2X.Admin.MCP\Services\AiProviderSelector.cs(176,56): warning S3923: Remove this conditional structure or edit its code blocks so that they're not all the same. (https://rules.sonarsource.com/csharp/RSPEC-3923) [C:\Users\Holge\repos\B2Connect\src\AI\MCP\B2X.Admin.MCP\B2X.Admin.MCP.csproj]
C:\Users\Holge\repos\B2Connect\src\AI\MCP\B2X.Admin.MCP\Services\AiProviders.cs(89,22): warning MA0004: Use Task.ConfigureAwait(false) if the current SynchronizationContext is not needed (https://github.com/meziantou/Meziantou.Analyzer/blob/main/docs/Rules/MA0004.md) [C:\Users\Holge\repos\B2Connect\src\AI\MCP\B2X.Admin.MCP\B2X.Admin.MCP.csproj]
C:\Users\Holge\repos\B2Connect\src\AI\MCP\B2X.Admin.MCP\Services\AiProviders.cs(101,24): warning MA0004: Use Task.ConfigureAwait(false) if the current SynchronizationContext is not needed (https://github.com/meziantou/Meziantou.Analyzer/blob/main/docs/Rules/MA0004.md) [C:\Users\Holge\repos\B2Connect\src\AI\MCP\B2X.Admin.MCP\B2X.Admin.MCP.csproj]
C:\Users\Holge\repos\B2Connect\src\AI\MCP\B2X.Admin.MCP\Services\AiProviders.cs(575,22): warning MA0004: Use Task.ConfigureAwait(false) if the current SynchronizationContext is not needed (https://github.com/meziantou/Meziantou.Analyzer/blob/main/docs/Rules/MA0004.md) [C:\Users\Holge\repos\B2Connect\src\AI\MCP\B2X.Admin.MCP\B2X.Admin.MCP.csproj]
C:\Users\Holge\repos\B2Connect\src\AI\MCP\B2X.Admin.MCP\Services\AiProviders.cs(589,24): warning MA0004: Use Task.ConfigureAwait(false) if the current SynchronizationContext is not needed (https://github.com/meziantou/Meziantou.Analyzer/blob/main/docs/Rules/MA0004.md) [C:\Users\Holge\repos\B2Connect\src\AI\MCP\B2X.Admin.MCP\B2X.Admin.MCP.csproj]
C:\Users\Holge\repos\B2Connect\src\AI\MCP\B2X.Admin.MCP\Services\AiProviders.cs(613,30): warning MA0004: Use Task.ConfigureAwait(false) if the current SynchronizationContext is not needed (https://github.com/meziantou/Meziantou.Analyzer/blob/main/docs/Rules/MA0004.md) [C:\Users\Holge\repos\B2Connect\src\AI\MCP\B2X.Admin.MCP\B2X.Admin.MCP.csproj]
C:\Users\Holge\repos\B2Connect\src\AI\MCP\B2X.Admin.MCP\Services\AiProviders.cs(458,28): warning CA2000: Rufen Sie "System.IDisposable.Dispose" f├╝r das von "new OllamaSharp.OllamaApiClient(new Uri(endpoint), model)" erstellte Objekt auf, bevor alle Verweise darauf au├ƒerhalb des g├╝ltigen Bereichs liegen. (https://learn.microsoft.com/dotnet/fundamentals/code-analysis/quality-rules/ca2000) [C:\Users\Holge\repos\B2Connect\src\AI\MCP\B2X.Admin.MCP\B2X.Admin.MCP.csproj]
C:\Users\Holge\repos\B2Connect\src\AI\MCP\B2X.Admin.MCP\Controllers\ConversationController.cs(438,28): warning MA0002: Use an overload that has a IEqualityComparer<string> or IComparer<string> parameter (https://github.com/meziantou/Meziantou.Analyzer/blob/main/docs/Rules/MA0002.md) [C:\Users\Holge\repos\B2Connect\src\AI\MCP\B2X.Admin.MCP\B2X.Admin.MCP.csproj]
C:\Users\Holge\repos\B2Connect\src\AI\MCP\B2X.Admin.MCP\Services\CmsValidationClient.cs(38,28): warning MA0004: Use Task.ConfigureAwait(false) if the current SynchronizationContext is not needed (https://github.com/meziantou/Meziantou.Analyzer/blob/main/docs/Rules/MA0004.md) [C:\Users\Holge\repos\B2Connect\src\AI\MCP\B2X.Admin.MCP\B2X.Admin.MCP.csproj]
C:\Users\Holge\repos\B2Connect\src\AI\MCP\B2X.Admin.MCP\Services\CmsValidationClient.cs(42,30): warning MA0004: Use Task.ConfigureAwait(false) if the current SynchronizationContext is not needed (https://github.com/meziantou/Meziantou.Analyzer/blob/main/docs/Rules/MA0004.md) [C:\Users\Holge\repos\B2Connect\src\AI\MCP\B2X.Admin.MCP\B2X.Admin.MCP.csproj]
C:\Users\Holge\repos\B2Connect\src\AI\MCP\B2X.Admin.MCP\Services\CmsValidationClient.cs(47,36): warning MA0004: Use Task.ConfigureAwait(false) if the current SynchronizationContext is not needed (https://github.com/meziantou/Meziantou.Analyzer/blob/main/docs/Rules/MA0004.md) [C:\Users\Holge\repos\B2Connect\src\AI\MCP\B2X.Admin.MCP\B2X.Admin.MCP.csproj]
C:\Users\Holge\repos\B2Connect\src\AI\MCP\B2X.Admin.MCP\Services\McpServer.cs(294,38): warning MA0004: Use Task.ConfigureAwait(false) if the current SynchronizationContext is not needed (https://github.com/meziantou/Meziantou.Analyzer/blob/main/docs/Rules/MA0004.md) [C:\Users\Holge\repos\B2Connect\src\AI\MCP\B2X.Admin.MCP\B2X.Admin.MCP.csproj]
C:\Users\Holge\repos\B2Connect\src\AI\MCP\B2X.Admin.MCP\Services\McpServer.cs(295,43): warning MA0004: Use Task.ConfigureAwait(false) if the current SynchronizationContext is not needed (https://github.com/meziantou/Meziantou.Analyzer/blob/main/docs/Rules/MA0004.md) [C:\Users\Holge\repos\B2Connect\src\AI\MCP\B2X.Admin.MCP\B2X.Admin.MCP.csproj]
C:\Users\Holge\repos\B2Connect\src\AI\MCP\B2X.Admin.MCP\Services\AiProviders.cs(206,30): warning CA2000: Rufen Sie "System.IDisposable.Dispose" f├╝r das von "new AnthropicClient(apiKey)" erstellte Objekt auf, bevor alle Verweise darauf au├ƒerhalb des g├╝ltigen Bereichs liegen. (https://learn.microsoft.com/dotnet/fundamentals/code-analysis/quality-rules/ca2000) [C:\Users\Holge\repos\B2Connect\src\AI\MCP\B2X.Admin.MCP\B2X.Admin.MCP.csproj]
C:\Users\Holge\repos\B2Connect\src\AI\MCP\B2X.Admin.MCP\Services\McpServer.cs(296,41): warning MA0004: Use Task.ConfigureAwait(false) if the current SynchronizationContext is not needed (https://github.com/meziantou/Meziantou.Analyzer/blob/main/docs/Rules/MA0004.md) [C:\Users\Holge\repos\B2Connect\src\AI\MCP\B2X.Admin.MCP\B2X.Admin.MCP.csproj]
C:\Users\Holge\repos\B2Connect\src\AI\MCP\B2X.Admin.MCP\Services\McpServer.cs(297,38): warning MA0004: Use Task.ConfigureAwait(false) if the current SynchronizationContext is not needed (https://github.com/meziantou/Meziantou.Analyzer/blob/main/docs/Rules/MA0004.md) [C:\Users\Holge\repos\B2Connect\src\AI\MCP\B2X.Admin.MCP\B2X.Admin.MCP.csproj]
C:\Users\Holge\repos\B2Connect\src\AI\MCP\B2X.Admin.MCP\Services\McpServer.cs(314,16): warning MA0004: Use Task.ConfigureAwait(false) if the current SynchronizationContext is not needed (https://github.com/meziantou/Meziantou.Analyzer/blob/main/docs/Rules/MA0004.md) [C:\Users\Holge\repos\B2Connect\src\AI\MCP\B2X.Admin.MCP\B2X.Admin.MCP.csproj]
C:\Users\Holge\repos\B2Connect\src\AI\MCP\B2X.Admin.MCP\Services\AiConsumptionGateway.cs(138,9): warning MA0004: Use Task.ConfigureAwait(false) if the current SynchronizationContext is not needed (https://github.com/meziantou/Meziantou.Analyzer/blob/main/docs/Rules/MA0004.md) [C:\Users\Holge\repos\B2Connect\src\AI\MCP\B2X.Admin.MCP\B2X.Admin.MCP.csproj]
C:\Users\Holge\repos\B2Connect\src\AI\MCP\B2X.Admin.MCP\Services\AiConsumptionGateway.cs(144,28): warning MA0004: Use Task.ConfigureAwait(false) if the current SynchronizationContext is not needed (https://github.com/meziantou/Meziantou.Analyzer/blob/main/docs/Rules/MA0004.md) [C:\Users\Holge\repos\B2Connect\src\AI\MCP\B2X.Admin.MCP\B2X.Admin.MCP.csproj]
C:\Users\Holge\repos\B2Connect\src\AI\MCP\B2X.Admin.MCP\Services\AiConsumptionGateway.cs(146,9): warning MA0004: Use Task.ConfigureAwait(false) if the current SynchronizationContext is not needed (https://github.com/meziantou/Meziantou.Analyzer/blob/main/docs/Rules/MA0004.md) [C:\Users\Holge\repos\B2Connect\src\AI\MCP\B2X.Admin.MCP\B2X.Admin.MCP.csproj]
C:\Users\Holge\repos\B2Connect\src\AI\MCP\B2X.Admin.MCP\Services\DataSanitizationService.cs(166,48): warning MA0002: Use an overload that has a IEqualityComparer<string> or IComparer<string> parameter (https://github.com/meziantou/Meziantou.Analyzer/blob/main/docs/Rules/MA0002.md) [C:\Users\Holge\repos\B2Connect\src\AI\MCP\B2X.Admin.MCP\B2X.Admin.MCP.csproj]
C:\Users\Holge\repos\B2Connect\src\AI\MCP\B2X.Admin.MCP\Services\DataSanitizationService.cs(167,47): warning MA0002: Use an overload that has a IEqualityComparer<string> or IComparer<string> parameter (https://github.com/meziantou/Meziantou.Analyzer/blob/main/docs/Rules/MA0002.md) [C:\Users\Holge\repos\B2Connect\src\AI\MCP\B2X.Admin.MCP\B2X.Admin.MCP.csproj]
C:\Users\Holge\repos\B2Connect\src\AI\MCP\B2X.Admin.MCP\Services\McpServer.cs(321,16): warning MA0004: Use Task.ConfigureAwait(false) if the current SynchronizationContext is not needed (https://github.com/meziantou/Meziantou.Analyzer/blob/main/docs/Rules/MA0004.md) [C:\Users\Holge\repos\B2Connect\src\AI\MCP\B2X.Admin.MCP\B2X.Admin.MCP.csproj]
C:\Users\Holge\repos\B2Connect\src\AI\MCP\B2X.Admin.MCP\Services\AiProviders.cs(321,22): warning MA0004: Use Task.ConfigureAwait(false) if the current SynchronizationContext is not needed (https://github.com/meziantou/Meziantou.Analyzer/blob/main/docs/Rules/MA0004.md) [C:\Users\Holge\repos\B2Connect\src\AI\MCP\B2X.Admin.MCP\B2X.Admin.MCP.csproj]
C:\Users\Holge\repos\B2Connect\src\AI\MCP\B2X.Admin.MCP\Services\AiProviders.cs(322,24): warning MA0004: Use Task.ConfigureAwait(false) if the current SynchronizationContext is not needed (https://github.com/meziantou/Meziantou.Analyzer/blob/main/docs/Rules/MA0004.md) [C:\Users\Holge\repos\B2Connect\src\AI\MCP\B2X.Admin.MCP\B2X.Admin.MCP.csproj]
C:\Users\Holge\repos\B2Connect\src\AI\MCP\B2X.Admin.MCP\Services\AiProviders.cs(335,24): warning MA0004: Use Task.ConfigureAwait(false) if the current SynchronizationContext is not needed (https://github.com/meziantou/Meziantou.Analyzer/blob/main/docs/Rules/MA0004.md) [C:\Users\Holge\repos\B2Connect\src\AI\MCP\B2X.Admin.MCP\B2X.Admin.MCP.csproj]
C:\Users\Holge\repos\B2Connect\src\AI\MCP\B2X.Admin.MCP\Services\ConversationService.cs(93,28): warning MA0004: Use Task.ConfigureAwait(false) if the current SynchronizationContext is not needed (https://github.com/meziantou/Meziantou.Analyzer/blob/main/docs/Rules/MA0004.md) [C:\Users\Holge\repos\B2Connect\src\AI\MCP\B2X.Admin.MCP\B2X.Admin.MCP.csproj]
C:\Users\Holge\repos\B2Connect\src\AI\MCP\B2X.Admin.MCP\Services\ConversationService.cs(100,9): warning MA0004: Use Task.ConfigureAwait(false) if the current SynchronizationContext is not needed (https://github.com/meziantou/Meziantou.Analyzer/blob/main/docs/Rules/MA0004.md) [C:\Users\Holge\repos\B2Connect\src\AI\MCP\B2X.Admin.MCP\B2X.Admin.MCP.csproj]
C:\Users\Holge\repos\B2Connect\src\AI\MCP\B2X.Admin.MCP\Services\DataSanitizationService.cs(180,24): warning MA0002: Use an overload that has a IEqualityComparer<string> or IComparer<string> parameter (https://github.com/meziantou/Meziantou.Analyzer/blob/main/docs/Rules/MA0002.md) [C:\Users\Holge\repos\B2Connect\src\AI\MCP\B2X.Admin.MCP\B2X.Admin.MCP.csproj]
C:\Users\Holge\repos\B2Connect\src\AI\MCP\B2X.Admin.MCP\Services\AdvancedNlpService.cs(109,13): warning MA0004: Use Task.ConfigureAwait(false) if the current SynchronizationContext is not needed (https://github.com/meziantou/Meziantou.Analyzer/blob/main/docs/Rules/MA0004.md) [C:\Users\Holge\repos\B2Connect\src\AI\MCP\B2X.Admin.MCP\B2X.Admin.MCP.csproj]
C:\Users\Holge\repos\B2Connect\src\AI\MCP\B2X.Admin.MCP\Services\ConversationService.cs(80,16): warning MA0004: Use Task.ConfigureAwait(false) if the current SynchronizationContext is not needed (https://github.com/meziantou/Meziantou.Analyzer/blob/main/docs/Rules/MA0004.md) [C:\Users\Holge\repos\B2Connect\src\AI\MCP\B2X.Admin.MCP\B2X.Admin.MCP.csproj]
C:\Users\Holge\repos\B2Connect\src\AI\MCP\B2X.Admin.MCP\Services\AdvancedNlpService.cs(118,26): warning MA0004: Use Task.ConfigureAwait(false) if the current SynchronizationContext is not needed (https://github.com/meziantou/Meziantou.Analyzer/blob/main/docs/Rules/MA0004.md) [C:\Users\Holge\repos\B2Connect\src\AI\MCP\B2X.Admin.MCP\B2X.Admin.MCP.csproj]
C:\Users\Holge\repos\B2Connect\src\AI\MCP\B2X.Admin.MCP\Services\AdvancedNlpService.cs(97,22): warning MA0002: Use an overload that has a IEqualityComparer<string> or IComparer<string> parameter (https://github.com/meziantou/Meziantou.Analyzer/blob/main/docs/Rules/MA0002.md) [C:\Users\Holge\repos\B2Connect\src\AI\MCP\B2X.Admin.MCP\B2X.Admin.MCP.csproj]
C:\Users\Holge\repos\B2Connect\src\AI\MCP\B2X.Admin.MCP\Services\McpServer.cs(335,16): warning MA0004: Use Task.ConfigureAwait(false) if the current SynchronizationContext is not needed (https://github.com/meziantou/Meziantou.Analyzer/blob/main/docs/Rules/MA0004.md) [C:\Users\Holge\repos\B2Connect\src\AI\MCP\B2X.Admin.MCP\B2X.Admin.MCP.csproj]
C:\Users\Holge\repos\B2Connect\src\AI\MCP\B2X.Admin.MCP\Services\AiConsumptionGateway.cs(178,9): warning MA0004: Use Task.ConfigureAwait(false) if the current SynchronizationContext is not needed (https://github.com/meziantou/Meziantou.Analyzer/blob/main/docs/Rules/MA0004.md) [C:\Users\Holge\repos\B2Connect\src\AI\MCP\B2X.Admin.MCP\B2X.Admin.MCP.csproj]
C:\Users\Holge\repos\B2Connect\src\AI\MCP\B2X.Admin.MCP\Services\AdvancedNlpService.cs(130,18): warning MA0002: Use an overload that has a IEqualityComparer<string> or IComparer<string> parameter (https://github.com/meziantou/Meziantou.Analyzer/blob/main/docs/Rules/MA0002.md) [C:\Users\Holge\repos\B2Connect\src\AI\MCP\B2X.Admin.MCP\B2X.Admin.MCP.csproj]
C:\Users\Holge\repos\B2Connect\src\AI\MCP\B2X.Admin.MCP\Services\DataSanitizationService.cs(200,24): warning MA0002: Use an overload that has a IEqualityComparer<string> or IComparer<string> parameter (https://github.com/meziantou/Meziantou.Analyzer/blob/main/docs/Rules/MA0002.md) [C:\Users\Holge\repos\B2Connect\src\AI\MCP\B2X.Admin.MCP\B2X.Admin.MCP.csproj]
C:\Users\Holge\repos\B2Connect\src\AI\MCP\B2X.Admin.MCP\Services\McpServer.cs(328,16): warning MA0004: Use Task.ConfigureAwait(false) if the current SynchronizationContext is not needed (https://github.com/meziantou/Meziantou.Analyzer/blob/main/docs/Rules/MA0004.md) [C:\Users\Holge\repos\B2Connect\src\AI\MCP\B2X.Admin.MCP\B2X.Admin.MCP.csproj]
C:\Users\Holge\repos\B2Connect\src\AI\MCP\B2X.Admin.MCP\Services\McpServer.cs(342,16): warning MA0004: Use Task.ConfigureAwait(false) if the current SynchronizationContext is not needed (https://github.com/meziantou/Meziantou.Analyzer/blob/main/docs/Rules/MA0004.md) [C:\Users\Holge\repos\B2Connect\src\AI\MCP\B2X.Admin.MCP\B2X.Admin.MCP.csproj]
C:\Users\Holge\repos\B2Connect\src\AI\MCP\B2X.Admin.MCP\Services\AiProviderSelector.cs(163,31): warning MA0004: Use Task.ConfigureAwait(false) if the current SynchronizationContext is not needed (https://github.com/meziantou/Meziantou.Analyzer/blob/main/docs/Rules/MA0004.md) [C:\Users\Holge\repos\B2Connect\src\AI\MCP\B2X.Admin.MCP\B2X.Admin.MCP.csproj]
C:\Users\Holge\repos\B2Connect\src\AI\MCP\B2X.Admin.MCP\Services\AdvancedNlpService.cs(146,29): warning MA0004: Use Task.ConfigureAwait(false) if the current SynchronizationContext is not needed (https://github.com/meziantou/Meziantou.Analyzer/blob/main/docs/Rules/MA0004.md) [C:\Users\Holge\repos\B2Connect\src\AI\MCP\B2X.Admin.MCP\B2X.Admin.MCP.csproj]
C:\Users\Holge\repos\B2Connect\src\AI\MCP\B2X.Admin.MCP\Services\AiProviderSelector.cs(229,24): warning MA0004: Use Task.ConfigureAwait(false) if the current SynchronizationContext is not needed (https://github.com/meziantou/Meziantou.Analyzer/blob/main/docs/Rules/MA0004.md) [C:\Users\Holge\repos\B2Connect\src\AI\MCP\B2X.Admin.MCP\B2X.Admin.MCP.csproj]
C:\Users\Holge\repos\B2Connect\src\AI\MCP\B2X.Admin.MCP\Services\AiProviderSelector.cs(233,20): warning MA0004: Use Task.ConfigureAwait(false) if the current SynchronizationContext is not needed (https://github.com/meziantou/Meziantou.Analyzer/blob/main/docs/Rules/MA0004.md) [C:\Users\Holge\repos\B2Connect\src\AI\MCP\B2X.Admin.MCP\B2X.Admin.MCP.csproj]
C:\Users\Holge\repos\B2Connect\src\AI\MCP\B2X.Admin.MCP\Services\AiProviderSelector.cs(268,28): warning MA0004: Use Task.ConfigureAwait(false) if the current SynchronizationContext is not needed (https://github.com/meziantou/Meziantou.Analyzer/blob/main/docs/Rules/MA0004.md) [C:\Users\Holge\repos\B2Connect\src\AI\MCP\B2X.Admin.MCP\B2X.Admin.MCP.csproj]
C:\Users\Holge\repos\B2Connect\src\AI\MCP\B2X.Admin.MCP\Tools\TemplateValidationTool.cs(89,29): warning MA0006: Use string.Equals instead of Equals operator (https://github.com/meziantou/Meziantou.Analyzer/blob/main/docs/Rules/MA0006.md) [C:\Users\Holge\repos\B2Connect\src\AI\MCP\B2X.Admin.MCP\B2X.Admin.MCP.csproj]
C:\Users\Holge\repos\B2Connect\src\AI\MCP\B2X.Admin.MCP\Tools\TemplateValidationTool.cs(102,44): warning MA0006: Use string.Equals instead of NotEquals operator (https://github.com/meziantou/Meziantou.Analyzer/blob/main/docs/Rules/MA0006.md) [C:\Users\Holge\repos\B2Connect\src\AI\MCP\B2X.Admin.MCP\B2X.Admin.MCP.csproj]
C:\Users\Holge\repos\B2Connect\src\AI\MCP\B2X.Admin.MCP\Services\AdvancedNlpService.cs(127,29): warning MA0006: Use string.Equals instead of NotEquals operator (https://github.com/meziantou/Meziantou.Analyzer/blob/main/docs/Rules/MA0006.md) [C:\Users\Holge\repos\B2Connect\src\AI\MCP\B2X.Admin.MCP\B2X.Admin.MCP.csproj]
C:\Users\Holge\repos\B2Connect\src\AI\MCP\B2X.Admin.MCP\Services\McpServer.cs(356,16): warning MA0004: Use Task.ConfigureAwait(false) if the current SynchronizationContext is not needed (https://github.com/meziantou/Meziantou.Analyzer/blob/main/docs/Rules/MA0004.md) [C:\Users\Holge\repos\B2Connect\src\AI\MCP\B2X.Admin.MCP\B2X.Admin.MCP.csproj]
C:\Users\Holge\repos\B2Connect\src\AI\MCP\B2X.Admin.MCP\Services\AbTestingService.cs(218,16): warning MA0004: Use Task.ConfigureAwait(false) if the current SynchronizationContext is not needed (https://github.com/meziantou/Meziantou.Analyzer/blob/main/docs/Rules/MA0004.md) [C:\Users\Holge\repos\B2Connect\src\AI\MCP\B2X.Admin.MCP\B2X.Admin.MCP.csproj]
C:\Users\Holge\repos\B2Connect\src\AI\MCP\B2X.Admin.MCP\Services\McpServer.cs(349,16): warning MA0004: Use Task.ConfigureAwait(false) if the current SynchronizationContext is not needed (https://github.com/meziantou/Meziantou.Analyzer/blob/main/docs/Rules/MA0004.md) [C:\Users\Holge\repos\B2Connect\src\AI\MCP\B2X.Admin.MCP\B2X.Admin.MCP.csproj]
C:\Users\Holge\repos\B2Connect\src\AI\MCP\B2X.Admin.MCP\Services\AiConsumptionGateway.cs(204,28): warning MA0004: Use Task.ConfigureAwait(false) if the current SynchronizationContext is not needed (https://github.com/meziantou/Meziantou.Analyzer/blob/main/docs/Rules/MA0004.md) [C:\Users\Holge\repos\B2Connect\src\AI\MCP\B2X.Admin.MCP\B2X.Admin.MCP.csproj]
C:\Users\Holge\repos\B2Connect\src\AI\MCP\B2X.Admin.MCP\Services\AbTestingService.cs(231,20): warning MA0004: Use Task.ConfigureAwait(false) if the current SynchronizationContext is not needed (https://github.com/meziantou/Meziantou.Analyzer/blob/main/docs/Rules/MA0004.md) [C:\Users\Holge\repos\B2Connect\src\AI\MCP\B2X.Admin.MCP\B2X.Admin.MCP.csproj]
C:\Users\Holge\repos\B2Connect\src\AI\MCP\B2X.Admin.MCP\Services\AiProviderSelector.cs(259,36): warning MA0006: Use string.Equals instead of NotEquals operator (https://github.com/meziantou/Meziantou.Analyzer/blob/main/docs/Rules/MA0006.md) [C:\Users\Holge\repos\B2Connect\src\AI\MCP\B2X.Admin.MCP\B2X.Admin.MCP.csproj]
C:\Users\Holge\repos\B2Connect\src\AI\MCP\B2X.Admin.MCP\Services\AbTestingService.cs(237,13): warning MA0004: Use Task.ConfigureAwait(false) if the current SynchronizationContext is not needed (https://github.com/meziantou/Meziantou.Analyzer/blob/main/docs/Rules/MA0004.md) [C:\Users\Holge\repos\B2Connect\src\AI\MCP\B2X.Admin.MCP\B2X.Admin.MCP.csproj]
C:\Users\Holge\repos\B2Connect\src\AI\MCP\B2X.Admin.MCP\Services\McpServer.cs(363,16): warning MA0004: Use Task.ConfigureAwait(false) if the current SynchronizationContext is not needed (https://github.com/meziantou/Meziantou.Analyzer/blob/main/docs/Rules/MA0004.md) [C:\Users\Holge\repos\B2Connect\src\AI\MCP\B2X.Admin.MCP\B2X.Admin.MCP.csproj]
C:\Users\Holge\repos\B2Connect\src\AI\MCP\B2X.Admin.MCP\Services\ConversationService.cs(142,28): warning MA0004: Use Task.ConfigureAwait(false) if the current SynchronizationContext is not needed (https://github.com/meziantou/Meziantou.Analyzer/blob/main/docs/Rules/MA0004.md) [C:\Users\Holge\repos\B2Connect\src\AI\MCP\B2X.Admin.MCP\B2X.Admin.MCP.csproj]
C:\Users\Holge\repos\B2Connect\src\AI\MCP\B2X.Admin.MCP\Services\AbTestingService.cs(232,29): warning MA0006: Use string.Equals instead of Equals operator (https://github.com/meziantou/Meziantou.Analyzer/blob/main/docs/Rules/MA0006.md) [C:\Users\Holge\repos\B2Connect\src\AI\MCP\B2X.Admin.MCP\B2X.Admin.MCP.csproj]
C:\Users\Holge\repos\B2Connect\src\AI\MCP\B2X.Admin.MCP\Services\ConversationService.cs(148,9): warning MA0004: Use Task.ConfigureAwait(false) if the current SynchronizationContext is not needed (https://github.com/meziantou/Meziantou.Analyzer/blob/main/docs/Rules/MA0004.md) [C:\Users\Holge\repos\B2Connect\src\AI\MCP\B2X.Admin.MCP\B2X.Admin.MCP.csproj]
C:\Users\Holge\repos\B2Connect\src\AI\MCP\B2X.Admin.MCP\Services\AbTestingService.cs(162,20): warning MA0004: Use Task.ConfigureAwait(false) if the current SynchronizationContext is not needed (https://github.com/meziantou/Meziantou.Analyzer/blob/main/docs/Rules/MA0004.md) [C:\Users\Holge\repos\B2Connect\src\AI\MCP\B2X.Admin.MCP\B2X.Admin.MCP.csproj]
C:\Users\Holge\repos\B2Connect\src\AI\MCP\B2X.Admin.MCP\Services\McpServer.cs(370,16): warning MA0004: Use Task.ConfigureAwait(false) if the current SynchronizationContext is not needed (https://github.com/meziantou/Meziantou.Analyzer/blob/main/docs/Rules/MA0004.md) [C:\Users\Holge\repos\B2Connect\src\AI\MCP\B2X.Admin.MCP\B2X.Admin.MCP.csproj]
C:\Users\Holge\repos\B2Connect\src\AI\MCP\B2X.Admin.MCP\Services\ConversationService.cs(159,23): warning MA0004: Use Task.ConfigureAwait(false) if the current SynchronizationContext is not needed (https://github.com/meziantou/Meziantou.Analyzer/blob/main/docs/Rules/MA0004.md) [C:\Users\Holge\repos\B2Connect\src\AI\MCP\B2X.Admin.MCP\B2X.Admin.MCP.csproj]
C:\Users\Holge\repos\B2Connect\src\AI\MCP\B2X.Admin.MCP\Services\McpServer.cs(377,16): warning MA0004: Use Task.ConfigureAwait(false) if the current SynchronizationContext is not needed (https://github.com/meziantou/Meziantou.Analyzer/blob/main/docs/Rules/MA0004.md) [C:\Users\Holge\repos\B2Connect\src\AI\MCP\B2X.Admin.MCP\B2X.Admin.MCP.csproj]
C:\Users\Holge\repos\B2Connect\src\AI\MCP\B2X.Admin.MCP\Services\ConversationService.cs(180,9): warning MA0004: Use Task.ConfigureAwait(false) if the current SynchronizationContext is not needed (https://github.com/meziantou/Meziantou.Analyzer/blob/main/docs/Rules/MA0004.md) [C:\Users\Holge\repos\B2Connect\src\AI\MCP\B2X.Admin.MCP\B2X.Admin.MCP.csproj]
C:\Users\Holge\repos\B2Connect\src\AI\MCP\B2X.Admin.MCP\Tools\TemplateValidationTool.cs(348,9): warning MA0004: Use Task.ConfigureAwait(false) if the current SynchronizationContext is not needed (https://github.com/meziantou/Meziantou.Analyzer/blob/main/docs/Rules/MA0004.md) [C:\Users\Holge\repos\B2Connect\src\AI\MCP\B2X.Admin.MCP\B2X.Admin.MCP.csproj]
C:\Users\Holge\repos\B2Connect\src\AI\MCP\B2X.Admin.MCP\Services\AbTestingService.cs(187,27): warning MA0002: Use an overload that has a IEqualityComparer<string> or IComparer<string> parameter (https://github.com/meziantou/Meziantou.Analyzer/blob/main/docs/Rules/MA0002.md) [C:\Users\Holge\repos\B2Connect\src\AI\MCP\B2X.Admin.MCP\B2X.Admin.MCP.csproj]
C:\Users\Holge\repos\B2Connect\src\AI\MCP\B2X.Admin.MCP\Services\AbTestingService.cs(191,51): warning MA0002: Use an overload that has a IEqualityComparer<string> or IComparer<string> parameter (https://github.com/meziantou/Meziantou.Analyzer/blob/main/docs/Rules/MA0002.md) [C:\Users\Holge\repos\B2Connect\src\AI\MCP\B2X.Admin.MCP\B2X.Admin.MCP.csproj]
C:\Users\Holge\repos\B2Connect\src\AI\MCP\B2X.Admin.MCP\Tools\TemplateValidationTool.cs(299,22): warning MA0004: Use Task.ConfigureAwait(false) if the current SynchronizationContext is not needed (https://github.com/meziantou/Meziantou.Analyzer/blob/main/docs/Rules/MA0004.md) [C:\Users\Holge\repos\B2Connect\src\AI\MCP\B2X.Admin.MCP\B2X.Admin.MCP.csproj]
C:\Users\Holge\repos\B2Connect\src\AI\MCP\B2X.Admin.MCP\Tools\TemplateValidationTool.cs(318,26): warning MA0004: Use Task.ConfigureAwait(false) if the current SynchronizationContext is not needed (https://github.com/meziantou/Meziantou.Analyzer/blob/main/docs/Rules/MA0004.md) [C:\Users\Holge\repos\B2Connect\src\AI\MCP\B2X.Admin.MCP\B2X.Admin.MCP.csproj]
C:\Users\Holge\repos\B2Connect\src\AI\MCP\B2X.Admin.MCP\Services\ConversationService.cs(200,28): warning MA0004: Use Task.ConfigureAwait(false) if the current SynchronizationContext is not needed (https://github.com/meziantou/Meziantou.Analyzer/blob/main/docs/Rules/MA0004.md) [C:\Users\Holge\repos\B2Connect\src\AI\MCP\B2X.Admin.MCP\B2X.Admin.MCP.csproj]
C:\Users\Holge\repos\B2Connect\src\AI\MCP\B2X.Admin.MCP\Tools\TemplateValidationTool.cs(324,24): warning MA0004: Use Task.ConfigureAwait(false) if the current SynchronizationContext is not needed (https://github.com/meziantou/Meziantou.Analyzer/blob/main/docs/Rules/MA0004.md) [C:\Users\Holge\repos\B2Connect\src\AI\MCP\B2X.Admin.MCP\B2X.Admin.MCP.csproj]
C:\Users\Holge\repos\B2Connect\src\AI\MCP\B2X.Admin.MCP\Services\DataSanitizationService.cs(284,30): warning MA0002: Use an overload that has a IEqualityComparer<string> or IComparer<string> parameter (https://github.com/meziantou/Meziantou.Analyzer/blob/main/docs/Rules/MA0002.md) [C:\Users\Holge\repos\B2Connect\src\AI\MCP\B2X.Admin.MCP\B2X.Admin.MCP.csproj]
C:\Users\Holge\repos\B2Connect\src\AI\MCP\B2X.Admin.MCP\Services\McpServer.cs(384,22): warning MA0004: Use Task.ConfigureAwait(false) if the current SynchronizationContext is not needed (https://github.com/meziantou/Meziantou.Analyzer/blob/main/docs/Rules/MA0004.md) [C:\Users\Holge\repos\B2Connect\src\AI\MCP\B2X.Admin.MCP\B2X.Admin.MCP.csproj]
C:\Users\Holge\repos\B2Connect\src\AI\MCP\B2X.Admin.MCP\Services\ConversationService.cs(205,13): warning MA0004: Use Task.ConfigureAwait(false) if the current SynchronizationContext is not needed (https://github.com/meziantou/Meziantou.Analyzer/blob/main/docs/Rules/MA0004.md) [C:\Users\Holge\repos\B2Connect\src\AI\MCP\B2X.Admin.MCP\B2X.Admin.MCP.csproj]
C:\Users\Holge\repos\B2Connect\src\AI\MCP\B2X.Admin.MCP\Services\DataSanitizationService.cs(289,30): warning MA0002: Use an overload that has a IEqualityComparer<string> or IComparer<string> parameter (https://github.com/meziantou/Meziantou.Analyzer/blob/main/docs/Rules/MA0002.md) [C:\Users\Holge\repos\B2Connect\src\AI\MCP\B2X.Admin.MCP\B2X.Admin.MCP.csproj]
C:\Users\Holge\repos\B2Connect\src\AI\MCP\B2X.Admin.MCP\Services\ConversationService.cs(111,16): warning MA0004: Use Task.ConfigureAwait(false) if the current SynchronizationContext is not needed (https://github.com/meziantou/Meziantou.Analyzer/blob/main/docs/Rules/MA0004.md) [C:\Users\Holge\repos\B2Connect\src\AI\MCP\B2X.Admin.MCP\B2X.Admin.MCP.csproj]
C:\Users\Holge\repos\B2Connect\src\AI\MCP\B2X.Admin.MCP\Services\AbTestingService.cs(261,16): warning MA0004: Use Task.ConfigureAwait(false) if the current SynchronizationContext is not needed (https://github.com/meziantou/Meziantou.Analyzer/blob/main/docs/Rules/MA0004.md) [C:\Users\Holge\repos\B2Connect\src\AI\MCP\B2X.Admin.MCP\B2X.Admin.MCP.csproj]
C:\Users\Holge\repos\B2Connect\src\AI\MCP\B2X.Admin.MCP\Services\ConversationService.cs(188,24): warning MA0004: Use Task.ConfigureAwait(false) if the current SynchronizationContext is not needed (https://github.com/meziantou/Meziantou.Analyzer/blob/main/docs/Rules/MA0004.md) [C:\Users\Holge\repos\B2Connect\src\AI\MCP\B2X.Admin.MCP\B2X.Admin.MCP.csproj]
C:\Users\Holge\repos\B2Connect\src\AI\MCP\B2X.Admin.MCP\Services\AdvancedNlpService.cs(220,23): warning MA0004: Use Task.ConfigureAwait(false) if the current SynchronizationContext is not needed (https://github.com/meziantou/Meziantou.Analyzer/blob/main/docs/Rules/MA0004.md) [C:\Users\Holge\repos\B2Connect\src\AI\MCP\B2X.Admin.MCP\B2X.Admin.MCP.csproj]
C:\Users\Holge\repos\B2Connect\src\AI\MCP\B2X.Admin.MCP\Services\ConversationService.cs(192,25): warning MA0002: Use an overload that has a IEqualityComparer<string> or IComparer<string> parameter (https://github.com/meziantou/Meziantou.Analyzer/blob/main/docs/Rules/MA0002.md) [C:\Users\Holge\repos\B2Connect\src\AI\MCP\B2X.Admin.MCP\B2X.Admin.MCP.csproj]
C:\Users\Holge\repos\B2Connect\src\AI\MCP\B2X.Admin.MCP\Services\DataSanitizationService.cs(299,30): warning MA0002: Use an overload that has a IEqualityComparer<string> or IComparer<string> parameter (https://github.com/meziantou/Meziantou.Analyzer/blob/main/docs/Rules/MA0002.md) [C:\Users\Holge\repos\B2Connect\src\AI\MCP\B2X.Admin.MCP\B2X.Admin.MCP.csproj]
C:\Users\Holge\repos\B2Connect\src\AI\MCP\B2X.Admin.MCP\Services\ConversationService.cs(214,28): warning MA0004: Use Task.ConfigureAwait(false) if the current SynchronizationContext is not needed (https://github.com/meziantou/Meziantou.Analyzer/blob/main/docs/Rules/MA0004.md) [C:\Users\Holge\repos\B2Connect\src\AI\MCP\B2X.Admin.MCP\B2X.Admin.MCP.csproj]
C:\Users\Holge\repos\B2Connect\src\AI\MCP\B2X.Admin.MCP\Services\AdvancedNlpService.cs(284,23): warning MA0004: Use Task.ConfigureAwait(false) if the current SynchronizationContext is not needed (https://github.com/meziantou/Meziantou.Analyzer/blob/main/docs/Rules/MA0004.md) [C:\Users\Holge\repos\B2Connect\src\AI\MCP\B2X.Admin.MCP\B2X.Admin.MCP.csproj]
C:\Users\Holge\repos\B2Connect\src\AI\MCP\B2X.Admin.MCP\Services\AdvancedNlpService.cs(278,26): warning MA0002: Use an overload that has a IEqualityComparer<string> or IComparer<string> parameter (https://github.com/meziantou/Meziantou.Analyzer/blob/main/docs/Rules/MA0002.md) [C:\Users\Holge\repos\B2Connect\src\AI\MCP\B2X.Admin.MCP\B2X.Admin.MCP.csproj]
C:\Users\Holge\repos\B2Connect\src\AI\MCP\B2X.Admin.MCP\Services\AdvancedNlpService.cs(247,24): warning MA0002: Use an overload that has a IEqualityComparer<string> or IComparer<string> parameter (https://github.com/meziantou/Meziantou.Analyzer/blob/main/docs/Rules/MA0002.md) [C:\Users\Holge\repos\B2Connect\src\AI\MCP\B2X.Admin.MCP\B2X.Admin.MCP.csproj]
C:\Users\Holge\repos\B2Connect\src\AI\MCP\B2X.Admin.MCP\Services\ConversationService.cs(219,13): warning MA0004: Use Task.ConfigureAwait(false) if the current SynchronizationContext is not needed (https://github.com/meziantou/Meziantou.Analyzer/blob/main/docs/Rules/MA0004.md) [C:\Users\Holge\repos\B2Connect\src\AI\MCP\B2X.Admin.MCP\B2X.Admin.MCP.csproj]
C:\Users\Holge\repos\B2Connect\src\AI\MCP\B2X.Admin.MCP\Services\AbTestingService.cs(272,20): warning MA0004: Use Task.ConfigureAwait(false) if the current SynchronizationContext is not needed (https://github.com/meziantou/Meziantou.Analyzer/blob/main/docs/Rules/MA0004.md) [C:\Users\Holge\repos\B2Connect\src\AI\MCP\B2X.Admin.MCP\B2X.Admin.MCP.csproj]
C:\Users\Holge\repos\B2Connect\src\AI\MCP\B2X.Admin.MCP\Services\AbTestingService.cs(279,9): warning MA0004: Use Task.ConfigureAwait(false) if the current SynchronizationContext is not needed (https://github.com/meziantou/Meziantou.Analyzer/blob/main/docs/Rules/MA0004.md) [C:\Users\Holge\repos\B2Connect\src\AI\MCP\B2X.Admin.MCP\B2X.Admin.MCP.csproj]
C:\Users\Holge\repos\B2Connect\src\AI\MCP\B2X.Admin.MCP\Services\AbTestingService.cs(248,16): warning MA0004: Use Task.ConfigureAwait(false) if the current SynchronizationContext is not needed (https://github.com/meziantou/Meziantou.Analyzer/blob/main/docs/Rules/MA0004.md) [C:\Users\Holge\repos\B2Connect\src\AI\MCP\B2X.Admin.MCP\B2X.Admin.MCP.csproj]
C:\Users\Holge\repos\B2Connect\src\AI\MCP\B2X.Admin.MCP\Services\AdvancedNlpService.cs(161,24): warning MA0004: Use Task.ConfigureAwait(false) if the current SynchronizationContext is not needed (https://github.com/meziantou/Meziantou.Analyzer/blob/main/docs/Rules/MA0004.md) [C:\Users\Holge\repos\B2Connect\src\AI\MCP\B2X.Admin.MCP\B2X.Admin.MCP.csproj]
C:\Users\Holge\repos\B2Connect\src\AI\MCP\B2X.Admin.MCP\Services\ConversationService.cs(215,37): warning MA0006: Use string.Equals instead of Equals operator (https://github.com/meziantou/Meziantou.Analyzer/blob/main/docs/Rules/MA0006.md) [C:\Users\Holge\repos\B2Connect\src\AI\MCP\B2X.Admin.MCP\B2X.Admin.MCP.csproj]
C:\Users\Holge\repos\B2Connect\src\AI\MCP\B2X.Admin.MCP\Services\AbTestingService.cs(290,20): warning MA0004: Use Task.ConfigureAwait(false) if the current SynchronizationContext is not needed (https://github.com/meziantou/Meziantou.Analyzer/blob/main/docs/Rules/MA0004.md) [C:\Users\Holge\repos\B2Connect\src\AI\MCP\B2X.Admin.MCP\B2X.Admin.MCP.csproj]
C:\Users\Holge\repos\B2Connect\src\AI\MCP\B2X.Admin.MCP\Services\AbTestingService.cs(304,9): warning MA0004: Use Task.ConfigureAwait(false) if the current SynchronizationContext is not needed (https://github.com/meziantou/Meziantou.Analyzer/blob/main/docs/Rules/MA0004.md) [C:\Users\Holge\repos\B2Connect\src\AI\MCP\B2X.Admin.MCP\B2X.Admin.MCP.csproj]
C:\Users\Holge\repos\B2Connect\src\AI\MCP\B2X.Admin.MCP\Services\AdvancedNlpService.cs(172,33): warning MA0002: Use an overload that has a IEqualityComparer<string> or IComparer<string> parameter (https://github.com/meziantou/Meziantou.Analyzer/blob/main/docs/Rules/MA0002.md) [C:\Users\Holge\repos\B2Connect\src\AI\MCP\B2X.Admin.MCP\B2X.Admin.MCP.csproj]
C:\Users\Holge\repos\B2Connect\src\AI\MCP\B2X.Admin.MCP\Services\AdvancedNlpService.cs(171,33): warning MA0002: Use an overload that has a IEqualityComparer<string> or IComparer<string> parameter (https://github.com/meziantou/Meziantou.Analyzer/blob/main/docs/Rules/MA0002.md) [C:\Users\Holge\repos\B2Connect\src\AI\MCP\B2X.Admin.MCP\B2X.Admin.MCP.csproj]
C:\Users\Holge\repos\B2Connect\src\AI\MCP\B2X.Admin.MCP\Services\AbTestingService.cs(299,13): warning MA0006: Use string.Equals instead of Equals operator (https://github.com/meziantou/Meziantou.Analyzer/blob/main/docs/Rules/MA0006.md) [C:\Users\Holge\repos\B2Connect\src\AI\MCP\B2X.Admin.MCP\B2X.Admin.MCP.csproj]
C:\Users\Holge\repos\B2Connect\src\AI\MCP\B2X.Admin.MCP\Services\AbTestingService.cs(301,18): warning MA0006: Use string.Equals instead of Equals operator (https://github.com/meziantou/Meziantou.Analyzer/blob/main/docs/Rules/MA0006.md) [C:\Users\Holge\repos\B2Connect\src\AI\MCP\B2X.Admin.MCP\B2X.Admin.MCP.csproj]
C:\Users\Holge\repos\B2Connect\src\AI\MCP\B2X.Admin.MCP\Services\AdvancedNlpService.cs(413,9): warning S3923: This conditional operation returns the same value whether the condition is "true" or "false". (https://rules.sonarsource.com/csharp/RSPEC-3923) [C:\Users\Holge\repos\B2Connect\src\AI\MCP\B2X.Admin.MCP\B2X.Admin.MCP.csproj]
C:\Users\Holge\repos\B2Connect\src\AI\MCP\B2X.Admin.MCP\Services\ConversationService.cs(230,16): warning MA0004: Use Task.ConfigureAwait(false) if the current SynchronizationContext is not needed (https://github.com/meziantou/Meziantou.Analyzer/blob/main/docs/Rules/MA0004.md) [C:\Users\Holge\repos\B2Connect\src\AI\MCP\B2X.Admin.MCP\B2X.Admin.MCP.csproj]
C:\Users\Holge\repos\B2Connect\src\AI\MCP\B2X.Admin.MCP\Services\AdvancedNlpService.cs(328,23): warning MA0002: Use an overload that has a IEqualityComparer<string> or IComparer<string> parameter (https://github.com/meziantou/Meziantou.Analyzer/blob/main/docs/Rules/MA0002.md) [C:\Users\Holge\repos\B2Connect\src\AI\MCP\B2X.Admin.MCP\B2X.Admin.MCP.csproj]
C:\Users\Holge\repos\B2Connect\src\AI\MCP\B2X.Admin.MCP\Services\AdvancedNlpService.cs(413,9): warning MA0140: Both if and else branch have identical code (https://github.com/meziantou/Meziantou.Analyzer/blob/main/docs/Rules/MA0140.md) [C:\Users\Holge\repos\B2Connect\src\AI\MCP\B2X.Admin.MCP\B2X.Admin.MCP.csproj]
C:\Users\Holge\repos\B2Connect\src\AI\MCP\B2X.Admin.MCP\Services\AdvancedNlpService.cs(322,53): warning MA0006: Use string.Equals instead of Equals operator (https://github.com/meziantou/Meziantou.Analyzer/blob/main/docs/Rules/MA0006.md) [C:\Users\Holge\repos\B2Connect\src\AI\MCP\B2X.Admin.MCP\B2X.Admin.MCP.csproj]
C:\Users\Holge\repos\B2Connect\src\AI\MCP\B2X.Admin.MCP\Services\ConversationService.cs(245,32): warning MA0004: Use Task.ConfigureAwait(false) if the current SynchronizationContext is not needed (https://github.com/meziantou/Meziantou.Analyzer/blob/main/docs/Rules/MA0004.md) [C:\Users\Holge\repos\B2Connect\src\AI\MCP\B2X.Admin.MCP\B2X.Admin.MCP.csproj]
C:\Users\Holge\repos\B2Connect\src\AI\MCP\B2X.Admin.MCP\Services\ConversationService.cs(254,13): warning MA0004: Use Task.ConfigureAwait(false) if the current SynchronizationContext is not needed (https://github.com/meziantou/Meziantou.Analyzer/blob/main/docs/Rules/MA0004.md) [C:\Users\Holge\repos\B2Connect\src\AI\MCP\B2X.Admin.MCP\B2X.Admin.MCP.csproj]
C:\Users\Holge\repos\B2Connect\src\AI\MCP\B2X.Admin.MCP\Services\AdvancedNlpService.cs(345,61): warning S6608: Indexing at 0 should be used instead of the "Enumerable" extension method "First" (https://rules.sonarsource.com/csharp/RSPEC-6608) [C:\Users\Holge\repos\B2Connect\src\AI\MCP\B2X.Admin.MCP\B2X.Admin.MCP.csproj]
C:\Users\Holge\repos\B2Connect\src\AI\MCP\B2X.Admin.MCP\Services\AdvancedNlpService.cs(333,27): warning MA0002: Use an overload that has a IEqualityComparer<string> or IComparer<string> parameter (https://github.com/meziantou/Meziantou.Analyzer/blob/main/docs/Rules/MA0002.md) [C:\Users\Holge\repos\B2Connect\src\AI\MCP\B2X.Admin.MCP\B2X.Admin.MCP.csproj]
C:\Users\Holge\repos\B2Connect\src\AI\MCP\B2X.Admin.MCP\Services\AdvancedNlpService.cs(338,14): warning MA0002: Use an overload that has a IEqualityComparer<string> or IComparer<string> parameter (https://github.com/meziantou/Meziantou.Analyzer/blob/main/docs/Rules/MA0002.md) [C:\Users\Holge\repos\B2Connect\src\AI\MCP\B2X.Admin.MCP\B2X.Admin.MCP.csproj]
C:\Users\Holge\repos\B2Connect\src\AI\MCP\B2X.Admin.MCP\Services\AdvancedNlpService.cs(337,25): warning MA0006: Use string.Equals instead of Equals operator (https://github.com/meziantou/Meziantou.Analyzer/blob/main/docs/Rules/MA0006.md) [C:\Users\Holge\repos\B2Connect\src\AI\MCP\B2X.Admin.MCP\B2X.Admin.MCP.csproj]
  B2X.Customer.Tests -> C:\Users\Holge\repos\B2Connect\src\tests\Store\Backend\Customer\tests\bin\Debug\net10.0\B2X.Customer.Tests.dll
  B2X.Store -> C:\Users\Holge\repos\B2Connect\src\backend\Store\API\bin\Debug\net10.0\B2X.Store.dll
C:\Program Files\dotnet\sdk\10.0.101\Microsoft.Common.CurrentVersion.targets(2189,5): warning MSB9008: Das referenzierte Projekt ../../../src/backend/Shared/Infrastructure/B2X.Shared.Infrastructure.csproj ist nicht vorhanden. [C:\Users\Holge\repos\B2Connect\src\tests\Store\B2X.Store.Tests.csproj]
  B2X.Store.Tests -> C:\Users\Holge\repos\B2Connect\src\tests\Store\bin\Debug\net10.0\B2X.Store.Tests.dll
  B2X.AppHost -> C:\Users\Holge\repos\B2Connect\src\backend\Infrastructure\Hosting\AppHost\bin\Debug\net10.0\B2X.AppHost.dll
C:\Users\Holge\repos\B2Connect\src\backend\Services\Hosting\B2X.Hosting.csproj : warning NU1507: Es sind 3 Paketquellen in Ihrer Konfiguration definiert. Wenn Sie die zentrale Paketverwaltung verwenden, ordnen Sie Ihre Paketquellen mit der Paketquellenzuordnung (https://aka.ms/nuget-package-source-mapping) zu oder geben Sie eine einzelne Paketquelle an. Die folgenden Quellen sind definiert: nuget.org, dotnet-daily, aspire-daily
  B2X.Hosting -> C:\Users\Holge\repos\B2Connect\src\backend\Services\Hosting\bin\Debug\net10.0\B2X.Hosting.dll
  B2X.AppHost.Tests -> C:\Users\Holge\repos\B2Connect\src\tests\Hosting\AppHost.Tests\bin\Debug\net10.0\B2X.AppHost.Tests.dll

Fehler beim Buildvorgang.

C:\Users\Holge\repos\B2Connect\src\backend\Shared\Domain\B2X.Shared.Kernel\B2X.Shared.Kernel.csproj : warning NU1507: Es sind 3 Paketquellen in Ihrer Konfiguration definiert. Wenn Sie die zentrale Paketverwaltung verwenden, ordnen Sie Ihre Paketquellen mit der Paketquellenzuordnung (https://aka.ms/nuget-package-source-mapping) zu oder geben Sie eine einzelne Paketquelle an. Die folgenden Quellen sind definiert: nuget.org, dotnet-daily, aspire-daily [C:\Users\Holge\repos\B2Connect\B2X.slnx]
C:\Users\Holge\repos\B2Connect\src\backend\Shared\Infrastructure\B2X.Shared.Infrastructure\B2X.Shared.Infrastructure.csproj : warning NU1507: Es sind 3 Paketquellen in Ihrer Konfiguration definiert. Wenn Sie die zentrale Paketverwaltung verwenden, ordnen Sie Ihre Paketquellen mit der Paketquellenzuordnung (https://aka.ms/nuget-package-source-mapping) zu oder geben Sie eine einzelne Paketquelle an. Die folgenden Quellen sind definiert: nuget.org, dotnet-daily, aspire-daily [C:\Users\Holge\repos\B2Connect\B2X.slnx]
C:\Users\Holge\repos\B2Connect\src\tests\Shared\Domain\AI\tests\B2X.AI.Tests.csproj : warning NU1507: There are 3 package sources defined in your configuration. When using central package management, please map your package sources with package source mapping (https://aka.ms/nuget-package-source-mapping) or specify a single package source. The following sources are defined: nuget.org, dotnet-daily, aspire-daily [C:\Users\Holge\repos\B2Connect\B2X.slnx]
C:\Users\Holge\repos\B2Connect\src\backend\Shared\Domain\B2X.Utils\B2X.Utils.csproj : warning NU1507: Es sind 3 Paketquellen in Ihrer Konfiguration definiert. Wenn Sie die zentrale Paketverwaltung verwenden, ordnen Sie Ihre Paketquellen mit der Paketquellenzuordnung (https://aka.ms/nuget-package-source-mapping) zu oder geben Sie eine einzelne Paketquelle an. Die folgenden Quellen sind definiert: nuget.org, dotnet-daily, aspire-daily [C:\Users\Holge\repos\B2Connect\B2X.slnx]
C:\Users\Holge\repos\B2Connect\src\tests\Shared\Domain\Returns\tests\B2X.Returns.Tests.csproj : warning NU1507: Es sind 3 Paketquellen in Ihrer Konfiguration definiert. Wenn Sie die zentrale Paketverwaltung verwenden, ordnen Sie Ihre Paketquellen mit der Paketquellenzuordnung (https://aka.ms/nuget-package-source-mapping) zu oder geben Sie eine einzelne Paketquelle an. Die folgenden Quellen sind definiert: nuget.org, dotnet-daily, aspire-daily [C:\Users\Holge\repos\B2Connect\B2X.slnx]
C:\Users\Holge\repos\B2Connect\src\backend\Shared\Domain\ERP\Abstractions\B2X.ERP.Abstractions.csproj : warning NU1507: There are 3 package sources defined in your configuration. When using central package management, please map your package sources with package source mapping (https://aka.ms/nuget-package-source-mapping) or specify a single package source. The following sources are defined: nuget.org, dotnet-daily, aspire-daily [C:\Users\Holge\repos\B2Connect\B2X.slnx]
C:\Users\Holge\repos\B2Connect\src\backend\Store\Domain\Search\B2X.Domain.Search.csproj : warning NU1507: There are 3 package sources defined in your configuration. When using central package management, please map your package sources with package source mapping (https://aka.ms/nuget-package-source-mapping) or specify a single package source. The following sources are defined: nuget.org, dotnet-daily, aspire-daily [C:\Users\Holge\repos\B2Connect\B2X.slnx]
C:\Users\Holge\repos\B2Connect\src\tests\Shared\Domain\Search\B2X.Search.Integration\B2X.Search.Integration.csproj : warning NU1507: There are 3 package sources defined in your configuration. When using central package management, please map your package sources with package source mapping (https://aka.ms/nuget-package-source-mapping) or specify a single package source. The following sources are defined: nuget.org, dotnet-daily, aspire-daily [C:\Users\Holge\repos\B2Connect\B2X.slnx]
C:\Users\Holge\repos\B2Connect\src\tests\Shared\Domain\PatternAnalysis\tests\B2X.PatternAnalysis.Tests.csproj : warning NU1507: There are 3 package sources defined in your configuration. When using central package management, please map your package sources with package source mapping (https://aka.ms/nuget-package-source-mapping) or specify a single package source. The following sources are defined: nuget.org, dotnet-daily, aspire-daily [C:\Users\Holge\repos\B2Connect\B2X.slnx]
c:\Users\Holge\repos\B2Connect\src\backend\Store\Infrastructure\Gateway\Search\B2X.Store.Search.csproj : warning NU1507: There are 3 package sources defined in your configuration. When using central package management, please map your package sources with package source mapping (https://aka.ms/nuget-package-source-mapping) or specify a single package source. The following sources are defined: nuget.org, dotnet-daily, aspire-daily [C:\Users\Holge\repos\B2Connect\B2X.slnx]
c:\Users\Holge\repos\B2Connect\src\backend\Store\Infrastructure\Gateway\Search\B2X.Store.Search.csproj : warning NU1903: Package 'Newtonsoft.Json' 9.0.1 has a known high severity vulnerability, https://github.com/advisories/GHSA-5crp-9r3c-p9vr [C:\Users\Holge\repos\B2Connect\B2X.slnx]
C:\Users\Holge\repos\B2Connect\src\tests\Shared\Domain\Security\tests\B2X.Security.Tests.csproj : warning NU1507: Es sind 3 Paketquellen in Ihrer Konfiguration definiert. Wenn Sie die zentrale Paketverwaltung verwenden, ordnen Sie Ihre Paketquellen mit der Paketquellenzuordnung (https://aka.ms/nuget-package-source-mapping) zu oder geben Sie eine einzelne Paketquelle an. Die folgenden Quellen sind definiert: nuget.org, dotnet-daily, aspire-daily [C:\Users\Holge\repos\B2Connect\B2X.slnx]
C:\Users\Holge\repos\B2Connect\src\backend\Shared\Domain\Shared\B2X.Api.Validation\B2X.Api.Validation.csproj : warning NU1507: There are 3 package sources defined in your configuration. When using central package management, please map your package sources with package source mapping (https://aka.ms/nuget-package-source-mapping) or specify a single package source. The following sources are defined: nuget.org, dotnet-daily, aspire-daily [C:\Users\Holge\repos\B2Connect\B2X.slnx]
C:\Users\Holge\repos\B2Connect\src\tests\Shared\Domain\Search\B2X.Search.UnitTests\B2X.Search.UnitTests.csproj : warning NU1507: There are 3 package sources defined in your configuration. When using central package management, please map your package sources with package source mapping (https://aka.ms/nuget-package-source-mapping) or specify a single package source. The following sources are defined: nuget.org, dotnet-daily, aspire-daily [C:\Users\Holge\repos\B2Connect\B2X.slnx]
C:\Users\Holge\repos\B2Connect\src\tests\Shared\Domain\Search\B2X.Search.UnitTests\B2X.Search.UnitTests.csproj : warning NU1903: Package 'Newtonsoft.Json' 9.0.1 has a known high severity vulnerability, https://github.com/advisories/GHSA-5crp-9r3c-p9vr [C:\Users\Holge\repos\B2Connect\B2X.slnx]
C:\Users\Holge\repos\B2Connect\src\backend\Infrastructure\Hosting\ServiceDefaults\B2X.ServiceDefaults.csproj : warning NU1507: There are 3 package sources defined in your configuration. When using central package management, please map your package sources with package source mapping (https://aka.ms/nuget-package-source-mapping) or specify a single package source. The following sources are defined: nuget.org, dotnet-daily, aspire-daily [C:\Users\Holge\repos\B2Connect\B2X.slnx]
C:\Users\Holge\repos\B2Connect\src\tests\Shared\Domain\Identity\B2X.Identity.Tests\B2X.Identity.Tests.csproj : warning NU1507: There are 3 package sources defined in your configuration. When using central package management, please map your package sources with package source mapping (https://aka.ms/nuget-package-source-mapping) or specify a single package source. The following sources are defined: nuget.org, dotnet-daily, aspire-daily [C:\Users\Holge\repos\B2Connect\B2X.slnx]
C:\Users\Holge\repos\B2Connect\src\backend\Store\Domain\Categories\B2X.Categories.csproj : warning NU1507: Es sind 3 Paketquellen in Ihrer Konfiguration definiert. Wenn Sie die zentrale Paketverwaltung verwenden, ordnen Sie Ihre Paketquellen mit der Paketquellenzuordnung (https://aka.ms/nuget-package-source-mapping) zu oder geben Sie eine einzelne Paketquelle an. Die folgenden Quellen sind definiert: nuget.org, dotnet-daily, aspire-daily [C:\Users\Holge\repos\B2Connect\B2X.slnx]
C:\Users\Holge\repos\B2Connect\src\backend\Store\Domain\Variants\src\B2X.Variants.csproj : warning NU1507: Es sind 3 Paketquellen in Ihrer Konfiguration definiert. Wenn Sie die zentrale Paketverwaltung verwenden, ordnen Sie Ihre Paketquellen mit der Paketquellenzuordnung (https://aka.ms/nuget-package-source-mapping) zu oder geben Sie eine einzelne Paketquelle an. Die folgenden Quellen sind definiert: nuget.org, dotnet-daily, aspire-daily [C:\Users\Holge\repos\B2Connect\B2X.slnx]
C:\Users\Holge\repos\B2Connect\src\tests\Shared\Domain\ERP\tests\B2X.ERP.Tests.csproj : warning NU1507: There are 3 package sources defined in your configuration. When using central package management, please map your package sources with package source mapping (https://aka.ms/nuget-package-source-mapping) or specify a single package source. The following sources are defined: nuget.org, dotnet-daily, aspire-daily [C:\Users\Holge\repos\B2Connect\B2X.slnx]
C:\Users\Holge\repos\B2Connect\src\backend\Shared\Domain\Tenancy\B2X.Tenancy.API.csproj : warning NU1507: Es sind 3 Paketquellen in Ihrer Konfiguration definiert. Wenn Sie die zentrale Paketverwaltung verwenden, ordnen Sie Ihre Paketquellen mit der Paketquellenzuordnung (https://aka.ms/nuget-package-source-mapping) zu oder geben Sie eine einzelne Paketquelle an. Die folgenden Quellen sind definiert: nuget.org, dotnet-daily, aspire-daily [C:\Users\Holge\repos\B2Connect\B2X.slnx]
C:\Users\Holge\repos\B2Connect\src\tests\Admin\Backend\Compliance\tests\B2X.Compliance.Tests.csproj : warning NU1507: There are 3 package sources defined in your configuration. When using central package management, please map your package sources with package source mapping (https://aka.ms/nuget-package-source-mapping) or specify a single package source. The following sources are defined: nuget.org, dotnet-daily, aspire-daily [C:\Users\Holge\repos\B2Connect\B2X.slnx]
C:\Users\Holge\repos\B2Connect\src\backend\Shared\Domain\Localization\B2X.Localization.API.csproj : warning NU1507: Es sind 3 Paketquellen in Ihrer Konfiguration definiert. Wenn Sie die zentrale Paketverwaltung verwenden, ordnen Sie Ihre Paketquellen mit der Paketquellenzuordnung (https://aka.ms/nuget-package-source-mapping) zu oder geben Sie eine einzelne Paketquelle an. Die folgenden Quellen sind definiert: nuget.org, dotnet-daily, aspire-daily [C:\Users\Holge\repos\B2Connect\B2X.slnx]
C:\Users\Holge\repos\B2Connect\src\backend\Shared\Domain\Identity\B2X.Identity.csproj : warning NU1507: Es sind 3 Paketquellen in Ihrer Konfiguration definiert. Wenn Sie die zentrale Paketverwaltung verwenden, ordnen Sie Ihre Paketquellen mit der Paketquellenzuordnung (https://aka.ms/nuget-package-source-mapping) zu oder geben Sie eine einzelne Paketquelle an. Die folgenden Quellen sind definiert: nuget.org, dotnet-daily, aspire-daily [C:\Users\Holge\repos\B2Connect\B2X.slnx]
C:\Users\Holge\repos\B2Connect\src\backend\Admin\Domain\Legal\B2X.Legal.API.csproj : warning NU1507: There are 3 package sources defined in your configuration. When using central package management, please map your package sources with package source mapping (https://aka.ms/nuget-package-source-mapping) or specify a single package source. The following sources are defined: nuget.org, dotnet-daily, aspire-daily [C:\Users\Holge\repos\B2Connect\B2X.slnx]
C:\Users\Holge\repos\B2Connect\src\backend\Shared\Domain\SmartDataIntegration\src\B2X.SmartDataIntegration.csproj : warning NU1507: Es sind 3 Paketquellen in Ihrer Konfiguration definiert. Wenn Sie die zentrale Paketverwaltung verwenden, ordnen Sie Ihre Paketquellen mit der Paketquellenzuordnung (https://aka.ms/nuget-package-source-mapping) zu oder geben Sie eine einzelne Paketquelle an. Die folgenden Quellen sind definiert: nuget.org, dotnet-daily, aspire-daily [C:\Users\Holge\repos\B2Connect\B2X.slnx]
C:\Users\Holge\repos\B2Connect\src\Store\Backend\Orders\B2X.Orders.API.csproj : warning NU1507: Es sind 3 Paketquellen in Ihrer Konfiguration definiert. Wenn Sie die zentrale Paketverwaltung verwenden, ordnen Sie Ihre Paketquellen mit der Paketquellenzuordnung (https://aka.ms/nuget-package-source-mapping) zu oder geben Sie eine einzelne Paketquelle an. Die folgenden Quellen sind definiert: nuget.org, dotnet-daily, aspire-daily [C:\Users\Holge\repos\B2Connect\B2X.slnx]
C:\Users\Holge\repos\B2Connect\src\backend\Admin\Domain\Compliance\B2X.Compliance.API.csproj : warning NU1507: Es sind 3 Paketquellen in Ihrer Konfiguration definiert. Wenn Sie die zentrale Paketverwaltung verwenden, ordnen Sie Ihre Paketquellen mit der Paketquellenzuordnung (https://aka.ms/nuget-package-source-mapping) zu oder geben Sie eine einzelne Paketquelle an. Die folgenden Quellen sind definiert: nuget.org, dotnet-daily, aspire-daily [C:\Users\Holge\repos\B2Connect\B2X.slnx]
C:\Users\Holge\repos\B2Connect\src\Store\Backend\Catalog\B2X.Catalog.API.csproj : warning NU1507: Es sind 3 Paketquellen in Ihrer Konfiguration definiert. Wenn Sie die zentrale Paketverwaltung verwenden, ordnen Sie Ihre Paketquellen mit der Paketquellenzuordnung (https://aka.ms/nuget-package-source-mapping) zu oder geben Sie eine einzelne Paketquelle an. Die folgenden Quellen sind definiert: nuget.org, dotnet-daily, aspire-daily [C:\Users\Holge\repos\B2Connect\B2X.slnx]
C:\Users\Holge\repos\B2Connect\src\tests\Shared\Domain\Localization\tests\B2X.Localization.Tests.csproj : warning NU1507: Es sind 3 Paketquellen in Ihrer Konfiguration definiert. Wenn Sie die zentrale Paketverwaltung verwenden, ordnen Sie Ihre Paketquellen mit der Paketquellenzuordnung (https://aka.ms/nuget-package-source-mapping) zu oder geben Sie eine einzelne Paketquelle an. Die folgenden Quellen sind definiert: nuget.org, dotnet-daily, aspire-daily [C:\Users\Holge\repos\B2Connect\B2X.slnx]
C:\Users\Holge\repos\B2Connect\src\backend\Shared\Domain\Theming\Layout\B2X.Theming.Layout.csproj : warning NU1507: Es sind 3 Paketquellen in Ihrer Konfiguration definiert. Wenn Sie die zentrale Paketverwaltung verwenden, ordnen Sie Ihre Paketquellen mit der Paketquellenzuordnung (https://aka.ms/nuget-package-source-mapping) zu oder geben Sie eine einzelne Paketquelle an. Die folgenden Quellen sind definiert: nuget.org, dotnet-daily, aspire-daily [C:\Users\Holge\repos\B2Connect\B2X.slnx]
C:\Users\Holge\repos\B2Connect\src\tests\Shared\B2X.Shared.Search.Tests\B2X.Shared.Search.Tests.csproj : warning NU1507: Es sind 3 Paketquellen in Ihrer Konfiguration definiert. Wenn Sie die zentrale Paketverwaltung verwenden, ordnen Sie Ihre Paketquellen mit der Paketquellenzuordnung (https://aka.ms/nuget-package-source-mapping) zu oder geben Sie eine einzelne Paketquelle an. Die folgenden Quellen sind definiert: nuget.org, dotnet-daily, aspire-daily [C:\Users\Holge\repos\B2Connect\B2X.slnx]
C:\Users\Holge\repos\B2Connect\src\AI\MCP\B2X.Admin.MCP\B2X.Admin.MCP.csproj : warning NU1510: PackageReference Microsoft.Extensions.Logging wird nicht gek├╝rzt. Erw├ñgen Sie, dieses Paket aus Ihren Abh├ñngigkeiten zu entfernen, da es wahrscheinlich nicht erforderlich ist. [C:\Users\Holge\repos\B2Connect\B2X.slnx]
C:\Users\Holge\repos\B2Connect\src\backend\Shared\Domain\SmartDataIntegration\API\B2X.SmartDataIntegration.API.csproj : warning NU1507: Es sind 3 Paketquellen in Ihrer Konfiguration definiert. Wenn Sie die zentrale Paketverwaltung verwenden, ordnen Sie Ihre Paketquellen mit der Paketquellenzuordnung (https://aka.ms/nuget-package-source-mapping) zu oder geben Sie eine einzelne Paketquelle an. Die folgenden Quellen sind definiert: nuget.org, dotnet-daily, aspire-daily [C:\Users\Holge\repos\B2Connect\B2X.slnx]
C:\Users\Holge\repos\B2Connect\src\AI\MCP\B2X.Admin.MCP\B2X.Admin.MCP.csproj : warning NU1510: PackageReference Microsoft.Extensions.Configuration wird nicht gek├╝rzt. Erw├ñgen Sie, dieses Paket aus Ihren Abh├ñngigkeiten zu entfernen, da es wahrscheinlich nicht erforderlich ist. [C:\Users\Holge\repos\B2Connect\B2X.slnx]
C:\Users\Holge\repos\B2Connect\src\backend\Infrastructure\Hosting\AppHost\B2X.AppHost.csproj : warning NU1507: Es sind 3 Paketquellen in Ihrer Konfiguration definiert. Wenn Sie die zentrale Paketverwaltung verwenden, ordnen Sie Ihre Paketquellen mit der Paketquellenzuordnung (https://aka.ms/nuget-package-source-mapping) zu oder geben Sie eine einzelne Paketquelle an. Die folgenden Quellen sind definiert: nuget.org, dotnet-daily, aspire-daily [C:\Users\Holge\repos\B2Connect\B2X.slnx]
C:\Users\Holge\repos\B2Connect\src\tests\Shared\B2X.Shared.Infrastructure\tests\B2X.Shared.Infrastructure.Tests.csproj : warning NU1507: Es sind 3 Paketquellen in Ihrer Konfiguration definiert. Wenn Sie die zentrale Paketverwaltung verwenden, ordnen Sie Ihre Paketquellen mit der Paketquellenzuordnung (https://aka.ms/nuget-package-source-mapping) zu oder geben Sie eine einzelne Paketquelle an. Die folgenden Quellen sind definiert: nuget.org, dotnet-daily, aspire-daily [C:\Users\Holge\repos\B2Connect\B2X.slnx]
C:\Users\Holge\repos\B2Connect\src\tools\seeders\seeding\B2X.Seeding.API.csproj : warning NU1507: There are 3 package sources defined in your configuration. When using central package management, please map your package sources with package source mapping (https://aka.ms/nuget-package-source-mapping) or specify a single package source. The following sources are defined: nuget.org, dotnet-daily, aspire-daily [C:\Users\Holge\repos\B2Connect\B2X.slnx]
C:\Users\Holge\repos\B2Connect\src\backend\Shared\Infrastructure\Messaging\B2X.Shared.Messaging.csproj : warning NU1507: Es sind 3 Paketquellen in Ihrer Konfiguration definiert. Wenn Sie die zentrale Paketverwaltung verwenden, ordnen Sie Ihre Paketquellen mit der Paketquellenzuordnung (https://aka.ms/nuget-package-source-mapping) zu oder geben Sie eine einzelne Paketquelle an. Die folgenden Quellen sind definiert: nuget.org, dotnet-daily, aspire-daily [C:\Users\Holge\repos\B2Connect\B2X.slnx]
C:\Users\Holge\repos\B2Connect\src\tests\Store\Backend\Catalog\B2X.Catalog.Tests\B2X.Catalog.Tests.csproj : warning NU1507: There are 3 package sources defined in your configuration. When using central package management, please map your package sources with package source mapping (https://aka.ms/nuget-package-source-mapping) or specify a single package source. The following sources are defined: nuget.org, dotnet-daily, aspire-daily [C:\Users\Holge\repos\B2Connect\B2X.slnx]
C:\Users\Holge\repos\B2Connect\src\tests\Store\Backend\Catalog\B2X.Catalog.Tests\B2X.Catalog.Tests.csproj : warning NU1903: Package 'Newtonsoft.Json' 9.0.1 has a known high severity vulnerability, https://github.com/advisories/GHSA-5crp-9r3c-p9vr [C:\Users\Holge\repos\B2Connect\B2X.slnx]
C:\Users\Holge\repos\B2Connect\src\tests\Shared\B2X.Gateway.Integration.Tests\B2X.Gateway.Integration.Tests.csproj : warning NU1507: There are 3 package sources defined in your configuration. When using central package management, please map your package sources with package source mapping (https://aka.ms/nuget-package-source-mapping) or specify a single package source. The following sources are defined: nuget.org, dotnet-daily, aspire-daily [C:\Users\Holge\repos\B2Connect\B2X.slnx]
C:\Users\Holge\repos\B2Connect\src\tests\Admin\Backend\Legal\tests\B2X.Legal.Tests.csproj : warning NU1507: There are 3 package sources defined in your configuration. When using central package management, please map your package sources with package source mapping (https://aka.ms/nuget-package-source-mapping) or specify a single package source. The following sources are defined: nuget.org, dotnet-daily, aspire-daily [C:\Users\Holge\repos\B2Connect\B2X.slnx]
C:\Users\Holge\repos\B2Connect\src\tests\Shared\Validation\B2X.Validation.Tests.csproj : warning NU1507: There are 3 package sources defined in your configuration. When using central package management, please map your package sources with package source mapping (https://aka.ms/nuget-package-source-mapping) or specify a single package source. The following sources are defined: nuget.org, dotnet-daily, aspire-daily [C:\Users\Holge\repos\B2Connect\B2X.slnx]
C:\Users\Holge\repos\B2Connect\src\tests\Services\PunchoutAdapters\IdsConnect\tests\B2X.IdsConnectAdapter.Tests.csproj : warning NU1507: There are 3 package sources defined in your configuration. When using central package management, please map your package sources with package source mapping (https://aka.ms/nuget-package-source-mapping) or specify a single package source. The following sources are defined: nuget.org, dotnet-daily, aspire-daily [C:\Users\Holge\repos\B2Connect\B2X.slnx]
C:\Users\Holge\repos\B2Connect\src\backend\Shared\Infrastructure\middleware\B2X.Shared.Middleware.csproj : warning NU1507: Es sind 3 Paketquellen in Ihrer Konfiguration definiert. Wenn Sie die zentrale Paketverwaltung verwenden, ordnen Sie Ihre Paketquellen mit der Paketquellenzuordnung (https://aka.ms/nuget-package-source-mapping) zu oder geben Sie eine einzelne Paketquelle an. Die folgenden Quellen sind definiert: nuget.org, dotnet-daily, aspire-daily [C:\Users\Holge\repos\B2Connect\B2X.slnx]
C:\Users\Holge\repos\B2Connect\src\backend\Infrastructure\Connectors\B2X.Connectors.csproj : warning NU1507: Es sind 3 Paketquellen in Ihrer Konfiguration definiert. Wenn Sie die zentrale Paketverwaltung verwenden, ordnen Sie Ihre Paketquellen mit der Paketquellenzuordnung (https://aka.ms/nuget-package-source-mapping) zu oder geben Sie eine einzelne Paketquelle an. Die folgenden Quellen sind definiert: nuget.org, dotnet-daily, aspire-daily [C:\Users\Holge\repos\B2Connect\B2X.slnx]
C:\Users\Holge\repos\B2Connect\src\tests\Store\Backend\Orders\tests\B2X.Orders.Tests.csproj : warning NU1507: There are 3 package sources defined in your configuration. When using central package management, please map your package sources with package source mapping (https://aka.ms/nuget-package-source-mapping) or specify a single package source. The following sources are defined: nuget.org, dotnet-daily, aspire-daily [C:\Users\Holge\repos\B2Connect\B2X.slnx]
C:\Users\Holge\repos\B2Connect\src\backend\Shared\Domain\B2X.Types\B2X.Types.csproj : warning NU1507: Es sind 3 Paketquellen in Ihrer Konfiguration definiert. Wenn Sie die zentrale Paketverwaltung verwenden, ordnen Sie Ihre Paketquellen mit der Paketquellenzuordnung (https://aka.ms/nuget-package-source-mapping) zu oder geben Sie eine einzelne Paketquelle an. Die folgenden Quellen sind definiert: nuget.org, dotnet-daily, aspire-daily [C:\Users\Holge\repos\B2Connect\B2X.slnx]
C:\Users\Holge\repos\B2Connect\src\backend\Shared\Infrastructure\Monitoring\B2X.Shared.Monitoring.csproj : warning NU1507: Es sind 3 Paketquellen in Ihrer Konfiguration definiert. Wenn Sie die zentrale Paketverwaltung verwenden, ordnen Sie Ihre Paketquellen mit der Paketquellenzuordnung (https://aka.ms/nuget-package-source-mapping) zu oder geben Sie eine einzelne Paketquelle an. Die folgenden Quellen sind definiert: nuget.org, dotnet-daily, aspire-daily [C:\Users\Holge\repos\B2Connect\B2X.slnx]
C:\Users\Holge\repos\B2Connect\src\backend\Shared\Domain\ERP\src\B2X.ERP.csproj : warning NU1507: There are 3 package sources defined in your configuration. When using central package management, please map your package sources with package source mapping (https://aka.ms/nuget-package-source-mapping) or specify a single package source. The following sources are defined: nuget.org, dotnet-daily, aspire-daily [C:\Users\Holge\repos\B2Connect\B2X.slnx]
C:\Users\Holge\repos\B2Connect\src\backend\Shared\Domain\PatternAnalysis\B2X.PatternAnalysis.csproj : warning NU1507: Es sind 3 Paketquellen in Ihrer Konfiguration definiert. Wenn Sie die zentrale Paketverwaltung verwenden, ordnen Sie Ihre Paketquellen mit der Paketquellenzuordnung (https://aka.ms/nuget-package-source-mapping) zu oder geben Sie eine einzelne Paketquelle an. Die folgenden Quellen sind definiert: nuget.org, dotnet-daily, aspire-daily [C:\Users\Holge\repos\B2Connect\B2X.slnx]
C:\Users\Holge\repos\B2Connect\src\tests\Shared\Domain\SmartDataIntegration\tests\B2X.SmartDataIntegration.Tests.csproj : warning NU1507: There are 3 package sources defined in your configuration. When using central package management, please map your package sources with package source mapping (https://aka.ms/nuget-package-source-mapping) or specify a single package source. The following sources are defined: nuget.org, dotnet-daily, aspire-daily [C:\Users\Holge\repos\B2Connect\B2X.slnx]
C:\Users\Holge\repos\B2Connect\src\backend\Shared\Domain\B2X.Shared.Core\B2X.Shared.Core.csproj : warning NU1507: Es sind 3 Paketquellen in Ihrer Konfiguration definiert. Wenn Sie die zentrale Paketverwaltung verwenden, ordnen Sie Ihre Paketquellen mit der Paketquellenzuordnung (https://aka.ms/nuget-package-source-mapping) zu oder geben Sie eine einzelne Paketquelle an. Die folgenden Quellen sind definiert: nuget.org, dotnet-daily, aspire-daily [C:\Users\Holge\repos\B2Connect\B2X.slnx]
C:\Users\Holge\repos\B2Connect\src\backend\Shared\Domain\Theming\B2X.Theming.API.csproj : warning NU1507: Es sind 3 Paketquellen in Ihrer Konfiguration definiert. Wenn Sie die zentrale Paketverwaltung verwenden, ordnen Sie Ihre Paketquellen mit der Paketquellenzuordnung (https://aka.ms/nuget-package-source-mapping) zu oder geben Sie eine einzelne Paketquelle an. Die folgenden Quellen sind definiert: nuget.org, dotnet-daily, aspire-daily [C:\Users\Holge\repos\B2Connect\B2X.slnx]
C:\Users\Holge\repos\B2Connect\src\backend\Services\Hosting\B2X.Hosting.csproj : warning NU1507: Es sind 3 Paketquellen in Ihrer Konfiguration definiert. Wenn Sie die zentrale Paketverwaltung verwenden, ordnen Sie Ihre Paketquellen mit der Paketquellenzuordnung (https://aka.ms/nuget-package-source-mapping) zu oder geben Sie eine einzelne Paketquelle an. Die folgenden Quellen sind definiert: nuget.org, dotnet-daily, aspire-daily [C:\Users\Holge\repos\B2Connect\B2X.slnx]
C:\Users\Holge\repos\B2Connect\src\Store\Backend\Customer\B2X.Customer.API.csproj : warning NU1507: Es sind 3 Paketquellen in Ihrer Konfiguration definiert. Wenn Sie die zentrale Paketverwaltung verwenden, ordnen Sie Ihre Paketquellen mit der Paketquellenzuordnung (https://aka.ms/nuget-package-source-mapping) zu oder geben Sie eine einzelne Paketquelle an. Die folgenden Quellen sind definiert: nuget.org, dotnet-daily, aspire-daily [C:\Users\Holge\repos\B2Connect\B2X.slnx]
C:\Users\Holge\repos\B2Connect\src\backend\Shared\Infrastructure\Search\B2X.Shared.Search.csproj : warning NU1507: Es sind 3 Paketquellen in Ihrer Konfiguration definiert. Wenn Sie die zentrale Paketverwaltung verwenden, ordnen Sie Ihre Paketquellen mit der Paketquellenzuordnung (https://aka.ms/nuget-package-source-mapping) zu oder geben Sie eine einzelne Paketquelle an. Die folgenden Quellen sind definiert: nuget.org, dotnet-daily, aspire-daily [C:\Users\Holge\repos\B2Connect\B2X.slnx]
C:\Users\Holge\repos\B2Connect\src\tests\Store\Backend\Customer\tests\B2X.Customer.Tests.csproj : warning NU1507: Es sind 3 Paketquellen in Ihrer Konfiguration definiert. Wenn Sie die zentrale Paketverwaltung verwenden, ordnen Sie Ihre Paketquellen mit der Paketquellenzuordnung (https://aka.ms/nuget-package-source-mapping) zu oder geben Sie eine einzelne Paketquelle an. Die folgenden Quellen sind definiert: nuget.org, dotnet-daily, aspire-daily [C:\Users\Holge\repos\B2Connect\B2X.slnx]
C:\Users\Holge\repos\B2Connect\src\backend\Admin\Gateway\B2X.Admin.csproj : warning NU1507: Es sind 3 Paketquellen in Ihrer Konfiguration definiert. Wenn Sie die zentrale Paketverwaltung verwenden, ordnen Sie Ihre Paketquellen mit der Paketquellenzuordnung (https://aka.ms/nuget-package-source-mapping) zu oder geben Sie eine einzelne Paketquelle an. Die folgenden Quellen sind definiert: nuget.org, dotnet-daily, aspire-daily [C:\Users\Holge\repos\B2Connect\B2X.slnx]
C:\Users\Holge\repos\B2Connect\src\backend\Store\Domain\Catalog\B2X.Catalog.API.csproj : warning NU1507: Es sind 3 Paketquellen in Ihrer Konfiguration definiert. Wenn Sie die zentrale Paketverwaltung verwenden, ordnen Sie Ihre Paketquellen mit der Paketquellenzuordnung (https://aka.ms/nuget-package-source-mapping) zu oder geben Sie eine einzelne Paketquelle an. Die folgenden Quellen sind definiert: nuget.org, dotnet-daily, aspire-daily [C:\Users\Holge\repos\B2Connect\B2X.slnx]
C:\Users\Holge\repos\B2Connect\src\tests\Management\Email\B2X.Email.Tests.csproj : warning NU1507: Es sind 3 Paketquellen in Ihrer Konfiguration definiert. Wenn Sie die zentrale Paketverwaltung verwenden, ordnen Sie Ihre Paketquellen mit der Paketquellenzuordnung (https://aka.ms/nuget-package-source-mapping) zu oder geben Sie eine einzelne Paketquelle an. Die folgenden Quellen sind definiert: nuget.org, dotnet-daily, aspire-daily [C:\Users\Holge\repos\B2Connect\B2X.slnx]
C:\Users\Holge\repos\B2Connect\src\tests\Management\CMS\B2X.CMS.Tests.csproj : warning NU1507: Es sind 3 Paketquellen in Ihrer Konfiguration definiert. Wenn Sie die zentrale Paketverwaltung verwenden, ordnen Sie Ihre Paketquellen mit der Paketquellenzuordnung (https://aka.ms/nuget-package-source-mapping) zu oder geben Sie eine einzelne Paketquelle an. Die folgenden Quellen sind definiert: nuget.org, dotnet-daily, aspire-daily [C:\Users\Holge\repos\B2Connect\B2X.slnx]
C:\Users\Holge\repos\B2Connect\src\backend\Management\Domain\B2X.Email.csproj : warning NU1507: Es sind 3 Paketquellen in Ihrer Konfiguration definiert. Wenn Sie die zentrale Paketverwaltung verwenden, ordnen Sie Ihre Paketquellen mit der Paketquellenzuordnung (https://aka.ms/nuget-package-source-mapping) zu oder geben Sie eine einzelne Paketquelle an. Die folgenden Quellen sind definiert: nuget.org, dotnet-daily, aspire-daily [C:\Users\Holge\repos\B2Connect\B2X.slnx]
C:\Users\Holge\repos\B2Connect\src\tests\Shared\Domain\Tenancy\tests\B2X.Tenancy.Tests.csproj : warning NU1507: Es sind 3 Paketquellen in Ihrer Konfiguration definiert. Wenn Sie die zentrale Paketverwaltung verwenden, ordnen Sie Ihre Paketquellen mit der Paketquellenzuordnung (https://aka.ms/nuget-package-source-mapping) zu oder geben Sie eine einzelne Paketquelle an. Die folgenden Quellen sind definiert: nuget.org, dotnet-daily, aspire-daily [C:\Users\Holge\repos\B2Connect\B2X.slnx]
C:\Users\Holge\repos\B2Connect\src\backend\Store\API\B2X.Store.csproj : warning NU1507: Es sind 3 Paketquellen in Ihrer Konfiguration definiert. Wenn Sie die zentrale Paketverwaltung verwenden, ordnen Sie Ihre Paketquellen mit der Paketquellenzuordnung (https://aka.ms/nuget-package-source-mapping) zu oder geben Sie eine einzelne Paketquelle an. Die folgenden Quellen sind definiert: nuget.org, dotnet-daily, aspire-daily [C:\Users\Holge\repos\B2Connect\B2X.slnx]
C:\Users\Holge\repos\B2Connect\src\tests\Store\B2X.Store.Tests.csproj : warning NU1507: Es sind 3 Paketquellen in Ihrer Konfiguration definiert. Wenn Sie die zentrale Paketverwaltung verwenden, ordnen Sie Ihre Paketquellen mit der Paketquellenzuordnung (https://aka.ms/nuget-package-source-mapping) zu oder geben Sie eine einzelne Paketquelle an. Die folgenden Quellen sind definiert: nuget.org, dotnet-daily, aspire-daily [C:\Users\Holge\repos\B2Connect\B2X.slnx]
C:\Users\Holge\repos\B2Connect\src\tests\BoundedContexts\Admin\MCP\B2X.Admin.MCP.Tests\B2X.Admin.MCP.Tests.csproj : warning NU1507: Es sind 3 Paketquellen in Ihrer Konfiguration definiert. Wenn Sie die zentrale Paketverwaltung verwenden, ordnen Sie Ihre Paketquellen mit der Paketquellenzuordnung (https://aka.ms/nuget-package-source-mapping) zu oder geben Sie eine einzelne Paketquelle an. Die folgenden Quellen sind definiert: nuget.org, dotnet-daily, aspire-daily [C:\Users\Holge\repos\B2Connect\B2X.slnx]
C:\Users\Holge\repos\B2Connect\src\tests\Hosting\AppHost.Tests\B2X.AppHost.Tests.csproj : warning NU1507: Es sind 3 Paketquellen in Ihrer Konfiguration definiert. Wenn Sie die zentrale Paketverwaltung verwenden, ordnen Sie Ihre Paketquellen mit der Paketquellenzuordnung (https://aka.ms/nuget-package-source-mapping) zu oder geben Sie eine einzelne Paketquelle an. Die folgenden Quellen sind definiert: nuget.org, dotnet-daily, aspire-daily [C:\Users\Holge\repos\B2Connect\B2X.slnx]
C:\Program Files\dotnet\sdk\10.0.101\Microsoft.Common.CurrentVersion.targets(2189,5): warning MSB9008: Das referenzierte Projekt ../../../../shared/Domain/Shared/B2X.Api.Validation/B2X.Api.Validation.csproj ist nicht vorhanden. [C:\Users\Holge\repos\B2Connect\src\backend\Admin\CLI\B2X.CLI.Administration\B2X.CLI.Administration.csproj]
C:\Users\Holge\repos\B2Connect\src\backend\Admin\Domain\Legal\B2X.Legal.API.csproj : warning NU1507: There are 3 package sources defined in your configuration. When using central package management, please map your package sources with package source mapping (https://aka.ms/nuget-package-source-mapping) or specify a single package source. The following sources are defined: nuget.org, dotnet-daily, aspire-daily
C:\Program Files\dotnet\sdk\10.0.101\Microsoft.Common.CurrentVersion.targets(2189,5): warning MSB9008: Das referenzierte Projekt ../../../../Infrastructure/Hosting/ServiceDefaults/B2X.ServiceDefaults.csproj ist nicht vorhanden. [C:\Users\Holge\repos\B2Connect\src\backend\Admin\Domain\Legal\B2X.Legal.API.csproj]
C:\Users\Holge\repos\B2Connect\src\backend\Admin\Gateway\B2X.Admin.csproj : warning NU1507: Es sind 3 Paketquellen in Ihrer Konfiguration definiert. Wenn Sie die zentrale Paketverwaltung verwenden, ordnen Sie Ihre Paketquellen mit der Paketquellenzuordnung (https://aka.ms/nuget-package-source-mapping) zu oder geben Sie eine einzelne Paketquelle an. Die folgenden Quellen sind definiert: nuget.org, dotnet-daily, aspire-daily
C:\Users\Holge\repos\B2Connect\src\backend\Infrastructure\Hosting\ServiceDefaults\B2X.ServiceDefaults.csproj : warning NU1507: There are 3 package sources defined in your configuration. When using central package management, please map your package sources with package source mapping (https://aka.ms/nuget-package-source-mapping) or specify a single package source. The following sources are defined: nuget.org, dotnet-daily, aspire-daily
c:\Users\Holge\repos\B2Connect\src\backend\Shared\Infrastructure\Messaging\B2X.Shared.Messaging.csproj : warning NU1507: Es sind 3 Paketquellen in Ihrer Konfiguration definiert. Wenn Sie die zentrale Paketverwaltung verwenden, ordnen Sie Ihre Paketquellen mit der Paketquellenzuordnung (https://aka.ms/nuget-package-source-mapping) zu oder geben Sie eine einzelne Paketquelle an. Die folgenden Quellen sind definiert: nuget.org, dotnet-daily, aspire-daily
C:\Users\Holge\repos\B2Connect\src\backend\Shared\Domain\B2X.Shared.Kernel\B2X.Shared.Kernel.csproj : warning NU1507: Es sind 3 Paketquellen in Ihrer Konfiguration definiert. Wenn Sie die zentrale Paketverwaltung verwenden, ordnen Sie Ihre Paketquellen mit der Paketquellenzuordnung (https://aka.ms/nuget-package-source-mapping) zu oder geben Sie eine einzelne Paketquelle an. Die folgenden Quellen sind definiert: nuget.org, dotnet-daily, aspire-daily
C:\Users\Holge\repos\B2Connect\src\backend\Infrastructure\Connectors\B2X.Connectors.csproj : warning NU1507: Es sind 3 Paketquellen in Ihrer Konfiguration definiert. Wenn Sie die zentrale Paketverwaltung verwenden, ordnen Sie Ihre Paketquellen mit der Paketquellenzuordnung (https://aka.ms/nuget-package-source-mapping) zu oder geben Sie eine einzelne Paketquelle an. Die folgenden Quellen sind definiert: nuget.org, dotnet-daily, aspire-daily
C:\Users\Holge\repos\B2Connect\src\backend\Shared\Domain\Shared\B2X.Api.Validation\B2X.Api.Validation.csproj : warning NU1507: There are 3 package sources defined in your configuration. When using central package management, please map your package sources with package source mapping (https://aka.ms/nuget-package-source-mapping) or specify a single package source. The following sources are defined: nuget.org, dotnet-daily, aspire-daily
C:\Users\Holge\repos\B2Connect\src\backend\Infrastructure\Hosting\AppHost\B2X.AppHost.csproj : warning NU1507: Es sind 3 Paketquellen in Ihrer Konfiguration definiert. Wenn Sie die zentrale Paketverwaltung verwenden, ordnen Sie Ihre Paketquellen mit der Paketquellenzuordnung (https://aka.ms/nuget-package-source-mapping) zu oder geben Sie eine einzelne Paketquelle an. Die folgenden Quellen sind definiert: nuget.org, dotnet-daily, aspire-daily
C:\Users\Holge\repos\B2Connect\src\backend\Store\API\B2X.Store.csproj : warning NU1507: Es sind 3 Paketquellen in Ihrer Konfiguration definiert. Wenn Sie die zentrale Paketverwaltung verwenden, ordnen Sie Ihre Paketquellen mit der Paketquellenzuordnung (https://aka.ms/nuget-package-source-mapping) zu oder geben Sie eine einzelne Paketquelle an. Die folgenden Quellen sind definiert: nuget.org, dotnet-daily, aspire-daily
C:\Users\Holge\repos\B2Connect\src\backend\Shared\Domain\B2X.Utils\B2X.Utils.csproj : warning NU1507: Es sind 3 Paketquellen in Ihrer Konfiguration definiert. Wenn Sie die zentrale Paketverwaltung verwenden, ordnen Sie Ihre Paketquellen mit der Paketquellenzuordnung (https://aka.ms/nuget-package-source-mapping) zu oder geben Sie eine einzelne Paketquelle an. Die folgenden Quellen sind definiert: nuget.org, dotnet-daily, aspire-daily
C:\Users\Holge\repos\B2Connect\src\backend\Shared\Infrastructure\middleware\B2X.Shared.Middleware.csproj : warning NU1507: Es sind 3 Paketquellen in Ihrer Konfiguration definiert. Wenn Sie die zentrale Paketverwaltung verwenden, ordnen Sie Ihre Paketquellen mit der Paketquellenzuordnung (https://aka.ms/nuget-package-source-mapping) zu oder geben Sie eine einzelne Paketquelle an. Die folgenden Quellen sind definiert: nuget.org, dotnet-daily, aspire-daily
C:\Users\Holge\repos\B2Connect\src\backend\Shared\Domain\Tenancy\B2X.Tenancy.API.csproj : warning NU1507: Es sind 3 Paketquellen in Ihrer Konfiguration definiert. Wenn Sie die zentrale Paketverwaltung verwenden, ordnen Sie Ihre Paketquellen mit der Paketquellenzuordnung (https://aka.ms/nuget-package-source-mapping) zu oder geben Sie eine einzelne Paketquelle an. Die folgenden Quellen sind definiert: nuget.org, dotnet-daily, aspire-daily
C:\Users\Holge\repos\B2Connect\src\backend\Shared\Domain\Identity\B2X.Identity.API.csproj : warning NU1507: Es sind 3 Paketquellen in Ihrer Konfiguration definiert. Wenn Sie die zentrale Paketverwaltung verwenden, ordnen Sie Ihre Paketquellen mit der Paketquellenzuordnung (https://aka.ms/nuget-package-source-mapping) zu oder geben Sie eine einzelne Paketquelle an. Die folgenden Quellen sind definiert: nuget.org, dotnet-daily, aspire-daily
C:\Users\Holge\repos\B2Connect\src\backend\Management\Domain\B2X.CMS.csproj : warning NU1507: Es sind 3 Paketquellen in Ihrer Konfiguration definiert. Wenn Sie die zentrale Paketverwaltung verwenden, ordnen Sie Ihre Paketquellen mit der Paketquellenzuordnung (https://aka.ms/nuget-package-source-mapping) zu oder geben Sie eine einzelne Paketquelle an. Die folgenden Quellen sind definiert: nuget.org, dotnet-daily, aspire-daily
C:\Users\Holge\repos\B2Connect\src\backend\Management\Domain\B2X.Email.csproj : warning NU1507: Es sind 3 Paketquellen in Ihrer Konfiguration definiert. Wenn Sie die zentrale Paketverwaltung verwenden, ordnen Sie Ihre Paketquellen mit der Paketquellenzuordnung (https://aka.ms/nuget-package-source-mapping) zu oder geben Sie eine einzelne Paketquelle an. Die folgenden Quellen sind definiert: nuget.org, dotnet-daily, aspire-daily
C:\Users\Holge\repos\B2Connect\src\backend\Shared\Domain\ERP\Abstractions\B2X.ERP.Abstractions.csproj : warning NU1507: There are 3 package sources defined in your configuration. When using central package management, please map your package sources with package source mapping (https://aka.ms/nuget-package-source-mapping) or specify a single package source. The following sources are defined: nuget.org, dotnet-daily, aspire-daily
C:\Users\Holge\repos\B2Connect\src\backend\Shared\Domain\ERP\src\B2X.ERP.csproj : warning NU1507: There are 3 package sources defined in your configuration. When using central package management, please map your package sources with package source mapping (https://aka.ms/nuget-package-source-mapping) or specify a single package source. The following sources are defined: nuget.org, dotnet-daily, aspire-daily
C:\Users\Holge\repos\B2Connect\src\backend\Shared\Domain\Localization\B2X.Localization.API.csproj : warning NU1507: Es sind 3 Paketquellen in Ihrer Konfiguration definiert. Wenn Sie die zentrale Paketverwaltung verwenden, ordnen Sie Ihre Paketquellen mit der Paketquellenzuordnung (https://aka.ms/nuget-package-source-mapping) zu oder geben Sie eine einzelne Paketquelle an. Die folgenden Quellen sind definiert: nuget.org, dotnet-daily, aspire-daily
C:\Users\Holge\repos\B2Connect\src\backend\Shared\Domain\PatternAnalysis\B2X.PatternAnalysis.csproj : warning NU1507: Es sind 3 Paketquellen in Ihrer Konfiguration definiert. Wenn Sie die zentrale Paketverwaltung verwenden, ordnen Sie Ihre Paketquellen mit der Paketquellenzuordnung (https://aka.ms/nuget-package-source-mapping) zu oder geben Sie eine einzelne Paketquelle an. Die folgenden Quellen sind definiert: nuget.org, dotnet-daily, aspire-daily
C:\Users\Holge\repos\B2Connect\src\backend\Shared\Domain\SmartDataIntegration\API\B2X.SmartDataIntegration.API.csproj : warning NU1507: Es sind 3 Paketquellen in Ihrer Konfiguration definiert. Wenn Sie die zentrale Paketverwaltung verwenden, ordnen Sie Ihre Paketquellen mit der Paketquellenzuordnung (https://aka.ms/nuget-package-source-mapping) zu oder geben Sie eine einzelne Paketquelle an. Die folgenden Quellen sind definiert: nuget.org, dotnet-daily, aspire-daily
C:\Users\Holge\repos\B2Connect\src\backend\Shared\Domain\SmartDataIntegration\src\B2X.SmartDataIntegration.csproj : warning NU1507: Es sind 3 Paketquellen in Ihrer Konfiguration definiert. Wenn Sie die zentrale Paketverwaltung verwenden, ordnen Sie Ihre Paketquellen mit der Paketquellenzuordnung (https://aka.ms/nuget-package-source-mapping) zu oder geben Sie eine einzelne Paketquelle an. Die folgenden Quellen sind definiert: nuget.org, dotnet-daily, aspire-daily
C:\Users\Holge\repos\B2Connect\src\backend\Shared\Domain\Theming\B2X.Theming.API.csproj : warning NU1507: Es sind 3 Paketquellen in Ihrer Konfiguration definiert. Wenn Sie die zentrale Paketverwaltung verwenden, ordnen Sie Ihre Paketquellen mit der Paketquellenzuordnung (https://aka.ms/nuget-package-source-mapping) zu oder geben Sie eine einzelne Paketquelle an. Die folgenden Quellen sind definiert: nuget.org, dotnet-daily, aspire-daily
C:\Users\Holge\repos\B2Connect\src\backend\Shared\Domain\Theming\Layout\B2X.Theming.Layout.csproj : warning NU1507: Es sind 3 Paketquellen in Ihrer Konfiguration definiert. Wenn Sie die zentrale Paketverwaltung verwenden, ordnen Sie Ihre Paketquellen mit der Paketquellenzuordnung (https://aka.ms/nuget-package-source-mapping) zu oder geben Sie eine einzelne Paketquelle an. Die folgenden Quellen sind definiert: nuget.org, dotnet-daily, aspire-daily
C:\Users\Holge\repos\B2Connect\src\backend\Shared\Infrastructure\Monitoring\B2X.Shared.Monitoring.csproj : warning NU1507: Es sind 3 Paketquellen in Ihrer Konfiguration definiert. Wenn Sie die zentrale Paketverwaltung verwenden, ordnen Sie Ihre Paketquellen mit der Paketquellenzuordnung (https://aka.ms/nuget-package-source-mapping) zu oder geben Sie eine einzelne Paketquelle an. Die folgenden Quellen sind definiert: nuget.org, dotnet-daily, aspire-daily
C:\Users\Holge\repos\B2Connect\src\backend\Shared\Infrastructure\Search\B2X.Shared.Search.csproj : warning NU1507: Es sind 3 Paketquellen in Ihrer Konfiguration definiert. Wenn Sie die zentrale Paketverwaltung verwenden, ordnen Sie Ihre Paketquellen mit der Paketquellenzuordnung (https://aka.ms/nuget-package-source-mapping) zu oder geben Sie eine einzelne Paketquelle an. Die folgenden Quellen sind definiert: nuget.org, dotnet-daily, aspire-daily
C:\Users\Holge\repos\B2Connect\src\backend\Store\Domain\Catalog\B2X.Catalog.API.csproj : warning NU1507: Es sind 3 Paketquellen in Ihrer Konfiguration definiert. Wenn Sie die zentrale Paketverwaltung verwenden, ordnen Sie Ihre Paketquellen mit der Paketquellenzuordnung (https://aka.ms/nuget-package-source-mapping) zu oder geben Sie eine einzelne Paketquelle an. Die folgenden Quellen sind definiert: nuget.org, dotnet-daily, aspire-daily
C:\Users\Holge\repos\B2Connect\src\backend\Store\Domain\Search\B2X.Domain.Search.csproj : warning NU1507: There are 3 package sources defined in your configuration. When using central package management, please map your package sources with package source mapping (https://aka.ms/nuget-package-source-mapping) or specify a single package source. The following sources are defined: nuget.org, dotnet-daily, aspire-daily
C:\Users\Holge\repos\B2Connect\src\Store\Backend\Customer\B2X.Customer.API.csproj : warning NU1507: Es sind 3 Paketquellen in Ihrer Konfiguration definiert. Wenn Sie die zentrale Paketverwaltung verwenden, ordnen Sie Ihre Paketquellen mit der Paketquellenzuordnung (https://aka.ms/nuget-package-source-mapping) zu oder geben Sie eine einzelne Paketquelle an. Die folgenden Quellen sind definiert: nuget.org, dotnet-daily, aspire-daily
C:\Users\Holge\repos\B2Connect\src\Store\Backend\Orders\B2X.Orders.API.csproj : warning NU1507: Es sind 3 Paketquellen in Ihrer Konfiguration definiert. Wenn Sie die zentrale Paketverwaltung verwenden, ordnen Sie Ihre Paketquellen mit der Paketquellenzuordnung (https://aka.ms/nuget-package-source-mapping) zu oder geben Sie eine einzelne Paketquelle an. Die folgenden Quellen sind definiert: nuget.org, dotnet-daily, aspire-daily
C:\Users\Holge\repos\B2Connect\src\Store\Backend\Catalog\B2X.Catalog.API.csproj : warning NU1507: Es sind 3 Paketquellen in Ihrer Konfiguration definiert. Wenn Sie die zentrale Paketverwaltung verwenden, ordnen Sie Ihre Paketquellen mit der Paketquellenzuordnung (https://aka.ms/nuget-package-source-mapping) zu oder geben Sie eine einzelne Paketquelle an. Die folgenden Quellen sind definiert: nuget.org, dotnet-daily, aspire-daily
C:\Users\Holge\repos\B2Connect\src\tests\Admin\Backend\Compliance\tests\B2X.Compliance.Tests.csproj : warning NU1507: There are 3 package sources defined in your configuration. When using central package management, please map your package sources with package source mapping (https://aka.ms/nuget-package-source-mapping) or specify a single package source. The following sources are defined: nuget.org, dotnet-daily, aspire-daily
C:\Users\Holge\repos\B2Connect\src\backend\Admin\Domain\Compliance\B2X.Compliance.API.csproj : warning NU1507: Es sind 3 Paketquellen in Ihrer Konfiguration definiert. Wenn Sie die zentrale Paketverwaltung verwenden, ordnen Sie Ihre Paketquellen mit der Paketquellenzuordnung (https://aka.ms/nuget-package-source-mapping) zu oder geben Sie eine einzelne Paketquelle an. Die folgenden Quellen sind definiert: nuget.org, dotnet-daily, aspire-daily
C:\Program Files\dotnet\sdk\10.0.101\Microsoft.Common.CurrentVersion.targets(2189,5): warning MSB9008: Das referenzierte Projekt ../../../../../Infrastructure/Hosting/ServiceDefaults/B2X.ServiceDefaults.csproj ist nicht vorhanden. [C:\Users\Holge\repos\B2Connect\src\backend\Admin\Domain\Compliance\B2X.Compliance.API.csproj]
C:\Users\Holge\repos\B2Connect\src\tests\Admin\Backend\Legal\tests\B2X.Legal.Tests.csproj : warning NU1507: There are 3 package sources defined in your configuration. When using central package management, please map your package sources with package source mapping (https://aka.ms/nuget-package-source-mapping) or specify a single package source. The following sources are defined: nuget.org, dotnet-daily, aspire-daily
C:\Program Files\dotnet\sdk\10.0.101\Microsoft.Common.CurrentVersion.targets(2189,5): warning MSB9008: Das referenzierte Projekt ../../../../backend/Admin/Domain/Legal/B2X.Legal.API.csproj ist nicht vorhanden. [C:\Users\Holge\repos\B2Connect\src\tests\Admin\Backend\Legal\tests\B2X.Legal.Tests.csproj]
C:\Users\Holge\repos\B2Connect\src\tests\BoundedContexts\Admin\MCP\B2X.Admin.MCP.Tests\B2X.Admin.MCP.Tests.csproj : warning NU1507: Es sind 3 Paketquellen in Ihrer Konfiguration definiert. Wenn Sie die zentrale Paketverwaltung verwenden, ordnen Sie Ihre Paketquellen mit der Paketquellenzuordnung (https://aka.ms/nuget-package-source-mapping) zu oder geben Sie eine einzelne Paketquelle an. Die folgenden Quellen sind definiert: nuget.org, dotnet-daily, aspire-daily
C:\Users\Holge\repos\B2Connect\src\tests\Hosting\AppHost.Tests\B2X.AppHost.Tests.csproj : warning NU1507: Es sind 3 Paketquellen in Ihrer Konfiguration definiert. Wenn Sie die zentrale Paketverwaltung verwenden, ordnen Sie Ihre Paketquellen mit der Paketquellenzuordnung (https://aka.ms/nuget-package-source-mapping) zu oder geben Sie eine einzelne Paketquelle an. Die folgenden Quellen sind definiert: nuget.org, dotnet-daily, aspire-daily
c:\Users\Holge\repos\B2Connect\src\backend\Store\Domain\Categories\B2X.Categories.csproj : warning NU1507: Es sind 3 Paketquellen in Ihrer Konfiguration definiert. Wenn Sie die zentrale Paketverwaltung verwenden, ordnen Sie Ihre Paketquellen mit der Paketquellenzuordnung (https://aka.ms/nuget-package-source-mapping) zu oder geben Sie eine einzelne Paketquelle an. Die folgenden Quellen sind definiert: nuget.org, dotnet-daily, aspire-daily
C:\Users\Holge\repos\B2Connect\src\tests\Management\CMS\B2X.CMS.Tests.csproj : warning NU1507: Es sind 3 Paketquellen in Ihrer Konfiguration definiert. Wenn Sie die zentrale Paketverwaltung verwenden, ordnen Sie Ihre Paketquellen mit der Paketquellenzuordnung (https://aka.ms/nuget-package-source-mapping) zu oder geben Sie eine einzelne Paketquelle an. Die folgenden Quellen sind definiert: nuget.org, dotnet-daily, aspire-daily
C:\Users\Holge\repos\B2Connect\src\backend\Shared\Domain\B2X.Shared.Core\B2X.Shared.Core.csproj : warning NU1507: Es sind 3 Paketquellen in Ihrer Konfiguration definiert. Wenn Sie die zentrale Paketverwaltung verwenden, ordnen Sie Ihre Paketquellen mit der Paketquellenzuordnung (https://aka.ms/nuget-package-source-mapping) zu oder geben Sie eine einzelne Paketquelle an. Die folgenden Quellen sind definiert: nuget.org, dotnet-daily, aspire-daily
C:\Users\Holge\repos\B2Connect\src\backend\Shared\Domain\B2X.Types\B2X.Types.csproj : warning NU1507: Es sind 3 Paketquellen in Ihrer Konfiguration definiert. Wenn Sie die zentrale Paketverwaltung verwenden, ordnen Sie Ihre Paketquellen mit der Paketquellenzuordnung (https://aka.ms/nuget-package-source-mapping) zu oder geben Sie eine einzelne Paketquelle an. Die folgenden Quellen sind definiert: nuget.org, dotnet-daily, aspire-daily
C:\Users\Holge\repos\B2Connect\src\tests\Management\Email\B2X.Email.Tests.csproj : warning NU1507: Es sind 3 Paketquellen in Ihrer Konfiguration definiert. Wenn Sie die zentrale Paketverwaltung verwenden, ordnen Sie Ihre Paketquellen mit der Paketquellenzuordnung (https://aka.ms/nuget-package-source-mapping) zu oder geben Sie eine einzelne Paketquelle an. Die folgenden Quellen sind definiert: nuget.org, dotnet-daily, aspire-daily
C:\Users\Holge\repos\B2Connect\src\tests\Services\PunchoutAdapters\IdsConnect\tests\B2X.IdsConnectAdapter.Tests.csproj : warning NU1507: There are 3 package sources defined in your configuration. When using central package management, please map your package sources with package source mapping (https://aka.ms/nuget-package-source-mapping) or specify a single package source. The following sources are defined: nuget.org, dotnet-daily, aspire-daily
C:\Program Files\dotnet\sdk\10.0.101\Microsoft.Common.CurrentVersion.targets(2189,5): warning MSB9008: Das referenzierte Projekt ../../../../../../../backend/Shared/Infrastructure/B2X.Shared.Infrastructure.csproj ist nicht vorhanden. [C:\Users\Holge\repos\B2Connect\src\tests\Services\PunchoutAdapters\IdsConnect\tests\B2X.IdsConnectAdapter.Tests.csproj]
C:\Users\Holge\repos\B2Connect\src\backend\Shared\Infrastructure\B2X.Shared.Infrastructure\B2X.Shared.Infrastructure.csproj : warning NU1507: Es sind 3 Paketquellen in Ihrer Konfiguration definiert. Wenn Sie die zentrale Paketverwaltung verwenden, ordnen Sie Ihre Paketquellen mit der Paketquellenzuordnung (https://aka.ms/nuget-package-source-mapping) zu oder geben Sie eine einzelne Paketquelle an. Die folgenden Quellen sind definiert: nuget.org, dotnet-daily, aspire-daily
C:\Program Files\dotnet\sdk\10.0.101\Microsoft.Common.CurrentVersion.targets(2189,5): warning MSB9008: Das referenzierte Projekt ../Domain/Tenancy/B2X.Tenancy.API.csproj ist nicht vorhanden. [C:\Users\Holge\repos\B2Connect\src\backend\Shared\Infrastructure\Monitoring\B2X.Shared.Monitoring.csproj]
C:\Program Files\dotnet\sdk\10.0.101\Microsoft.Common.CurrentVersion.targets(2189,5): warning MSB9008: Das referenzierte Projekt ../../../../backend/shared/Domain/B2X.Shared.Core/B2X.Shared.Core.csproj ist nicht vorhanden. [C:\Users\Holge\repos\B2Connect\src\Store\Backend\Catalog\B2X.Catalog.API.csproj]
C:\Program Files\dotnet\sdk\10.0.101\Microsoft.Common.CurrentVersion.targets(2189,5): warning MSB9008: Das referenzierte Projekt ../../../../backend/Shared/Domain/B2X.Shared.Core/B2X.Shared.Core.csproj ist nicht vorhanden. [C:\Users\Holge\repos\B2Connect\src\backend\Shared\Domain\Theming\Layout\B2X.Theming.Layout.csproj]
C:\Users\Holge\repos\B2Connect\src\tests\Shared\B2X.Gateway.Integration.Tests\B2X.Gateway.Integration.Tests.csproj : warning NU1507: There are 3 package sources defined in your configuration. When using central package management, please map your package sources with package source mapping (https://aka.ms/nuget-package-source-mapping) or specify a single package source. The following sources are defined: nuget.org, dotnet-daily, aspire-daily
C:\Program Files\dotnet\sdk\10.0.101\Microsoft.Common.CurrentVersion.targets(2189,5): warning MSB9008: Das referenzierte Projekt ../../../../backend/Store/API/B2X.Store.csproj ist nicht vorhanden. [C:\Users\Holge\repos\B2Connect\src\tests\Shared\B2X.Gateway.Integration.Tests\B2X.Gateway.Integration.Tests.csproj]
C:\Users\Holge\repos\B2Connect\src\tests\Shared\B2X.Shared.Infrastructure\tests\B2X.Shared.Infrastructure.Tests.csproj : warning NU1507: Es sind 3 Paketquellen in Ihrer Konfiguration definiert. Wenn Sie die zentrale Paketverwaltung verwenden, ordnen Sie Ihre Paketquellen mit der Paketquellenzuordnung (https://aka.ms/nuget-package-source-mapping) zu oder geben Sie eine einzelne Paketquelle an. Die folgenden Quellen sind definiert: nuget.org, dotnet-daily, aspire-daily
C:\Program Files\dotnet\sdk\10.0.101\Microsoft.Common.CurrentVersion.targets(2189,5): warning MSB9008: Das referenzierte Projekt ../../../../backend/Shared/Infrastructure/B2X.Shared.Infrastructure.csproj ist nicht vorhanden. [C:\Users\Holge\repos\B2Connect\src\tests\Shared\B2X.Shared.Infrastructure\tests\B2X.Shared.Infrastructure.Tests.csproj]
C:\Users\Holge\repos\B2Connect\src\backend\Store\Domain\Variants\src\B2X.Variants.csproj : warning NU1507: Es sind 3 Paketquellen in Ihrer Konfiguration definiert. Wenn Sie die zentrale Paketverwaltung verwenden, ordnen Sie Ihre Paketquellen mit der Paketquellenzuordnung (https://aka.ms/nuget-package-source-mapping) zu oder geben Sie eine einzelne Paketquelle an. Die folgenden Quellen sind definiert: nuget.org, dotnet-daily, aspire-daily [c:\Users\Holge\repos\B2Connect\src\backend\Store\Domain\Variants\src\B2X.Variants.csproj]
C:\Users\Holge\repos\B2Connect\src\tests\Shared\B2X.Shared.Search.Tests\B2X.Shared.Search.Tests.csproj : warning NU1507: Es sind 3 Paketquellen in Ihrer Konfiguration definiert. Wenn Sie die zentrale Paketverwaltung verwenden, ordnen Sie Ihre Paketquellen mit der Paketquellenzuordnung (https://aka.ms/nuget-package-source-mapping) zu oder geben Sie eine einzelne Paketquelle an. Die folgenden Quellen sind definiert: nuget.org, dotnet-daily, aspire-daily
C:\Users\Holge\repos\B2Connect\src\tests\Shared\Domain\AI\tests\B2X.AI.Tests.csproj : warning NU1507: There are 3 package sources defined in your configuration. When using central package management, please map your package sources with package source mapping (https://aka.ms/nuget-package-source-mapping) or specify a single package source. The following sources are defined: nuget.org, dotnet-daily, aspire-daily
C:\Program Files\dotnet\sdk\10.0.101\Microsoft.Common.CurrentVersion.targets(2189,5): warning MSB9008: Das referenzierte Projekt ../../../../backend/shared/Domain/B2X.Shared.Kernel/B2X.Shared.Kernel.csproj ist nicht vorhanden. [C:\Users\Holge\repos\B2Connect\src\Store\Backend\Orders\B2X.Orders.API.csproj]
C:\Users\Holge\repos\B2Connect\src\tests\Shared\Domain\ERP\tests\B2X.ERP.Tests.csproj : warning NU1507: There are 3 package sources defined in your configuration. When using central package management, please map your package sources with package source mapping (https://aka.ms/nuget-package-source-mapping) or specify a single package source. The following sources are defined: nuget.org, dotnet-daily, aspire-daily
C:\Program Files\dotnet\sdk\10.0.101\Microsoft.Common.CurrentVersion.targets(2189,5): warning MSB9008: Das referenzierte Projekt ../../../../src/backend/Shared/Domain/ERP/Abstractions/B2X.ERP.Abstractions.csproj ist nicht vorhanden. [C:\Users\Holge\repos\B2Connect\src\tests\Shared\Domain\ERP\tests\B2X.ERP.Tests.csproj]
C:\Users\Holge\repos\B2Connect\src\backend\Shared\Domain\Identity\B2X.Identity.csproj : warning NU1507: Es sind 3 Paketquellen in Ihrer Konfiguration definiert. Wenn Sie die zentrale Paketverwaltung verwenden, ordnen Sie Ihre Paketquellen mit der Paketquellenzuordnung (https://aka.ms/nuget-package-source-mapping) zu oder geben Sie eine einzelne Paketquelle an. Die folgenden Quellen sind definiert: nuget.org, dotnet-daily, aspire-daily
C:\Users\Holge\repos\B2Connect\src\tests\Shared\Domain\Identity\B2X.Identity.Tests\B2X.Identity.Tests.csproj : warning NU1507: There are 3 package sources defined in your configuration. When using central package management, please map your package sources with package source mapping (https://aka.ms/nuget-package-source-mapping) or specify a single package source. The following sources are defined: nuget.org, dotnet-daily, aspire-daily
C:\Program Files\dotnet\sdk\10.0.101\Microsoft.Common.CurrentVersion.targets(2189,5): warning MSB9008: Das referenzierte Projekt ..\..\..\..\src\backend\Shared\Domain\Identity\B2X.Identity.csproj ist nicht vorhanden. [C:\Users\Holge\repos\B2Connect\src\tests\Shared\Domain\Identity\B2X.Identity.Tests\B2X.Identity.Tests.csproj]
C:\Users\Holge\repos\B2Connect\src\tests\Shared\Domain\Localization\tests\B2X.Localization.Tests.csproj : warning NU1507: Es sind 3 Paketquellen in Ihrer Konfiguration definiert. Wenn Sie die zentrale Paketverwaltung verwenden, ordnen Sie Ihre Paketquellen mit der Paketquellenzuordnung (https://aka.ms/nuget-package-source-mapping) zu oder geben Sie eine einzelne Paketquelle an. Die folgenden Quellen sind definiert: nuget.org, dotnet-daily, aspire-daily
C:\Users\Holge\repos\B2Connect\src\tests\Shared\Domain\PatternAnalysis\tests\B2X.PatternAnalysis.Tests.csproj : warning NU1507: There are 3 package sources defined in your configuration. When using central package management, please map your package sources with package source mapping (https://aka.ms/nuget-package-source-mapping) or specify a single package source. The following sources are defined: nuget.org, dotnet-daily, aspire-daily
C:\Program Files\dotnet\sdk\10.0.101\Microsoft.Common.CurrentVersion.targets(2189,5): warning MSB9008: Das referenzierte Projekt ../../../../backend/Shared/Domain/PatternAnalysis/B2X.PatternAnalysis.csproj ist nicht vorhanden. [C:\Users\Holge\repos\B2Connect\src\tests\Shared\Domain\PatternAnalysis\tests\B2X.PatternAnalysis.Tests.csproj]
C:\Users\Holge\repos\B2Connect\src\tests\Shared\Domain\Returns\tests\B2X.Returns.Tests.csproj : warning NU1507: Es sind 3 Paketquellen in Ihrer Konfiguration definiert. Wenn Sie die zentrale Paketverwaltung verwenden, ordnen Sie Ihre Paketquellen mit der Paketquellenzuordnung (https://aka.ms/nuget-package-source-mapping) zu oder geben Sie eine einzelne Paketquelle an. Die folgenden Quellen sind definiert: nuget.org, dotnet-daily, aspire-daily
C:\Users\Holge\repos\B2Connect\src\tests\Shared\Domain\Search\B2X.Search.Integration\B2X.Search.Integration.csproj : warning NU1507: There are 3 package sources defined in your configuration. When using central package management, please map your package sources with package source mapping (https://aka.ms/nuget-package-source-mapping) or specify a single package source. The following sources are defined: nuget.org, dotnet-daily, aspire-daily
C:\Program Files\dotnet\sdk\10.0.101\Microsoft.Common.CurrentVersion.targets(2189,5): warning MSB9008: Das referenzierte Projekt ../../../../../../backend/Shared/Domain/Search/B2X.Search.csproj ist nicht vorhanden. [C:\Users\Holge\repos\B2Connect\src\tests\Shared\Domain\Search\B2X.Search.Integration\B2X.Search.Integration.csproj]
C:\Users\Holge\repos\B2Connect\src\tests\Shared\Domain\Search\B2X.Search.UnitTests\B2X.Search.UnitTests.csproj : warning NU1507: There are 3 package sources defined in your configuration. When using central package management, please map your package sources with package source mapping (https://aka.ms/nuget-package-source-mapping) or specify a single package source. The following sources are defined: nuget.org, dotnet-daily, aspire-daily
C:\Users\Holge\repos\B2Connect\src\tests\Shared\Domain\Search\B2X.Search.UnitTests\B2X.Search.UnitTests.csproj : warning NU1903: Package 'Newtonsoft.Json' 9.0.1 has a known high severity vulnerability, https://github.com/advisories/GHSA-5crp-9r3c-p9vr
c:\Users\Holge\repos\B2Connect\src\backend\Store\Infrastructure\Gateway\Search\B2X.Store.Search.csproj : warning NU1507: There are 3 package sources defined in your configuration. When using central package management, please map your package sources with package source mapping (https://aka.ms/nuget-package-source-mapping) or specify a single package source. The following sources are defined: nuget.org, dotnet-daily, aspire-daily
c:\Users\Holge\repos\B2Connect\src\backend\Store\Infrastructure\Gateway\Search\B2X.Store.Search.csproj : warning NU1903: Package 'Newtonsoft.Json' 9.0.1 has a known high severity vulnerability, https://github.com/advisories/GHSA-5crp-9r3c-p9vr
C:\Users\Holge\repos\B2Connect\src\tests\Shared\Domain\Security\tests\B2X.Security.Tests.csproj : warning NU1507: Es sind 3 Paketquellen in Ihrer Konfiguration definiert. Wenn Sie die zentrale Paketverwaltung verwenden, ordnen Sie Ihre Paketquellen mit der Paketquellenzuordnung (https://aka.ms/nuget-package-source-mapping) zu oder geben Sie eine einzelne Paketquelle an. Die folgenden Quellen sind definiert: nuget.org, dotnet-daily, aspire-daily
C:\Users\Holge\repos\B2Connect\src\tests\Shared\Domain\SmartDataIntegration\tests\B2X.SmartDataIntegration.Tests.csproj : warning NU1507: There are 3 package sources defined in your configuration. When using central package management, please map your package sources with package source mapping (https://aka.ms/nuget-package-source-mapping) or specify a single package source. The following sources are defined: nuget.org, dotnet-daily, aspire-daily
C:\Program Files\dotnet\sdk\10.0.101\Microsoft.Common.CurrentVersion.targets(2189,5): warning MSB9008: Das referenzierte Projekt ../../../../../../backend/Shared/Domain/SmartDataIntegration/src/B2X.SmartDataIntegration.csproj ist nicht vorhanden. [C:\Users\Holge\repos\B2Connect\src\tests\Shared\Domain\SmartDataIntegration\tests\B2X.SmartDataIntegration.Tests.csproj]
C:\Users\Holge\repos\B2Connect\src\tests\Shared\Domain\Tenancy\tests\B2X.Tenancy.Tests.csproj : warning NU1507: Es sind 3 Paketquellen in Ihrer Konfiguration definiert. Wenn Sie die zentrale Paketverwaltung verwenden, ordnen Sie Ihre Paketquellen mit der Paketquellenzuordnung (https://aka.ms/nuget-package-source-mapping) zu oder geben Sie eine einzelne Paketquelle an. Die folgenden Quellen sind definiert: nuget.org, dotnet-daily, aspire-daily
C:\Program Files\dotnet\sdk\10.0.101\Microsoft.Common.CurrentVersion.targets(2189,5): warning MSB9008: Das referenzierte Projekt ../../../../../backend/Shared/Infrastructure/B2X.Shared.Infrastructure.csproj ist nicht vorhanden. [C:\Users\Holge\repos\B2Connect\src\tests\Shared\Domain\Tenancy\tests\B2X.Tenancy.Tests.csproj]
C:\Users\Holge\repos\B2Connect\src\tests\Shared\Validation\B2X.Validation.Tests.csproj : warning NU1507: There are 3 package sources defined in your configuration. When using central package management, please map your package sources with package source mapping (https://aka.ms/nuget-package-source-mapping) or specify a single package source. The following sources are defined: nuget.org, dotnet-daily, aspire-daily
C:\Program Files\dotnet\sdk\10.0.101\Microsoft.Common.CurrentVersion.targets(2189,5): warning MSB9008: Das referenzierte Projekt ../../../../../backend/Shared/Domain/Shared/B2X.Api.Validation/B2X.Api.Validation.csproj ist nicht vorhanden. [C:\Users\Holge\repos\B2Connect\src\tests\Shared\Validation\B2X.Validation.Tests.csproj]
C:\Program Files\dotnet\sdk\10.0.101\Microsoft.Common.CurrentVersion.targets(2189,5): warning MSB9008: Das referenzierte Projekt ../../../../src/backend/Shared/Domain/Types/B2X.Types/B2X.Types.csproj ist nicht vorhanden. [C:\Users\Holge\repos\B2Connect\src\tests\Shared\B2X.Shared.Search.Tests\B2X.Shared.Search.Tests.csproj]
C:\Users\Holge\repos\B2Connect\src\tests\Store\B2X.Store.Tests.csproj : warning NU1507: Es sind 3 Paketquellen in Ihrer Konfiguration definiert. Wenn Sie die zentrale Paketverwaltung verwenden, ordnen Sie Ihre Paketquellen mit der Paketquellenzuordnung (https://aka.ms/nuget-package-source-mapping) zu oder geben Sie eine einzelne Paketquelle an. Die folgenden Quellen sind definiert: nuget.org, dotnet-daily, aspire-daily
C:\Users\Holge\repos\B2Connect\src\tests\Store\Backend\Catalog\B2X.Catalog.Tests\B2X.Catalog.Tests.csproj : warning NU1507: There are 3 package sources defined in your configuration. When using central package management, please map your package sources with package source mapping (https://aka.ms/nuget-package-source-mapping) or specify a single package source. The following sources are defined: nuget.org, dotnet-daily, aspire-daily
C:\Users\Holge\repos\B2Connect\src\tests\Store\Backend\Catalog\B2X.Catalog.Tests\B2X.Catalog.Tests.csproj : warning NU1903: Package 'Newtonsoft.Json' 9.0.1 has a known high severity vulnerability, https://github.com/advisories/GHSA-5crp-9r3c-p9vr
C:\Program Files\dotnet\sdk\10.0.101\Microsoft.Common.CurrentVersion.targets(2189,5): warning MSB9008: Das referenzierte Projekt ../../../../backend/Store/Domain/Catalog/B2X.Catalog.API.csproj ist nicht vorhanden. [C:\Users\Holge\repos\B2Connect\src\tests\Store\Backend\Catalog\B2X.Catalog.Tests\B2X.Catalog.Tests.csproj]
C:\Users\Holge\repos\B2Connect\src\AI\MCP\B2X.Admin.MCP\B2X.Admin.MCP.csproj : warning NU1510: PackageReference Microsoft.Extensions.Logging wird nicht gek├╝rzt. Erw├ñgen Sie, dieses Paket aus Ihren Abh├ñngigkeiten zu entfernen, da es wahrscheinlich nicht erforderlich ist.
C:\Users\Holge\repos\B2Connect\src\AI\MCP\B2X.Admin.MCP\B2X.Admin.MCP.csproj : warning NU1510: PackageReference Microsoft.Extensions.Configuration wird nicht gek├╝rzt. Erw├ñgen Sie, dieses Paket aus Ihren Abh├ñngigkeiten zu entfernen, da es wahrscheinlich nicht erforderlich ist.
C:\Users\Holge\repos\B2Connect\src\tests\Store\Backend\Customer\tests\B2X.Customer.Tests.csproj : warning NU1507: Es sind 3 Paketquellen in Ihrer Konfiguration definiert. Wenn Sie die zentrale Paketverwaltung verwenden, ordnen Sie Ihre Paketquellen mit der Paketquellenzuordnung (https://aka.ms/nuget-package-source-mapping) zu oder geben Sie eine einzelne Paketquelle an. Die folgenden Quellen sind definiert: nuget.org, dotnet-daily, aspire-daily
C:\Users\Holge\repos\B2Connect\src\tests\Store\Backend\Orders\tests\B2X.Orders.Tests.csproj : warning NU1507: There are 3 package sources defined in your configuration. When using central package management, please map your package sources with package source mapping (https://aka.ms/nuget-package-source-mapping) or specify a single package source. The following sources are defined: nuget.org, dotnet-daily, aspire-daily
C:\Program Files\dotnet\sdk\10.0.101\Microsoft.Common.CurrentVersion.targets(2189,5): warning MSB9008: Das referenzierte Projekt ../../../../backend/Store/Backend/Orders/B2X.Orders.API.csproj ist nicht vorhanden. [C:\Users\Holge\repos\B2Connect\src\tests\Store\Backend\Orders\tests\B2X.Orders.Tests.csproj]
C:\Users\Holge\repos\B2Connect\src\tools\seeders\seeding\B2X.Seeding.API.csproj : warning NU1507: There are 3 package sources defined in your configuration. When using central package management, please map your package sources with package source mapping (https://aka.ms/nuget-package-source-mapping) or specify a single package source. The following sources are defined: nuget.org, dotnet-daily, aspire-daily
C:\Users\Holge\repos\B2Connect\src\AI\MCP\B2X.Admin.MCP\McpEndpoints.cs(139,14): warning S2094: Remove this empty class, write its code or make it an "interface". (https://rules.sonarsource.com/csharp/RSPEC-2094) [C:\Users\Holge\repos\B2Connect\src\AI\MCP\B2X.Admin.MCP\B2X.Admin.MCP.csproj]
C:\Users\Holge\repos\B2Connect\src\AI\MCP\B2X.Admin.MCP\Services\AbTestingService.cs(356,73): warning MA0002: Use an overload that has a IEqualityComparer<string> or IComparer<string> parameter (https://github.com/meziantou/Meziantou.Analyzer/blob/main/docs/Rules/MA0002.md) [C:\Users\Holge\repos\B2Connect\src\AI\MCP\B2X.Admin.MCP\B2X.Admin.MCP.csproj]
C:\Users\Holge\repos\B2Connect\src\AI\MCP\B2X.Admin.MCP\Tools\McpTools.cs(150,63): warning MA0002: Use an overload that has a IEqualityComparer<string> or IComparer<string> parameter (https://github.com/meziantou/Meziantou.Analyzer/blob/main/docs/Rules/MA0002.md) [C:\Users\Holge\repos\B2Connect\src\AI\MCP\B2X.Admin.MCP\B2X.Admin.MCP.csproj]
C:\Users\Holge\repos\B2Connect\src\AI\MCP\B2X.Admin.MCP\Services\AdvancedNlpService.cs(434,66): warning MA0002: Use an overload that has a IEqualityComparer<string> or IComparer<string> parameter (https://github.com/meziantou/Meziantou.Analyzer/blob/main/docs/Rules/MA0002.md) [C:\Users\Holge\repos\B2Connect\src\AI\MCP\B2X.Admin.MCP\B2X.Admin.MCP.csproj]
C:\Users\Holge\repos\B2Connect\src\AI\MCP\B2X.Admin.MCP\Services\AdvancedNlpService.cs(433,64): warning MA0002: Use an overload that has a IEqualityComparer<string> or IComparer<string> parameter (https://github.com/meziantou/Meziantou.Analyzer/blob/main/docs/Rules/MA0002.md) [C:\Users\Holge\repos\B2Connect\src\AI\MCP\B2X.Admin.MCP\B2X.Admin.MCP.csproj]
C:\Users\Holge\repos\B2Connect\src\AI\MCP\B2X.Admin.MCP\Services\AdvancedNlpService.cs(435,72): warning MA0002: Use an overload that has a IEqualityComparer<string> or IComparer<string> parameter (https://github.com/meziantou/Meziantou.Analyzer/blob/main/docs/Rules/MA0002.md) [C:\Users\Holge\repos\B2Connect\src\AI\MCP\B2X.Admin.MCP\B2X.Admin.MCP.csproj]
C:\Users\Holge\repos\B2Connect\src\AI\MCP\B2X.Admin.MCP\Services\AdvancedNlpService.cs(444,62): warning MA0002: Use an overload that has a IEqualityComparer<string> or IComparer<string> parameter (https://github.com/meziantou/Meziantou.Analyzer/blob/main/docs/Rules/MA0002.md) [C:\Users\Holge\repos\B2Connect\src\AI\MCP\B2X.Admin.MCP\B2X.Admin.MCP.csproj]
C:\Users\Holge\repos\B2Connect\src\AI\MCP\B2X.Admin.MCP\Services\AdvancedNlpService.cs(445,71): warning MA0002: Use an overload that has a IEqualityComparer<string> or IComparer<string> parameter (https://github.com/meziantou/Meziantou.Analyzer/blob/main/docs/Rules/MA0002.md) [C:\Users\Holge\repos\B2Connect\src\AI\MCP\B2X.Admin.MCP\B2X.Admin.MCP.csproj]
C:\Users\Holge\repos\B2Connect\src\AI\MCP\B2X.Admin.MCP\Tools\TemplateValidationTool.cs(53,47): warning S1144: Remove the unused private method 'ValidateSyntaxAsync'. (https://rules.sonarsource.com/csharp/RSPEC-1144) [C:\Users\Holge\repos\B2Connect\src\AI\MCP\B2X.Admin.MCP\B2X.Admin.MCP.csproj]
C:\Users\Holge\repos\B2Connect\src\AI\MCP\B2X.Admin.MCP\Tools\TemplateValidationTool.cs(129,47): warning S1144: Remove the unused private method 'ValidateSecurityAsync'. (https://rules.sonarsource.com/csharp/RSPEC-1144) [C:\Users\Holge\repos\B2Connect\src\AI\MCP\B2X.Admin.MCP\B2X.Admin.MCP.csproj]
C:\Users\Holge\repos\B2Connect\src\AI\MCP\B2X.Admin.MCP\Tools\TemplateValidationTool.cs(177,47): warning S1144: Remove the unused private method 'ValidatePerformanceAsync'. (https://rules.sonarsource.com/csharp/RSPEC-1144) [C:\Users\Holge\repos\B2Connect\src\AI\MCP\B2X.Admin.MCP\B2X.Admin.MCP.csproj]
C:\Users\Holge\repos\B2Connect\src\AI\MCP\B2X.Admin.MCP\Tools\TemplateValidationTool.cs(250,47): warning S1144: Remove the unused private method 'ValidateBestPracticesAsync'. (https://rules.sonarsource.com/csharp/RSPEC-1144) [C:\Users\Holge\repos\B2Connect\src\AI\MCP\B2X.Admin.MCP\B2X.Admin.MCP.csproj]
C:\Users\Holge\repos\B2Connect\src\AI\MCP\B2X.Admin.MCP\Tools\TemplateValidationTool.cs(297,44): warning S1144: Remove the unused private method 'PerformAiAnalysisAsync'. (https://rules.sonarsource.com/csharp/RSPEC-1144) [C:\Users\Holge\repos\B2Connect\src\AI\MCP\B2X.Admin.MCP\B2X.Admin.MCP.csproj]
C:\Users\Holge\repos\B2Connect\src\AI\MCP\B2X.Admin.MCP\Services\AiConsumptionGateway.cs(15,80): warning MA0002: Use an overload that has a IEqualityComparer<string> or IComparer<string> parameter (https://github.com/meziantou/Meziantou.Analyzer/blob/main/docs/Rules/MA0002.md) [C:\Users\Holge\repos\B2Connect\src\AI\MCP\B2X.Admin.MCP\B2X.Admin.MCP.csproj]
C:\Users\Holge\repos\B2Connect\src\AI\MCP\B2X.Admin.MCP\Services\DataSanitizationService.cs(61,91): warning MA0002: Use an overload that has a IEqualityComparer<string> or IComparer<string> parameter (https://github.com/meziantou/Meziantou.Analyzer/blob/main/docs/Rules/MA0002.md) [C:\Users\Holge\repos\B2Connect\src\AI\MCP\B2X.Admin.MCP\B2X.Admin.MCP.csproj]
C:\Users\Holge\repos\B2Connect\src\AI\MCP\B2X.Admin.MCP\Services\DataSanitizationService.cs(20,77): warning MA0002: Use an overload that has a IEqualityComparer<string> or IComparer<string> parameter (https://github.com/meziantou/Meziantou.Analyzer/blob/main/docs/Rules/MA0002.md) [C:\Users\Holge\repos\B2Connect\src\AI\MCP\B2X.Admin.MCP\B2X.Admin.MCP.csproj]
C:\Users\Holge\repos\B2Connect\src\AI\MCP\B2X.Admin.MCP\Services\AdvancedNlpService.cs(17,68): warning MA0002: Use an overload that has a IEqualityComparer<string> or IComparer<string> parameter (https://github.com/meziantou/Meziantou.Analyzer/blob/main/docs/Rules/MA0002.md) [C:\Users\Holge\repos\B2Connect\src\AI\MCP\B2X.Admin.MCP\B2X.Admin.MCP.csproj]
C:\Users\Holge\repos\B2Connect\src\AI\MCP\B2X.Admin.MCP\Tools\SecurityComplianceTool.cs(32,22): warning MA0004: Use Task.ConfigureAwait(false) if the current SynchronizationContext is not needed (https://github.com/meziantou/Meziantou.Analyzer/blob/main/docs/Rules/MA0004.md) [C:\Users\Holge\repos\B2Connect\src\AI\MCP\B2X.Admin.MCP\B2X.Admin.MCP.csproj]
C:\Users\Holge\repos\B2Connect\src\AI\MCP\B2X.Admin.MCP\Tools\PerformanceOptimizationTool.cs(32,22): warning MA0004: Use Task.ConfigureAwait(false) if the current SynchronizationContext is not needed (https://github.com/meziantou/Meziantou.Analyzer/blob/main/docs/Rules/MA0004.md) [C:\Users\Holge\repos\B2Connect\src\AI\MCP\B2X.Admin.MCP\B2X.Admin.MCP.csproj]
C:\Users\Holge\repos\B2Connect\src\AI\MCP\B2X.Admin.MCP\Tools\EmailTemplateDesignTool.cs(32,22): warning MA0004: Use Task.ConfigureAwait(false) if the current SynchronizationContext is not needed (https://github.com/meziantou/Meziantou.Analyzer/blob/main/docs/Rules/MA0004.md) [C:\Users\Holge\repos\B2Connect\src\AI\MCP\B2X.Admin.MCP\B2X.Admin.MCP.csproj]
C:\Users\Holge\repos\B2Connect\src\AI\MCP\B2X.Admin.MCP\Tools\StoreOperationsTool.cs(32,22): warning MA0004: Use Task.ConfigureAwait(false) if the current SynchronizationContext is not needed (https://github.com/meziantou/Meziantou.Analyzer/blob/main/docs/Rules/MA0004.md) [C:\Users\Holge\repos\B2Connect\src\AI\MCP\B2X.Admin.MCP\B2X.Admin.MCP.csproj]
C:\Users\Holge\repos\B2Connect\src\AI\MCP\B2X.Admin.MCP\Tools\SecurityComplianceTool.cs(53,26): warning MA0004: Use Task.ConfigureAwait(false) if the current SynchronizationContext is not needed (https://github.com/meziantou/Meziantou.Analyzer/blob/main/docs/Rules/MA0004.md) [C:\Users\Holge\repos\B2Connect\src\AI\MCP\B2X.Admin.MCP\B2X.Admin.MCP.csproj]
C:\Users\Holge\repos\B2Connect\src\AI\MCP\B2X.Admin.MCP\Tools\PerformanceOptimizationTool.cs(53,26): warning MA0004: Use Task.ConfigureAwait(false) if the current SynchronizationContext is not needed (https://github.com/meziantou/Meziantou.Analyzer/blob/main/docs/Rules/MA0004.md) [C:\Users\Holge\repos\B2Connect\src\AI\MCP\B2X.Admin.MCP\B2X.Admin.MCP.csproj]
C:\Users\Holge\repos\B2Connect\src\AI\MCP\B2X.Admin.MCP\Tools\StoreOperationsTool.cs(53,26): warning MA0004: Use Task.ConfigureAwait(false) if the current SynchronizationContext is not needed (https://github.com/meziantou/Meziantou.Analyzer/blob/main/docs/Rules/MA0004.md) [C:\Users\Holge\repos\B2Connect\src\AI\MCP\B2X.Admin.MCP\B2X.Admin.MCP.csproj]
C:\Users\Holge\repos\B2Connect\src\AI\MCP\B2X.Admin.MCP\Tools\EmailTemplateDesignTool.cs(53,26): warning MA0004: Use Task.ConfigureAwait(false) if the current SynchronizationContext is not needed (https://github.com/meziantou/Meziantou.Analyzer/blob/main/docs/Rules/MA0004.md) [C:\Users\Holge\repos\B2Connect\src\AI\MCP\B2X.Admin.MCP\B2X.Admin.MCP.csproj]
C:\Users\Holge\repos\B2Connect\src\AI\MCP\B2X.Admin.MCP\Tools\EmailTemplateDesignTool.cs(59,24): warning MA0004: Use Task.ConfigureAwait(false) if the current SynchronizationContext is not needed (https://github.com/meziantou/Meziantou.Analyzer/blob/main/docs/Rules/MA0004.md) [C:\Users\Holge\repos\B2Connect\src\AI\MCP\B2X.Admin.MCP\B2X.Admin.MCP.csproj]
C:\Users\Holge\repos\B2Connect\src\AI\MCP\B2X.Admin.MCP\Tools\StoreOperationsTool.cs(59,24): warning MA0004: Use Task.ConfigureAwait(false) if the current SynchronizationContext is not needed (https://github.com/meziantou/Meziantou.Analyzer/blob/main/docs/Rules/MA0004.md) [C:\Users\Holge\repos\B2Connect\src\AI\MCP\B2X.Admin.MCP\B2X.Admin.MCP.csproj]
C:\Users\Holge\repos\B2Connect\src\AI\MCP\B2X.Admin.MCP\Tools\SecurityComplianceTool.cs(59,24): warning MA0004: Use Task.ConfigureAwait(false) if the current SynchronizationContext is not needed (https://github.com/meziantou/Meziantou.Analyzer/blob/main/docs/Rules/MA0004.md) [C:\Users\Holge\repos\B2Connect\src\AI\MCP\B2X.Admin.MCP\B2X.Admin.MCP.csproj]
C:\Users\Holge\repos\B2Connect\src\AI\MCP\B2X.Admin.MCP\Tools\PerformanceOptimizationTool.cs(59,24): warning MA0004: Use Task.ConfigureAwait(false) if the current SynchronizationContext is not needed (https://github.com/meziantou/Meziantou.Analyzer/blob/main/docs/Rules/MA0004.md) [C:\Users\Holge\repos\B2Connect\src\AI\MCP\B2X.Admin.MCP\B2X.Admin.MCP.csproj]
C:\Users\Holge\repos\B2Connect\src\AI\MCP\B2X.Admin.MCP\Tools\UserManagementAssistantTool.cs(32,22): warning MA0004: Use Task.ConfigureAwait(false) if the current SynchronizationContext is not needed (https://github.com/meziantou/Meziantou.Analyzer/blob/main/docs/Rules/MA0004.md) [C:\Users\Holge\repos\B2Connect\src\AI\MCP\B2X.Admin.MCP\B2X.Admin.MCP.csproj]
C:\Users\Holge\repos\B2Connect\src\AI\MCP\B2X.Admin.MCP\Tools\UserManagementAssistantTool.cs(48,26): warning MA0004: Use Task.ConfigureAwait(false) if the current SynchronizationContext is not needed (https://github.com/meziantou/Meziantou.Analyzer/blob/main/docs/Rules/MA0004.md) [C:\Users\Holge\repos\B2Connect\src\AI\MCP\B2X.Admin.MCP\B2X.Admin.MCP.csproj]
C:\Users\Holge\repos\B2Connect\src\AI\MCP\B2X.Admin.MCP\Tools\UserManagementAssistantTool.cs(54,24): warning MA0004: Use Task.ConfigureAwait(false) if the current SynchronizationContext is not needed (https://github.com/meziantou/Meziantou.Analyzer/blob/main/docs/Rules/MA0004.md) [C:\Users\Holge\repos\B2Connect\src\AI\MCP\B2X.Admin.MCP\B2X.Admin.MCP.csproj]
C:\Users\Holge\repos\B2Connect\src\AI\MCP\B2X.Admin.MCP\Tools\IntegrationManagementTool.cs(32,22): warning MA0004: Use Task.ConfigureAwait(false) if the current SynchronizationContext is not needed (https://github.com/meziantou/Meziantou.Analyzer/blob/main/docs/Rules/MA0004.md) [C:\Users\Holge\repos\B2Connect\src\AI\MCP\B2X.Admin.MCP\B2X.Admin.MCP.csproj]
C:\Users\Holge\repos\B2Connect\src\AI\MCP\B2X.Admin.MCP\Services\AbTestingService.cs(44,9): warning MA0004: Use Task.ConfigureAwait(false) if the current SynchronizationContext is not needed (https://github.com/meziantou/Meziantou.Analyzer/blob/main/docs/Rules/MA0004.md) [C:\Users\Holge\repos\B2Connect\src\AI\MCP\B2X.Admin.MCP\B2X.Admin.MCP.csproj]
C:\Users\Holge\repos\B2Connect\src\AI\MCP\B2X.Admin.MCP\Tools\IntegrationManagementTool.cs(53,26): warning MA0004: Use Task.ConfigureAwait(false) if the current SynchronizationContext is not needed (https://github.com/meziantou/Meziantou.Analyzer/blob/main/docs/Rules/MA0004.md) [C:\Users\Holge\repos\B2Connect\src\AI\MCP\B2X.Admin.MCP\B2X.Admin.MCP.csproj]
C:\Users\Holge\repos\B2Connect\src\AI\MCP\B2X.Admin.MCP\Tools\IntegrationManagementTool.cs(59,24): warning MA0004: Use Task.ConfigureAwait(false) if the current SynchronizationContext is not needed (https://github.com/meziantou/Meziantou.Analyzer/blob/main/docs/Rules/MA0004.md) [C:\Users\Holge\repos\B2Connect\src\AI\MCP\B2X.Admin.MCP\B2X.Admin.MCP.csproj]
C:\Users\Holge\repos\B2Connect\src\AI\MCP\B2X.Admin.MCP\McpEndpoints.cs(22,26): warning MA0004: Use Task.ConfigureAwait(false) if the current SynchronizationContext is not needed (https://github.com/meziantou/Meziantou.Analyzer/blob/main/docs/Rules/MA0004.md) [C:\Users\Holge\repos\B2Connect\src\AI\MCP\B2X.Admin.MCP\B2X.Admin.MCP.csproj]
C:\Users\Holge\repos\B2Connect\src\AI\MCP\B2X.Admin.MCP\McpEndpoints.cs(30,26): warning MA0004: Use Task.ConfigureAwait(false) if the current SynchronizationContext is not needed (https://github.com/meziantou/Meziantou.Analyzer/blob/main/docs/Rules/MA0004.md) [C:\Users\Holge\repos\B2Connect\src\AI\MCP\B2X.Admin.MCP\B2X.Admin.MCP.csproj]
C:\Users\Holge\repos\B2Connect\src\AI\MCP\B2X.Admin.MCP\McpEndpoints.cs(38,26): warning MA0004: Use Task.ConfigureAwait(false) if the current SynchronizationContext is not needed (https://github.com/meziantou/Meziantou.Analyzer/blob/main/docs/Rules/MA0004.md) [C:\Users\Holge\repos\B2Connect\src\AI\MCP\B2X.Admin.MCP\B2X.Admin.MCP.csproj]
C:\Users\Holge\repos\B2Connect\src\AI\MCP\B2X.Admin.MCP\McpEndpoints.cs(62,26): warning MA0004: Use Task.ConfigureAwait(false) if the current SynchronizationContext is not needed (https://github.com/meziantou/Meziantou.Analyzer/blob/main/docs/Rules/MA0004.md) [C:\Users\Holge\repos\B2Connect\src\AI\MCP\B2X.Admin.MCP\B2X.Admin.MCP.csproj]
C:\Users\Holge\repos\B2Connect\src\AI\MCP\B2X.Admin.MCP\McpEndpoints.cs(71,27): warning MA0004: Use Task.ConfigureAwait(false) if the current SynchronizationContext is not needed (https://github.com/meziantou/Meziantou.Analyzer/blob/main/docs/Rules/MA0004.md) [C:\Users\Holge\repos\B2Connect\src\AI\MCP\B2X.Admin.MCP\B2X.Admin.MCP.csproj]
C:\Users\Holge\repos\B2Connect\src\AI\MCP\B2X.Admin.MCP\Middleware\AiConsumptionControlMiddleware.cs(39,17): warning MA0004: Use Task.ConfigureAwait(false) if the current SynchronizationContext is not needed (https://github.com/meziantou/Meziantou.Analyzer/blob/main/docs/Rules/MA0004.md) [C:\Users\Holge\repos\B2Connect\src\AI\MCP\B2X.Admin.MCP\B2X.Admin.MCP.csproj]
C:\Users\Holge\repos\B2Connect\src\AI\MCP\B2X.Admin.MCP\Middleware\AiConsumptionControlMiddleware.cs(53,9): warning MA0004: Use Task.ConfigureAwait(false) if the current SynchronizationContext is not needed (https://github.com/meziantou/Meziantou.Analyzer/blob/main/docs/Rules/MA0004.md) [C:\Users\Holge\repos\B2Connect\src\AI\MCP\B2X.Admin.MCP\B2X.Admin.MCP.csproj]
C:\Users\Holge\repos\B2Connect\src\AI\MCP\B2X.Admin.MCP\McpEndpoints.cs(50,24): warning MA0002: Use an overload that has a IEqualityComparer<string> or IComparer<string> parameter (https://github.com/meziantou/Meziantou.Analyzer/blob/main/docs/Rules/MA0002.md) [C:\Users\Holge\repos\B2Connect\src\AI\MCP\B2X.Admin.MCP\B2X.Admin.MCP.csproj]
C:\Users\Holge\repos\B2Connect\src\AI\MCP\B2X.Admin.MCP\Middleware\TenantContextMiddleware.cs(23,13): warning MA0004: Use Task.ConfigureAwait(false) if the current SynchronizationContext is not needed (https://github.com/meziantou/Meziantou.Analyzer/blob/main/docs/Rules/MA0004.md) [C:\Users\Holge\repos\B2Connect\src\AI\MCP\B2X.Admin.MCP\B2X.Admin.MCP.csproj]
C:\Users\Holge\repos\B2Connect\src\AI\MCP\B2X.Admin.MCP\Middleware\TenantContextMiddleware.cs(33,13): warning MA0004: Use Task.ConfigureAwait(false) if the current SynchronizationContext is not needed (https://github.com/meziantou/Meziantou.Analyzer/blob/main/docs/Rules/MA0004.md) [C:\Users\Holge\repos\B2Connect\src\AI\MCP\B2X.Admin.MCP\B2X.Admin.MCP.csproj]
C:\Users\Holge\repos\B2Connect\src\AI\MCP\B2X.Admin.MCP\Middleware\TenantContextMiddleware.cs(41,13): warning MA0004: Use Task.ConfigureAwait(false) if the current SynchronizationContext is not needed (https://github.com/meziantou/Meziantou.Analyzer/blob/main/docs/Rules/MA0004.md) [C:\Users\Holge\repos\B2Connect\src\AI\MCP\B2X.Admin.MCP\B2X.Admin.MCP.csproj]
C:\Users\Holge\repos\B2Connect\src\AI\MCP\B2X.Admin.MCP\Middleware\TenantContextMiddleware.cs(53,9): warning MA0004: Use Task.ConfigureAwait(false) if the current SynchronizationContext is not needed (https://github.com/meziantou/Meziantou.Analyzer/blob/main/docs/Rules/MA0004.md) [C:\Users\Holge\repos\B2Connect\src\AI\MCP\B2X.Admin.MCP\B2X.Admin.MCP.csproj]
C:\Users\Holge\repos\B2Connect\src\AI\MCP\B2X.Admin.MCP\Middleware\TenantContextMiddleware.cs(21,13): warning MA0074: Use an overload of 'StartsWithSegments' that has a StringComparison parameter (https://github.com/meziantou/Meziantou.Analyzer/blob/main/docs/Rules/MA0074.md) [C:\Users\Holge\repos\B2Connect\src\AI\MCP\B2X.Admin.MCP\B2X.Admin.MCP.csproj]
C:\Users\Holge\repos\B2Connect\src\AI\MCP\B2X.Admin.MCP\Services\McpServer.cs(97,24): warning MA0004: Use Task.ConfigureAwait(false) if the current SynchronizationContext is not needed (https://github.com/meziantou/Meziantou.Analyzer/blob/main/docs/Rules/MA0004.md) [C:\Users\Holge\repos\B2Connect\src\AI\MCP\B2X.Admin.MCP\B2X.Admin.MCP.csproj]
C:\Users\Holge\repos\B2Connect\src\AI\MCP\B2X.Admin.MCP\Services\McpServer.cs(100,26): warning MA0004: Use Task.ConfigureAwait(false) if the current SynchronizationContext is not needed (https://github.com/meziantou/Meziantou.Analyzer/blob/main/docs/Rules/MA0004.md) [C:\Users\Holge\repos\B2Connect\src\AI\MCP\B2X.Admin.MCP\B2X.Admin.MCP.csproj]
C:\Users\Holge\repos\B2Connect\src\AI\MCP\B2X.Admin.MCP\Tools\CmsPageDesignTool.cs(32,22): warning MA0004: Use Task.ConfigureAwait(false) if the current SynchronizationContext is not needed (https://github.com/meziantou/Meziantou.Analyzer/blob/main/docs/Rules/MA0004.md) [C:\Users\Holge\repos\B2Connect\src\AI\MCP\B2X.Admin.MCP\B2X.Admin.MCP.csproj]
C:\Users\Holge\repos\B2Connect\src\AI\MCP\B2X.Admin.MCP\Services\AbTestingService.cs(68,9): warning MA0004: Use Task.ConfigureAwait(false) if the current SynchronizationContext is not needed (https://github.com/meziantou/Meziantou.Analyzer/blob/main/docs/Rules/MA0004.md) [C:\Users\Holge\repos\B2Connect\src\AI\MCP\B2X.Admin.MCP\B2X.Admin.MCP.csproj]
C:\Users\Holge\repos\B2Connect\src\AI\MCP\B2X.Admin.MCP\Tools\CmsPageDesignTool.cs(52,26): warning MA0004: Use Task.ConfigureAwait(false) if the current SynchronizationContext is not needed (https://github.com/meziantou/Meziantou.Analyzer/blob/main/docs/Rules/MA0004.md) [C:\Users\Holge\repos\B2Connect\src\AI\MCP\B2X.Admin.MCP\B2X.Admin.MCP.csproj]
C:\Users\Holge\repos\B2Connect\src\AI\MCP\B2X.Admin.MCP\Tools\CmsPageDesignTool.cs(58,24): warning MA0004: Use Task.ConfigureAwait(false) if the current SynchronizationContext is not needed (https://github.com/meziantou/Meziantou.Analyzer/blob/main/docs/Rules/MA0004.md) [C:\Users\Holge\repos\B2Connect\src\AI\MCP\B2X.Admin.MCP\B2X.Admin.MCP.csproj]
C:\Users\Holge\repos\B2Connect\src\AI\MCP\B2X.Admin.MCP\Tools\ContentOptimizationTool.cs(32,22): warning MA0004: Use Task.ConfigureAwait(false) if the current SynchronizationContext is not needed (https://github.com/meziantou/Meziantou.Analyzer/blob/main/docs/Rules/MA0004.md) [C:\Users\Holge\repos\B2Connect\src\AI\MCP\B2X.Admin.MCP\B2X.Admin.MCP.csproj]
C:\Users\Holge\repos\B2Connect\src\AI\MCP\B2X.Admin.MCP\Tools\ContentOptimizationTool.cs(56,26): warning MA0004: Use Task.ConfigureAwait(false) if the current SynchronizationContext is not needed (https://github.com/meziantou/Meziantou.Analyzer/blob/main/docs/Rules/MA0004.md) [C:\Users\Holge\repos\B2Connect\src\AI\MCP\B2X.Admin.MCP\B2X.Admin.MCP.csproj]
C:\Users\Holge\repos\B2Connect\src\AI\MCP\B2X.Admin.MCP\Tools\ContentOptimizationTool.cs(62,24): warning MA0004: Use Task.ConfigureAwait(false) if the current SynchronizationContext is not needed (https://github.com/meziantou/Meziantou.Analyzer/blob/main/docs/Rules/MA0004.md) [C:\Users\Holge\repos\B2Connect\src\AI\MCP\B2X.Admin.MCP\B2X.Admin.MCP.csproj]
C:\Users\Holge\repos\B2Connect\src\AI\MCP\B2X.Admin.MCP\Middleware\AiConsumptionControlMiddleware.cs(70,44): warning MA0074: Use an overload of 'StartsWithSegments' that has a StringComparison parameter (https://github.com/meziantou/Meziantou.Analyzer/blob/main/docs/Rules/MA0074.md) [C:\Users\Holge\repos\B2Connect\src\AI\MCP\B2X.Admin.MCP\B2X.Admin.MCP.csproj]
C:\Users\Holge\repos\B2Connect\src\AI\MCP\B2X.Admin.MCP\Services\McpServer.cs(95,17): warning MA0006: Use string.Equals instead of Equals operator (https://github.com/meziantou/Meziantou.Analyzer/blob/main/docs/Rules/MA0006.md) [C:\Users\Holge\repos\B2Connect\src\AI\MCP\B2X.Admin.MCP\B2X.Admin.MCP.csproj]
C:\Users\Holge\repos\B2Connect\src\AI\MCP\B2X.Admin.MCP\Controllers\ConversationController.cs(246,77): warning MA0006: Use string.Equals instead of Equals operator (https://github.com/meziantou/Meziantou.Analyzer/blob/main/docs/Rules/MA0006.md) [C:\Users\Holge\repos\B2Connect\src\AI\MCP\B2X.Admin.MCP\B2X.Admin.MCP.csproj]
C:\Users\Holge\repos\B2Connect\src\AI\MCP\B2X.Admin.MCP\Middleware\AiConsumptionControlMiddleware.cs(96,13): warning MA0006: Use string.Equals instead of Equals operator (https://github.com/meziantou/Meziantou.Analyzer/blob/main/docs/Rules/MA0006.md) [C:\Users\Holge\repos\B2Connect\src\AI\MCP\B2X.Admin.MCP\B2X.Admin.MCP.csproj]
C:\Users\Holge\repos\B2Connect\src\AI\MCP\B2X.Admin.MCP\Middleware\AiConsumptionControlMiddleware.cs(97,13): warning MA0006: Use string.Equals instead of Equals operator (https://github.com/meziantou/Meziantou.Analyzer/blob/main/docs/Rules/MA0006.md) [C:\Users\Holge\repos\B2Connect\src\AI\MCP\B2X.Admin.MCP\B2X.Admin.MCP.csproj]
C:\Users\Holge\repos\B2Connect\src\AI\MCP\B2X.Admin.MCP\Services\AbTestingService.cs(79,20): warning MA0004: Use Task.ConfigureAwait(false) if the current SynchronizationContext is not needed (https://github.com/meziantou/Meziantou.Analyzer/blob/main/docs/Rules/MA0004.md) [C:\Users\Holge\repos\B2Connect\src\AI\MCP\B2X.Admin.MCP\B2X.Admin.MCP.csproj]
C:\Users\Holge\repos\B2Connect\src\AI\MCP\B2X.Admin.MCP\Services\AbTestingService.cs(93,9): warning MA0004: Use Task.ConfigureAwait(false) if the current SynchronizationContext is not needed (https://github.com/meziantou/Meziantou.Analyzer/blob/main/docs/Rules/MA0004.md) [C:\Users\Holge\repos\B2Connect\src\AI\MCP\B2X.Admin.MCP\B2X.Admin.MCP.csproj]
C:\Users\Holge\repos\B2Connect\src\AI\MCP\B2X.Admin.MCP\Controllers\ConversationController.cs(290,29): warning MA0006: Use string.Equals instead of Equals operator (https://github.com/meziantou/Meziantou.Analyzer/blob/main/docs/Rules/MA0006.md) [C:\Users\Holge\repos\B2Connect\src\AI\MCP\B2X.Admin.MCP\B2X.Admin.MCP.csproj]
C:\Users\Holge\repos\B2Connect\src\AI\MCP\B2X.Admin.MCP\Tools\TenantManagementTool.cs(32,22): warning MA0004: Use Task.ConfigureAwait(false) if the current SynchronizationContext is not needed (https://github.com/meziantou/Meziantou.Analyzer/blob/main/docs/Rules/MA0004.md) [C:\Users\Holge\repos\B2Connect\src\AI\MCP\B2X.Admin.MCP\B2X.Admin.MCP.csproj]
C:\Users\Holge\repos\B2Connect\src\AI\MCP\B2X.Admin.MCP\Tools\TenantManagementTool.cs(53,26): warning MA0004: Use Task.ConfigureAwait(false) if the current SynchronizationContext is not needed (https://github.com/meziantou/Meziantou.Analyzer/blob/main/docs/Rules/MA0004.md) [C:\Users\Holge\repos\B2Connect\src\AI\MCP\B2X.Admin.MCP\B2X.Admin.MCP.csproj]
C:\Users\Holge\repos\B2Connect\src\AI\MCP\B2X.Admin.MCP\Tools\TenantManagementTool.cs(59,24): warning MA0004: Use Task.ConfigureAwait(false) if the current SynchronizationContext is not needed (https://github.com/meziantou/Meziantou.Analyzer/blob/main/docs/Rules/MA0004.md) [C:\Users\Holge\repos\B2Connect\src\AI\MCP\B2X.Admin.MCP\B2X.Admin.MCP.csproj]
C:\Users\Holge\repos\B2Connect\src\AI\MCP\B2X.Admin.MCP\Tools\SystemHealthAnalysisTool.cs(36,29): warning MA0004: Use Task.ConfigureAwait(false) if the current SynchronizationContext is not needed (https://github.com/meziantou/Meziantou.Analyzer/blob/main/docs/Rules/MA0004.md) [C:\Users\Holge\repos\B2Connect\src\AI\MCP\B2X.Admin.MCP\B2X.Admin.MCP.csproj]
C:\Users\Holge\repos\B2Connect\src\AI\MCP\B2X.Admin.MCP\Tools\SystemHealthAnalysisTool.cs(58,28): warning MA0004: Use Task.ConfigureAwait(false) if the current SynchronizationContext is not needed (https://github.com/meziantou/Meziantou.Analyzer/blob/main/docs/Rules/MA0004.md) [C:\Users\Holge\repos\B2Connect\src\AI\MCP\B2X.Admin.MCP\B2X.Admin.MCP.csproj]
C:\Users\Holge\repos\B2Connect\src\AI\MCP\B2X.Admin.MCP\Services\ConversationService.cs(44,9): warning MA0004: Use Task.ConfigureAwait(false) if the current SynchronizationContext is not needed (https://github.com/meziantou/Meziantou.Analyzer/blob/main/docs/Rules/MA0004.md) [C:\Users\Holge\repos\B2Connect\src\AI\MCP\B2X.Admin.MCP\B2X.Admin.MCP.csproj]
C:\Users\Holge\repos\B2Connect\src\AI\MCP\B2X.Admin.MCP\Services\AiConsumptionGateway.cs(41,18): warning MA0004: Use Task.ConfigureAwait(false) if the current SynchronizationContext is not needed (https://github.com/meziantou/Meziantou.Analyzer/blob/main/docs/Rules/MA0004.md) [C:\Users\Holge\repos\B2Connect\src\AI\MCP\B2X.Admin.MCP\B2X.Admin.MCP.csproj]
C:\Users\Holge\repos\B2Connect\src\AI\MCP\B2X.Admin.MCP\Services\AiConsumptionGateway.cs(47,18): warning MA0004: Use Task.ConfigureAwait(false) if the current SynchronizationContext is not needed (https://github.com/meziantou/Meziantou.Analyzer/blob/main/docs/Rules/MA0004.md) [C:\Users\Holge\repos\B2Connect\src\AI\MCP\B2X.Admin.MCP\B2X.Admin.MCP.csproj]
C:\Users\Holge\repos\B2Connect\src\AI\MCP\B2X.Admin.MCP\Services\AiConsumptionGateway.cs(53,28): warning MA0004: Use Task.ConfigureAwait(false) if the current SynchronizationContext is not needed (https://github.com/meziantou/Meziantou.Analyzer/blob/main/docs/Rules/MA0004.md) [C:\Users\Holge\repos\B2Connect\src\AI\MCP\B2X.Admin.MCP\B2X.Admin.MCP.csproj]
C:\Users\Holge\repos\B2Connect\src\AI\MCP\B2X.Admin.MCP\Services\AiConsumptionGateway.cs(56,13): warning MA0004: Use Task.ConfigureAwait(false) if the current SynchronizationContext is not needed (https://github.com/meziantou/Meziantou.Analyzer/blob/main/docs/Rules/MA0004.md) [C:\Users\Holge\repos\B2Connect\src\AI\MCP\B2X.Admin.MCP\B2X.Admin.MCP.csproj]
C:\Users\Holge\repos\B2Connect\src\AI\MCP\B2X.Admin.MCP\Services\AiConsumptionGateway.cs(70,13): warning MA0004: Use Task.ConfigureAwait(false) if the current SynchronizationContext is not needed (https://github.com/meziantou/Meziantou.Analyzer/blob/main/docs/Rules/MA0004.md) [C:\Users\Holge\repos\B2Connect\src\AI\MCP\B2X.Admin.MCP\B2X.Admin.MCP.csproj]
C:\Users\Holge\repos\B2Connect\src\AI\MCP\B2X.Admin.MCP\Tools\TemplateValidationTool.cs(41,22): warning MA0004: Use Task.ConfigureAwait(false) if the current SynchronizationContext is not needed (https://github.com/meziantou/Meziantou.Analyzer/blob/main/docs/Rules/MA0004.md) [C:\Users\Holge\repos\B2Connect\src\AI\MCP\B2X.Admin.MCP\B2X.Admin.MCP.csproj]
C:\Users\Holge\repos\B2Connect\src\AI\MCP\B2X.Admin.MCP\Services\AbTestingService.cs(113,20): warning MA0021: Use an explicit StringComparer to compute hash codes (https://github.com/meziantou/Meziantou.Analyzer/blob/main/docs/Rules/MA0021.md) [C:\Users\Holge\repos\B2Connect\src\AI\MCP\B2X.Admin.MCP\B2X.Admin.MCP.csproj]
C:\Users\Holge\repos\B2Connect\src\AI\MCP\B2X.Admin.MCP\Services\AbTestingService.cs(103,20): warning MA0004: Use Task.ConfigureAwait(false) if the current SynchronizationContext is not needed (https://github.com/meziantou/Meziantou.Analyzer/blob/main/docs/Rules/MA0004.md) [C:\Users\Holge\repos\B2Connect\src\AI\MCP\B2X.Admin.MCP\B2X.Admin.MCP.csproj]
C:\Users\Holge\repos\B2Connect\src\AI\MCP\B2X.Admin.MCP\Tools\SystemHealthAnalysisTool.cs(106,22): warning MA0004: Use Task.ConfigureAwait(false) if the current SynchronizationContext is not needed (https://github.com/meziantou/Meziantou.Analyzer/blob/main/docs/Rules/MA0004.md) [C:\Users\Holge\repos\B2Connect\src\AI\MCP\B2X.Admin.MCP\B2X.Admin.MCP.csproj]
C:\Users\Holge\repos\B2Connect\src\AI\MCP\B2X.Admin.MCP\Tools\SystemHealthAnalysisTool.cs(107,21): warning MA0004: Use Task.ConfigureAwait(false) if the current SynchronizationContext is not needed (https://github.com/meziantou/Meziantou.Analyzer/blob/main/docs/Rules/MA0004.md) [C:\Users\Holge\repos\B2Connect\src\AI\MCP\B2X.Admin.MCP\B2X.Admin.MCP.csproj]
C:\Users\Holge\repos\B2Connect\src\AI\MCP\B2X.Admin.MCP\Tools\SystemHealthAnalysisTool.cs(109,9): warning MA0004: Use Task.ConfigureAwait(false) if the current SynchronizationContext is not needed (https://github.com/meziantou/Meziantou.Analyzer/blob/main/docs/Rules/MA0004.md) [C:\Users\Holge\repos\B2Connect\src\AI\MCP\B2X.Admin.MCP\B2X.Admin.MCP.csproj]
C:\Users\Holge\repos\B2Connect\src\AI\MCP\B2X.Admin.MCP\Services\ConversationService.cs(55,16): warning MA0004: Use Task.ConfigureAwait(false) if the current SynchronizationContext is not needed (https://github.com/meziantou/Meziantou.Analyzer/blob/main/docs/Rules/MA0004.md) [C:\Users\Holge\repos\B2Connect\src\AI\MCP\B2X.Admin.MCP\B2X.Admin.MCP.csproj]
C:\Users\Holge\repos\B2Connect\src\AI\MCP\B2X.Admin.MCP\Tools\SystemHealthAnalysisTool.cs(83,13): warning MA0006: Use string.Equals instead of Equals operator (https://github.com/meziantou/Meziantou.Analyzer/blob/main/docs/Rules/MA0006.md) [C:\Users\Holge\repos\B2Connect\src\AI\MCP\B2X.Admin.MCP\B2X.Admin.MCP.csproj]
C:\Users\Holge\repos\B2Connect\src\AI\MCP\B2X.Admin.MCP\Services\McpServer.cs(155,28): warning MA0004: Use Task.ConfigureAwait(false) if the current SynchronizationContext is not needed (https://github.com/meziantou/Meziantou.Analyzer/blob/main/docs/Rules/MA0004.md) [C:\Users\Holge\repos\B2Connect\src\AI\MCP\B2X.Admin.MCP\B2X.Admin.MCP.csproj]
C:\Users\Holge\repos\B2Connect\src\AI\MCP\B2X.Admin.MCP\Services\McpServer.cs(163,17): warning MA0004: Use Task.ConfigureAwait(false) if the current SynchronizationContext is not needed (https://github.com/meziantou/Meziantou.Analyzer/blob/main/docs/Rules/MA0004.md) [C:\Users\Holge\repos\B2Connect\src\AI\MCP\B2X.Admin.MCP\B2X.Admin.MCP.csproj]
C:\Users\Holge\repos\B2Connect\src\AI\MCP\B2X.Admin.MCP\Services\McpServer.cs(171,30): warning MA0004: Use Task.ConfigureAwait(false) if the current SynchronizationContext is not needed (https://github.com/meziantou/Meziantou.Analyzer/blob/main/docs/Rules/MA0004.md) [C:\Users\Holge\repos\B2Connect\src\AI\MCP\B2X.Admin.MCP\B2X.Admin.MCP.csproj]
C:\Users\Holge\repos\B2Connect\src\AI\MCP\B2X.Admin.MCP\Services\McpServer.cs(222,26): warning MA0002: Use an overload that has a IEqualityComparer<string> or IComparer<string> parameter (https://github.com/meziantou/Meziantou.Analyzer/blob/main/docs/Rules/MA0002.md) [C:\Users\Holge\repos\B2Connect\src\AI\MCP\B2X.Admin.MCP\B2X.Admin.MCP.csproj]
C:\Users\Holge\repos\B2Connect\src\AI\MCP\B2X.Admin.MCP\Services\McpServer.cs(176,17): warning MA0004: Use Task.ConfigureAwait(false) if the current SynchronizationContext is not needed (https://github.com/meziantou/Meziantou.Analyzer/blob/main/docs/Rules/MA0004.md) [C:\Users\Holge\repos\B2Connect\src\AI\MCP\B2X.Admin.MCP\B2X.Admin.MCP.csproj]
C:\Users\Holge\repos\B2Connect\src\AI\MCP\B2X.Admin.MCP\Services\AbTestingService.cs(151,9): warning MA0004: Use Task.ConfigureAwait(false) if the current SynchronizationContext is not needed (https://github.com/meziantou/Meziantou.Analyzer/blob/main/docs/Rules/MA0004.md) [C:\Users\Holge\repos\B2Connect\src\AI\MCP\B2X.Admin.MCP\B2X.Admin.MCP.csproj]
C:\Users\Holge\repos\B2Connect\src\AI\MCP\B2X.Admin.MCP\Services\AiProviders.cs(358,30): warning MA0004: Use Task.ConfigureAwait(false) if the current SynchronizationContext is not needed (https://github.com/meziantou/Meziantou.Analyzer/blob/main/docs/Rules/MA0004.md) [C:\Users\Holge\repos\B2Connect\src\AI\MCP\B2X.Admin.MCP\B2X.Admin.MCP.csproj]
C:\Users\Holge\repos\B2Connect\src\AI\MCP\B2X.Admin.MCP\Services\AiProviders.cs(245,30): warning MA0004: Use Task.ConfigureAwait(false) if the current SynchronizationContext is not needed (https://github.com/meziantou/Meziantou.Analyzer/blob/main/docs/Rules/MA0004.md) [C:\Users\Holge\repos\B2Connect\src\AI\MCP\B2X.Admin.MCP\B2X.Admin.MCP.csproj]
C:\Users\Holge\repos\B2Connect\src\AI\MCP\B2X.Admin.MCP\Services\AiProviders.cs(203,22): warning MA0004: Use Task.ConfigureAwait(false) if the current SynchronizationContext is not needed (https://github.com/meziantou/Meziantou.Analyzer/blob/main/docs/Rules/MA0004.md) [C:\Users\Holge\repos\B2Connect\src\AI\MCP\B2X.Admin.MCP\B2X.Admin.MCP.csproj]
C:\Users\Holge\repos\B2Connect\src\AI\MCP\B2X.Admin.MCP\Services\AiProviders.cs(221,24): warning MA0004: Use Task.ConfigureAwait(false) if the current SynchronizationContext is not needed (https://github.com/meziantou/Meziantou.Analyzer/blob/main/docs/Rules/MA0004.md) [C:\Users\Holge\repos\B2Connect\src\AI\MCP\B2X.Admin.MCP\B2X.Admin.MCP.csproj]
C:\Users\Holge\repos\B2Connect\src\AI\MCP\B2X.Admin.MCP\Services\AiProviders.cs(467,24): warning MA0004: Use Task.ConfigureAwait(false) if the current SynchronizationContext is not needed (https://github.com/meziantou/Meziantou.Analyzer/blob/main/docs/Rules/MA0004.md) [C:\Users\Holge\repos\B2Connect\src\AI\MCP\B2X.Admin.MCP\B2X.Admin.MCP.csproj]
C:\Users\Holge\repos\B2Connect\src\AI\MCP\B2X.Admin.MCP\Services\AiConsumptionGateway.cs(95,21): warning MA0004: Use Task.ConfigureAwait(false) if the current SynchronizationContext is not needed (https://github.com/meziantou/Meziantou.Analyzer/blob/main/docs/Rules/MA0004.md) [C:\Users\Holge\repos\B2Connect\src\AI\MCP\B2X.Admin.MCP\B2X.Admin.MCP.csproj]
C:\Users\Holge\repos\B2Connect\src\AI\MCP\B2X.Admin.MCP\Services\AiConsumptionGateway.cs(102,28): warning MA0004: Use Task.ConfigureAwait(false) if the current SynchronizationContext is not needed (https://github.com/meziantou/Meziantou.Analyzer/blob/main/docs/Rules/MA0004.md) [C:\Users\Holge\repos\B2Connect\src\AI\MCP\B2X.Admin.MCP\B2X.Admin.MCP.csproj]
C:\Users\Holge\repos\B2Connect\src\AI\MCP\B2X.Admin.MCP\Services\AiProviders.cs(126,30): warning MA0004: Use Task.ConfigureAwait(false) if the current SynchronizationContext is not needed (https://github.com/meziantou/Meziantou.Analyzer/blob/main/docs/Rules/MA0004.md) [C:\Users\Holge\repos\B2Connect\src\AI\MCP\B2X.Admin.MCP\B2X.Admin.MCP.csproj]
C:\Users\Holge\repos\B2Connect\src\AI\MCP\B2X.Admin.MCP\Services\AiProviders.cs(384,30): warning MA0004: Use Task.ConfigureAwait(false) if the current SynchronizationContext is not needed (https://github.com/meziantou/Meziantou.Analyzer/blob/main/docs/Rules/MA0004.md) [C:\Users\Holge\repos\B2Connect\src\AI\MCP\B2X.Admin.MCP\B2X.Admin.MCP.csproj]
C:\Users\Holge\repos\B2Connect\src\AI\MCP\B2X.Admin.MCP\Services\McpServer.cs(286,40): warning MA0004: Use Task.ConfigureAwait(false) if the current SynchronizationContext is not needed (https://github.com/meziantou/Meziantou.Analyzer/blob/main/docs/Rules/MA0004.md) [C:\Users\Holge\repos\B2Connect\src\AI\MCP\B2X.Admin.MCP\B2X.Admin.MCP.csproj]
C:\Users\Holge\repos\B2Connect\src\AI\MCP\B2X.Admin.MCP\Services\McpServer.cs(287,34): warning MA0004: Use Task.ConfigureAwait(false) if the current SynchronizationContext is not needed (https://github.com/meziantou/Meziantou.Analyzer/blob/main/docs/Rules/MA0004.md) [C:\Users\Holge\repos\B2Connect\src\AI\MCP\B2X.Admin.MCP\B2X.Admin.MCP.csproj]
C:\Users\Holge\repos\B2Connect\src\AI\MCP\B2X.Admin.MCP\Services\McpServer.cs(288,40): warning MA0004: Use Task.ConfigureAwait(false) if the current SynchronizationContext is not needed (https://github.com/meziantou/Meziantou.Analyzer/blob/main/docs/Rules/MA0004.md) [C:\Users\Holge\repos\B2Connect\src\AI\MCP\B2X.Admin.MCP\B2X.Admin.MCP.csproj]
C:\Users\Holge\repos\B2Connect\src\AI\MCP\B2X.Admin.MCP\Services\McpServer.cs(289,41): warning MA0004: Use Task.ConfigureAwait(false) if the current SynchronizationContext is not needed (https://github.com/meziantou/Meziantou.Analyzer/blob/main/docs/Rules/MA0004.md) [C:\Users\Holge\repos\B2Connect\src\AI\MCP\B2X.Admin.MCP\B2X.Admin.MCP.csproj]
C:\Users\Holge\repos\B2Connect\src\AI\MCP\B2X.Admin.MCP\Services\McpServer.cs(290,44): warning MA0004: Use Task.ConfigureAwait(false) if the current SynchronizationContext is not needed (https://github.com/meziantou/Meziantou.Analyzer/blob/main/docs/Rules/MA0004.md) [C:\Users\Holge\repos\B2Connect\src\AI\MCP\B2X.Admin.MCP\B2X.Admin.MCP.csproj]
C:\Users\Holge\repos\B2Connect\src\AI\MCP\B2X.Admin.MCP\Services\McpServer.cs(291,39): warning MA0004: Use Task.ConfigureAwait(false) if the current SynchronizationContext is not needed (https://github.com/meziantou/Meziantou.Analyzer/blob/main/docs/Rules/MA0004.md) [C:\Users\Holge\repos\B2Connect\src\AI\MCP\B2X.Admin.MCP\B2X.Admin.MCP.csproj]
C:\Users\Holge\repos\B2Connect\src\AI\MCP\B2X.Admin.MCP\Services\ConversationService.cs(66,16): warning MA0004: Use Task.ConfigureAwait(false) if the current SynchronizationContext is not needed (https://github.com/meziantou/Meziantou.Analyzer/blob/main/docs/Rules/MA0004.md) [C:\Users\Holge\repos\B2Connect\src\AI\MCP\B2X.Admin.MCP\B2X.Admin.MCP.csproj]
C:\Users\Holge\repos\B2Connect\src\AI\MCP\B2X.Admin.MCP\Services\McpServer.cs(292,36): warning MA0004: Use Task.ConfigureAwait(false) if the current SynchronizationContext is not needed (https://github.com/meziantou/Meziantou.Analyzer/blob/main/docs/Rules/MA0004.md) [C:\Users\Holge\repos\B2Connect\src\AI\MCP\B2X.Admin.MCP\B2X.Admin.MCP.csproj]
C:\Users\Holge\repos\B2Connect\src\AI\MCP\B2X.Admin.MCP\Services\McpServer.cs(293,35): warning MA0004: Use Task.ConfigureAwait(false) if the current SynchronizationContext is not needed (https://github.com/meziantou/Meziantou.Analyzer/blob/main/docs/Rules/MA0004.md) [C:\Users\Holge\repos\B2Connect\src\AI\MCP\B2X.Admin.MCP\B2X.Admin.MCP.csproj]
C:\Users\Holge\repos\B2Connect\src\AI\MCP\B2X.Admin.MCP\Services\AiProviderSelector.cs(176,56): warning S3923: Remove this conditional structure or edit its code blocks so that they're not all the same. (https://rules.sonarsource.com/csharp/RSPEC-3923) [C:\Users\Holge\repos\B2Connect\src\AI\MCP\B2X.Admin.MCP\B2X.Admin.MCP.csproj]
C:\Users\Holge\repos\B2Connect\src\AI\MCP\B2X.Admin.MCP\Services\AiProviders.cs(89,22): warning MA0004: Use Task.ConfigureAwait(false) if the current SynchronizationContext is not needed (https://github.com/meziantou/Meziantou.Analyzer/blob/main/docs/Rules/MA0004.md) [C:\Users\Holge\repos\B2Connect\src\AI\MCP\B2X.Admin.MCP\B2X.Admin.MCP.csproj]
C:\Users\Holge\repos\B2Connect\src\AI\MCP\B2X.Admin.MCP\Services\AiProviders.cs(101,24): warning MA0004: Use Task.ConfigureAwait(false) if the current SynchronizationContext is not needed (https://github.com/meziantou/Meziantou.Analyzer/blob/main/docs/Rules/MA0004.md) [C:\Users\Holge\repos\B2Connect\src\AI\MCP\B2X.Admin.MCP\B2X.Admin.MCP.csproj]
C:\Users\Holge\repos\B2Connect\src\AI\MCP\B2X.Admin.MCP\Services\AiProviders.cs(575,22): warning MA0004: Use Task.ConfigureAwait(false) if the current SynchronizationContext is not needed (https://github.com/meziantou/Meziantou.Analyzer/blob/main/docs/Rules/MA0004.md) [C:\Users\Holge\repos\B2Connect\src\AI\MCP\B2X.Admin.MCP\B2X.Admin.MCP.csproj]
C:\Users\Holge\repos\B2Connect\src\AI\MCP\B2X.Admin.MCP\Services\AiProviders.cs(589,24): warning MA0004: Use Task.ConfigureAwait(false) if the current SynchronizationContext is not needed (https://github.com/meziantou/Meziantou.Analyzer/blob/main/docs/Rules/MA0004.md) [C:\Users\Holge\repos\B2Connect\src\AI\MCP\B2X.Admin.MCP\B2X.Admin.MCP.csproj]
C:\Users\Holge\repos\B2Connect\src\AI\MCP\B2X.Admin.MCP\Services\AiProviders.cs(613,30): warning MA0004: Use Task.ConfigureAwait(false) if the current SynchronizationContext is not needed (https://github.com/meziantou/Meziantou.Analyzer/blob/main/docs/Rules/MA0004.md) [C:\Users\Holge\repos\B2Connect\src\AI\MCP\B2X.Admin.MCP\B2X.Admin.MCP.csproj]
C:\Users\Holge\repos\B2Connect\src\AI\MCP\B2X.Admin.MCP\Services\AiProviders.cs(458,28): warning CA2000: Rufen Sie "System.IDisposable.Dispose" f├╝r das von "new OllamaSharp.OllamaApiClient(new Uri(endpoint), model)" erstellte Objekt auf, bevor alle Verweise darauf au├ƒerhalb des g├╝ltigen Bereichs liegen. (https://learn.microsoft.com/dotnet/fundamentals/code-analysis/quality-rules/ca2000) [C:\Users\Holge\repos\B2Connect\src\AI\MCP\B2X.Admin.MCP\B2X.Admin.MCP.csproj]
C:\Users\Holge\repos\B2Connect\src\AI\MCP\B2X.Admin.MCP\Controllers\ConversationController.cs(438,28): warning MA0002: Use an overload that has a IEqualityComparer<string> or IComparer<string> parameter (https://github.com/meziantou/Meziantou.Analyzer/blob/main/docs/Rules/MA0002.md) [C:\Users\Holge\repos\B2Connect\src\AI\MCP\B2X.Admin.MCP\B2X.Admin.MCP.csproj]
C:\Users\Holge\repos\B2Connect\src\AI\MCP\B2X.Admin.MCP\Services\CmsValidationClient.cs(38,28): warning MA0004: Use Task.ConfigureAwait(false) if the current SynchronizationContext is not needed (https://github.com/meziantou/Meziantou.Analyzer/blob/main/docs/Rules/MA0004.md) [C:\Users\Holge\repos\B2Connect\src\AI\MCP\B2X.Admin.MCP\B2X.Admin.MCP.csproj]
C:\Users\Holge\repos\B2Connect\src\AI\MCP\B2X.Admin.MCP\Services\CmsValidationClient.cs(42,30): warning MA0004: Use Task.ConfigureAwait(false) if the current SynchronizationContext is not needed (https://github.com/meziantou/Meziantou.Analyzer/blob/main/docs/Rules/MA0004.md) [C:\Users\Holge\repos\B2Connect\src\AI\MCP\B2X.Admin.MCP\B2X.Admin.MCP.csproj]
C:\Users\Holge\repos\B2Connect\src\AI\MCP\B2X.Admin.MCP\Services\CmsValidationClient.cs(47,36): warning MA0004: Use Task.ConfigureAwait(false) if the current SynchronizationContext is not needed (https://github.com/meziantou/Meziantou.Analyzer/blob/main/docs/Rules/MA0004.md) [C:\Users\Holge\repos\B2Connect\src\AI\MCP\B2X.Admin.MCP\B2X.Admin.MCP.csproj]
C:\Users\Holge\repos\B2Connect\src\AI\MCP\B2X.Admin.MCP\Services\McpServer.cs(294,38): warning MA0004: Use Task.ConfigureAwait(false) if the current SynchronizationContext is not needed (https://github.com/meziantou/Meziantou.Analyzer/blob/main/docs/Rules/MA0004.md) [C:\Users\Holge\repos\B2Connect\src\AI\MCP\B2X.Admin.MCP\B2X.Admin.MCP.csproj]
C:\Users\Holge\repos\B2Connect\src\AI\MCP\B2X.Admin.MCP\Services\McpServer.cs(295,43): warning MA0004: Use Task.ConfigureAwait(false) if the current SynchronizationContext is not needed (https://github.com/meziantou/Meziantou.Analyzer/blob/main/docs/Rules/MA0004.md) [C:\Users\Holge\repos\B2Connect\src\AI\MCP\B2X.Admin.MCP\B2X.Admin.MCP.csproj]
C:\Users\Holge\repos\B2Connect\src\AI\MCP\B2X.Admin.MCP\Services\AiProviders.cs(206,30): warning CA2000: Rufen Sie "System.IDisposable.Dispose" f├╝r das von "new AnthropicClient(apiKey)" erstellte Objekt auf, bevor alle Verweise darauf au├ƒerhalb des g├╝ltigen Bereichs liegen. (https://learn.microsoft.com/dotnet/fundamentals/code-analysis/quality-rules/ca2000) [C:\Users\Holge\repos\B2Connect\src\AI\MCP\B2X.Admin.MCP\B2X.Admin.MCP.csproj]
C:\Users\Holge\repos\B2Connect\src\AI\MCP\B2X.Admin.MCP\Services\McpServer.cs(296,41): warning MA0004: Use Task.ConfigureAwait(false) if the current SynchronizationContext is not needed (https://github.com/meziantou/Meziantou.Analyzer/blob/main/docs/Rules/MA0004.md) [C:\Users\Holge\repos\B2Connect\src\AI\MCP\B2X.Admin.MCP\B2X.Admin.MCP.csproj]
C:\Users\Holge\repos\B2Connect\src\AI\MCP\B2X.Admin.MCP\Services\McpServer.cs(297,38): warning MA0004: Use Task.ConfigureAwait(false) if the current SynchronizationContext is not needed (https://github.com/meziantou/Meziantou.Analyzer/blob/main/docs/Rules/MA0004.md) [C:\Users\Holge\repos\B2Connect\src\AI\MCP\B2X.Admin.MCP\B2X.Admin.MCP.csproj]
C:\Users\Holge\repos\B2Connect\src\AI\MCP\B2X.Admin.MCP\Services\McpServer.cs(314,16): warning MA0004: Use Task.ConfigureAwait(false) if the current SynchronizationContext is not needed (https://github.com/meziantou/Meziantou.Analyzer/blob/main/docs/Rules/MA0004.md) [C:\Users\Holge\repos\B2Connect\src\AI\MCP\B2X.Admin.MCP\B2X.Admin.MCP.csproj]
C:\Users\Holge\repos\B2Connect\src\AI\MCP\B2X.Admin.MCP\Services\AiConsumptionGateway.cs(138,9): warning MA0004: Use Task.ConfigureAwait(false) if the current SynchronizationContext is not needed (https://github.com/meziantou/Meziantou.Analyzer/blob/main/docs/Rules/MA0004.md) [C:\Users\Holge\repos\B2Connect\src\AI\MCP\B2X.Admin.MCP\B2X.Admin.MCP.csproj]
C:\Users\Holge\repos\B2Connect\src\AI\MCP\B2X.Admin.MCP\Services\AiConsumptionGateway.cs(144,28): warning MA0004: Use Task.ConfigureAwait(false) if the current SynchronizationContext is not needed (https://github.com/meziantou/Meziantou.Analyzer/blob/main/docs/Rules/MA0004.md) [C:\Users\Holge\repos\B2Connect\src\AI\MCP\B2X.Admin.MCP\B2X.Admin.MCP.csproj]
C:\Users\Holge\repos\B2Connect\src\AI\MCP\B2X.Admin.MCP\Services\AiConsumptionGateway.cs(146,9): warning MA0004: Use Task.ConfigureAwait(false) if the current SynchronizationContext is not needed (https://github.com/meziantou/Meziantou.Analyzer/blob/main/docs/Rules/MA0004.md) [C:\Users\Holge\repos\B2Connect\src\AI\MCP\B2X.Admin.MCP\B2X.Admin.MCP.csproj]
C:\Users\Holge\repos\B2Connect\src\AI\MCP\B2X.Admin.MCP\Services\DataSanitizationService.cs(166,48): warning MA0002: Use an overload that has a IEqualityComparer<string> or IComparer<string> parameter (https://github.com/meziantou/Meziantou.Analyzer/blob/main/docs/Rules/MA0002.md) [C:\Users\Holge\repos\B2Connect\src\AI\MCP\B2X.Admin.MCP\B2X.Admin.MCP.csproj]
C:\Users\Holge\repos\B2Connect\src\AI\MCP\B2X.Admin.MCP\Services\DataSanitizationService.cs(167,47): warning MA0002: Use an overload that has a IEqualityComparer<string> or IComparer<string> parameter (https://github.com/meziantou/Meziantou.Analyzer/blob/main/docs/Rules/MA0002.md) [C:\Users\Holge\repos\B2Connect\src\AI\MCP\B2X.Admin.MCP\B2X.Admin.MCP.csproj]
C:\Users\Holge\repos\B2Connect\src\AI\MCP\B2X.Admin.MCP\Services\McpServer.cs(321,16): warning MA0004: Use Task.ConfigureAwait(false) if the current SynchronizationContext is not needed (https://github.com/meziantou/Meziantou.Analyzer/blob/main/docs/Rules/MA0004.md) [C:\Users\Holge\repos\B2Connect\src\AI\MCP\B2X.Admin.MCP\B2X.Admin.MCP.csproj]
C:\Users\Holge\repos\B2Connect\src\AI\MCP\B2X.Admin.MCP\Services\AiProviders.cs(321,22): warning MA0004: Use Task.ConfigureAwait(false) if the current SynchronizationContext is not needed (https://github.com/meziantou/Meziantou.Analyzer/blob/main/docs/Rules/MA0004.md) [C:\Users\Holge\repos\B2Connect\src\AI\MCP\B2X.Admin.MCP\B2X.Admin.MCP.csproj]
C:\Users\Holge\repos\B2Connect\src\AI\MCP\B2X.Admin.MCP\Services\AiProviders.cs(322,24): warning MA0004: Use Task.ConfigureAwait(false) if the current SynchronizationContext is not needed (https://github.com/meziantou/Meziantou.Analyzer/blob/main/docs/Rules/MA0004.md) [C:\Users\Holge\repos\B2Connect\src\AI\MCP\B2X.Admin.MCP\B2X.Admin.MCP.csproj]
C:\Users\Holge\repos\B2Connect\src\AI\MCP\B2X.Admin.MCP\Services\AiProviders.cs(335,24): warning MA0004: Use Task.ConfigureAwait(false) if the current SynchronizationContext is not needed (https://github.com/meziantou/Meziantou.Analyzer/blob/main/docs/Rules/MA0004.md) [C:\Users\Holge\repos\B2Connect\src\AI\MCP\B2X.Admin.MCP\B2X.Admin.MCP.csproj]
C:\Users\Holge\repos\B2Connect\src\AI\MCP\B2X.Admin.MCP\Services\ConversationService.cs(93,28): warning MA0004: Use Task.ConfigureAwait(false) if the current SynchronizationContext is not needed (https://github.com/meziantou/Meziantou.Analyzer/blob/main/docs/Rules/MA0004.md) [C:\Users\Holge\repos\B2Connect\src\AI\MCP\B2X.Admin.MCP\B2X.Admin.MCP.csproj]
C:\Users\Holge\repos\B2Connect\src\AI\MCP\B2X.Admin.MCP\Services\ConversationService.cs(100,9): warning MA0004: Use Task.ConfigureAwait(false) if the current SynchronizationContext is not needed (https://github.com/meziantou/Meziantou.Analyzer/blob/main/docs/Rules/MA0004.md) [C:\Users\Holge\repos\B2Connect\src\AI\MCP\B2X.Admin.MCP\B2X.Admin.MCP.csproj]
C:\Users\Holge\repos\B2Connect\src\AI\MCP\B2X.Admin.MCP\Services\DataSanitizationService.cs(180,24): warning MA0002: Use an overload that has a IEqualityComparer<string> or IComparer<string> parameter (https://github.com/meziantou/Meziantou.Analyzer/blob/main/docs/Rules/MA0002.md) [C:\Users\Holge\repos\B2Connect\src\AI\MCP\B2X.Admin.MCP\B2X.Admin.MCP.csproj]
C:\Users\Holge\repos\B2Connect\src\AI\MCP\B2X.Admin.MCP\Services\AdvancedNlpService.cs(109,13): warning MA0004: Use Task.ConfigureAwait(false) if the current SynchronizationContext is not needed (https://github.com/meziantou/Meziantou.Analyzer/blob/main/docs/Rules/MA0004.md) [C:\Users\Holge\repos\B2Connect\src\AI\MCP\B2X.Admin.MCP\B2X.Admin.MCP.csproj]
C:\Users\Holge\repos\B2Connect\src\AI\MCP\B2X.Admin.MCP\Services\ConversationService.cs(80,16): warning MA0004: Use Task.ConfigureAwait(false) if the current SynchronizationContext is not needed (https://github.com/meziantou/Meziantou.Analyzer/blob/main/docs/Rules/MA0004.md) [C:\Users\Holge\repos\B2Connect\src\AI\MCP\B2X.Admin.MCP\B2X.Admin.MCP.csproj]
C:\Users\Holge\repos\B2Connect\src\AI\MCP\B2X.Admin.MCP\Services\AdvancedNlpService.cs(118,26): warning MA0004: Use Task.ConfigureAwait(false) if the current SynchronizationContext is not needed (https://github.com/meziantou/Meziantou.Analyzer/blob/main/docs/Rules/MA0004.md) [C:\Users\Holge\repos\B2Connect\src\AI\MCP\B2X.Admin.MCP\B2X.Admin.MCP.csproj]
C:\Users\Holge\repos\B2Connect\src\AI\MCP\B2X.Admin.MCP\Services\AdvancedNlpService.cs(97,22): warning MA0002: Use an overload that has a IEqualityComparer<string> or IComparer<string> parameter (https://github.com/meziantou/Meziantou.Analyzer/blob/main/docs/Rules/MA0002.md) [C:\Users\Holge\repos\B2Connect\src\AI\MCP\B2X.Admin.MCP\B2X.Admin.MCP.csproj]
C:\Users\Holge\repos\B2Connect\src\AI\MCP\B2X.Admin.MCP\Services\McpServer.cs(335,16): warning MA0004: Use Task.ConfigureAwait(false) if the current SynchronizationContext is not needed (https://github.com/meziantou/Meziantou.Analyzer/blob/main/docs/Rules/MA0004.md) [C:\Users\Holge\repos\B2Connect\src\AI\MCP\B2X.Admin.MCP\B2X.Admin.MCP.csproj]
C:\Users\Holge\repos\B2Connect\src\AI\MCP\B2X.Admin.MCP\Services\AiConsumptionGateway.cs(178,9): warning MA0004: Use Task.ConfigureAwait(false) if the current SynchronizationContext is not needed (https://github.com/meziantou/Meziantou.Analyzer/blob/main/docs/Rules/MA0004.md) [C:\Users\Holge\repos\B2Connect\src\AI\MCP\B2X.Admin.MCP\B2X.Admin.MCP.csproj]
C:\Users\Holge\repos\B2Connect\src\AI\MCP\B2X.Admin.MCP\Services\AdvancedNlpService.cs(130,18): warning MA0002: Use an overload that has a IEqualityComparer<string> or IComparer<string> parameter (https://github.com/meziantou/Meziantou.Analyzer/blob/main/docs/Rules/MA0002.md) [C:\Users\Holge\repos\B2Connect\src\AI\MCP\B2X.Admin.MCP\B2X.Admin.MCP.csproj]
C:\Users\Holge\repos\B2Connect\src\AI\MCP\B2X.Admin.MCP\Services\DataSanitizationService.cs(200,24): warning MA0002: Use an overload that has a IEqualityComparer<string> or IComparer<string> parameter (https://github.com/meziantou/Meziantou.Analyzer/blob/main/docs/Rules/MA0002.md) [C:\Users\Holge\repos\B2Connect\src\AI\MCP\B2X.Admin.MCP\B2X.Admin.MCP.csproj]
C:\Users\Holge\repos\B2Connect\src\AI\MCP\B2X.Admin.MCP\Services\McpServer.cs(328,16): warning MA0004: Use Task.ConfigureAwait(false) if the current SynchronizationContext is not needed (https://github.com/meziantou/Meziantou.Analyzer/blob/main/docs/Rules/MA0004.md) [C:\Users\Holge\repos\B2Connect\src\AI\MCP\B2X.Admin.MCP\B2X.Admin.MCP.csproj]
C:\Users\Holge\repos\B2Connect\src\AI\MCP\B2X.Admin.MCP\Services\McpServer.cs(342,16): warning MA0004: Use Task.ConfigureAwait(false) if the current SynchronizationContext is not needed (https://github.com/meziantou/Meziantou.Analyzer/blob/main/docs/Rules/MA0004.md) [C:\Users\Holge\repos\B2Connect\src\AI\MCP\B2X.Admin.MCP\B2X.Admin.MCP.csproj]
C:\Users\Holge\repos\B2Connect\src\AI\MCP\B2X.Admin.MCP\Services\AiProviderSelector.cs(163,31): warning MA0004: Use Task.ConfigureAwait(false) if the current SynchronizationContext is not needed (https://github.com/meziantou/Meziantou.Analyzer/blob/main/docs/Rules/MA0004.md) [C:\Users\Holge\repos\B2Connect\src\AI\MCP\B2X.Admin.MCP\B2X.Admin.MCP.csproj]
C:\Users\Holge\repos\B2Connect\src\AI\MCP\B2X.Admin.MCP\Services\AdvancedNlpService.cs(146,29): warning MA0004: Use Task.ConfigureAwait(false) if the current SynchronizationContext is not needed (https://github.com/meziantou/Meziantou.Analyzer/blob/main/docs/Rules/MA0004.md) [C:\Users\Holge\repos\B2Connect\src\AI\MCP\B2X.Admin.MCP\B2X.Admin.MCP.csproj]
C:\Users\Holge\repos\B2Connect\src\AI\MCP\B2X.Admin.MCP\Services\AiProviderSelector.cs(229,24): warning MA0004: Use Task.ConfigureAwait(false) if the current SynchronizationContext is not needed (https://github.com/meziantou/Meziantou.Analyzer/blob/main/docs/Rules/MA0004.md) [C:\Users\Holge\repos\B2Connect\src\AI\MCP\B2X.Admin.MCP\B2X.Admin.MCP.csproj]
C:\Users\Holge\repos\B2Connect\src\AI\MCP\B2X.Admin.MCP\Services\AiProviderSelector.cs(233,20): warning MA0004: Use Task.ConfigureAwait(false) if the current SynchronizationContext is not needed (https://github.com/meziantou/Meziantou.Analyzer/blob/main/docs/Rules/MA0004.md) [C:\Users\Holge\repos\B2Connect\src\AI\MCP\B2X.Admin.MCP\B2X.Admin.MCP.csproj]
C:\Users\Holge\repos\B2Connect\src\AI\MCP\B2X.Admin.MCP\Services\AiProviderSelector.cs(268,28): warning MA0004: Use Task.ConfigureAwait(false) if the current SynchronizationContext is not needed (https://github.com/meziantou/Meziantou.Analyzer/blob/main/docs/Rules/MA0004.md) [C:\Users\Holge\repos\B2Connect\src\AI\MCP\B2X.Admin.MCP\B2X.Admin.MCP.csproj]
C:\Users\Holge\repos\B2Connect\src\AI\MCP\B2X.Admin.MCP\Tools\TemplateValidationTool.cs(89,29): warning MA0006: Use string.Equals instead of Equals operator (https://github.com/meziantou/Meziantou.Analyzer/blob/main/docs/Rules/MA0006.md) [C:\Users\Holge\repos\B2Connect\src\AI\MCP\B2X.Admin.MCP\B2X.Admin.MCP.csproj]
C:\Users\Holge\repos\B2Connect\src\AI\MCP\B2X.Admin.MCP\Tools\TemplateValidationTool.cs(102,44): warning MA0006: Use string.Equals instead of NotEquals operator (https://github.com/meziantou/Meziantou.Analyzer/blob/main/docs/Rules/MA0006.md) [C:\Users\Holge\repos\B2Connect\src\AI\MCP\B2X.Admin.MCP\B2X.Admin.MCP.csproj]
C:\Users\Holge\repos\B2Connect\src\AI\MCP\B2X.Admin.MCP\Services\AdvancedNlpService.cs(127,29): warning MA0006: Use string.Equals instead of NotEquals operator (https://github.com/meziantou/Meziantou.Analyzer/blob/main/docs/Rules/MA0006.md) [C:\Users\Holge\repos\B2Connect\src\AI\MCP\B2X.Admin.MCP\B2X.Admin.MCP.csproj]
C:\Users\Holge\repos\B2Connect\src\AI\MCP\B2X.Admin.MCP\Services\McpServer.cs(356,16): warning MA0004: Use Task.ConfigureAwait(false) if the current SynchronizationContext is not needed (https://github.com/meziantou/Meziantou.Analyzer/blob/main/docs/Rules/MA0004.md) [C:\Users\Holge\repos\B2Connect\src\AI\MCP\B2X.Admin.MCP\B2X.Admin.MCP.csproj]
C:\Users\Holge\repos\B2Connect\src\AI\MCP\B2X.Admin.MCP\Services\AbTestingService.cs(218,16): warning MA0004: Use Task.ConfigureAwait(false) if the current SynchronizationContext is not needed (https://github.com/meziantou/Meziantou.Analyzer/blob/main/docs/Rules/MA0004.md) [C:\Users\Holge\repos\B2Connect\src\AI\MCP\B2X.Admin.MCP\B2X.Admin.MCP.csproj]
C:\Users\Holge\repos\B2Connect\src\AI\MCP\B2X.Admin.MCP\Services\McpServer.cs(349,16): warning MA0004: Use Task.ConfigureAwait(false) if the current SynchronizationContext is not needed (https://github.com/meziantou/Meziantou.Analyzer/blob/main/docs/Rules/MA0004.md) [C:\Users\Holge\repos\B2Connect\src\AI\MCP\B2X.Admin.MCP\B2X.Admin.MCP.csproj]
C:\Users\Holge\repos\B2Connect\src\AI\MCP\B2X.Admin.MCP\Services\AiConsumptionGateway.cs(204,28): warning MA0004: Use Task.ConfigureAwait(false) if the current SynchronizationContext is not needed (https://github.com/meziantou/Meziantou.Analyzer/blob/main/docs/Rules/MA0004.md) [C:\Users\Holge\repos\B2Connect\src\AI\MCP\B2X.Admin.MCP\B2X.Admin.MCP.csproj]
C:\Users\Holge\repos\B2Connect\src\AI\MCP\B2X.Admin.MCP\Services\AbTestingService.cs(231,20): warning MA0004: Use Task.ConfigureAwait(false) if the current SynchronizationContext is not needed (https://github.com/meziantou/Meziantou.Analyzer/blob/main/docs/Rules/MA0004.md) [C:\Users\Holge\repos\B2Connect\src\AI\MCP\B2X.Admin.MCP\B2X.Admin.MCP.csproj]
C:\Users\Holge\repos\B2Connect\src\AI\MCP\B2X.Admin.MCP\Services\AiProviderSelector.cs(259,36): warning MA0006: Use string.Equals instead of NotEquals operator (https://github.com/meziantou/Meziantou.Analyzer/blob/main/docs/Rules/MA0006.md) [C:\Users\Holge\repos\B2Connect\src\AI\MCP\B2X.Admin.MCP\B2X.Admin.MCP.csproj]
C:\Users\Holge\repos\B2Connect\src\AI\MCP\B2X.Admin.MCP\Services\AbTestingService.cs(237,13): warning MA0004: Use Task.ConfigureAwait(false) if the current SynchronizationContext is not needed (https://github.com/meziantou/Meziantou.Analyzer/blob/main/docs/Rules/MA0004.md) [C:\Users\Holge\repos\B2Connect\src\AI\MCP\B2X.Admin.MCP\B2X.Admin.MCP.csproj]
C:\Users\Holge\repos\B2Connect\src\AI\MCP\B2X.Admin.MCP\Services\McpServer.cs(363,16): warning MA0004: Use Task.ConfigureAwait(false) if the current SynchronizationContext is not needed (https://github.com/meziantou/Meziantou.Analyzer/blob/main/docs/Rules/MA0004.md) [C:\Users\Holge\repos\B2Connect\src\AI\MCP\B2X.Admin.MCP\B2X.Admin.MCP.csproj]
C:\Users\Holge\repos\B2Connect\src\AI\MCP\B2X.Admin.MCP\Services\ConversationService.cs(142,28): warning MA0004: Use Task.ConfigureAwait(false) if the current SynchronizationContext is not needed (https://github.com/meziantou/Meziantou.Analyzer/blob/main/docs/Rules/MA0004.md) [C:\Users\Holge\repos\B2Connect\src\AI\MCP\B2X.Admin.MCP\B2X.Admin.MCP.csproj]
C:\Users\Holge\repos\B2Connect\src\AI\MCP\B2X.Admin.MCP\Services\AbTestingService.cs(232,29): warning MA0006: Use string.Equals instead of Equals operator (https://github.com/meziantou/Meziantou.Analyzer/blob/main/docs/Rules/MA0006.md) [C:\Users\Holge\repos\B2Connect\src\AI\MCP\B2X.Admin.MCP\B2X.Admin.MCP.csproj]
C:\Users\Holge\repos\B2Connect\src\AI\MCP\B2X.Admin.MCP\Services\ConversationService.cs(148,9): warning MA0004: Use Task.ConfigureAwait(false) if the current SynchronizationContext is not needed (https://github.com/meziantou/Meziantou.Analyzer/blob/main/docs/Rules/MA0004.md) [C:\Users\Holge\repos\B2Connect\src\AI\MCP\B2X.Admin.MCP\B2X.Admin.MCP.csproj]
C:\Users\Holge\repos\B2Connect\src\AI\MCP\B2X.Admin.MCP\Services\AbTestingService.cs(162,20): warning MA0004: Use Task.ConfigureAwait(false) if the current SynchronizationContext is not needed (https://github.com/meziantou/Meziantou.Analyzer/blob/main/docs/Rules/MA0004.md) [C:\Users\Holge\repos\B2Connect\src\AI\MCP\B2X.Admin.MCP\B2X.Admin.MCP.csproj]
C:\Users\Holge\repos\B2Connect\src\AI\MCP\B2X.Admin.MCP\Services\McpServer.cs(370,16): warning MA0004: Use Task.ConfigureAwait(false) if the current SynchronizationContext is not needed (https://github.com/meziantou/Meziantou.Analyzer/blob/main/docs/Rules/MA0004.md) [C:\Users\Holge\repos\B2Connect\src\AI\MCP\B2X.Admin.MCP\B2X.Admin.MCP.csproj]
C:\Users\Holge\repos\B2Connect\src\AI\MCP\B2X.Admin.MCP\Services\ConversationService.cs(159,23): warning MA0004: Use Task.ConfigureAwait(false) if the current SynchronizationContext is not needed (https://github.com/meziantou/Meziantou.Analyzer/blob/main/docs/Rules/MA0004.md) [C:\Users\Holge\repos\B2Connect\src\AI\MCP\B2X.Admin.MCP\B2X.Admin.MCP.csproj]
C:\Users\Holge\repos\B2Connect\src\AI\MCP\B2X.Admin.MCP\Services\McpServer.cs(377,16): warning MA0004: Use Task.ConfigureAwait(false) if the current SynchronizationContext is not needed (https://github.com/meziantou/Meziantou.Analyzer/blob/main/docs/Rules/MA0004.md) [C:\Users\Holge\repos\B2Connect\src\AI\MCP\B2X.Admin.MCP\B2X.Admin.MCP.csproj]
C:\Users\Holge\repos\B2Connect\src\AI\MCP\B2X.Admin.MCP\Services\ConversationService.cs(180,9): warning MA0004: Use Task.ConfigureAwait(false) if the current SynchronizationContext is not needed (https://github.com/meziantou/Meziantou.Analyzer/blob/main/docs/Rules/MA0004.md) [C:\Users\Holge\repos\B2Connect\src\AI\MCP\B2X.Admin.MCP\B2X.Admin.MCP.csproj]
C:\Users\Holge\repos\B2Connect\src\AI\MCP\B2X.Admin.MCP\Tools\TemplateValidationTool.cs(348,9): warning MA0004: Use Task.ConfigureAwait(false) if the current SynchronizationContext is not needed (https://github.com/meziantou/Meziantou.Analyzer/blob/main/docs/Rules/MA0004.md) [C:\Users\Holge\repos\B2Connect\src\AI\MCP\B2X.Admin.MCP\B2X.Admin.MCP.csproj]
C:\Users\Holge\repos\B2Connect\src\AI\MCP\B2X.Admin.MCP\Services\AbTestingService.cs(187,27): warning MA0002: Use an overload that has a IEqualityComparer<string> or IComparer<string> parameter (https://github.com/meziantou/Meziantou.Analyzer/blob/main/docs/Rules/MA0002.md) [C:\Users\Holge\repos\B2Connect\src\AI\MCP\B2X.Admin.MCP\B2X.Admin.MCP.csproj]
C:\Users\Holge\repos\B2Connect\src\AI\MCP\B2X.Admin.MCP\Services\AbTestingService.cs(191,51): warning MA0002: Use an overload that has a IEqualityComparer<string> or IComparer<string> parameter (https://github.com/meziantou/Meziantou.Analyzer/blob/main/docs/Rules/MA0002.md) [C:\Users\Holge\repos\B2Connect\src\AI\MCP\B2X.Admin.MCP\B2X.Admin.MCP.csproj]
C:\Users\Holge\repos\B2Connect\src\AI\MCP\B2X.Admin.MCP\Tools\TemplateValidationTool.cs(299,22): warning MA0004: Use Task.ConfigureAwait(false) if the current SynchronizationContext is not needed (https://github.com/meziantou/Meziantou.Analyzer/blob/main/docs/Rules/MA0004.md) [C:\Users\Holge\repos\B2Connect\src\AI\MCP\B2X.Admin.MCP\B2X.Admin.MCP.csproj]
C:\Users\Holge\repos\B2Connect\src\AI\MCP\B2X.Admin.MCP\Tools\TemplateValidationTool.cs(318,26): warning MA0004: Use Task.ConfigureAwait(false) if the current SynchronizationContext is not needed (https://github.com/meziantou/Meziantou.Analyzer/blob/main/docs/Rules/MA0004.md) [C:\Users\Holge\repos\B2Connect\src\AI\MCP\B2X.Admin.MCP\B2X.Admin.MCP.csproj]
C:\Users\Holge\repos\B2Connect\src\AI\MCP\B2X.Admin.MCP\Services\ConversationService.cs(200,28): warning MA0004: Use Task.ConfigureAwait(false) if the current SynchronizationContext is not needed (https://github.com/meziantou/Meziantou.Analyzer/blob/main/docs/Rules/MA0004.md) [C:\Users\Holge\repos\B2Connect\src\AI\MCP\B2X.Admin.MCP\B2X.Admin.MCP.csproj]
C:\Users\Holge\repos\B2Connect\src\AI\MCP\B2X.Admin.MCP\Tools\TemplateValidationTool.cs(324,24): warning MA0004: Use Task.ConfigureAwait(false) if the current SynchronizationContext is not needed (https://github.com/meziantou/Meziantou.Analyzer/blob/main/docs/Rules/MA0004.md) [C:\Users\Holge\repos\B2Connect\src\AI\MCP\B2X.Admin.MCP\B2X.Admin.MCP.csproj]
C:\Users\Holge\repos\B2Connect\src\AI\MCP\B2X.Admin.MCP\Services\DataSanitizationService.cs(284,30): warning MA0002: Use an overload that has a IEqualityComparer<string> or IComparer<string> parameter (https://github.com/meziantou/Meziantou.Analyzer/blob/main/docs/Rules/MA0002.md) [C:\Users\Holge\repos\B2Connect\src\AI\MCP\B2X.Admin.MCP\B2X.Admin.MCP.csproj]
C:\Users\Holge\repos\B2Connect\src\AI\MCP\B2X.Admin.MCP\Services\McpServer.cs(384,22): warning MA0004: Use Task.ConfigureAwait(false) if the current SynchronizationContext is not needed (https://github.com/meziantou/Meziantou.Analyzer/blob/main/docs/Rules/MA0004.md) [C:\Users\Holge\repos\B2Connect\src\AI\MCP\B2X.Admin.MCP\B2X.Admin.MCP.csproj]
C:\Users\Holge\repos\B2Connect\src\AI\MCP\B2X.Admin.MCP\Services\ConversationService.cs(205,13): warning MA0004: Use Task.ConfigureAwait(false) if the current SynchronizationContext is not needed (https://github.com/meziantou/Meziantou.Analyzer/blob/main/docs/Rules/MA0004.md) [C:\Users\Holge\repos\B2Connect\src\AI\MCP\B2X.Admin.MCP\B2X.Admin.MCP.csproj]
C:\Users\Holge\repos\B2Connect\src\AI\MCP\B2X.Admin.MCP\Services\DataSanitizationService.cs(289,30): warning MA0002: Use an overload that has a IEqualityComparer<string> or IComparer<string> parameter (https://github.com/meziantou/Meziantou.Analyzer/blob/main/docs/Rules/MA0002.md) [C:\Users\Holge\repos\B2Connect\src\AI\MCP\B2X.Admin.MCP\B2X.Admin.MCP.csproj]
C:\Users\Holge\repos\B2Connect\src\AI\MCP\B2X.Admin.MCP\Services\ConversationService.cs(111,16): warning MA0004: Use Task.ConfigureAwait(false) if the current SynchronizationContext is not needed (https://github.com/meziantou/Meziantou.Analyzer/blob/main/docs/Rules/MA0004.md) [C:\Users\Holge\repos\B2Connect\src\AI\MCP\B2X.Admin.MCP\B2X.Admin.MCP.csproj]
C:\Users\Holge\repos\B2Connect\src\AI\MCP\B2X.Admin.MCP\Services\AbTestingService.cs(261,16): warning MA0004: Use Task.ConfigureAwait(false) if the current SynchronizationContext is not needed (https://github.com/meziantou/Meziantou.Analyzer/blob/main/docs/Rules/MA0004.md) [C:\Users\Holge\repos\B2Connect\src\AI\MCP\B2X.Admin.MCP\B2X.Admin.MCP.csproj]
C:\Users\Holge\repos\B2Connect\src\AI\MCP\B2X.Admin.MCP\Services\ConversationService.cs(188,24): warning MA0004: Use Task.ConfigureAwait(false) if the current SynchronizationContext is not needed (https://github.com/meziantou/Meziantou.Analyzer/blob/main/docs/Rules/MA0004.md) [C:\Users\Holge\repos\B2Connect\src\AI\MCP\B2X.Admin.MCP\B2X.Admin.MCP.csproj]
C:\Users\Holge\repos\B2Connect\src\AI\MCP\B2X.Admin.MCP\Services\AdvancedNlpService.cs(220,23): warning MA0004: Use Task.ConfigureAwait(false) if the current SynchronizationContext is not needed (https://github.com/meziantou/Meziantou.Analyzer/blob/main/docs/Rules/MA0004.md) [C:\Users\Holge\repos\B2Connect\src\AI\MCP\B2X.Admin.MCP\B2X.Admin.MCP.csproj]
C:\Users\Holge\repos\B2Connect\src\AI\MCP\B2X.Admin.MCP\Services\ConversationService.cs(192,25): warning MA0002: Use an overload that has a IEqualityComparer<string> or IComparer<string> parameter (https://github.com/meziantou/Meziantou.Analyzer/blob/main/docs/Rules/MA0002.md) [C:\Users\Holge\repos\B2Connect\src\AI\MCP\B2X.Admin.MCP\B2X.Admin.MCP.csproj]
C:\Users\Holge\repos\B2Connect\src\AI\MCP\B2X.Admin.MCP\Services\DataSanitizationService.cs(299,30): warning MA0002: Use an overload that has a IEqualityComparer<string> or IComparer<string> parameter (https://github.com/meziantou/Meziantou.Analyzer/blob/main/docs/Rules/MA0002.md) [C:\Users\Holge\repos\B2Connect\src\AI\MCP\B2X.Admin.MCP\B2X.Admin.MCP.csproj]
C:\Users\Holge\repos\B2Connect\src\AI\MCP\B2X.Admin.MCP\Services\ConversationService.cs(214,28): warning MA0004: Use Task.ConfigureAwait(false) if the current SynchronizationContext is not needed (https://github.com/meziantou/Meziantou.Analyzer/blob/main/docs/Rules/MA0004.md) [C:\Users\Holge\repos\B2Connect\src\AI\MCP\B2X.Admin.MCP\B2X.Admin.MCP.csproj]
C:\Users\Holge\repos\B2Connect\src\AI\MCP\B2X.Admin.MCP\Services\AdvancedNlpService.cs(284,23): warning MA0004: Use Task.ConfigureAwait(false) if the current SynchronizationContext is not needed (https://github.com/meziantou/Meziantou.Analyzer/blob/main/docs/Rules/MA0004.md) [C:\Users\Holge\repos\B2Connect\src\AI\MCP\B2X.Admin.MCP\B2X.Admin.MCP.csproj]
C:\Users\Holge\repos\B2Connect\src\AI\MCP\B2X.Admin.MCP\Services\AdvancedNlpService.cs(278,26): warning MA0002: Use an overload that has a IEqualityComparer<string> or IComparer<string> parameter (https://github.com/meziantou/Meziantou.Analyzer/blob/main/docs/Rules/MA0002.md) [C:\Users\Holge\repos\B2Connect\src\AI\MCP\B2X.Admin.MCP\B2X.Admin.MCP.csproj]
C:\Users\Holge\repos\B2Connect\src\AI\MCP\B2X.Admin.MCP\Services\AdvancedNlpService.cs(247,24): warning MA0002: Use an overload that has a IEqualityComparer<string> or IComparer<string> parameter (https://github.com/meziantou/Meziantou.Analyzer/blob/main/docs/Rules/MA0002.md) [C:\Users\Holge\repos\B2Connect\src\AI\MCP\B2X.Admin.MCP\B2X.Admin.MCP.csproj]
C:\Users\Holge\repos\B2Connect\src\AI\MCP\B2X.Admin.MCP\Services\ConversationService.cs(219,13): warning MA0004: Use Task.ConfigureAwait(false) if the current SynchronizationContext is not needed (https://github.com/meziantou/Meziantou.Analyzer/blob/main/docs/Rules/MA0004.md) [C:\Users\Holge\repos\B2Connect\src\AI\MCP\B2X.Admin.MCP\B2X.Admin.MCP.csproj]
C:\Users\Holge\repos\B2Connect\src\AI\MCP\B2X.Admin.MCP\Services\AbTestingService.cs(272,20): warning MA0004: Use Task.ConfigureAwait(false) if the current SynchronizationContext is not needed (https://github.com/meziantou/Meziantou.Analyzer/blob/main/docs/Rules/MA0004.md) [C:\Users\Holge\repos\B2Connect\src\AI\MCP\B2X.Admin.MCP\B2X.Admin.MCP.csproj]
C:\Users\Holge\repos\B2Connect\src\AI\MCP\B2X.Admin.MCP\Services\AbTestingService.cs(279,9): warning MA0004: Use Task.ConfigureAwait(false) if the current SynchronizationContext is not needed (https://github.com/meziantou/Meziantou.Analyzer/blob/main/docs/Rules/MA0004.md) [C:\Users\Holge\repos\B2Connect\src\AI\MCP\B2X.Admin.MCP\B2X.Admin.MCP.csproj]
C:\Users\Holge\repos\B2Connect\src\AI\MCP\B2X.Admin.MCP\Services\AbTestingService.cs(248,16): warning MA0004: Use Task.ConfigureAwait(false) if the current SynchronizationContext is not needed (https://github.com/meziantou/Meziantou.Analyzer/blob/main/docs/Rules/MA0004.md) [C:\Users\Holge\repos\B2Connect\src\AI\MCP\B2X.Admin.MCP\B2X.Admin.MCP.csproj]
C:\Users\Holge\repos\B2Connect\src\AI\MCP\B2X.Admin.MCP\Services\AdvancedNlpService.cs(161,24): warning MA0004: Use Task.ConfigureAwait(false) if the current SynchronizationContext is not needed (https://github.com/meziantou/Meziantou.Analyzer/blob/main/docs/Rules/MA0004.md) [C:\Users\Holge\repos\B2Connect\src\AI\MCP\B2X.Admin.MCP\B2X.Admin.MCP.csproj]
C:\Users\Holge\repos\B2Connect\src\AI\MCP\B2X.Admin.MCP\Services\ConversationService.cs(215,37): warning MA0006: Use string.Equals instead of Equals operator (https://github.com/meziantou/Meziantou.Analyzer/blob/main/docs/Rules/MA0006.md) [C:\Users\Holge\repos\B2Connect\src\AI\MCP\B2X.Admin.MCP\B2X.Admin.MCP.csproj]
C:\Users\Holge\repos\B2Connect\src\AI\MCP\B2X.Admin.MCP\Services\AbTestingService.cs(290,20): warning MA0004: Use Task.ConfigureAwait(false) if the current SynchronizationContext is not needed (https://github.com/meziantou/Meziantou.Analyzer/blob/main/docs/Rules/MA0004.md) [C:\Users\Holge\repos\B2Connect\src\AI\MCP\B2X.Admin.MCP\B2X.Admin.MCP.csproj]
C:\Users\Holge\repos\B2Connect\src\AI\MCP\B2X.Admin.MCP\Services\AbTestingService.cs(304,9): warning MA0004: Use Task.ConfigureAwait(false) if the current SynchronizationContext is not needed (https://github.com/meziantou/Meziantou.Analyzer/blob/main/docs/Rules/MA0004.md) [C:\Users\Holge\repos\B2Connect\src\AI\MCP\B2X.Admin.MCP\B2X.Admin.MCP.csproj]
C:\Users\Holge\repos\B2Connect\src\AI\MCP\B2X.Admin.MCP\Services\AdvancedNlpService.cs(172,33): warning MA0002: Use an overload that has a IEqualityComparer<string> or IComparer<string> parameter (https://github.com/meziantou/Meziantou.Analyzer/blob/main/docs/Rules/MA0002.md) [C:\Users\Holge\repos\B2Connect\src\AI\MCP\B2X.Admin.MCP\B2X.Admin.MCP.csproj]
C:\Users\Holge\repos\B2Connect\src\AI\MCP\B2X.Admin.MCP\Services\AdvancedNlpService.cs(171,33): warning MA0002: Use an overload that has a IEqualityComparer<string> or IComparer<string> parameter (https://github.com/meziantou/Meziantou.Analyzer/blob/main/docs/Rules/MA0002.md) [C:\Users\Holge\repos\B2Connect\src\AI\MCP\B2X.Admin.MCP\B2X.Admin.MCP.csproj]
C:\Users\Holge\repos\B2Connect\src\AI\MCP\B2X.Admin.MCP\Services\AbTestingService.cs(299,13): warning MA0006: Use string.Equals instead of Equals operator (https://github.com/meziantou/Meziantou.Analyzer/blob/main/docs/Rules/MA0006.md) [C:\Users\Holge\repos\B2Connect\src\AI\MCP\B2X.Admin.MCP\B2X.Admin.MCP.csproj]
C:\Users\Holge\repos\B2Connect\src\AI\MCP\B2X.Admin.MCP\Services\AbTestingService.cs(301,18): warning MA0006: Use string.Equals instead of Equals operator (https://github.com/meziantou/Meziantou.Analyzer/blob/main/docs/Rules/MA0006.md) [C:\Users\Holge\repos\B2Connect\src\AI\MCP\B2X.Admin.MCP\B2X.Admin.MCP.csproj]
C:\Users\Holge\repos\B2Connect\src\AI\MCP\B2X.Admin.MCP\Services\AdvancedNlpService.cs(413,9): warning S3923: This conditional operation returns the same value whether the condition is "true" or "false". (https://rules.sonarsource.com/csharp/RSPEC-3923) [C:\Users\Holge\repos\B2Connect\src\AI\MCP\B2X.Admin.MCP\B2X.Admin.MCP.csproj]
C:\Users\Holge\repos\B2Connect\src\AI\MCP\B2X.Admin.MCP\Services\ConversationService.cs(230,16): warning MA0004: Use Task.ConfigureAwait(false) if the current SynchronizationContext is not needed (https://github.com/meziantou/Meziantou.Analyzer/blob/main/docs/Rules/MA0004.md) [C:\Users\Holge\repos\B2Connect\src\AI\MCP\B2X.Admin.MCP\B2X.Admin.MCP.csproj]
C:\Users\Holge\repos\B2Connect\src\AI\MCP\B2X.Admin.MCP\Services\AdvancedNlpService.cs(328,23): warning MA0002: Use an overload that has a IEqualityComparer<string> or IComparer<string> parameter (https://github.com/meziantou/Meziantou.Analyzer/blob/main/docs/Rules/MA0002.md) [C:\Users\Holge\repos\B2Connect\src\AI\MCP\B2X.Admin.MCP\B2X.Admin.MCP.csproj]
C:\Users\Holge\repos\B2Connect\src\AI\MCP\B2X.Admin.MCP\Services\AdvancedNlpService.cs(413,9): warning MA0140: Both if and else branch have identical code (https://github.com/meziantou/Meziantou.Analyzer/blob/main/docs/Rules/MA0140.md) [C:\Users\Holge\repos\B2Connect\src\AI\MCP\B2X.Admin.MCP\B2X.Admin.MCP.csproj]
C:\Users\Holge\repos\B2Connect\src\AI\MCP\B2X.Admin.MCP\Services\AdvancedNlpService.cs(322,53): warning MA0006: Use string.Equals instead of Equals operator (https://github.com/meziantou/Meziantou.Analyzer/blob/main/docs/Rules/MA0006.md) [C:\Users\Holge\repos\B2Connect\src\AI\MCP\B2X.Admin.MCP\B2X.Admin.MCP.csproj]
C:\Users\Holge\repos\B2Connect\src\AI\MCP\B2X.Admin.MCP\Services\ConversationService.cs(245,32): warning MA0004: Use Task.ConfigureAwait(false) if the current SynchronizationContext is not needed (https://github.com/meziantou/Meziantou.Analyzer/blob/main/docs/Rules/MA0004.md) [C:\Users\Holge\repos\B2Connect\src\AI\MCP\B2X.Admin.MCP\B2X.Admin.MCP.csproj]
C:\Users\Holge\repos\B2Connect\src\AI\MCP\B2X.Admin.MCP\Services\ConversationService.cs(254,13): warning MA0004: Use Task.ConfigureAwait(false) if the current SynchronizationContext is not needed (https://github.com/meziantou/Meziantou.Analyzer/blob/main/docs/Rules/MA0004.md) [C:\Users\Holge\repos\B2Connect\src\AI\MCP\B2X.Admin.MCP\B2X.Admin.MCP.csproj]
C:\Users\Holge\repos\B2Connect\src\AI\MCP\B2X.Admin.MCP\Services\AdvancedNlpService.cs(345,61): warning S6608: Indexing at 0 should be used instead of the "Enumerable" extension method "First" (https://rules.sonarsource.com/csharp/RSPEC-6608) [C:\Users\Holge\repos\B2Connect\src\AI\MCP\B2X.Admin.MCP\B2X.Admin.MCP.csproj]
C:\Users\Holge\repos\B2Connect\src\AI\MCP\B2X.Admin.MCP\Services\AdvancedNlpService.cs(333,27): warning MA0002: Use an overload that has a IEqualityComparer<string> or IComparer<string> parameter (https://github.com/meziantou/Meziantou.Analyzer/blob/main/docs/Rules/MA0002.md) [C:\Users\Holge\repos\B2Connect\src\AI\MCP\B2X.Admin.MCP\B2X.Admin.MCP.csproj]
C:\Users\Holge\repos\B2Connect\src\AI\MCP\B2X.Admin.MCP\Services\AdvancedNlpService.cs(338,14): warning MA0002: Use an overload that has a IEqualityComparer<string> or IComparer<string> parameter (https://github.com/meziantou/Meziantou.Analyzer/blob/main/docs/Rules/MA0002.md) [C:\Users\Holge\repos\B2Connect\src\AI\MCP\B2X.Admin.MCP\B2X.Admin.MCP.csproj]
C:\Users\Holge\repos\B2Connect\src\AI\MCP\B2X.Admin.MCP\Services\AdvancedNlpService.cs(337,25): warning MA0006: Use string.Equals instead of Equals operator (https://github.com/meziantou/Meziantou.Analyzer/blob/main/docs/Rules/MA0006.md) [C:\Users\Holge\repos\B2Connect\src\AI\MCP\B2X.Admin.MCP\B2X.Admin.MCP.csproj]
C:\Program Files\dotnet\sdk\10.0.101\Microsoft.Common.CurrentVersion.targets(2189,5): warning MSB9008: Das referenzierte Projekt ../../../src/backend/Shared/Infrastructure/B2X.Shared.Infrastructure.csproj ist nicht vorhanden. [C:\Users\Holge\repos\B2Connect\src\tests\Store\B2X.Store.Tests.csproj]
C:\Users\Holge\repos\B2Connect\src\backend\Services\Hosting\B2X.Hosting.csproj : warning NU1507: Es sind 3 Paketquellen in Ihrer Konfiguration definiert. Wenn Sie die zentrale Paketverwaltung verwenden, ordnen Sie Ihre Paketquellen mit der Paketquellenzuordnung (https://aka.ms/nuget-package-source-mapping) zu oder geben Sie eine einzelne Paketquelle an. Die folgenden Quellen sind definiert: nuget.org, dotnet-daily, aspire-daily
C:\Users\Holge\repos\B2Connect\src\backend\Admin\CLI\B2X.CLI.Administration\Commands\AuthCommands\CreateUserCommand.cs(3,15): error CS0234: Der Typ- oder Namespacename "Shared" ist im Namespace "B2X.CLI" nicht vorhanden. (M├Âglicherweise fehlt ein Assemblyverweis.) [C:\Users\Holge\repos\B2Connect\src\backend\Admin\CLI\B2X.CLI.Administration\B2X.CLI.Administration.csproj]
C:\Users\Holge\repos\B2Connect\src\backend\Admin\CLI\B2X.CLI.Administration\Commands\AuthCommands\CreateUserCommand.cs(4,15): error CS0234: Der Typ- oder Namespacename "Shared" ist im Namespace "B2X.CLI" nicht vorhanden. (M├Âglicherweise fehlt ein Assemblyverweis.) [C:\Users\Holge\repos\B2Connect\src\backend\Admin\CLI\B2X.CLI.Administration\B2X.CLI.Administration.csproj]
C:\Users\Holge\repos\B2Connect\src\backend\Admin\CLI\B2X.CLI.Administration\Commands\AuthCommands\CreateUserCommand.cs(5,15): error CS0234: Der Typ- oder Namespacename "Shared" ist im Namespace "B2X.CLI" nicht vorhanden. (M├Âglicherweise fehlt ein Assemblyverweis.) [C:\Users\Holge\repos\B2Connect\src\backend\Admin\CLI\B2X.CLI.Administration\B2X.CLI.Administration.csproj]
C:\Users\Holge\repos\B2Connect\src\backend\Admin\CLI\B2X.CLI.Administration\Commands\AuthCommands\LoginCommand.cs(3,15): error CS0234: Der Typ- oder Namespacename "Shared" ist im Namespace "B2X.CLI" nicht vorhanden. (M├Âglicherweise fehlt ein Assemblyverweis.) [C:\Users\Holge\repos\B2Connect\src\backend\Admin\CLI\B2X.CLI.Administration\B2X.CLI.Administration.csproj]
C:\Users\Holge\repos\B2Connect\src\backend\Admin\CLI\B2X.CLI.Administration\Commands\AuthCommands\LoginCommand.cs(4,15): error CS0234: Der Typ- oder Namespacename "Shared" ist im Namespace "B2X.CLI" nicht vorhanden. (M├Âglicherweise fehlt ein Assemblyverweis.) [C:\Users\Holge\repos\B2Connect\src\backend\Admin\CLI\B2X.CLI.Administration\B2X.CLI.Administration.csproj]
C:\Users\Holge\repos\B2Connect\src\backend\Admin\CLI\B2X.CLI.Administration\Commands\AuthCommands\LoginCommand.cs(5,15): error CS0234: Der Typ- oder Namespacename "Shared" ist im Namespace "B2X.CLI" nicht vorhanden. (M├Âglicherweise fehlt ein Assemblyverweis.) [C:\Users\Holge\repos\B2Connect\src\backend\Admin\CLI\B2X.CLI.Administration\B2X.CLI.Administration.csproj]
C:\Users\Holge\repos\B2Connect\src\backend\Admin\CLI\B2X.CLI.Administration\Commands\CatalogCommands\ExportCatalogCommand.cs(2,15): error CS0234: Der Typ- oder Namespacename "Shared" ist im Namespace "B2X.CLI" nicht vorhanden. (M├Âglicherweise fehlt ein Assemblyverweis.) [C:\Users\Holge\repos\B2Connect\src\backend\Admin\CLI\B2X.CLI.Administration\B2X.CLI.Administration.csproj]
C:\Users\Holge\repos\B2Connect\src\backend\Admin\CLI\B2X.CLI.Administration\Commands\CatalogCommands\ExportCatalogCommand.cs(3,15): error CS0234: Der Typ- oder Namespacename "Shared" ist im Namespace "B2X.CLI" nicht vorhanden. (M├Âglicherweise fehlt ein Assemblyverweis.) [C:\Users\Holge\repos\B2Connect\src\backend\Admin\CLI\B2X.CLI.Administration\B2X.CLI.Administration.csproj]
C:\Users\Holge\repos\B2Connect\src\backend\Admin\CLI\B2X.CLI.Administration\Commands\CatalogCommands\ExportCatalogCommand.cs(4,15): error CS0234: Der Typ- oder Namespacename "Shared" ist im Namespace "B2X.CLI" nicht vorhanden. (M├Âglicherweise fehlt ein Assemblyverweis.) [C:\Users\Holge\repos\B2Connect\src\backend\Admin\CLI\B2X.CLI.Administration\B2X.CLI.Administration.csproj]
C:\Users\Holge\repos\B2Connect\src\backend\Admin\CLI\B2X.CLI.Administration\Commands\CatalogCommands\ImportCatalogCommand.cs(2,15): error CS0234: Der Typ- oder Namespacename "Shared" ist im Namespace "B2X.CLI" nicht vorhanden. (M├Âglicherweise fehlt ein Assemblyverweis.) [C:\Users\Holge\repos\B2Connect\src\backend\Admin\CLI\B2X.CLI.Administration\B2X.CLI.Administration.csproj]
C:\Users\Holge\repos\B2Connect\src\backend\Admin\CLI\B2X.CLI.Administration\Commands\CatalogCommands\ImportCatalogCommand.cs(3,15): error CS0234: Der Typ- oder Namespacename "Shared" ist im Namespace "B2X.CLI" nicht vorhanden. (M├Âglicherweise fehlt ein Assemblyverweis.) [C:\Users\Holge\repos\B2Connect\src\backend\Admin\CLI\B2X.CLI.Administration\B2X.CLI.Administration.csproj]
C:\Users\Holge\repos\B2Connect\src\backend\Admin\CLI\B2X.CLI.Administration\Commands\CatalogCommands\ImportCatalogCommand.cs(4,15): error CS0234: Der Typ- oder Namespacename "Shared" ist im Namespace "B2X.CLI" nicht vorhanden. (M├Âglicherweise fehlt ein Assemblyverweis.) [C:\Users\Holge\repos\B2Connect\src\backend\Admin\CLI\B2X.CLI.Administration\B2X.CLI.Administration.csproj]
C:\Users\Holge\repos\B2Connect\src\backend\Admin\CLI\B2X.CLI.Administration\Commands\ConfigCommands\ConfigGetCommand.cs(2,15): error CS0234: Der Typ- oder Namespacename "Shared" ist im Namespace "B2X.CLI" nicht vorhanden. (M├Âglicherweise fehlt ein Assemblyverweis.) [C:\Users\Holge\repos\B2Connect\src\backend\Admin\CLI\B2X.CLI.Administration\B2X.CLI.Administration.csproj]
C:\Users\Holge\repos\B2Connect\src\backend\Admin\CLI\B2X.CLI.Administration\Commands\ConfigCommands\ConfigGetCommand.cs(3,15): error CS0234: Der Typ- oder Namespacename "Shared" ist im Namespace "B2X.CLI" nicht vorhanden. (M├Âglicherweise fehlt ein Assemblyverweis.) [C:\Users\Holge\repos\B2Connect\src\backend\Admin\CLI\B2X.CLI.Administration\B2X.CLI.Administration.csproj]
C:\Users\Holge\repos\B2Connect\src\backend\Admin\CLI\B2X.CLI.Administration\Commands\ConfigCommands\ConfigListCommand.cs(2,15): error CS0234: Der Typ- oder Namespacename "Shared" ist im Namespace "B2X.CLI" nicht vorhanden. (M├Âglicherweise fehlt ein Assemblyverweis.) [C:\Users\Holge\repos\B2Connect\src\backend\Admin\CLI\B2X.CLI.Administration\B2X.CLI.Administration.csproj]
C:\Users\Holge\repos\B2Connect\src\backend\Admin\CLI\B2X.CLI.Administration\Commands\ConfigCommands\ConfigListCommand.cs(3,15): error CS0234: Der Typ- oder Namespacename "Shared" ist im Namespace "B2X.CLI" nicht vorhanden. (M├Âglicherweise fehlt ein Assemblyverweis.) [C:\Users\Holge\repos\B2Connect\src\backend\Admin\CLI\B2X.CLI.Administration\B2X.CLI.Administration.csproj]
C:\Users\Holge\repos\B2Connect\src\backend\Admin\CLI\B2X.CLI.Administration\Commands\ConfigCommands\ConfigSetCommand.cs(2,15): error CS0234: Der Typ- oder Namespacename "Shared" ist im Namespace "B2X.CLI" nicht vorhanden. (M├Âglicherweise fehlt ein Assemblyverweis.) [C:\Users\Holge\repos\B2Connect\src\backend\Admin\CLI\B2X.CLI.Administration\B2X.CLI.Administration.csproj]
C:\Users\Holge\repos\B2Connect\src\backend\Admin\CLI\B2X.CLI.Administration\Commands\ConfigCommands\ConfigSetCommand.cs(3,15): error CS0234: Der Typ- oder Namespacename "Shared" ist im Namespace "B2X.CLI" nicht vorhanden. (M├Âglicherweise fehlt ein Assemblyverweis.) [C:\Users\Holge\repos\B2Connect\src\backend\Admin\CLI\B2X.CLI.Administration\B2X.CLI.Administration.csproj]
C:\Users\Holge\repos\B2Connect\src\backend\Admin\CLI\B2X.CLI.Administration\Commands\DiscoveryCommands\DiscoverServicesCommand.cs(2,15): error CS0234: Der Typ- oder Namespacename "Shared" ist im Namespace "B2X.CLI" nicht vorhanden. (M├Âglicherweise fehlt ein Assemblyverweis.) [C:\Users\Holge\repos\B2Connect\src\backend\Admin\CLI\B2X.CLI.Administration\B2X.CLI.Administration.csproj]
C:\Users\Holge\repos\B2Connect\src\backend\Admin\CLI\B2X.CLI.Administration\Commands\DiscoveryCommands\DiscoverServicesCommand.cs(3,15): error CS0234: Der Typ- oder Namespacename "Shared" ist im Namespace "B2X.CLI" nicht vorhanden. (M├Âglicherweise fehlt ein Assemblyverweis.) [C:\Users\Holge\repos\B2Connect\src\backend\Admin\CLI\B2X.CLI.Administration\B2X.CLI.Administration.csproj]
C:\Users\Holge\repos\B2Connect\src\backend\Admin\CLI\B2X.CLI.Administration\Commands\DiscoveryCommands\DiscoverServicesCommand.cs(4,15): error CS0234: Der Typ- oder Namespacename "Shared" ist im Namespace "B2X.CLI" nicht vorhanden. (M├Âglicherweise fehlt ein Assemblyverweis.) [C:\Users\Holge\repos\B2Connect\src\backend\Admin\CLI\B2X.CLI.Administration\B2X.CLI.Administration.csproj]
C:\Users\Holge\repos\B2Connect\src\backend\Admin\CLI\B2X.CLI.Administration\Commands\HealthCommands\HealthCheckCommand.cs(2,15): error CS0234: Der Typ- oder Namespacename "Shared" ist im Namespace "B2X.CLI" nicht vorhanden. (M├Âglicherweise fehlt ein Assemblyverweis.) [C:\Users\Holge\repos\B2Connect\src\backend\Admin\CLI\B2X.CLI.Administration\B2X.CLI.Administration.csproj]
C:\Users\Holge\repos\B2Connect\src\backend\Admin\CLI\B2X.CLI.Administration\Commands\HealthCommands\HealthCheckCommand.cs(3,15): error CS0234: Der Typ- oder Namespacename "Shared" ist im Namespace "B2X.CLI" nicht vorhanden. (M├Âglicherweise fehlt ein Assemblyverweis.) [C:\Users\Holge\repos\B2Connect\src\backend\Admin\CLI\B2X.CLI.Administration\B2X.CLI.Administration.csproj]
C:\Users\Holge\repos\B2Connect\src\backend\Admin\CLI\B2X.CLI.Administration\Commands\MetricsCommands\BenchmarkCommand.cs(2,15): error CS0234: Der Typ- oder Namespacename "Shared" ist im Namespace "B2X.CLI" nicht vorhanden. (M├Âglicherweise fehlt ein Assemblyverweis.) [C:\Users\Holge\repos\B2Connect\src\backend\Admin\CLI\B2X.CLI.Administration\B2X.CLI.Administration.csproj]
C:\Users\Holge\repos\B2Connect\src\backend\Admin\CLI\B2X.CLI.Administration\Commands\MetricsCommands\BenchmarkCommand.cs(3,15): error CS0234: Der Typ- oder Namespacename "Shared" ist im Namespace "B2X.CLI" nicht vorhanden. (M├Âglicherweise fehlt ein Assemblyverweis.) [C:\Users\Holge\repos\B2Connect\src\backend\Admin\CLI\B2X.CLI.Administration\B2X.CLI.Administration.csproj]
C:\Users\Holge\repos\B2Connect\src\backend\Admin\CLI\B2X.CLI.Administration\Commands\MetricsCommands\BenchmarkCommand.cs(4,11): error CS0234: Der Typ- oder Namespacename "Shared" ist im Namespace "B2X" nicht vorhanden. (M├Âglicherweise fehlt ein Assemblyverweis.) [C:\Users\Holge\repos\B2Connect\src\backend\Admin\CLI\B2X.CLI.Administration\B2X.CLI.Administration.csproj]
C:\Users\Holge\repos\B2Connect\src\backend\Admin\CLI\B2X.CLI.Administration\Commands\MetricsCommands\BenchmarkCommand.cs(5,11): error CS0234: Der Typ- oder Namespacename "Shared" ist im Namespace "B2X" nicht vorhanden. (M├Âglicherweise fehlt ein Assemblyverweis.) [C:\Users\Holge\repos\B2Connect\src\backend\Admin\CLI\B2X.CLI.Administration\B2X.CLI.Administration.csproj]
C:\Users\Holge\repos\B2Connect\src\backend\Admin\CLI\B2X.CLI.Administration\Commands\MetricsCommands\BenchmarkCommand.cs(6,11): error CS0234: Der Typ- oder Namespacename "Shared" ist im Namespace "B2X" nicht vorhanden. (M├Âglicherweise fehlt ein Assemblyverweis.) [C:\Users\Holge\repos\B2Connect\src\backend\Admin\CLI\B2X.CLI.Administration\B2X.CLI.Administration.csproj]
C:\Users\Holge\repos\B2Connect\src\backend\Admin\CLI\B2X.CLI.Administration\Commands\MetricsCommands\MetricsAlertsCommand.cs(2,15): error CS0234: Der Typ- oder Namespacename "Shared" ist im Namespace "B2X.CLI" nicht vorhanden. (M├Âglicherweise fehlt ein Assemblyverweis.) [C:\Users\Holge\repos\B2Connect\src\backend\Admin\CLI\B2X.CLI.Administration\B2X.CLI.Administration.csproj]
C:\Users\Holge\repos\B2Connect\src\backend\Admin\CLI\B2X.CLI.Administration\Commands\MetricsCommands\MetricsAlertsCommand.cs(3,15): error CS0234: Der Typ- oder Namespacename "Shared" ist im Namespace "B2X.CLI" nicht vorhanden. (M├Âglicherweise fehlt ein Assemblyverweis.) [C:\Users\Holge\repos\B2Connect\src\backend\Admin\CLI\B2X.CLI.Administration\B2X.CLI.Administration.csproj]
C:\Users\Holge\repos\B2Connect\src\backend\Admin\CLI\B2X.CLI.Administration\Commands\MetricsCommands\MetricsConfigCommand.cs(2,15): error CS0234: Der Typ- oder Namespacename "Shared" ist im Namespace "B2X.CLI" nicht vorhanden. (M├Âglicherweise fehlt ein Assemblyverweis.) [C:\Users\Holge\repos\B2Connect\src\backend\Admin\CLI\B2X.CLI.Administration\B2X.CLI.Administration.csproj]
C:\Users\Holge\repos\B2Connect\src\backend\Admin\CLI\B2X.CLI.Administration\Commands\MetricsCommands\MetricsConfigCommand.cs(3,15): error CS0234: Der Typ- oder Namespacename "Shared" ist im Namespace "B2X.CLI" nicht vorhanden. (M├Âglicherweise fehlt ein Assemblyverweis.) [C:\Users\Holge\repos\B2Connect\src\backend\Admin\CLI\B2X.CLI.Administration\B2X.CLI.Administration.csproj]
C:\Users\Holge\repos\B2Connect\src\backend\Admin\CLI\B2X.CLI.Administration\Commands\MetricsCommands\MetricsViewCommand.cs(2,15): error CS0234: Der Typ- oder Namespacename "Shared" ist im Namespace "B2X.CLI" nicht vorhanden. (M├Âglicherweise fehlt ein Assemblyverweis.) [C:\Users\Holge\repos\B2Connect\src\backend\Admin\CLI\B2X.CLI.Administration\B2X.CLI.Administration.csproj]
C:\Users\Holge\repos\B2Connect\src\backend\Admin\CLI\B2X.CLI.Administration\Commands\MetricsCommands\MetricsViewCommand.cs(3,15): error CS0234: Der Typ- oder Namespacename "Shared" ist im Namespace "B2X.CLI" nicht vorhanden. (M├Âglicherweise fehlt ein Assemblyverweis.) [C:\Users\Holge\repos\B2Connect\src\backend\Admin\CLI\B2X.CLI.Administration\B2X.CLI.Administration.csproj]
C:\Users\Holge\repos\B2Connect\src\backend\Admin\CLI\B2X.CLI.Administration\Commands\MetricsCommands\MetricsViewCommand.cs(4,11): error CS0234: Der Typ- oder Namespacename "Shared" ist im Namespace "B2X" nicht vorhanden. (M├Âglicherweise fehlt ein Assemblyverweis.) [C:\Users\Holge\repos\B2Connect\src\backend\Admin\CLI\B2X.CLI.Administration\B2X.CLI.Administration.csproj]
C:\Users\Holge\repos\B2Connect\src\backend\Admin\CLI\B2X.CLI.Administration\Commands\MetricsCommands\MetricsViewCommand.cs(5,11): error CS0234: Der Typ- oder Namespacename "Shared" ist im Namespace "B2X" nicht vorhanden. (M├Âglicherweise fehlt ein Assemblyverweis.) [C:\Users\Holge\repos\B2Connect\src\backend\Admin\CLI\B2X.CLI.Administration\B2X.CLI.Administration.csproj]
C:\Users\Holge\repos\B2Connect\src\backend\Admin\CLI\B2X.CLI.Administration\Commands\MetricsCommands\MetricsViewCommand.cs(6,11): error CS0234: Der Typ- oder Namespacename "Shared" ist im Namespace "B2X" nicht vorhanden. (M├Âglicherweise fehlt ein Assemblyverweis.) [C:\Users\Holge\repos\B2Connect\src\backend\Admin\CLI\B2X.CLI.Administration\B2X.CLI.Administration.csproj]
C:\Users\Holge\repos\B2Connect\src\backend\Admin\CLI\B2X.CLI.Administration\Commands\TenantCommands\CreateTenantCommand.cs(2,15): error CS0234: Der Typ- oder Namespacename "Shared" ist im Namespace "B2X.CLI" nicht vorhanden. (M├Âglicherweise fehlt ein Assemblyverweis.) [C:\Users\Holge\repos\B2Connect\src\backend\Admin\CLI\B2X.CLI.Administration\B2X.CLI.Administration.csproj]
C:\Users\Holge\repos\B2Connect\src\backend\Admin\CLI\B2X.CLI.Administration\Commands\TenantCommands\CreateTenantCommand.cs(3,15): error CS0234: Der Typ- oder Namespacename "Shared" ist im Namespace "B2X.CLI" nicht vorhanden. (M├Âglicherweise fehlt ein Assemblyverweis.) [C:\Users\Holge\repos\B2Connect\src\backend\Admin\CLI\B2X.CLI.Administration\B2X.CLI.Administration.csproj]
C:\Users\Holge\repos\B2Connect\src\backend\Admin\CLI\B2X.CLI.Administration\Commands\TenantCommands\CreateTenantCommand.cs(4,15): error CS0234: Der Typ- oder Namespacename "Shared" ist im Namespace "B2X.CLI" nicht vorhanden. (M├Âglicherweise fehlt ein Assemblyverweis.) [C:\Users\Holge\repos\B2Connect\src\backend\Admin\CLI\B2X.CLI.Administration\B2X.CLI.Administration.csproj]
C:\Users\Holge\repos\B2Connect\src\backend\Admin\CLI\B2X.CLI.Administration\Program.cs(11,15): error CS0234: Der Typ- oder Namespacename "Shared" ist im Namespace "B2X.CLI" nicht vorhanden. (M├Âglicherweise fehlt ein Assemblyverweis.) [C:\Users\Holge\repos\B2Connect\src\backend\Admin\CLI\B2X.CLI.Administration\B2X.CLI.Administration.csproj]
C:\Users\Holge\repos\B2Connect\src\backend\Admin\CLI\B2X.CLI.Administration\Program.cs(12,15): error CS0234: Der Typ- oder Namespacename "Shared" ist im Namespace "B2X.CLI" nicht vorhanden. (M├Âglicherweise fehlt ein Assemblyverweis.) [C:\Users\Holge\repos\B2Connect\src\backend\Admin\CLI\B2X.CLI.Administration\B2X.CLI.Administration.csproj]
C:\Users\Holge\repos\B2Connect\src\backend\Admin\CLI\B2X.CLI.Administration\Program.cs(13,11): error CS0234: Der Typ- oder Namespacename "Api" ist im Namespace "B2X" nicht vorhanden. (M├Âglicherweise fehlt ein Assemblyverweis.) [C:\Users\Holge\repos\B2Connect\src\backend\Admin\CLI\B2X.CLI.Administration\B2X.CLI.Administration.csproj]
C:\Users\Holge\repos\B2Connect\src\backend\Admin\CLI\B2X.CLI.Administration\Program.cs(14,11): error CS0234: Der Typ- oder Namespacename "Api" ist im Namespace "B2X" nicht vorhanden. (M├Âglicherweise fehlt ein Assemblyverweis.) [C:\Users\Holge\repos\B2Connect\src\backend\Admin\CLI\B2X.CLI.Administration\B2X.CLI.Administration.csproj]
C:\Users\Holge\repos\B2Connect\src\backend\Admin\CLI\B2X.CLI.Administration\Commands\MetricsCommands\MetricsConfigCommand.cs(206,52): error CS0246: Der Typ- oder Namespacename "ConsoleOutputService" wurde nicht gefunden (m├Âglicherweise fehlt eine using-Direktive oder ein Assemblyverweis). [C:\Users\Holge\repos\B2Connect\src\backend\Admin\CLI\B2X.CLI.Administration\B2X.CLI.Administration.csproj]
C:\Users\Holge\repos\B2Connect\src\backend\Admin\CLI\B2X.CLI.Administration\Commands\MetricsCommands\MetricsViewCommand.cs(74,54): error CS0246: Der Typ- oder Namespacename "ConsoleOutputService" wurde nicht gefunden (m├Âglicherweise fehlt eine using-Direktive oder ein Assemblyverweis). [C:\Users\Holge\repos\B2Connect\src\backend\Admin\CLI\B2X.CLI.Administration\B2X.CLI.Administration.csproj]
C:\Users\Holge\repos\B2Connect\src\backend\Admin\CLI\B2X.CLI.Administration\Commands\MetricsCommands\BenchmarkCommand.cs(137,88): error CS0246: Der Typ- oder Namespacename "ServiceEndpoint" wurde nicht gefunden (m├Âglicherweise fehlt eine using-Direktive oder ein Assemblyverweis). [C:\Users\Holge\repos\B2Connect\src\backend\Admin\CLI\B2X.CLI.Administration\B2X.CLI.Administration.csproj]
C:\Users\Holge\repos\B2Connect\src\backend\Admin\CLI\B2X.CLI.Administration\Commands\HealthCommands\HealthCheckCommand.cs(101,69): error CS0246: Der Typ- oder Namespacename "ConfigurationService" wurde nicht gefunden (m├Âglicherweise fehlt eine using-Direktive oder ein Assemblyverweis). [C:\Users\Holge\repos\B2Connect\src\backend\Admin\CLI\B2X.CLI.Administration\B2X.CLI.Administration.csproj]
C:\Users\Holge\repos\B2Connect\src\backend\Admin\CLI\B2X.CLI.Administration\Commands\DiscoveryCommands\DiscoverServicesCommand.cs(97,76): error CS0246: Der Typ- oder Namespacename "ConfigurationService" wurde nicht gefunden (m├Âglicherweise fehlt eine using-Direktive oder ein Assemblyverweis). [C:\Users\Holge\repos\B2Connect\src\backend\Admin\CLI\B2X.CLI.Administration\B2X.CLI.Administration.csproj]
C:\Users\Holge\repos\B2Connect\src\backend\Admin\CLI\B2X.CLI.Administration\Commands\DiscoveryCommands\DiscoverServicesCommand.cs(97,122): error CS0246: Der Typ- oder Namespacename "ConsoleOutputService" wurde nicht gefunden (m├Âglicherweise fehlt eine using-Direktive oder ein Assemblyverweis). [C:\Users\Holge\repos\B2Connect\src\backend\Admin\CLI\B2X.CLI.Administration\B2X.CLI.Administration.csproj]
C:\Users\Holge\repos\B2Connect\src\backend\Admin\CLI\B2X.CLI.Administration\Commands\ConfigCommands\ConfigListCommand.cs(70,9): error CS0246: Der Typ- oder Namespacename "ConfigurationService" wurde nicht gefunden (m├Âglicherweise fehlt eine using-Direktive oder ein Assemblyverweis). [C:\Users\Holge\repos\B2Connect\src\backend\Admin\CLI\B2X.CLI.Administration\B2X.CLI.Administration.csproj]
C:\Users\Holge\repos\B2Connect\src\backend\Admin\CLI\B2X.CLI.Administration\Commands\MetricsCommands\MetricsViewCommand.cs(127,49): error CS0246: Der Typ- oder Namespacename "ConsoleOutputService" wurde nicht gefunden (m├Âglicherweise fehlt eine using-Direktive oder ein Assemblyverweis). [C:\Users\Holge\repos\B2Connect\src\backend\Admin\CLI\B2X.CLI.Administration\B2X.CLI.Administration.csproj]
C:\Users\Holge\repos\B2Connect\src\backend\Admin\CLI\B2X.CLI.Administration\Commands\HealthCommands\HealthCheckCommand.cs(163,70): error CS0246: Der Typ- oder Namespacename "ConfigurationService" wurde nicht gefunden (m├Âglicherweise fehlt eine using-Direktive oder ein Assemblyverweis). [C:\Users\Holge\repos\B2Connect\src\backend\Admin\CLI\B2X.CLI.Administration\B2X.CLI.Administration.csproj]
C:\Users\Holge\repos\B2Connect\src\backend\Admin\CLI\B2X.CLI.Administration\Commands\MetricsCommands\BenchmarkCommand.cs(234,48): error CS0246: Der Typ- oder Namespacename "ConsoleOutputService" wurde nicht gefunden (m├Âglicherweise fehlt eine using-Direktive oder ein Assemblyverweis). [C:\Users\Holge\repos\B2Connect\src\backend\Admin\CLI\B2X.CLI.Administration\B2X.CLI.Administration.csproj]
C:\Users\Holge\repos\B2Connect\src\backend\Admin\CLI\B2X.CLI.Administration\Commands\HealthCommands\HealthCheckCommand.cs(179,75): error CS0246: Der Typ- oder Namespacename "ConfigurationService" wurde nicht gefunden (m├Âglicherweise fehlt eine using-Direktive oder ein Assemblyverweis). [C:\Users\Holge\repos\B2Connect\src\backend\Admin\CLI\B2X.CLI.Administration\B2X.CLI.Administration.csproj]
C:\Users\Holge\repos\B2Connect\src\backend\Admin\CLI\B2X.CLI.Administration\Commands\MetricsCommands\BenchmarkCommand.cs(262,49): error CS0246: Der Typ- oder Namespacename "ConsoleOutputService" wurde nicht gefunden (m├Âglicherweise fehlt eine using-Direktive oder ein Assemblyverweis). [C:\Users\Holge\repos\B2Connect\src\backend\Admin\CLI\B2X.CLI.Administration\B2X.CLI.Administration.csproj]
C:\Users\Holge\repos\B2Connect\src\backend\Admin\CLI\B2X.CLI.Administration\Commands\MetricsCommands\MetricsViewCommand.cs(157,9): error CS0246: Der Typ- oder Namespacename "MonitoringServiceClient" wurde nicht gefunden (m├Âglicherweise fehlt eine using-Direktive oder ein Assemblyverweis). [C:\Users\Holge\repos\B2Connect\src\backend\Admin\CLI\B2X.CLI.Administration\B2X.CLI.Administration.csproj]
C:\Users\Holge\repos\B2Connect\src\backend\Admin\CLI\B2X.CLI.Administration\Commands\MetricsCommands\MetricsViewCommand.cs(156,43): error CS0246: Der Typ- oder Namespacename "ConnectedService" wurde nicht gefunden (m├Âglicherweise fehlt eine using-Direktive oder ein Assemblyverweis). [C:\Users\Holge\repos\B2Connect\src\backend\Admin\CLI\B2X.CLI.Administration\B2X.CLI.Administration.csproj]
C:\Users\Holge\repos\B2Connect\src\backend\Admin\CLI\B2X.CLI.Administration\Commands\MetricsCommands\MetricsViewCommand.cs(194,9): error CS0246: Der Typ- oder Namespacename "MonitoringServiceClient" wurde nicht gefunden (m├Âglicherweise fehlt eine using-Direktive oder ein Assemblyverweis). [C:\Users\Holge\repos\B2Connect\src\backend\Admin\CLI\B2X.CLI.Administration\B2X.CLI.Administration.csproj]
C:\Users\Holge\repos\B2Connect\src\backend\Admin\CLI\B2X.CLI.Administration\Commands\MetricsCommands\MetricsViewCommand.cs(194,51): error CS0246: Der Typ- oder Namespacename "ConnectedService" wurde nicht gefunden (m├Âglicherweise fehlt eine using-Direktive oder ein Assemblyverweis). [C:\Users\Holge\repos\B2Connect\src\backend\Admin\CLI\B2X.CLI.Administration\B2X.CLI.Administration.csproj]
C:\Users\Holge\repos\B2Connect\src\backend\Admin\CLI\B2X.CLI.Administration\Commands\MetricsCommands\MetricsViewCommand.cs(223,45): error CS0246: Der Typ- oder Namespacename "ConsoleOutputService" wurde nicht gefunden (m├Âglicherweise fehlt eine using-Direktive oder ein Assemblyverweis). [C:\Users\Holge\repos\B2Connect\src\backend\Admin\CLI\B2X.CLI.Administration\B2X.CLI.Administration.csproj]
C:\Users\Holge\repos\B2Connect\src\backend\Admin\CLI\B2X.CLI.Administration\Commands\MetricsCommands\MetricsViewCommand.cs(255,44): error CS0246: Der Typ- oder Namespacename "ConsoleOutputService" wurde nicht gefunden (m├Âglicherweise fehlt eine using-Direktive oder ein Assemblyverweis). [C:\Users\Holge\repos\B2Connect\src\backend\Admin\CLI\B2X.CLI.Administration\B2X.CLI.Administration.csproj]
C:\Users\Holge\repos\B2Connect\src\backend\Admin\CLI\B2X.CLI.Administration\Commands\MetricsCommands\MetricsViewCommand.cs(274,43): error CS0246: Der Typ- oder Namespacename "ConsoleOutputService" wurde nicht gefunden (m├Âglicherweise fehlt eine using-Direktive oder ein Assemblyverweis). [C:\Users\Holge\repos\B2Connect\src\backend\Admin\CLI\B2X.CLI.Administration\B2X.CLI.Administration.csproj]
C:\Users\Holge\repos\B2Connect\src\backend\Admin\CLI\B2X.CLI.Administration\Commands\MetricsCommands\MetricsViewCommand.cs(291,21): error CS0246: Der Typ- oder Namespacename "ConnectedService" wurde nicht gefunden (m├Âglicherweise fehlt eine using-Direktive oder ein Assemblyverweis). [C:\Users\Holge\repos\B2Connect\src\backend\Admin\CLI\B2X.CLI.Administration\B2X.CLI.Administration.csproj]
C:\Users\Holge\repos\B2Connect\src\backend\Admin\CLI\B2X.CLI.Administration\Commands\MetricsCommands\MetricsViewCommand.cs(292,12): error CS0246: Der Typ- oder Namespacename "ServiceTestResult" wurde nicht gefunden (m├Âglicherweise fehlt eine using-Direktive oder ein Assemblyverweis). [C:\Users\Holge\repos\B2Connect\src\backend\Admin\CLI\B2X.CLI.Administration\B2X.CLI.Administration.csproj]
C:\Users\Holge\repos\B2Connect\src\backend\Admin\Domain\Legal\src\Core\GlobalComplianceService.cs(5,11): error CS0234: Der Typ- oder Namespacename "Shared" ist im Namespace "B2X" nicht vorhanden. (M├Âglicherweise fehlt ein Assemblyverweis.) [C:\Users\Holge\repos\B2Connect\src\backend\Admin\Domain\Legal\B2X.Legal.API.csproj]
C:\Users\Holge\repos\B2Connect\src\tests\Services\PunchoutAdapters\IdsConnect\tests\Middleware\IdsConnectMiddlewareTests.cs(5,29): error CS0234: Der Typ- oder Namespacename "Middleware" ist im Namespace "B2X.IdsConnectAdapter" nicht vorhanden. (M├Âglicherweise fehlt ein Assemblyverweis.) [C:\Users\Holge\repos\B2Connect\src\tests\Services\PunchoutAdapters\IdsConnect\tests\B2X.IdsConnectAdapter.Tests.csproj]
C:\Users\Holge\repos\B2Connect\src\tests\Shared\B2X.Gateway.Integration.Tests\GatewayIntegrationTests.cs(1,14): error CS0430: Der externe Alias "Store" wurde nicht in einer /reference-Option angegeben. [C:\Users\Holge\repos\B2Connect\src\tests\Shared\B2X.Gateway.Integration.Tests\B2X.Gateway.Integration.Tests.csproj]
C:\Users\Holge\repos\B2Connect\src\tests\Shared\B2X.Shared.Infrastructure\tests\Encryption\EncryptionServiceTests.cs(1,11): error CS0234: Der Typ- oder Namespacename "Infrastructure" ist im Namespace "B2X" nicht vorhanden. (M├Âglicherweise fehlt ein Assemblyverweis.) [C:\Users\Holge\repos\B2Connect\src\tests\Shared\B2X.Shared.Infrastructure\tests\B2X.Shared.Infrastructure.Tests.csproj]
C:\Users\Holge\repos\B2Connect\src\tests\Shared\B2X.Shared.Infrastructure\tests\Encryption\EncryptionServiceTests.cs(2,17): error CS0234: Der Typ- oder Namespacename "Extensions" ist im Namespace "Microsoft" nicht vorhanden. (M├Âglicherweise fehlt ein Assemblyverweis.) [C:\Users\Holge\repos\B2Connect\src\tests\Shared\B2X.Shared.Infrastructure\tests\B2X.Shared.Infrastructure.Tests.csproj]
C:\Users\Holge\repos\B2Connect\src\tests\Shared\B2X.Shared.Infrastructure\tests\Encryption\EncryptionServiceTests.cs(3,17): error CS0234: Der Typ- oder Namespacename "Extensions" ist im Namespace "Microsoft" nicht vorhanden. (M├Âglicherweise fehlt ein Assemblyverweis.) [C:\Users\Holge\repos\B2Connect\src\tests\Shared\B2X.Shared.Infrastructure\tests\B2X.Shared.Infrastructure.Tests.csproj]
C:\Users\Holge\repos\B2Connect\src\tests\Shared\B2X.Shared.Infrastructure\tests\Encryption\EncryptionServiceTests.cs(4,17): error CS0234: Der Typ- oder Namespacename "Extensions" ist im Namespace "Microsoft" nicht vorhanden. (M├Âglicherweise fehlt ein Assemblyverweis.) [C:\Users\Holge\repos\B2Connect\src\tests\Shared\B2X.Shared.Infrastructure\tests\B2X.Shared.Infrastructure.Tests.csproj]
C:\Users\Holge\repos\B2Connect\src\tests\Shared\B2X.Shared.Infrastructure\tests\Validation\ArchitectureValidatorTests.cs(2,17): error CS0234: Der Typ- oder Namespacename "Extensions" ist im Namespace "Microsoft" nicht vorhanden. (M├Âglicherweise fehlt ein Assemblyverweis.) [C:\Users\Holge\repos\B2Connect\src\tests\Shared\B2X.Shared.Infrastructure\tests\B2X.Shared.Infrastructure.Tests.csproj]
C:\Users\Holge\repos\B2Connect\src\tests\Shared\B2X.Shared.Infrastructure\tests\Encryption\EncryptionServiceTests.cs(13,22): error CS0246: Der Typ- oder Namespacename "IEncryptionService" wurde nicht gefunden (m├Âglicherweise fehlt eine using-Direktive oder ein Assemblyverweis). [C:\Users\Holge\repos\B2Connect\src\tests\Shared\B2X.Shared.Infrastructure\tests\B2X.Shared.Infrastructure.Tests.csproj]
C:\Users\Holge\repos\B2Connect\src\tests\Shared\B2X.Shared.Infrastructure\tests\Encryption\EncryptionServiceTests.cs(14,22): error CS0246: Der Typ- oder Namespacename "IConfiguration" wurde nicht gefunden (m├Âglicherweise fehlt eine using-Direktive oder ein Assemblyverweis). [C:\Users\Holge\repos\B2Connect\src\tests\Shared\B2X.Shared.Infrastructure\tests\B2X.Shared.Infrastructure.Tests.csproj]
C:\Users\Holge\repos\B2Connect\src\tests\Shared\B2X.Shared.Infrastructure\tests\Validation\ArchitectureValidatorTests.cs(11,27): error CS0246: Der Typ- oder Namespacename "ILogger<>" wurde nicht gefunden (m├Âglicherweise fehlt eine using-Direktive oder ein Assemblyverweis). [C:\Users\Holge\repos\B2Connect\src\tests\Shared\B2X.Shared.Infrastructure\tests\B2X.Shared.Infrastructure.Tests.csproj]
C:\Users\Holge\repos\B2Connect\src\tests\Shared\B2X.Shared.Infrastructure\tests\Validation\ArchitectureValidatorTests.cs(11,35): error CS0246: Der Typ- oder Namespacename "ArchitectureValidator" wurde nicht gefunden (m├Âglicherweise fehlt eine using-Direktive oder ein Assemblyverweis). [C:\Users\Holge\repos\B2Connect\src\tests\Shared\B2X.Shared.Infrastructure\tests\B2X.Shared.Infrastructure.Tests.csproj]
C:\Users\Holge\repos\B2Connect\src\tests\Shared\B2X.Shared.Infrastructure\tests\Validation\ArchitectureValidatorTests.cs(12,22): error CS0246: Der Typ- oder Namespacename "ArchitectureValidator" wurde nicht gefunden (m├Âglicherweise fehlt eine using-Direktive oder ein Assemblyverweis). [C:\Users\Holge\repos\B2Connect\src\tests\Shared\B2X.Shared.Infrastructure\tests\B2X.Shared.Infrastructure.Tests.csproj]
C:\Users\Holge\repos\B2Connect\src\tests\Shared\Domain\AI\tests\Explainability\ExplainabilityEngineTests.cs(1,14): error CS0234: Der Typ- oder Namespacename "Explainability" ist im Namespace "B2X.AI" nicht vorhanden. (M├Âglicherweise fehlt ein Assemblyverweis.) [C:\Users\Holge\repos\B2Connect\src\tests\Shared\Domain\AI\tests\B2X.AI.Tests.csproj]
C:\Users\Holge\repos\B2Connect\src\tests\Shared\Domain\AI\tests\Explainability\ExplainabilityEngineTests.cs(10,27): error CS0246: Der Typ- oder Namespacename "IModelInterpreter" wurde nicht gefunden (m├Âglicherweise fehlt eine using-Direktive oder ein Assemblyverweis). [C:\Users\Holge\repos\B2Connect\src\tests\Shared\Domain\AI\tests\B2X.AI.Tests.csproj]
C:\Users\Holge\repos\B2Connect\src\tests\Shared\Domain\AI\tests\Explainability\ExplainabilityEngineTests.cs(11,27): error CS0246: Der Typ- oder Namespacename "IAuditLogger" wurde nicht gefunden (m├Âglicherweise fehlt eine using-Direktive oder ein Assemblyverweis). [C:\Users\Holge\repos\B2Connect\src\tests\Shared\Domain\AI\tests\B2X.AI.Tests.csproj]
C:\Users\Holge\repos\B2Connect\src\tests\Shared\Domain\AI\tests\Explainability\ExplainabilityEngineTests.cs(12,22): error CS0246: Der Typ- oder Namespacename "ExplainabilityEngine" wurde nicht gefunden (m├Âglicherweise fehlt eine using-Direktive oder ein Assemblyverweis). [C:\Users\Holge\repos\B2Connect\src\tests\Shared\Domain\AI\tests\B2X.AI.Tests.csproj]
C:\Users\Holge\repos\B2Connect\src\tests\Shared\Domain\Identity\B2X.Identity.Tests\AuthControllerTests.cs(1,20): error CS0234: Der Typ- oder Namespacename "Controllers" ist im Namespace "B2X.Identity" nicht vorhanden. (M├Âglicherweise fehlt ein Assemblyverweis.) [C:\Users\Holge\repos\B2Connect\src\tests\Shared\Domain\Identity\B2X.Identity.Tests\B2X.Identity.Tests.csproj]
C:\Users\Holge\repos\B2Connect\src\tests\Shared\Domain\Identity\B2X.Identity.Tests\AuthControllerTests.cs(2,20): error CS0234: Der Typ- oder Namespacename "Data" ist im Namespace "B2X.Identity" nicht vorhanden. (M├Âglicherweise fehlt ein Assemblyverweis.) [C:\Users\Holge\repos\B2Connect\src\tests\Shared\Domain\Identity\B2X.Identity.Tests\B2X.Identity.Tests.csproj]
C:\Users\Holge\repos\B2Connect\src\tests\Shared\Domain\Identity\B2X.Identity.Tests\AuthControllerTests.cs(3,11): error CS0234: Der Typ- oder Namespacename "Types" ist im Namespace "B2X" nicht vorhanden. (M├Âglicherweise fehlt ein Assemblyverweis.) [C:\Users\Holge\repos\B2Connect\src\tests\Shared\Domain\Identity\B2X.Identity.Tests\B2X.Identity.Tests.csproj]
C:\Users\Holge\repos\B2Connect\src\tests\Shared\Domain\Identity\B2X.Identity.Tests\AuthControllerTests.cs(4,28): error CS0234: Der Typ- oder Namespacename "Mvc" ist im Namespace "Microsoft.AspNetCore" nicht vorhanden. (M├Âglicherweise fehlt ein Assemblyverweis.) [C:\Users\Holge\repos\B2Connect\src\tests\Shared\Domain\Identity\B2X.Identity.Tests\B2X.Identity.Tests.csproj]
C:\Users\Holge\repos\B2Connect\src\tests\Shared\Domain\Identity\B2X.Identity.Tests\AuthServiceTests.cs(1,20): error CS0234: Der Typ- oder Namespacename "Data" ist im Namespace "B2X.Identity" nicht vorhanden. (M├Âglicherweise fehlt ein Assemblyverweis.) [C:\Users\Holge\repos\B2Connect\src\tests\Shared\Domain\Identity\B2X.Identity.Tests\B2X.Identity.Tests.csproj]
C:\Users\Holge\repos\B2Connect\src\tests\Shared\Domain\Identity\B2X.Identity.Tests\AuthServiceTests.cs(2,11): error CS0234: Der Typ- oder Namespacename "Types" ist im Namespace "B2X" nicht vorhanden. (M├Âglicherweise fehlt ein Assemblyverweis.) [C:\Users\Holge\repos\B2Connect\src\tests\Shared\Domain\Identity\B2X.Identity.Tests\B2X.Identity.Tests.csproj]
C:\Users\Holge\repos\B2Connect\src\tests\Shared\Domain\Identity\B2X.Identity.Tests\AuthServiceTests.cs(16,25): error CS0246: Der Typ- oder Namespacename "AppUser" wurde nicht gefunden (m├Âglicherweise fehlt eine using-Direktive oder ein Assemblyverweis). [C:\Users\Holge\repos\B2Connect\src\tests\Shared\Domain\Identity\B2X.Identity.Tests\B2X.Identity.Tests.csproj]
C:\Users\Holge\repos\B2Connect\src\tests\Shared\Domain\Identity\B2X.Identity.Tests\AuthServiceTests.cs(17,13): error CS0246: Der Typ- oder Namespacename "IAuthService" wurde nicht gefunden (m├Âglicherweise fehlt eine using-Direktive oder ein Assemblyverweis). [C:\Users\Holge\repos\B2Connect\src\tests\Shared\Domain\Identity\B2X.Identity.Tests\B2X.Identity.Tests.csproj]
C:\Users\Holge\repos\B2Connect\src\tests\Shared\Domain\Identity\B2X.Identity.Tests\AuthServiceTests.cs(18,13): error CS0246: Der Typ- oder Namespacename "AuthDbContext" wurde nicht gefunden (m├Âglicherweise fehlt eine using-Direktive oder ein Assemblyverweis). [C:\Users\Holge\repos\B2Connect\src\tests\Shared\Domain\Identity\B2X.Identity.Tests\B2X.Identity.Tests.csproj]
C:\Users\Holge\repos\B2Connect\src\tests\Shared\Domain\PatternAnalysis\tests\Domain\IncidentTests.cs(5,27): error CS0234: Der Typ- oder Namespacename "Core" ist im Namespace "B2X.PatternAnalysis" nicht vorhanden. (M├Âglicherweise fehlt ein Assemblyverweis.) [C:\Users\Holge\repos\B2Connect\src\tests\Shared\Domain\PatternAnalysis\tests\B2X.PatternAnalysis.Tests.csproj]
C:\Users\Holge\repos\B2Connect\src\tests\Shared\Domain\PatternAnalysis\tests\Domain\IncidentTests.cs(97,61): error CS0246: Der Typ- oder Namespacename "IncidentSeverity" wurde nicht gefunden (m├Âglicherweise fehlt eine using-Direktive oder ein Assemblyverweis). [C:\Users\Holge\repos\B2Connect\src\tests\Shared\Domain\PatternAnalysis\tests\B2X.PatternAnalysis.Tests.csproj]
C:\Users\Holge\repos\B2Connect\src\tests\Shared\Domain\PatternAnalysis\tests\Domain\IncidentTests.cs(106,20): error CS0246: Der Typ- oder Namespacename "Incident" wurde nicht gefunden (m├Âglicherweise fehlt eine using-Direktive oder ein Assemblyverweis). [C:\Users\Holge\repos\B2Connect\src\tests\Shared\Domain\PatternAnalysis\tests\B2X.PatternAnalysis.Tests.csproj]
C:\Users\Holge\repos\B2Connect\src\tests\Shared\Domain\PatternAnalysis\tests\Domain\IncidentTests.cs(93,17): error CS0103: Der Name "IncidentSeverity" ist im aktuellen Kontext nicht vorhanden. [C:\Users\Holge\repos\B2Connect\src\tests\Shared\Domain\PatternAnalysis\tests\B2X.PatternAnalysis.Tests.csproj]
C:\Users\Holge\repos\B2Connect\src\tests\Shared\Domain\PatternAnalysis\tests\Domain\IncidentTests.cs(94,17): error CS0103: Der Name "IncidentSeverity" ist im aktuellen Kontext nicht vorhanden. [C:\Users\Holge\repos\B2Connect\src\tests\Shared\Domain\PatternAnalysis\tests\B2X.PatternAnalysis.Tests.csproj]
C:\Users\Holge\repos\B2Connect\src\tests\Shared\Domain\PatternAnalysis\tests\Domain\IncidentTests.cs(95,17): error CS0103: Der Name "IncidentSeverity" ist im aktuellen Kontext nicht vorhanden. [C:\Users\Holge\repos\B2Connect\src\tests\Shared\Domain\PatternAnalysis\tests\B2X.PatternAnalysis.Tests.csproj]
C:\Users\Holge\repos\B2Connect\src\tests\Shared\Domain\PatternAnalysis\tests\Domain\IncidentTests.cs(96,17): error CS0103: Der Name "IncidentSeverity" ist im aktuellen Kontext nicht vorhanden. [C:\Users\Holge\repos\B2Connect\src\tests\Shared\Domain\PatternAnalysis\tests\B2X.PatternAnalysis.Tests.csproj]
C:\Users\Holge\repos\B2Connect\src\tests\Shared\Domain\Returns\tests\ReturnManagementServiceTests.cs(4,19): error CS0234: Der Typ- oder Namespacename "Core" ist im Namespace "B2X.Returns" nicht vorhanden. (M├Âglicherweise fehlt ein Assemblyverweis.) [C:\Users\Holge\repos\B2Connect\src\tests\Shared\Domain\Returns\tests\B2X.Returns.Tests.csproj]
C:\Users\Holge\repos\B2Connect\src\tests\Shared\Domain\Returns\tests\ReturnManagementServiceTests.cs(5,19): error CS0234: Der Typ- oder Namespacename "Application" ist im Namespace "B2X.Returns" nicht vorhanden. (M├Âglicherweise fehlt ein Assemblyverweis.) [C:\Users\Holge\repos\B2Connect\src\tests\Shared\Domain\Returns\tests\B2X.Returns.Tests.csproj]
C:\Users\Holge\repos\B2Connect\src\tests\Shared\Domain\Returns\tests\ReturnManagementServiceTests.cs(6,19): error CS0234: Der Typ- oder Namespacename "Application" ist im Namespace "B2X.Returns" nicht vorhanden. (M├Âglicherweise fehlt ein Assemblyverweis.) [C:\Users\Holge\repos\B2Connect\src\tests\Shared\Domain\Returns\tests\B2X.Returns.Tests.csproj]
C:\Users\Holge\repos\B2Connect\src\tests\Shared\Domain\Returns\tests\ReturnManagementServiceTests.cs(7,19): error CS0234: Der Typ- oder Namespacename "Application" ist im Namespace "B2X.Returns" nicht vorhanden. (M├Âglicherweise fehlt ein Assemblyverweis.) [C:\Users\Holge\repos\B2Connect\src\tests\Shared\Domain\Returns\tests\B2X.Returns.Tests.csproj]
C:\Users\Holge\repos\B2Connect\src\tests\Shared\Domain\Returns\tests\ReturnManagementServiceTests.cs(24,35): error CS0246: Der Typ- oder Namespacename "ReturnManagementService" wurde nicht gefunden (m├Âglicherweise fehlt eine using-Direktive oder ein Assemblyverweis). [C:\Users\Holge\repos\B2Connect\src\tests\Shared\Domain\Returns\tests\B2X.Returns.Tests.csproj]
C:\Users\Holge\repos\B2Connect\src\tests\Shared\Domain\Returns\tests\ReturnManagementServiceTests.cs(25,22): error CS0246: Der Typ- oder Namespacename "CreateReturnValidator" wurde nicht gefunden (m├Âglicherweise fehlt eine using-Direktive oder ein Assemblyverweis). [C:\Users\Holge\repos\B2Connect\src\tests\Shared\Domain\Returns\tests\B2X.Returns.Tests.csproj]
C:\Users\Holge\repos\B2Connect\src\tests\Shared\Domain\Returns\tests\ReturnManagementServiceTests.cs(26,22): error CS0246: Der Typ- oder Namespacename "ReturnManagementService" wurde nicht gefunden (m├Âglicherweise fehlt eine using-Direktive oder ein Assemblyverweis). [C:\Users\Holge\repos\B2Connect\src\tests\Shared\Domain\Returns\tests\B2X.Returns.Tests.csproj]
C:\Users\Holge\repos\B2Connect\src\tests\Shared\Domain\Security\tests\ComplianceSecurityTesterTests.cs(1,20): error CS0234: Der Typ- oder Namespacename "ComplianceTesting" ist im Namespace "B2X.Security" nicht vorhanden. (M├Âglicherweise fehlt ein Assemblyverweis.) [C:\Users\Holge\repos\B2Connect\src\tests\Shared\Domain\Security\tests\B2X.Security.Tests.csproj]
C:\Users\Holge\repos\B2Connect\src\tests\Shared\Domain\Security\tests\ComplianceSecurityTesterTests.cs(318,20): error CS0246: Der Typ- oder Namespacename "ComplianceArtifact" wurde nicht gefunden (m├Âglicherweise fehlt eine using-Direktive oder ein Assemblyverweis). [C:\Users\Holge\repos\B2Connect\src\tests\Shared\Domain\Security\tests\B2X.Security.Tests.csproj]
C:\Users\Holge\repos\B2Connect\src\tests\Shared\Domain\Security\tests\ComplianceSecurityTesterTests.cs(10,27): error CS0246: Der Typ- oder Namespacename "ISecurityScanner" wurde nicht gefunden (m├Âglicherweise fehlt eine using-Direktive oder ein Assemblyverweis). [C:\Users\Holge\repos\B2Connect\src\tests\Shared\Domain\Security\tests\B2X.Security.Tests.csproj]
C:\Users\Holge\repos\B2Connect\src\tests\Shared\Domain\Security\tests\ComplianceSecurityTesterTests.cs(11,27): error CS0246: Der Typ- oder Namespacename "IVulnerabilityReporter" wurde nicht gefunden (m├Âglicherweise fehlt eine using-Direktive oder ein Assemblyverweis). [C:\Users\Holge\repos\B2Connect\src\tests\Shared\Domain\Security\tests\B2X.Security.Tests.csproj]
C:\Users\Holge\repos\B2Connect\src\tests\Shared\Domain\Security\tests\ComplianceSecurityTesterTests.cs(12,27): error CS0246: Der Typ- oder Namespacename "IComplianceRuleEngine" wurde nicht gefunden (m├Âglicherweise fehlt eine using-Direktive oder ein Assemblyverweis). [C:\Users\Holge\repos\B2Connect\src\tests\Shared\Domain\Security\tests\B2X.Security.Tests.csproj]
C:\Users\Holge\repos\B2Connect\src\tests\Shared\Domain\Security\tests\ComplianceSecurityTesterTests.cs(13,22): error CS0246: Der Typ- oder Namespacename "ComplianceSecurityTester" wurde nicht gefunden (m├Âglicherweise fehlt eine using-Direktive oder ein Assemblyverweis). [C:\Users\Holge\repos\B2Connect\src\tests\Shared\Domain\Security\tests\B2X.Security.Tests.csproj]
C:\Users\Holge\repos\B2Connect\src\tests\Shared\Domain\SmartDataIntegration\tests\SmartDataIntegrationServiceTests.cs(3,32): error CS0234: Der Typ- oder Namespacename "Core" ist im Namespace "B2X.SmartDataIntegration" nicht vorhanden. (M├Âglicherweise fehlt ein Assemblyverweis.) [C:\Users\Holge\repos\B2Connect\src\tests\Shared\Domain\SmartDataIntegration\tests\B2X.SmartDataIntegration.Tests.csproj]
C:\Users\Holge\repos\B2Connect\src\tests\Shared\Domain\SmartDataIntegration\tests\SmartDataIntegrationServiceTests.cs(4,32): error CS0234: Der Typ- oder Namespacename "Models" ist im Namespace "B2X.SmartDataIntegration" nicht vorhanden. (M├Âglicherweise fehlt ein Assemblyverweis.) [C:\Users\Holge\repos\B2Connect\src\tests\Shared\Domain\SmartDataIntegration\tests\B2X.SmartDataIntegration.Tests.csproj]
C:\Users\Holge\repos\B2Connect\src\tests\Shared\Domain\SmartDataIntegration\tests\SmartDataIntegrationServiceTests.cs(5,32): error CS0234: Der Typ- oder Namespacename "Services" ist im Namespace "B2X.SmartDataIntegration" nicht vorhanden. (M├Âglicherweise fehlt ein Assemblyverweis.) [C:\Users\Holge\repos\B2Connect\src\tests\Shared\Domain\SmartDataIntegration\tests\B2X.SmartDataIntegration.Tests.csproj]
C:\Users\Holge\repos\B2Connect\src\tests\Shared\Domain\SmartDataIntegration\tests\SmartDataIntegrationServiceTests.cs(15,27): error CS0246: Der Typ- oder Namespacename "IMappingRepository" wurde nicht gefunden (m├Âglicherweise fehlt eine using-Direktive oder ein Assemblyverweis). [C:\Users\Holge\repos\B2Connect\src\tests\Shared\Domain\SmartDataIntegration\tests\B2X.SmartDataIntegration.Tests.csproj]
C:\Users\Holge\repos\B2Connect\src\tests\Shared\Domain\SmartDataIntegration\tests\SmartDataIntegrationServiceTests.cs(16,27): error CS0246: Der Typ- oder Namespacename "IMappingEngine" wurde nicht gefunden (m├Âglicherweise fehlt eine using-Direktive oder ein Assemblyverweis). [C:\Users\Holge\repos\B2Connect\src\tests\Shared\Domain\SmartDataIntegration\tests\B2X.SmartDataIntegration.Tests.csproj]
C:\Users\Holge\repos\B2Connect\src\tests\Shared\Domain\SmartDataIntegration\tests\SmartDataIntegrationServiceTests.cs(17,27): error CS0246: Der Typ- oder Namespacename "IMappingValidator" wurde nicht gefunden (m├Âglicherweise fehlt eine using-Direktive oder ein Assemblyverweis). [C:\Users\Holge\repos\B2Connect\src\tests\Shared\Domain\SmartDataIntegration\tests\B2X.SmartDataIntegration.Tests.csproj]
C:\Users\Holge\repos\B2Connect\src\tests\Shared\Domain\SmartDataIntegration\tests\SmartDataIntegrationServiceTests.cs(18,35): error CS0246: Der Typ- oder Namespacename "SmartDataIntegrationService" wurde nicht gefunden (m├Âglicherweise fehlt eine using-Direktive oder ein Assemblyverweis). [C:\Users\Holge\repos\B2Connect\src\tests\Shared\Domain\SmartDataIntegration\tests\B2X.SmartDataIntegration.Tests.csproj]
C:\Users\Holge\repos\B2Connect\src\tests\Shared\Domain\SmartDataIntegration\tests\SmartDataIntegrationServiceTests.cs(19,22): error CS0246: Der Typ- oder Namespacename "SmartDataIntegrationService" wurde nicht gefunden (m├Âglicherweise fehlt eine using-Direktive oder ein Assemblyverweis). [C:\Users\Holge\repos\B2Connect\src\tests\Shared\Domain\SmartDataIntegration\tests\B2X.SmartDataIntegration.Tests.csproj]
C:\Users\Holge\repos\B2Connect\src\tests\Shared\Validation\ErpDataValidatorTests.cs(3,15): error CS0234: Der Typ- oder Namespacename "Validation" ist im Namespace "B2X.Api" nicht vorhanden. (M├Âglicherweise fehlt ein Assemblyverweis.) [C:\Users\Holge\repos\B2Connect\src\tests\Shared\Validation\B2X.Validation.Tests.csproj]
C:\Users\Holge\repos\B2Connect\src\tests\Shared\Validation\ErpDataValidatorTests.cs(4,15): error CS0234: Der Typ- oder Namespacename "Models" ist im Namespace "B2X.Api" nicht vorhanden. (M├Âglicherweise fehlt ein Assemblyverweis.) [C:\Users\Holge\repos\B2Connect\src\tests\Shared\Validation\B2X.Validation.Tests.csproj]
C:\Users\Holge\repos\B2Connect\src\tests\Shared\Validation\ErpDataValidatorTests.cs(5,17): error CS0234: Der Typ- oder Namespacename "Extensions" ist im Namespace "Microsoft" nicht vorhanden. (M├Âglicherweise fehlt ein Assemblyverweis.) [C:\Users\Holge\repos\B2Connect\src\tests\Shared\Validation\B2X.Validation.Tests.csproj]
C:\Users\Holge\repos\B2Connect\src\tests\Shared\Validation\ErpDataValidatorTests.cs(11,27): error CS0246: Der Typ- oder Namespacename "ILogger<>" wurde nicht gefunden (m├Âglicherweise fehlt eine using-Direktive oder ein Assemblyverweis). [C:\Users\Holge\repos\B2Connect\src\tests\Shared\Validation\B2X.Validation.Tests.csproj]
C:\Users\Holge\repos\B2Connect\src\tests\Shared\Validation\ErpDataValidatorTests.cs(11,35): error CS0246: Der Typ- oder Namespacename "ErpDataValidator" wurde nicht gefunden (m├Âglicherweise fehlt eine using-Direktive oder ein Assemblyverweis). [C:\Users\Holge\repos\B2Connect\src\tests\Shared\Validation\B2X.Validation.Tests.csproj]
C:\Users\Holge\repos\B2Connect\src\tests\Shared\Validation\ErpDataValidatorTests.cs(12,27): error CS0246: Der Typ- oder Namespacename "IValidationRulesProvider" wurde nicht gefunden (m├Âglicherweise fehlt eine using-Direktive oder ein Assemblyverweis). [C:\Users\Holge\repos\B2Connect\src\tests\Shared\Validation\B2X.Validation.Tests.csproj]
C:\Users\Holge\repos\B2Connect\src\tests\Shared\Validation\ErpDataValidatorTests.cs(13,22): error CS0246: Der Typ- oder Namespacename "ErpDataValidator" wurde nicht gefunden (m├Âglicherweise fehlt eine using-Direktive oder ein Assemblyverweis). [C:\Users\Holge\repos\B2Connect\src\tests\Shared\Validation\B2X.Validation.Tests.csproj]
C:\Users\Holge\repos\B2Connect\src\tests\Store\Backend\Catalog\B2X.Catalog.Tests\CatalogServiceTests.cs(3,19): error CS0234: Der Typ- oder Namespacename "Services" ist im Namespace "B2X.Catalog" nicht vorhanden. (M├Âglicherweise fehlt ein Assemblyverweis.) [C:\Users\Holge\repos\B2Connect\src\tests\Store\Backend\Catalog\B2X.Catalog.Tests\B2X.Catalog.Tests.csproj]
C:\Users\Holge\repos\B2Connect\src\tests\Store\Backend\Catalog\B2X.Catalog.Tests\CatalogServiceTests.cs(4,19): error CS0234: Der Typ- oder Namespacename "Models" ist im Namespace "B2X.Catalog" nicht vorhanden. (M├Âglicherweise fehlt ein Assemblyverweis.) [C:\Users\Holge\repos\B2Connect\src\tests\Store\Backend\Catalog\B2X.Catalog.Tests\B2X.Catalog.Tests.csproj]
C:\Users\Holge\repos\B2Connect\src\tests\Store\Backend\Orders\tests\Entities\OrderItemTests.cs(1,18): error CS0234: Der Typ- oder Namespacename "Core" ist im Namespace "B2X.Orders" nicht vorhanden. (M├Âglicherweise fehlt ein Assemblyverweis.) [C:\Users\Holge\repos\B2Connect\src\tests\Store\Backend\Orders\tests\B2X.Orders.Tests.csproj]
C:\Users\Holge\repos\B2Connect\src\tests\Store\Backend\Orders\tests\Entities\OrderTests.cs(1,18): error CS0234: Der Typ- oder Namespacename "Core" ist im Namespace "B2X.Orders" nicht vorhanden. (M├Âglicherweise fehlt ein Assemblyverweis.) [C:\Users\Holge\repos\B2Connect\src\tests\Store\Backend\Orders\tests\B2X.Orders.Tests.csproj]
C:\Users\Holge\repos\B2Connect\src\AI\MCP\B2X.Admin.MCP\Tools\TemplateValidationTool.cs(48,92): error CS1061: "TemplateValidationResult" enth├ñlt keine Definition f├╝r "ConfidenceScore", und es konnte keine zug├ñngliche ConfidenceScore-Erweiterungsmethode gefunden werden, die ein erstes Argument vom Typ "TemplateValidationResult" akzeptiert (m├Âglicherweise fehlt eine using-Direktive oder ein Assemblyverweis). [C:\Users\Holge\repos\B2Connect\src\AI\MCP\B2X.Admin.MCP\B2X.Admin.MCP.csproj]
C:\Users\Holge\repos\B2Connect\src\AI\MCP\B2X.Admin.MCP\Services\CmsValidationClient.cs(54,21): error CS0117: "TemplateValidationResult" enth├ñlt keine Definition f├╝r "TemplateKey". [C:\Users\Holge\repos\B2Connect\src\AI\MCP\B2X.Admin.MCP\B2X.Admin.MCP.csproj]
C:\Users\Holge\repos\B2Connect\src\AI\MCP\B2X.Admin.MCP\Services\CmsValidationClient.cs(55,21): error CS0117: "TemplateValidationResult" enth├ñlt keine Definition f├╝r "ValidationTimestamp". [C:\Users\Holge\repos\B2Connect\src\AI\MCP\B2X.Admin.MCP\B2X.Admin.MCP.csproj]
C:\Users\Holge\repos\B2Connect\src\AI\MCP\B2X.Admin.MCP\Services\CmsValidationClient.cs(56,50): error CS0104: "ValidationIssue" ist ein mehrdeutiger Verweis zwischen "B2X.Admin.MCP.Tools.ValidationIssue" und "B2X.CMS.Core.Domain.Pages.ValidationIssue". [C:\Users\Holge\repos\B2Connect\src\AI\MCP\B2X.Admin.MCP\B2X.Admin.MCP.csproj]
C:\Users\Holge\repos\B2Connect\src\AI\MCP\B2X.Admin.MCP\Services\CmsValidationClient.cs(58,29): error CS0104: "ValidationIssue" ist ein mehrdeutiger Verweis zwischen "B2X.Admin.MCP.Tools.ValidationIssue" und "B2X.CMS.Core.Domain.Pages.ValidationIssue". [C:\Users\Holge\repos\B2Connect\src\AI\MCP\B2X.Admin.MCP\B2X.Admin.MCP.csproj]
C:\Users\Holge\repos\B2Connect\src\AI\MCP\B2X.Admin.MCP\Services\CmsValidationClient.cs(66,37): error CS0029: Der Typ "string" kann nicht implizit in "B2X.CMS.Core.Domain.Pages.TemplateValidationStatus" konvertiert werden. [C:\Users\Holge\repos\B2Connect\src\AI\MCP\B2X.Admin.MCP\B2X.Admin.MCP.csproj]
C:\Users\Holge\repos\B2Connect\src\AI\MCP\B2X.Admin.MCP\Services\CmsValidationClient.cs(67,21): error CS0117: "TemplateValidationResult" enth├ñlt keine Definition f├╝r "ConfidenceScore". [C:\Users\Holge\repos\B2Connect\src\AI\MCP\B2X.Admin.MCP\B2X.Admin.MCP.csproj]
C:\Users\Holge\repos\B2Connect\src\AI\MCP\B2X.Admin.MCP\Services\CmsValidationClient.cs(78,17): error CS0117: "TemplateValidationResult" enth├ñlt keine Definition f├╝r "TemplateKey". [C:\Users\Holge\repos\B2Connect\src\AI\MCP\B2X.Admin.MCP\B2X.Admin.MCP.csproj]
C:\Users\Holge\repos\B2Connect\src\AI\MCP\B2X.Admin.MCP\Services\CmsValidationClient.cs(79,17): error CS0117: "TemplateValidationResult" enth├ñlt keine Definition f├╝r "ValidationTimestamp". [C:\Users\Holge\repos\B2Connect\src\AI\MCP\B2X.Admin.MCP\B2X.Admin.MCP.csproj]
C:\Users\Holge\repos\B2Connect\src\AI\MCP\B2X.Admin.MCP\Services\CmsValidationClient.cs(80,46): error CS0104: "ValidationIssue" ist ein mehrdeutiger Verweis zwischen "B2X.Admin.MCP.Tools.ValidationIssue" und "B2X.CMS.Core.Domain.Pages.ValidationIssue". [C:\Users\Holge\repos\B2Connect\src\AI\MCP\B2X.Admin.MCP\B2X.Admin.MCP.csproj]
C:\Users\Holge\repos\B2Connect\src\AI\MCP\B2X.Admin.MCP\Services\CmsValidationClient.cs(82,25): error CS0104: "ValidationIssue" ist ein mehrdeutiger Verweis zwischen "B2X.Admin.MCP.Tools.ValidationIssue" und "B2X.CMS.Core.Domain.Pages.ValidationIssue". [C:\Users\Holge\repos\B2Connect\src\AI\MCP\B2X.Admin.MCP\B2X.Admin.MCP.csproj]
C:\Users\Holge\repos\B2Connect\src\AI\MCP\B2X.Admin.MCP\Services\CmsValidationClient.cs(90,33): error CS0029: Der Typ "string" kann nicht implizit in "B2X.CMS.Core.Domain.Pages.TemplateValidationStatus" konvertiert werden. [C:\Users\Holge\repos\B2Connect\src\AI\MCP\B2X.Admin.MCP\B2X.Admin.MCP.csproj]
C:\Users\Holge\repos\B2Connect\src\AI\MCP\B2X.Admin.MCP\Services\CmsValidationClient.cs(91,17): error CS0117: "TemplateValidationResult" enth├ñlt keine Definition f├╝r "ConfidenceScore". [C:\Users\Holge\repos\B2Connect\src\AI\MCP\B2X.Admin.MCP\B2X.Admin.MCP.csproj]
    378 Warnung(en)
    143 Fehler

Verstrichene Zeit 00:00:30.76
